MPLINK 4.35, Linker
Linker Map File - Created Thu Aug 01 23:01:04 2019

                                 Section Info
                  Section       Type    Address   Location Size(Bytes)
                ---------  ---------  ---------  ---------  ---------
                   Resetv       code   0x000000    program   0x000006
                   .cinit    romdata   0x000003    program   0x000004
                  sfp_add       code   0x000005    program   0x0001f8
                 hllt4511       code   0x000101    program   0x0001d8
                  hllt450       code   0x0001ed    program   0x000164
                  sfp_div       code   0x00029f    program   0x00011e
                  sfp_mul       code   0x00032e    program   0x000100
                   hlog1b       code   0x0003ae    program   0x00006e
                hllkrn444       code   0x0003e5    program   0x00002c
                   hlog1h       code   0x0003fb    program   0x00000a
                  sfp_uto       code   0x000400    program   0x0000d0
                   sfp_gt       code   0x000468    program   0x0000c4
                   hlog1a       code   0x0004ca    program   0x00006e
                  sfp_tou       code   0x000501    program   0x000060
                hllupuser       code   0x000531    program   0x00004c
                  hlog1cz       code   0x000557    program   0x00003a
                hllkrna08       code   0x000574    program   0x000022
                hllkrna06       code   0x000585    program   0x000020
               sfp_iszero       code   0x000595    program   0x00001e
                hllkrna05       code   0x0005a4    program   0x00001e
                hllkrna04       code   0x0005b3    program   0x00001e
                 sfp_copy       code   0x0005c2    program   0x00001a
                     main       code   0x0005cf    program   0x000018
                hllkrna00       code   0x0005db    program   0x000014
                hllkrna07       code   0x0005e5    program   0x000010
                hllkrna03       code   0x0005ed    program   0x00000e
                   hlog1d       code   0x0005f4    program   0x00000a
                hllkrna01       code   0x0005f9    program   0x00000a
                hllkrna02       code   0x0005fe    program   0x000006
                hllkrna11       code   0x000601    program   0x000004
                hllkrna10       code   0x000603    program   0x000004
                hllkrna09       code   0x000605    program   0x000004
    .config_8007_TARGET.O       code   0x008007    program   0x000002
    .config_8008_TARGET.O       code   0x008008    program   0x000002
                   ukrnl2      udata   0x000020       data   0x000050
                   ukrshr      udata   0x000070       data   0x000009
                 mainvars      udata   0x000079       data   0x000001
                     sfpu      udata   0x000220       data   0x000016
                   ukrnl3      udata   0x000236       data   0x000014
                   ukernl      udata   0x00024a       data   0x000003



                              Program Memory Usage 
                               Start         End      
                           ---------   ---------      
                            0x000000    0x000606      
                            0x008007    0x008008      
            1545 out of 4359 program addresses used, program memory utilization is 35%



                              Symbols - Sorted by Name
                     Name    Address   Location    Storage File                     
                ---------  ---------  ---------  --------- ---------                
          _hllkrna00_0007   0x0005e2    program     static Z:\home\dell\frost\frostpwmproject\target.asm
          _hllkrna03_0005   0x0005f2    program     static Z:\home\dell\frost\frostpwmproject\target.asm
          _hllkrna04_0009   0x0005bc    program     static Z:\home\dell\frost\frostpwmproject\target.asm
          _hllkrna04_000B   0x0005be    program     static Z:\home\dell\frost\frostpwmproject\target.asm
          _hllkrna05_0009   0x0005ad    program     static Z:\home\dell\frost\frostpwmproject\target.asm
          _hllkrna05_000B   0x0005af    program     static Z:\home\dell\frost\frostpwmproject\target.asm
                      add   0x0005f9    program     static Z:\home\dell\frost\frostpwmproject\target.asm
                     addf   0x000005    program     static Z:\home\dell\frost\frostpwmproject\target.asm
                     andu   0x0003fb    program     static Z:\home\dell\frost\frostpwmproject\target.asm
                 clearbit   0x0004ca    program     static Z:\home\dell\frost\frostpwmproject\target.asm
                    copyf   0x0005c2    program     static Z:\home\dell\frost\frostpwmproject\target.asm
                  dispose   0x000601    program     static Z:\home\dell\frost\frostpwmproject\target.asm
                     divf   0x00029f    program     static Z:\home\dell\frost\frostpwmproject\target.asm
                     divu   0x0005a4    program     static Z:\home\dell\frost\frostpwmproject\target.asm
                   dmm445   0x0003f5    program     static Z:\home\dell\frost\frostpwmproject\target.asm
                       eq   0x0005e5    program     static Z:\home\dell\frost\frostpwmproject\target.asm
                     ftou   0x000501    program     static Z:\home\dell\frost\frostpwmproject\target.asm
                   getbit   0x000557    program     static Z:\home\dell\frost\frostpwmproject\target.asm
                    getch   0x000585    program     static Z:\home\dell\frost\frostpwmproject\target.asm
                    geth2   0x00058a    program     static Z:\home\dell\frost\frostpwmproject\target.asm
                    geth3   0x00058f    program     static Z:\home\dell\frost\frostpwmproject\target.asm
                    geth4   0x00058e    program     static Z:\home\dell\frost\frostpwmproject\target.asm
                      gtf   0x000468    program     static Z:\home\dell\frost\frostpwmproject\target.asm
                 hllAAAAA   0x0004d4    program     static Z:\home\dell\frost\frostpwmproject\target.asm
                 hllABAAA   0x000050    program     static Z:\home\dell\frost\frostpwmproject\target.asm
                 hllACAAA   0x0000ec    program     static Z:\home\dell\frost\frostpwmproject\target.asm
                 hllADAAA   0x000527    program     static Z:\home\dell\frost\frostpwmproject\target.asm
                 hllAEAAA   0x00038e    program     static Z:\home\dell\frost\frostpwmproject\target.asm
                 hllBAAAA   0x0004da    program     static Z:\home\dell\frost\frostpwmproject\target.asm
                 hllBBAAA   0x000052    program     static Z:\home\dell\frost\frostpwmproject\target.asm
                 hllBCAAA   0x0000ee    program     static Z:\home\dell\frost\frostpwmproject\target.asm
                 hllBDAAA   0x000529    program     static Z:\home\dell\frost\frostpwmproject\target.asm
                 hllBEAAA   0x00038f    program     static Z:\home\dell\frost\frostpwmproject\target.asm
                 hllCAAAA   0x0004e1    program     static Z:\home\dell\frost\frostpwmproject\target.asm
                 hllCBAAA   0x00005d    program     static Z:\home\dell\frost\frostpwmproject\target.asm
                 hllCCAAA   0x0000f6    program     static Z:\home\dell\frost\frostpwmproject\target.asm
                 hllCDAAA   0x00052b    program     static Z:\home\dell\frost\frostpwmproject\target.asm
                 hllCEAAA   0x000398    program     static Z:\home\dell\frost\frostpwmproject\target.asm
                 hllDAAAA   0x0004e8    program     static Z:\home\dell\frost\frostpwmproject\target.asm
                 hllDBAAA   0x00005e    program     static Z:\home\dell\frost\frostpwmproject\target.asm
                 hllDCAAA   0x000100    program     static Z:\home\dell\frost\frostpwmproject\target.asm
                 hllDDAAA   0x00052d    program     static Z:\home\dell\frost\frostpwmproject\target.asm
                 hllDEAAA   0x00039e    program     static Z:\home\dell\frost\frostpwmproject\target.asm
                 hllEAAAA   0x0004ef    program     static Z:\home\dell\frost\frostpwmproject\target.asm
                 hllEBAAA   0x000064    program     static Z:\home\dell\frost\frostpwmproject\target.asm
                 hllECAAA   0x0002c3    program     static Z:\home\dell\frost\frostpwmproject\target.asm
                 hllEDAAA   0x00052d    program     static Z:\home\dell\frost\frostpwmproject\target.asm
                 hllEEAAA   0x00040b    program     static Z:\home\dell\frost\frostpwmproject\target.asm
                 hllFAAAA   0x0004f6    program     static Z:\home\dell\frost\frostpwmproject\target.asm
                 hllFBAAA   0x000066    program     static Z:\home\dell\frost\frostpwmproject\target.asm
                 hllFCAAA   0x0002cf    program     static Z:\home\dell\frost\frostpwmproject\target.asm
                 hllFDAAA   0x00047e    program     static Z:\home\dell\frost\frostpwmproject\target.asm
                 hllFEAAA   0x000416    program     static Z:\home\dell\frost\frostpwmproject\target.asm
                 hllGAAAA   0x0004fd    program     static Z:\home\dell\frost\frostpwmproject\target.asm
                 hllGBAAA   0x00006d    program     static Z:\home\dell\frost\frostpwmproject\target.asm
                 hllGCAAA   0x0002d9    program     static Z:\home\dell\frost\frostpwmproject\target.asm
                 hllGDAAA   0x000485    program     static Z:\home\dell\frost\frostpwmproject\target.asm
                 hllGEAAA   0x000422    program     static Z:\home\dell\frost\frostpwmproject\target.asm
                 hllHAAAA   0x0004ff    program     static Z:\home\dell\frost\frostpwmproject\target.asm
                 hllHBAAA   0x000070    program     static Z:\home\dell\frost\frostpwmproject\target.asm
                 hllHCAAA   0x0002f4    program     static Z:\home\dell\frost\frostpwmproject\target.asm
                 hllHDAAA   0x000492    program     static Z:\home\dell\frost\frostpwmproject\target.asm
                 hllHEAAA   0x00042f    program     static Z:\home\dell\frost\frostpwmproject\target.asm
                 hllIAAAA   0x000560    program     static Z:\home\dell\frost\frostpwmproject\target.asm
                 hllIBAAA   0x00007c    program     static Z:\home\dell\frost\frostpwmproject\target.asm
                 hllICAAA   0x0002f6    program     static Z:\home\dell\frost\frostpwmproject\target.asm
                 hllIDAAA   0x000498    program     static Z:\home\dell\frost\frostpwmproject\target.asm
                 hllIEAAA   0x00043d    program     static Z:\home\dell\frost\frostpwmproject\target.asm
                 hllJAAAA   0x000568    program     static Z:\home\dell\frost\frostpwmproject\target.asm
                 hllJBAAA   0x00007f    program     static Z:\home\dell\frost\frostpwmproject\target.asm
                hllJBAAAb   0x0000ad    program     static Z:\home\dell\frost\frostpwmproject\target.asm
                 hllJCAAA   0x0002f8    program     static Z:\home\dell\frost\frostpwmproject\target.asm
                 hllJDAAA   0x00049d    program     static Z:\home\dell\frost\frostpwmproject\target.asm
                 hllJEAAA   0x00044c    program     static Z:\home\dell\frost\frostpwmproject\target.asm
                 hllKAAAA   0x000571    program     static Z:\home\dell\frost\frostpwmproject\target.asm
                 hllKBAAA   0x000088    program     static Z:\home\dell\frost\frostpwmproject\target.asm
                 hllKCAAA   0x000305    program     static Z:\home\dell\frost\frostpwmproject\target.asm
                 hllKDAAA   0x0004a8    program     static Z:\home\dell\frost\frostpwmproject\target.asm
                 hllKEAAA   0x00045c    program     static Z:\home\dell\frost\frostpwmproject\target.asm
                 hllLAAAA   0x0003b8    program     static Z:\home\dell\frost\frostpwmproject\target.asm
                 hllLBAAA   0x000091    program     static Z:\home\dell\frost\frostpwmproject\target.asm
                 hllLCAAA   0x00030f    program     static Z:\home\dell\frost\frostpwmproject\target.asm
                 hllLDAAA   0x0004ae    program     static Z:\home\dell\frost\frostpwmproject\target.asm
                 hllLEAAA   0x000463    program     static Z:\home\dell\frost\frostpwmproject\target.asm
                 hllMAAAA   0x0003be    program     static Z:\home\dell\frost\frostpwmproject\target.asm
                 hllMBAAA   0x000092    program     static Z:\home\dell\frost\frostpwmproject\target.asm
                 hllMCAAA   0x000310    program     static Z:\home\dell\frost\frostpwmproject\target.asm
                 hllMDAAA   0x0004b3    program     static Z:\home\dell\frost\frostpwmproject\target.asm
                 hllMEAAA   0x000467    program     static Z:\home\dell\frost\frostpwmproject\target.asm
                 hllNAAAA   0x0003c5    program     static Z:\home\dell\frost\frostpwmproject\target.asm
                 hllNBAAA   0x000094    program     static Z:\home\dell\frost\frostpwmproject\target.asm
                 hllNCAAA   0x000312    program     static Z:\home\dell\frost\frostpwmproject\target.asm
                 hllNDAAA   0x0004be    program     static Z:\home\dell\frost\frostpwmproject\target.asm
                 hllOAAAA   0x0003cc    program     static Z:\home\dell\frost\frostpwmproject\target.asm
                 hllOBAAA   0x00009b    program     static Z:\home\dell\frost\frostpwmproject\target.asm
                 hllOCAAA   0x000313    program     static Z:\home\dell\frost\frostpwmproject\target.asm
                 hllODAAA   0x0004c4    program     static Z:\home\dell\frost\frostpwmproject\target.asm
                 hllPAAAA   0x0003d3    program     static Z:\home\dell\frost\frostpwmproject\target.asm
                 hllPBAAA   0x00009e    program     static Z:\home\dell\frost\frostpwmproject\target.asm
                 hllPCAAA   0x000314    program     static Z:\home\dell\frost\frostpwmproject\target.asm
                 hllPDAAA   0x0004c9    program     static Z:\home\dell\frost\frostpwmproject\target.asm
                 hllQAAAA   0x0003da    program     static Z:\home\dell\frost\frostpwmproject\target.asm
                 hllQBAAA   0x0000aa    program     static Z:\home\dell\frost\frostpwmproject\target.asm
                 hllQCAAA   0x00031d    program     static Z:\home\dell\frost\frostpwmproject\target.asm
                 hllQDAAA   0x000338    program     static Z:\home\dell\frost\frostpwmproject\target.asm
                 hllRAAAA   0x0003e1    program     static Z:\home\dell\frost\frostpwmproject\target.asm
                 hllRCAAA   0x000323    program     static Z:\home\dell\frost\frostpwmproject\target.asm
                 hllRDAAA   0x000349    program     static Z:\home\dell\frost\frostpwmproject\target.asm
                 hllSAAAA   0x0003e3    program     static Z:\home\dell\frost\frostpwmproject\target.asm
                 hllSBAAA   0x0000b6    program     static Z:\home\dell\frost\frostpwmproject\target.asm
                 hllSCAAA   0x000325    program     static Z:\home\dell\frost\frostpwmproject\target.asm
                 hllSDAAA   0x00035b    program     static Z:\home\dell\frost\frostpwmproject\target.asm
                 hllTAAAA   0x00001d    program     static Z:\home\dell\frost\frostpwmproject\target.asm
                 hllTBAAA   0x0000bf    program     static Z:\home\dell\frost\frostpwmproject\target.asm
                 hllTCAAA   0x000328    program     static Z:\home\dell\frost\frostpwmproject\target.asm
                 hllTDAAA   0x000367    program     static Z:\home\dell\frost\frostpwmproject\target.asm
                 hllUAAAA   0x000021    program     static Z:\home\dell\frost\frostpwmproject\target.asm
                 hllUBAAA   0x0000c0    program     static Z:\home\dell\frost\frostpwmproject\target.asm
                 hllUCAAA   0x000509    program     static Z:\home\dell\frost\frostpwmproject\target.asm
                 hllUDAAA   0x000375    program     static Z:\home\dell\frost\frostpwmproject\target.asm
                 hllVAAAA   0x000022    program     static Z:\home\dell\frost\frostpwmproject\target.asm
                 hllVBAAA   0x0000c5    program     static Z:\home\dell\frost\frostpwmproject\target.asm
                 hllVCAAA   0x000517    program     static Z:\home\dell\frost\frostpwmproject\target.asm
                 hllVDAAA   0x00037d    program     static Z:\home\dell\frost\frostpwmproject\target.asm
                 hllWAAAA   0x000024    program     static Z:\home\dell\frost\frostpwmproject\target.asm
                 hllWBAAA   0x0000cc    program     static Z:\home\dell\frost\frostpwmproject\target.asm
                 hllWCAAA   0x00051f    program     static Z:\home\dell\frost\frostpwmproject\target.asm
                 hllWDAAA   0x00037f    program     static Z:\home\dell\frost\frostpwmproject\target.asm
                 hllXAAAA   0x000032    program     static Z:\home\dell\frost\frostpwmproject\target.asm
            hllXAAAA_done   0x000033    program     static Z:\home\dell\frost\frostpwmproject\target.asm
                 hllXBAAA   0x0000d4    program     static Z:\home\dell\frost\frostpwmproject\target.asm
                 hllXCAAA   0x000521    program     static Z:\home\dell\frost\frostpwmproject\target.asm
                 hllXDAAA   0x000382    program     static Z:\home\dell\frost\frostpwmproject\target.asm
                 hllYBAAA   0x0000d9    program     static Z:\home\dell\frost\frostpwmproject\target.asm
                 hllYCAAA   0x000523    program     static Z:\home\dell\frost\frostpwmproject\target.asm
                 hllYDAAA   0x000388    program     static Z:\home\dell\frost\frostpwmproject\target.asm
                 hllZAAAA   0x000047    program     static Z:\home\dell\frost\frostpwmproject\target.asm
                 hllZBAAA   0x0000e4    program     static Z:\home\dell\frost\frostpwmproject\target.asm
                 hllZCAAA   0x000525    program     static Z:\home\dell\frost\frostpwmproject\target.asm
                 hllZDAAA   0x00038a    program     static Z:\home\dell\frost\frostpwmproject\target.asm
                hlllb51J1   0x00013b    program     static Z:\home\dell\frost\frostpwmproject\target.asm
               hlllb51J10   0x0001e4    program     static Z:\home\dell\frost\frostpwmproject\target.asm
                hlllb51J2   0x000153    program     static Z:\home\dell\frost\frostpwmproject\target.asm
                hlllb51J3   0x00011c    program     static Z:\home\dell\frost\frostpwmproject\target.asm
                hlllb51J4   0x000153    program     static Z:\home\dell\frost\frostpwmproject\target.asm
                hlllb51J5   0x0001e4    program     static Z:\home\dell\frost\frostpwmproject\target.asm
                hlllb51J6   0x0001e4    program     static Z:\home\dell\frost\frostpwmproject\target.asm
                hlllb51J7   0x0001c4    program     static Z:\home\dell\frost\frostpwmproject\target.asm
                hlllb51J8   0x0001e4    program     static Z:\home\dell\frost\frostpwmproject\target.asm
                hlllb51J9   0x0001a4    program     static Z:\home\dell\frost\frostpwmproject\target.asm
                hllprgen2   0x0001ec    program     static Z:\home\dell\frost\frostpwmproject\target.asm
               hllprogend   0x000556    program     static Z:\home\dell\frost\frostpwmproject\target.asm
              hlluserprog   0x000531    program     static Z:\home\dell\frost\frostpwmproject\target.asm
                   hloego   0x0005cf    program     static Z:\home\dell\frost\frostpwmproject\target.asm
                  iszerof   0x000595    program     static Z:\home\dell\frost\frostpwmproject\target.asm
                     kpop   0x000605    program     static Z:\home\dell\frost\frostpwmproject\target.asm
                    kpush   0x000603    program     static Z:\home\dell\frost\frostpwmproject\target.asm
                   kspox5   0x0003ec    program     static Z:\home\dell\frost\frostpwmproject\target.asm
                     modu   0x0005b3    program     static Z:\home\dell\frost\frostpwmproject\target.asm
                      mul   0x0005db    program     static Z:\home\dell\frost\frostpwmproject\target.asm
                     mulf   0x00032e    program     static Z:\home\dell\frost\frostpwmproject\target.asm
                    negti   0x0005fe    program     static Z:\home\dell\frost\frostpwmproject\target.asm
                    nonzf   0x0005a0    program     static Z:\home\dell\frost\frostpwmproject\target.asm
                    nonzg   0x0005a1    program     static Z:\home\dell\frost\frostpwmproject\target.asm
                    nonzr   0x0005a2    program     static Z:\home\dell\frost\frostpwmproject\target.asm
                      oru   0x0005f4    program     static Z:\home\dell\frost\frostpwmproject\target.asm
                     parm   0x000574    program     static Z:\home\dell\frost\frostpwmproject\target.asm
                  printch   0x0005ed    program     static Z:\home\dell\frost\frostpwmproject\target.asm
                   pwm1on   0x0001ed    program     static Z:\home\dell\frost\frostpwmproject\target.asm
                     pwmf   0x000101    program     static Z:\home\dell\frost\frostpwmproject\target.asm
                 safepush   0x0003e5    program     static Z:\home\dell\frost\frostpwmproject\target.asm
                   setbit   0x0003ae    program     static Z:\home\dell\frost\frostpwmproject\target.asm
                  sperr11   0x0003f3    program     static Z:\home\dell\frost\frostpwmproject\target.asm
                     utof   0x000400    program     static Z:\home\dell\frost\frostpwmproject\target.asm
                 ALT_Save   0x000077       data     static Z:\home\dell\frost\frostpwmproject\target.asm
                 FSR_Save   0x000076       data     static Z:\home\dell\frost\frostpwmproject\target.asm
              STATUS_Save   0x000075       data     static Z:\home\dell\frost\frostpwmproject\target.asm
                   W_Save   0x000074       data     static Z:\home\dell\frost\frostpwmproject\target.asm
                  alt_fsr   0x000073       data     static Z:\home\dell\frost\frostpwmproject\target.asm
                alt_stack   0x000236       data     static Z:\home\dell\frost\frostpwmproject\target.asm
                hllblss00   0x00024a       data     static Z:\home\dell\frost\frostpwmproject\target.asm
                hllblss01   0x00024b       data     static Z:\home\dell\frost\frostpwmproject\target.asm
                hllblss02   0x00024c       data     static Z:\home\dell\frost\frostpwmproject\target.asm
                   in_isr   0x000078       data     static Z:\home\dell\frost\frostpwmproject\target.asm
                    pbase   0x000079       data     static Z:\home\dell\frost\frostpwmproject\target.asm
                 sfpaux00   0x000221       data     static Z:\home\dell\frost\frostpwmproject\target.asm
                 sfpaux01   0x000223       data     static Z:\home\dell\frost\frostpwmproject\target.asm
                 sfpaux02   0x000225       data     static Z:\home\dell\frost\frostpwmproject\target.asm
                 sfpaux03   0x000227       data     static Z:\home\dell\frost\frostpwmproject\target.asm
                 sfploc00   0x000220       data     static Z:\home\dell\frost\frostpwmproject\target.asm
                 sfploc01   0x000222       data     static Z:\home\dell\frost\frostpwmproject\target.asm
                 sfploc02   0x000224       data     static Z:\home\dell\frost\frostpwmproject\target.asm
                 sfploc03   0x000226       data     static Z:\home\dell\frost\frostpwmproject\target.asm
                 sfploc04   0x000228       data     static Z:\home\dell\frost\frostpwmproject\target.asm
                 sfploc05   0x000229       data     static Z:\home\dell\frost\frostpwmproject\target.asm
                 sfploc06   0x00022a       data     static Z:\home\dell\frost\frostpwmproject\target.asm
                 sfploc07   0x00022b       data     static Z:\home\dell\frost\frostpwmproject\target.asm
                 sfploc08   0x00022c       data     static Z:\home\dell\frost\frostpwmproject\target.asm
                 sfploc09   0x00022d       data     static Z:\home\dell\frost\frostpwmproject\target.asm
                 sfploc10   0x00022e       data     static Z:\home\dell\frost\frostpwmproject\target.asm
                 sfploc11   0x00022f       data     static Z:\home\dell\frost\frostpwmproject\target.asm
                 sfploc12   0x000230       data     static Z:\home\dell\frost\frostpwmproject\target.asm
                 sfploc13   0x000231       data     static Z:\home\dell\frost\frostpwmproject\target.asm
                 sfploc14   0x000232       data     static Z:\home\dell\frost\frostpwmproject\target.asm
                 sfploc15   0x000233       data     static Z:\home\dell\frost\frostpwmproject\target.asm
                 sfploc16   0x000234       data     static Z:\home\dell\frost\frostpwmproject\target.asm
                 sfploc17   0x000235       data     static Z:\home\dell\frost\frostpwmproject\target.asm
               softstack0   0x000070       data     static Z:\home\dell\frost\frostpwmproject\target.asm
               softstack1   0x000071       data     static Z:\home\dell\frost\frostpwmproject\target.asm
               softstack2   0x000072       data     static Z:\home\dell\frost\frostpwmproject\target.asm
                    stack   0x000020       data     static Z:\home\dell\frost\frostpwmproject\target.asm



                              Symbols - Sorted by Address
                     Name    Address   Location    Storage File                     
                ---------  ---------  ---------  --------- ---------                
                     addf   0x000005    program     static Z:\home\dell\frost\frostpwmproject\target.asm
                 hllTAAAA   0x00001d    program     static Z:\home\dell\frost\frostpwmproject\target.asm
                 hllUAAAA   0x000021    program     static Z:\home\dell\frost\frostpwmproject\target.asm
                 hllVAAAA   0x000022    program     static Z:\home\dell\frost\frostpwmproject\target.asm
                 hllWAAAA   0x000024    program     static Z:\home\dell\frost\frostpwmproject\target.asm
                 hllXAAAA   0x000032    program     static Z:\home\dell\frost\frostpwmproject\target.asm
            hllXAAAA_done   0x000033    program     static Z:\home\dell\frost\frostpwmproject\target.asm
                 hllZAAAA   0x000047    program     static Z:\home\dell\frost\frostpwmproject\target.asm
                 hllABAAA   0x000050    program     static Z:\home\dell\frost\frostpwmproject\target.asm
                 hllBBAAA   0x000052    program     static Z:\home\dell\frost\frostpwmproject\target.asm
                 hllCBAAA   0x00005d    program     static Z:\home\dell\frost\frostpwmproject\target.asm
                 hllDBAAA   0x00005e    program     static Z:\home\dell\frost\frostpwmproject\target.asm
                 hllEBAAA   0x000064    program     static Z:\home\dell\frost\frostpwmproject\target.asm
                 hllFBAAA   0x000066    program     static Z:\home\dell\frost\frostpwmproject\target.asm
                 hllGBAAA   0x00006d    program     static Z:\home\dell\frost\frostpwmproject\target.asm
                 hllHBAAA   0x000070    program     static Z:\home\dell\frost\frostpwmproject\target.asm
                 hllIBAAA   0x00007c    program     static Z:\home\dell\frost\frostpwmproject\target.asm
                 hllJBAAA   0x00007f    program     static Z:\home\dell\frost\frostpwmproject\target.asm
                 hllKBAAA   0x000088    program     static Z:\home\dell\frost\frostpwmproject\target.asm
                 hllLBAAA   0x000091    program     static Z:\home\dell\frost\frostpwmproject\target.asm
                 hllMBAAA   0x000092    program     static Z:\home\dell\frost\frostpwmproject\target.asm
                 hllNBAAA   0x000094    program     static Z:\home\dell\frost\frostpwmproject\target.asm
                 hllOBAAA   0x00009b    program     static Z:\home\dell\frost\frostpwmproject\target.asm
                 hllPBAAA   0x00009e    program     static Z:\home\dell\frost\frostpwmproject\target.asm
                 hllQBAAA   0x0000aa    program     static Z:\home\dell\frost\frostpwmproject\target.asm
                hllJBAAAb   0x0000ad    program     static Z:\home\dell\frost\frostpwmproject\target.asm
                 hllSBAAA   0x0000b6    program     static Z:\home\dell\frost\frostpwmproject\target.asm
                 hllTBAAA   0x0000bf    program     static Z:\home\dell\frost\frostpwmproject\target.asm
                 hllUBAAA   0x0000c0    program     static Z:\home\dell\frost\frostpwmproject\target.asm
                 hllVBAAA   0x0000c5    program     static Z:\home\dell\frost\frostpwmproject\target.asm
                 hllWBAAA   0x0000cc    program     static Z:\home\dell\frost\frostpwmproject\target.asm
                 hllXBAAA   0x0000d4    program     static Z:\home\dell\frost\frostpwmproject\target.asm
                 hllYBAAA   0x0000d9    program     static Z:\home\dell\frost\frostpwmproject\target.asm
                 hllZBAAA   0x0000e4    program     static Z:\home\dell\frost\frostpwmproject\target.asm
                 hllACAAA   0x0000ec    program     static Z:\home\dell\frost\frostpwmproject\target.asm
                 hllBCAAA   0x0000ee    program     static Z:\home\dell\frost\frostpwmproject\target.asm
                 hllCCAAA   0x0000f6    program     static Z:\home\dell\frost\frostpwmproject\target.asm
                 hllDCAAA   0x000100    program     static Z:\home\dell\frost\frostpwmproject\target.asm
                     pwmf   0x000101    program     static Z:\home\dell\frost\frostpwmproject\target.asm
                hlllb51J3   0x00011c    program     static Z:\home\dell\frost\frostpwmproject\target.asm
                hlllb51J1   0x00013b    program     static Z:\home\dell\frost\frostpwmproject\target.asm
                hlllb51J2   0x000153    program     static Z:\home\dell\frost\frostpwmproject\target.asm
                hlllb51J4   0x000153    program     static Z:\home\dell\frost\frostpwmproject\target.asm
                hlllb51J9   0x0001a4    program     static Z:\home\dell\frost\frostpwmproject\target.asm
                hlllb51J7   0x0001c4    program     static Z:\home\dell\frost\frostpwmproject\target.asm
               hlllb51J10   0x0001e4    program     static Z:\home\dell\frost\frostpwmproject\target.asm
                hlllb51J5   0x0001e4    program     static Z:\home\dell\frost\frostpwmproject\target.asm
                hlllb51J6   0x0001e4    program     static Z:\home\dell\frost\frostpwmproject\target.asm
                hlllb51J8   0x0001e4    program     static Z:\home\dell\frost\frostpwmproject\target.asm
                hllprgen2   0x0001ec    program     static Z:\home\dell\frost\frostpwmproject\target.asm
                   pwm1on   0x0001ed    program     static Z:\home\dell\frost\frostpwmproject\target.asm
                     divf   0x00029f    program     static Z:\home\dell\frost\frostpwmproject\target.asm
                 hllECAAA   0x0002c3    program     static Z:\home\dell\frost\frostpwmproject\target.asm
                 hllFCAAA   0x0002cf    program     static Z:\home\dell\frost\frostpwmproject\target.asm
                 hllGCAAA   0x0002d9    program     static Z:\home\dell\frost\frostpwmproject\target.asm
                 hllHCAAA   0x0002f4    program     static Z:\home\dell\frost\frostpwmproject\target.asm
                 hllICAAA   0x0002f6    program     static Z:\home\dell\frost\frostpwmproject\target.asm
                 hllJCAAA   0x0002f8    program     static Z:\home\dell\frost\frostpwmproject\target.asm
                 hllKCAAA   0x000305    program     static Z:\home\dell\frost\frostpwmproject\target.asm
                 hllLCAAA   0x00030f    program     static Z:\home\dell\frost\frostpwmproject\target.asm
                 hllMCAAA   0x000310    program     static Z:\home\dell\frost\frostpwmproject\target.asm
                 hllNCAAA   0x000312    program     static Z:\home\dell\frost\frostpwmproject\target.asm
                 hllOCAAA   0x000313    program     static Z:\home\dell\frost\frostpwmproject\target.asm
                 hllPCAAA   0x000314    program     static Z:\home\dell\frost\frostpwmproject\target.asm
                 hllQCAAA   0x00031d    program     static Z:\home\dell\frost\frostpwmproject\target.asm
                 hllRCAAA   0x000323    program     static Z:\home\dell\frost\frostpwmproject\target.asm
                 hllSCAAA   0x000325    program     static Z:\home\dell\frost\frostpwmproject\target.asm
                 hllTCAAA   0x000328    program     static Z:\home\dell\frost\frostpwmproject\target.asm
                     mulf   0x00032e    program     static Z:\home\dell\frost\frostpwmproject\target.asm
                 hllQDAAA   0x000338    program     static Z:\home\dell\frost\frostpwmproject\target.asm
                 hllRDAAA   0x000349    program     static Z:\home\dell\frost\frostpwmproject\target.asm
                 hllSDAAA   0x00035b    program     static Z:\home\dell\frost\frostpwmproject\target.asm
                 hllTDAAA   0x000367    program     static Z:\home\dell\frost\frostpwmproject\target.asm
                 hllUDAAA   0x000375    program     static Z:\home\dell\frost\frostpwmproject\target.asm
                 hllVDAAA   0x00037d    program     static Z:\home\dell\frost\frostpwmproject\target.asm
                 hllWDAAA   0x00037f    program     static Z:\home\dell\frost\frostpwmproject\target.asm
                 hllXDAAA   0x000382    program     static Z:\home\dell\frost\frostpwmproject\target.asm
                 hllYDAAA   0x000388    program     static Z:\home\dell\frost\frostpwmproject\target.asm
                 hllZDAAA   0x00038a    program     static Z:\home\dell\frost\frostpwmproject\target.asm
                 hllAEAAA   0x00038e    program     static Z:\home\dell\frost\frostpwmproject\target.asm
                 hllBEAAA   0x00038f    program     static Z:\home\dell\frost\frostpwmproject\target.asm
                 hllCEAAA   0x000398    program     static Z:\home\dell\frost\frostpwmproject\target.asm
                 hllDEAAA   0x00039e    program     static Z:\home\dell\frost\frostpwmproject\target.asm
                   setbit   0x0003ae    program     static Z:\home\dell\frost\frostpwmproject\target.asm
                 hllLAAAA   0x0003b8    program     static Z:\home\dell\frost\frostpwmproject\target.asm
                 hllMAAAA   0x0003be    program     static Z:\home\dell\frost\frostpwmproject\target.asm
                 hllNAAAA   0x0003c5    program     static Z:\home\dell\frost\frostpwmproject\target.asm
                 hllOAAAA   0x0003cc    program     static Z:\home\dell\frost\frostpwmproject\target.asm
                 hllPAAAA   0x0003d3    program     static Z:\home\dell\frost\frostpwmproject\target.asm
                 hllQAAAA   0x0003da    program     static Z:\home\dell\frost\frostpwmproject\target.asm
                 hllRAAAA   0x0003e1    program     static Z:\home\dell\frost\frostpwmproject\target.asm
                 hllSAAAA   0x0003e3    program     static Z:\home\dell\frost\frostpwmproject\target.asm
                 safepush   0x0003e5    program     static Z:\home\dell\frost\frostpwmproject\target.asm
                   kspox5   0x0003ec    program     static Z:\home\dell\frost\frostpwmproject\target.asm
                  sperr11   0x0003f3    program     static Z:\home\dell\frost\frostpwmproject\target.asm
                   dmm445   0x0003f5    program     static Z:\home\dell\frost\frostpwmproject\target.asm
                     andu   0x0003fb    program     static Z:\home\dell\frost\frostpwmproject\target.asm
                     utof   0x000400    program     static Z:\home\dell\frost\frostpwmproject\target.asm
                 hllEEAAA   0x00040b    program     static Z:\home\dell\frost\frostpwmproject\target.asm
                 hllFEAAA   0x000416    program     static Z:\home\dell\frost\frostpwmproject\target.asm
                 hllGEAAA   0x000422    program     static Z:\home\dell\frost\frostpwmproject\target.asm
                 hllHEAAA   0x00042f    program     static Z:\home\dell\frost\frostpwmproject\target.asm
                 hllIEAAA   0x00043d    program     static Z:\home\dell\frost\frostpwmproject\target.asm
                 hllJEAAA   0x00044c    program     static Z:\home\dell\frost\frostpwmproject\target.asm
                 hllKEAAA   0x00045c    program     static Z:\home\dell\frost\frostpwmproject\target.asm
                 hllLEAAA   0x000463    program     static Z:\home\dell\frost\frostpwmproject\target.asm
                 hllMEAAA   0x000467    program     static Z:\home\dell\frost\frostpwmproject\target.asm
                      gtf   0x000468    program     static Z:\home\dell\frost\frostpwmproject\target.asm
                 hllFDAAA   0x00047e    program     static Z:\home\dell\frost\frostpwmproject\target.asm
                 hllGDAAA   0x000485    program     static Z:\home\dell\frost\frostpwmproject\target.asm
                 hllHDAAA   0x000492    program     static Z:\home\dell\frost\frostpwmproject\target.asm
                 hllIDAAA   0x000498    program     static Z:\home\dell\frost\frostpwmproject\target.asm
                 hllJDAAA   0x00049d    program     static Z:\home\dell\frost\frostpwmproject\target.asm
                 hllKDAAA   0x0004a8    program     static Z:\home\dell\frost\frostpwmproject\target.asm
                 hllLDAAA   0x0004ae    program     static Z:\home\dell\frost\frostpwmproject\target.asm
                 hllMDAAA   0x0004b3    program     static Z:\home\dell\frost\frostpwmproject\target.asm
                 hllNDAAA   0x0004be    program     static Z:\home\dell\frost\frostpwmproject\target.asm
                 hllODAAA   0x0004c4    program     static Z:\home\dell\frost\frostpwmproject\target.asm
                 hllPDAAA   0x0004c9    program     static Z:\home\dell\frost\frostpwmproject\target.asm
                 clearbit   0x0004ca    program     static Z:\home\dell\frost\frostpwmproject\target.asm
                 hllAAAAA   0x0004d4    program     static Z:\home\dell\frost\frostpwmproject\target.asm
                 hllBAAAA   0x0004da    program     static Z:\home\dell\frost\frostpwmproject\target.asm
                 hllCAAAA   0x0004e1    program     static Z:\home\dell\frost\frostpwmproject\target.asm
                 hllDAAAA   0x0004e8    program     static Z:\home\dell\frost\frostpwmproject\target.asm
                 hllEAAAA   0x0004ef    program     static Z:\home\dell\frost\frostpwmproject\target.asm
                 hllFAAAA   0x0004f6    program     static Z:\home\dell\frost\frostpwmproject\target.asm
                 hllGAAAA   0x0004fd    program     static Z:\home\dell\frost\frostpwmproject\target.asm
                 hllHAAAA   0x0004ff    program     static Z:\home\dell\frost\frostpwmproject\target.asm
                     ftou   0x000501    program     static Z:\home\dell\frost\frostpwmproject\target.asm
                 hllUCAAA   0x000509    program     static Z:\home\dell\frost\frostpwmproject\target.asm
                 hllVCAAA   0x000517    program     static Z:\home\dell\frost\frostpwmproject\target.asm
                 hllWCAAA   0x00051f    program     static Z:\home\dell\frost\frostpwmproject\target.asm
                 hllXCAAA   0x000521    program     static Z:\home\dell\frost\frostpwmproject\target.asm
                 hllYCAAA   0x000523    program     static Z:\home\dell\frost\frostpwmproject\target.asm
                 hllZCAAA   0x000525    program     static Z:\home\dell\frost\frostpwmproject\target.asm
                 hllADAAA   0x000527    program     static Z:\home\dell\frost\frostpwmproject\target.asm
                 hllBDAAA   0x000529    program     static Z:\home\dell\frost\frostpwmproject\target.asm
                 hllCDAAA   0x00052b    program     static Z:\home\dell\frost\frostpwmproject\target.asm
                 hllDDAAA   0x00052d    program     static Z:\home\dell\frost\frostpwmproject\target.asm
                 hllEDAAA   0x00052d    program     static Z:\home\dell\frost\frostpwmproject\target.asm
              hlluserprog   0x000531    program     static Z:\home\dell\frost\frostpwmproject\target.asm
               hllprogend   0x000556    program     static Z:\home\dell\frost\frostpwmproject\target.asm
                   getbit   0x000557    program     static Z:\home\dell\frost\frostpwmproject\target.asm
                 hllIAAAA   0x000560    program     static Z:\home\dell\frost\frostpwmproject\target.asm
                 hllJAAAA   0x000568    program     static Z:\home\dell\frost\frostpwmproject\target.asm
                 hllKAAAA   0x000571    program     static Z:\home\dell\frost\frostpwmproject\target.asm
                     parm   0x000574    program     static Z:\home\dell\frost\frostpwmproject\target.asm
                    getch   0x000585    program     static Z:\home\dell\frost\frostpwmproject\target.asm
                    geth2   0x00058a    program     static Z:\home\dell\frost\frostpwmproject\target.asm
                    geth4   0x00058e    program     static Z:\home\dell\frost\frostpwmproject\target.asm
                    geth3   0x00058f    program     static Z:\home\dell\frost\frostpwmproject\target.asm
                  iszerof   0x000595    program     static Z:\home\dell\frost\frostpwmproject\target.asm
                    nonzf   0x0005a0    program     static Z:\home\dell\frost\frostpwmproject\target.asm
                    nonzg   0x0005a1    program     static Z:\home\dell\frost\frostpwmproject\target.asm
                    nonzr   0x0005a2    program     static Z:\home\dell\frost\frostpwmproject\target.asm
                     divu   0x0005a4    program     static Z:\home\dell\frost\frostpwmproject\target.asm
          _hllkrna05_0009   0x0005ad    program     static Z:\home\dell\frost\frostpwmproject\target.asm
          _hllkrna05_000B   0x0005af    program     static Z:\home\dell\frost\frostpwmproject\target.asm
                     modu   0x0005b3    program     static Z:\home\dell\frost\frostpwmproject\target.asm
          _hllkrna04_0009   0x0005bc    program     static Z:\home\dell\frost\frostpwmproject\target.asm
          _hllkrna04_000B   0x0005be    program     static Z:\home\dell\frost\frostpwmproject\target.asm
                    copyf   0x0005c2    program     static Z:\home\dell\frost\frostpwmproject\target.asm
                   hloego   0x0005cf    program     static Z:\home\dell\frost\frostpwmproject\target.asm
                      mul   0x0005db    program     static Z:\home\dell\frost\frostpwmproject\target.asm
          _hllkrna00_0007   0x0005e2    program     static Z:\home\dell\frost\frostpwmproject\target.asm
                       eq   0x0005e5    program     static Z:\home\dell\frost\frostpwmproject\target.asm
                  printch   0x0005ed    program     static Z:\home\dell\frost\frostpwmproject\target.asm
          _hllkrna03_0005   0x0005f2    program     static Z:\home\dell\frost\frostpwmproject\target.asm
                      oru   0x0005f4    program     static Z:\home\dell\frost\frostpwmproject\target.asm
                      add   0x0005f9    program     static Z:\home\dell\frost\frostpwmproject\target.asm
                    negti   0x0005fe    program     static Z:\home\dell\frost\frostpwmproject\target.asm
                  dispose   0x000601    program     static Z:\home\dell\frost\frostpwmproject\target.asm
                    kpush   0x000603    program     static Z:\home\dell\frost\frostpwmproject\target.asm
                     kpop   0x000605    program     static Z:\home\dell\frost\frostpwmproject\target.asm
                    stack   0x000020       data     static Z:\home\dell\frost\frostpwmproject\target.asm
               softstack0   0x000070       data     static Z:\home\dell\frost\frostpwmproject\target.asm
               softstack1   0x000071       data     static Z:\home\dell\frost\frostpwmproject\target.asm
               softstack2   0x000072       data     static Z:\home\dell\frost\frostpwmproject\target.asm
                  alt_fsr   0x000073       data     static Z:\home\dell\frost\frostpwmproject\target.asm
                   W_Save   0x000074       data     static Z:\home\dell\frost\frostpwmproject\target.asm
              STATUS_Save   0x000075       data     static Z:\home\dell\frost\frostpwmproject\target.asm
                 FSR_Save   0x000076       data     static Z:\home\dell\frost\frostpwmproject\target.asm
                 ALT_Save   0x000077       data     static Z:\home\dell\frost\frostpwmproject\target.asm
                   in_isr   0x000078       data     static Z:\home\dell\frost\frostpwmproject\target.asm
                    pbase   0x000079       data     static Z:\home\dell\frost\frostpwmproject\target.asm
                 sfploc00   0x000220       data     static Z:\home\dell\frost\frostpwmproject\target.asm
                 sfpaux00   0x000221       data     static Z:\home\dell\frost\frostpwmproject\target.asm
                 sfploc01   0x000222       data     static Z:\home\dell\frost\frostpwmproject\target.asm
                 sfpaux01   0x000223       data     static Z:\home\dell\frost\frostpwmproject\target.asm
                 sfploc02   0x000224       data     static Z:\home\dell\frost\frostpwmproject\target.asm
                 sfpaux02   0x000225       data     static Z:\home\dell\frost\frostpwmproject\target.asm
                 sfploc03   0x000226       data     static Z:\home\dell\frost\frostpwmproject\target.asm
                 sfpaux03   0x000227       data     static Z:\home\dell\frost\frostpwmproject\target.asm
                 sfploc04   0x000228       data     static Z:\home\dell\frost\frostpwmproject\target.asm
                 sfploc05   0x000229       data     static Z:\home\dell\frost\frostpwmproject\target.asm
                 sfploc06   0x00022a       data     static Z:\home\dell\frost\frostpwmproject\target.asm
                 sfploc07   0x00022b       data     static Z:\home\dell\frost\frostpwmproject\target.asm
                 sfploc08   0x00022c       data     static Z:\home\dell\frost\frostpwmproject\target.asm
                 sfploc09   0x00022d       data     static Z:\home\dell\frost\frostpwmproject\target.asm
                 sfploc10   0x00022e       data     static Z:\home\dell\frost\frostpwmproject\target.asm
                 sfploc11   0x00022f       data     static Z:\home\dell\frost\frostpwmproject\target.asm
                 sfploc12   0x000230       data     static Z:\home\dell\frost\frostpwmproject\target.asm
                 sfploc13   0x000231       data     static Z:\home\dell\frost\frostpwmproject\target.asm
                 sfploc14   0x000232       data     static Z:\home\dell\frost\frostpwmproject\target.asm
                 sfploc15   0x000233       data     static Z:\home\dell\frost\frostpwmproject\target.asm
                 sfploc16   0x000234       data     static Z:\home\dell\frost\frostpwmproject\target.asm
                 sfploc17   0x000235       data     static Z:\home\dell\frost\frostpwmproject\target.asm
                alt_stack   0x000236       data     static Z:\home\dell\frost\frostpwmproject\target.asm
                hllblss00   0x00024a       data     static Z:\home\dell\frost\frostpwmproject\target.asm
                hllblss01   0x00024b       data     static Z:\home\dell\frost\frostpwmproject\target.asm
                hllblss02   0x00024c       data     static Z:\home\dell\frost\frostpwmproject\target.asm


