MPLINK 4.14, Linker
Linker Map File - Created Sun Jul 07 15:01:02 2019

                                 Section Info
                  Section       Type    Address   Location Size(Bytes)
                ---------  ---------  ---------  ---------  ---------
                   Resetv       code   0x000000    program   0x000006
                    vectr       code   0x000004    program   0x000088
                   .cinit    romdata   0x000048    program   0x000004
                hllupuser       code   0x00004a    program   0x000142
                   hlog1b       code   0x0000eb    program   0x0000f2
                   hlog1a       code   0x000164    program   0x0000f2
                hllkrna08       code   0x0001dd    program   0x000086
                hllkrna05       code   0x000220    program   0x000052
                hllkrna04       code   0x000249    program   0x000052
                hllkrna09       code   0x000272    program   0x000042
                hllkrna10       code   0x000293    program   0x00003e
                hllkrna00       code   0x0002b2    program   0x000036
                hllkrn444       code   0x0002cd    program   0x000030
                hllkrna03       code   0x0002e5    program   0x00001c
                hllkrna07       code   0x0002f3    program   0x000014
                hllkrna06       code   0x0002fd    program   0x000014
                     main       code   0x000307    program   0x000012
                   hlog1d       code   0x000310    program   0x00000e
                hllkrna01       code   0x000317    program   0x00000e
                hllkrna02       code   0x00031e    program   0x000006
                hllkrna11       code   0x000321    program   0x000004
                  .config       code   0x002007    program   0x000002
                   ukrnl2      udata   0x000020       data   0x000050
                   ukrshr      udata   0x000070       data   0x00000c
                 mainvars      udata   0x00007c       data   0x000003
                   ukrnl3      udata   0x0000a0       data   0x000014
                   ukernl      udata   0x0000b4       data   0x000006
                hllv2cval      udata   0x0000ba       data   0x000001



                              Program Memory Usage 
                               Start         End      
                           ---------   ---------      
                            0x000000    0x000002      
                            0x000004    0x000322      
                            0x002007    0x002007      
            803 out of 4358 program addresses used, program memory utilization is 18%



                              Symbols - Sorted by Name
                     Name    Address   Location    Storage File                     
                ---------  ---------  ---------  --------- ---------                
                  ExitISR   0x00003c    program     static Z:\home\dell\frost\frostledproject\target.asm
                      ISR   0x000004    program     static Z:\home\dell\frost\frostledproject\target.asm
          _hllkrna00_000C   0x0002be    program     static Z:\home\dell\frost\frostledproject\target.asm
          _hllkrna00_0018   0x0002ca    program     static Z:\home\dell\frost\frostledproject\target.asm
          _hllkrna03_0005   0x0002ea    program     static Z:\home\dell\frost\frostledproject\target.asm
          _hllkrna03_000C   0x0002f1    program     static Z:\home\dell\frost\frostledproject\target.asm
          _hllkrna04_000F   0x000258    program     static Z:\home\dell\frost\frostledproject\target.asm
          _hllkrna04_0011   0x00025a    program     static Z:\home\dell\frost\frostledproject\target.asm
          _hllkrna04_0022   0x00026b    program     static Z:\home\dell\frost\frostledproject\target.asm
          _hllkrna04_0024   0x00026d    program     static Z:\home\dell\frost\frostledproject\target.asm
          _hllkrna05_000F   0x00022f    program     static Z:\home\dell\frost\frostledproject\target.asm
          _hllkrna05_0011   0x000231    program     static Z:\home\dell\frost\frostledproject\target.asm
          _hllkrna05_0022   0x000242    program     static Z:\home\dell\frost\frostledproject\target.asm
          _hllkrna05_0024   0x000244    program     static Z:\home\dell\frost\frostledproject\target.asm
          _hllkrna08_0003   0x0001e0    program     static Z:\home\dell\frost\frostledproject\target.asm
          _hllkrna08_0011   0x0001ee    program     static Z:\home\dell\frost\frostledproject\target.asm
          _hllkrna09_0003   0x000275    program     static Z:\home\dell\frost\frostledproject\target.asm
          _hllkrna09_0011   0x000283    program     static Z:\home\dell\frost\frostledproject\target.asm
          _hllkrna10_0003   0x000296    program     static Z:\home\dell\frost\frostledproject\target.asm
          _hllkrna10_0010   0x0002a3    program     static Z:\home\dell\frost\frostledproject\target.asm
                      add   0x000317    program     static Z:\home\dell\frost\frostledproject\target.asm
                 clearbit   0x000164    program     static Z:\home\dell\frost\frostledproject\target.asm
                clearbit0   0x0001a2    program     static Z:\home\dell\frost\frostledproject\target.asm
                  dispose   0x000321    program     static Z:\home\dell\frost\frostledproject\target.asm
                     divu   0x000220    program     static Z:\home\dell\frost\frostledproject\target.asm
                    divu0   0x000236    program     static Z:\home\dell\frost\frostledproject\target.asm
                   dmm445   0x0002de    program     static Z:\home\dell\frost\frostledproject\target.asm
                       eq   0x0002f3    program     static Z:\home\dell\frost\frostledproject\target.asm
                    getch   0x0002fd    program     static Z:\home\dell\frost\frostledproject\target.asm
                    geth2   0x0002ff    program     static Z:\home\dell\frost\frostledproject\target.asm
                 hllAAAAA   0x0001af    program     static Z:\home\dell\frost\frostledproject\target.asm
                 hllBAAAA   0x0001b5    program     static Z:\home\dell\frost\frostledproject\target.asm
                 hllCAAAA   0x0001bc    program     static Z:\home\dell\frost\frostledproject\target.asm
                 hllDAAAA   0x0001c3    program     static Z:\home\dell\frost\frostledproject\target.asm
                 hllEAAAA   0x0001ca    program     static Z:\home\dell\frost\frostledproject\target.asm
                 hllFAAAA   0x0001d1    program     static Z:\home\dell\frost\frostledproject\target.asm
                 hllGAAAA   0x0001d8    program     static Z:\home\dell\frost\frostledproject\target.asm
                 hllHAAAA   0x0001da    program     static Z:\home\dell\frost\frostledproject\target.asm
                 hllIAAAA   0x000136    program     static Z:\home\dell\frost\frostledproject\target.asm
                 hllJAAAA   0x00013c    program     static Z:\home\dell\frost\frostledproject\target.asm
                 hllKAAAA   0x000143    program     static Z:\home\dell\frost\frostledproject\target.asm
                 hllLAAAA   0x00014a    program     static Z:\home\dell\frost\frostledproject\target.asm
                 hllMAAAA   0x000151    program     static Z:\home\dell\frost\frostledproject\target.asm
                 hllNAAAA   0x000158    program     static Z:\home\dell\frost\frostledproject\target.asm
                 hllOAAAA   0x00015f    program     static Z:\home\dell\frost\frostledproject\target.asm
                 hllPAAAA   0x000161    program     static Z:\home\dell\frost\frostledproject\target.asm
              hllnotisr49   0x00003c    program     static Z:\home\dell\frost\frostledproject\target.asm
                hllprgen2   0x0000ea    program     static Z:\home\dell\frost\frostledproject\target.asm
               hllprogend   0x0000e9    program     static Z:\home\dell\frost\frostledproject\target.asm
              hlluserprog   0x00004a    program     static Z:\home\dell\frost\frostledproject\target.asm
                   hloego   0x000307    program     static Z:\home\dell\frost\frostledproject\target.asm
                     kpop   0x000272    program     static Z:\home\dell\frost\frostledproject\target.asm
                    kpush   0x000293    program     static Z:\home\dell\frost\frostledproject\target.asm
                   kspox5   0x0002d5    program     static Z:\home\dell\frost\frostledproject\target.asm
                     modu   0x000249    program     static Z:\home\dell\frost\frostledproject\target.asm
                    modu0   0x00025f    program     static Z:\home\dell\frost\frostledproject\target.asm
                      mul   0x0002b2    program     static Z:\home\dell\frost\frostledproject\target.asm
                     mul0   0x0002c1    program     static Z:\home\dell\frost\frostledproject\target.asm
                    negti   0x00031e    program     static Z:\home\dell\frost\frostledproject\target.asm
                      oru   0x000310    program     static Z:\home\dell\frost\frostledproject\target.asm
                     parm   0x0001dd    program     static Z:\home\dell\frost\frostledproject\target.asm
                    parm4   0x000210    program     static Z:\home\dell\frost\frostledproject\target.asm
                  printch   0x0002e5    program     static Z:\home\dell\frost\frostledproject\target.asm
                 safepush   0x0002cd    program     static Z:\home\dell\frost\frostledproject\target.asm
                   setbit   0x0000eb    program     static Z:\home\dell\frost\frostledproject\target.asm
                  setbit0   0x000129    program     static Z:\home\dell\frost\frostledproject\target.asm
                  sperr11   0x0002dc    program     static Z:\home\dell\frost\frostledproject\target.asm
                   tcf00h   0x0000fb    program     static Z:\home\dell\frost\frostledproject\target.asm
                   tcf01h   0x000101    program     static Z:\home\dell\frost\frostledproject\target.asm
                   tcf02h   0x000108    program     static Z:\home\dell\frost\frostledproject\target.asm
                   tcf03h   0x00010f    program     static Z:\home\dell\frost\frostledproject\target.asm
                   tcf04h   0x000116    program     static Z:\home\dell\frost\frostledproject\target.asm
                   tcf05h   0x00011d    program     static Z:\home\dell\frost\frostledproject\target.asm
                   tcf07h   0x000124    program     static Z:\home\dell\frost\frostledproject\target.asm
                   tcf99h   0x000126    program     static Z:\home\dell\frost\frostledproject\target.asm
                   tff00h   0x000174    program     static Z:\home\dell\frost\frostledproject\target.asm
                   tff01h   0x00017a    program     static Z:\home\dell\frost\frostledproject\target.asm
                   tff02h   0x000181    program     static Z:\home\dell\frost\frostledproject\target.asm
                   tff03h   0x000188    program     static Z:\home\dell\frost\frostledproject\target.asm
                   tff04h   0x00018f    program     static Z:\home\dell\frost\frostledproject\target.asm
                   tff05h   0x000196    program     static Z:\home\dell\frost\frostledproject\target.asm
                   tff07h   0x00019d    program     static Z:\home\dell\frost\frostledproject\target.asm
                   tff99h   0x00019f    program     static Z:\home\dell\frost\frostledproject\target.asm
                 ALT_Save   0x00007a       data     static Z:\home\dell\frost\frostledproject\target.asm
                 FSR_Save   0x000079       data     static Z:\home\dell\frost\frostledproject\target.asm
                  PC_Save   0x00007e       data     static Z:\home\dell\frost\frostledproject\target.asm
              STATUS_Save   0x000078       data     static Z:\home\dell\frost\frostledproject\target.asm
                   W_Save   0x000077       data     static Z:\home\dell\frost\frostledproject\target.asm
                  alt_fsr   0x000076       data     static Z:\home\dell\frost\frostledproject\target.asm
                alt_stack   0x0000a0       data     static Z:\home\dell\frost\frostledproject\target.asm
                hllblss00   0x0000b4       data     static Z:\home\dell\frost\frostledproject\target.asm
             hllblss00isr   0x0000b5       data     static Z:\home\dell\frost\frostledproject\target.asm
                hllblss01   0x0000b6       data     static Z:\home\dell\frost\frostledproject\target.asm
             hllblss01isr   0x0000b7       data     static Z:\home\dell\frost\frostledproject\target.asm
                hllblss02   0x0000b8       data     static Z:\home\dell\frost\frostledproject\target.asm
             hllblss02isr   0x0000b9       data     static Z:\home\dell\frost\frostledproject\target.asm
                 hllcvall   0x0000ba       data     static Z:\home\dell\frost\frostledproject\target.asm
                   in_isr   0x00007b       data     static Z:\home\dell\frost\frostledproject\target.asm
                    pbase   0x00007c       data     static Z:\home\dell\frost\frostledproject\target.asm
                 pbaseisr   0x00007d       data     static Z:\home\dell\frost\frostledproject\target.asm
               softstack0   0x000070       data     static Z:\home\dell\frost\frostledproject\target.asm
            softstack0isr   0x000071       data     static Z:\home\dell\frost\frostledproject\target.asm
               softstack1   0x000072       data     static Z:\home\dell\frost\frostledproject\target.asm
            softstack1isr   0x000073       data     static Z:\home\dell\frost\frostledproject\target.asm
               softstack2   0x000074       data     static Z:\home\dell\frost\frostledproject\target.asm
            softstack2isr   0x000075       data     static Z:\home\dell\frost\frostledproject\target.asm
                    stack   0x000020       data     static Z:\home\dell\frost\frostledproject\target.asm



                              Symbols - Sorted by Address
                     Name    Address   Location    Storage File                     
                ---------  ---------  ---------  --------- ---------                
                      ISR   0x000004    program     static Z:\home\dell\frost\frostledproject\target.asm
                  ExitISR   0x00003c    program     static Z:\home\dell\frost\frostledproject\target.asm
              hllnotisr49   0x00003c    program     static Z:\home\dell\frost\frostledproject\target.asm
              hlluserprog   0x00004a    program     static Z:\home\dell\frost\frostledproject\target.asm
               hllprogend   0x0000e9    program     static Z:\home\dell\frost\frostledproject\target.asm
                hllprgen2   0x0000ea    program     static Z:\home\dell\frost\frostledproject\target.asm
                   setbit   0x0000eb    program     static Z:\home\dell\frost\frostledproject\target.asm
                   tcf00h   0x0000fb    program     static Z:\home\dell\frost\frostledproject\target.asm
                   tcf01h   0x000101    program     static Z:\home\dell\frost\frostledproject\target.asm
                   tcf02h   0x000108    program     static Z:\home\dell\frost\frostledproject\target.asm
                   tcf03h   0x00010f    program     static Z:\home\dell\frost\frostledproject\target.asm
                   tcf04h   0x000116    program     static Z:\home\dell\frost\frostledproject\target.asm
                   tcf05h   0x00011d    program     static Z:\home\dell\frost\frostledproject\target.asm
                   tcf07h   0x000124    program     static Z:\home\dell\frost\frostledproject\target.asm
                   tcf99h   0x000126    program     static Z:\home\dell\frost\frostledproject\target.asm
                  setbit0   0x000129    program     static Z:\home\dell\frost\frostledproject\target.asm
                 hllIAAAA   0x000136    program     static Z:\home\dell\frost\frostledproject\target.asm
                 hllJAAAA   0x00013c    program     static Z:\home\dell\frost\frostledproject\target.asm
                 hllKAAAA   0x000143    program     static Z:\home\dell\frost\frostledproject\target.asm
                 hllLAAAA   0x00014a    program     static Z:\home\dell\frost\frostledproject\target.asm
                 hllMAAAA   0x000151    program     static Z:\home\dell\frost\frostledproject\target.asm
                 hllNAAAA   0x000158    program     static Z:\home\dell\frost\frostledproject\target.asm
                 hllOAAAA   0x00015f    program     static Z:\home\dell\frost\frostledproject\target.asm
                 hllPAAAA   0x000161    program     static Z:\home\dell\frost\frostledproject\target.asm
                 clearbit   0x000164    program     static Z:\home\dell\frost\frostledproject\target.asm
                   tff00h   0x000174    program     static Z:\home\dell\frost\frostledproject\target.asm
                   tff01h   0x00017a    program     static Z:\home\dell\frost\frostledproject\target.asm
                   tff02h   0x000181    program     static Z:\home\dell\frost\frostledproject\target.asm
                   tff03h   0x000188    program     static Z:\home\dell\frost\frostledproject\target.asm
                   tff04h   0x00018f    program     static Z:\home\dell\frost\frostledproject\target.asm
                   tff05h   0x000196    program     static Z:\home\dell\frost\frostledproject\target.asm
                   tff07h   0x00019d    program     static Z:\home\dell\frost\frostledproject\target.asm
                   tff99h   0x00019f    program     static Z:\home\dell\frost\frostledproject\target.asm
                clearbit0   0x0001a2    program     static Z:\home\dell\frost\frostledproject\target.asm
                 hllAAAAA   0x0001af    program     static Z:\home\dell\frost\frostledproject\target.asm
                 hllBAAAA   0x0001b5    program     static Z:\home\dell\frost\frostledproject\target.asm
                 hllCAAAA   0x0001bc    program     static Z:\home\dell\frost\frostledproject\target.asm
                 hllDAAAA   0x0001c3    program     static Z:\home\dell\frost\frostledproject\target.asm
                 hllEAAAA   0x0001ca    program     static Z:\home\dell\frost\frostledproject\target.asm
                 hllFAAAA   0x0001d1    program     static Z:\home\dell\frost\frostledproject\target.asm
                 hllGAAAA   0x0001d8    program     static Z:\home\dell\frost\frostledproject\target.asm
                 hllHAAAA   0x0001da    program     static Z:\home\dell\frost\frostledproject\target.asm
                     parm   0x0001dd    program     static Z:\home\dell\frost\frostledproject\target.asm
          _hllkrna08_0003   0x0001e0    program     static Z:\home\dell\frost\frostledproject\target.asm
          _hllkrna08_0011   0x0001ee    program     static Z:\home\dell\frost\frostledproject\target.asm
                    parm4   0x000210    program     static Z:\home\dell\frost\frostledproject\target.asm
                     divu   0x000220    program     static Z:\home\dell\frost\frostledproject\target.asm
          _hllkrna05_000F   0x00022f    program     static Z:\home\dell\frost\frostledproject\target.asm
          _hllkrna05_0011   0x000231    program     static Z:\home\dell\frost\frostledproject\target.asm
                    divu0   0x000236    program     static Z:\home\dell\frost\frostledproject\target.asm
          _hllkrna05_0022   0x000242    program     static Z:\home\dell\frost\frostledproject\target.asm
          _hllkrna05_0024   0x000244    program     static Z:\home\dell\frost\frostledproject\target.asm
                     modu   0x000249    program     static Z:\home\dell\frost\frostledproject\target.asm
          _hllkrna04_000F   0x000258    program     static Z:\home\dell\frost\frostledproject\target.asm
          _hllkrna04_0011   0x00025a    program     static Z:\home\dell\frost\frostledproject\target.asm
                    modu0   0x00025f    program     static Z:\home\dell\frost\frostledproject\target.asm
          _hllkrna04_0022   0x00026b    program     static Z:\home\dell\frost\frostledproject\target.asm
          _hllkrna04_0024   0x00026d    program     static Z:\home\dell\frost\frostledproject\target.asm
                     kpop   0x000272    program     static Z:\home\dell\frost\frostledproject\target.asm
          _hllkrna09_0003   0x000275    program     static Z:\home\dell\frost\frostledproject\target.asm
          _hllkrna09_0011   0x000283    program     static Z:\home\dell\frost\frostledproject\target.asm
                    kpush   0x000293    program     static Z:\home\dell\frost\frostledproject\target.asm
          _hllkrna10_0003   0x000296    program     static Z:\home\dell\frost\frostledproject\target.asm
          _hllkrna10_0010   0x0002a3    program     static Z:\home\dell\frost\frostledproject\target.asm
                      mul   0x0002b2    program     static Z:\home\dell\frost\frostledproject\target.asm
          _hllkrna00_000C   0x0002be    program     static Z:\home\dell\frost\frostledproject\target.asm
                     mul0   0x0002c1    program     static Z:\home\dell\frost\frostledproject\target.asm
          _hllkrna00_0018   0x0002ca    program     static Z:\home\dell\frost\frostledproject\target.asm
                 safepush   0x0002cd    program     static Z:\home\dell\frost\frostledproject\target.asm
                   kspox5   0x0002d5    program     static Z:\home\dell\frost\frostledproject\target.asm
                  sperr11   0x0002dc    program     static Z:\home\dell\frost\frostledproject\target.asm
                   dmm445   0x0002de    program     static Z:\home\dell\frost\frostledproject\target.asm
                  printch   0x0002e5    program     static Z:\home\dell\frost\frostledproject\target.asm
          _hllkrna03_0005   0x0002ea    program     static Z:\home\dell\frost\frostledproject\target.asm
          _hllkrna03_000C   0x0002f1    program     static Z:\home\dell\frost\frostledproject\target.asm
                       eq   0x0002f3    program     static Z:\home\dell\frost\frostledproject\target.asm
                    getch   0x0002fd    program     static Z:\home\dell\frost\frostledproject\target.asm
                    geth2   0x0002ff    program     static Z:\home\dell\frost\frostledproject\target.asm
                   hloego   0x000307    program     static Z:\home\dell\frost\frostledproject\target.asm
                      oru   0x000310    program     static Z:\home\dell\frost\frostledproject\target.asm
                      add   0x000317    program     static Z:\home\dell\frost\frostledproject\target.asm
                    negti   0x00031e    program     static Z:\home\dell\frost\frostledproject\target.asm
                  dispose   0x000321    program     static Z:\home\dell\frost\frostledproject\target.asm
                    stack   0x000020       data     static Z:\home\dell\frost\frostledproject\target.asm
               softstack0   0x000070       data     static Z:\home\dell\frost\frostledproject\target.asm
            softstack0isr   0x000071       data     static Z:\home\dell\frost\frostledproject\target.asm
               softstack1   0x000072       data     static Z:\home\dell\frost\frostledproject\target.asm
            softstack1isr   0x000073       data     static Z:\home\dell\frost\frostledproject\target.asm
               softstack2   0x000074       data     static Z:\home\dell\frost\frostledproject\target.asm
            softstack2isr   0x000075       data     static Z:\home\dell\frost\frostledproject\target.asm
                  alt_fsr   0x000076       data     static Z:\home\dell\frost\frostledproject\target.asm
                   W_Save   0x000077       data     static Z:\home\dell\frost\frostledproject\target.asm
              STATUS_Save   0x000078       data     static Z:\home\dell\frost\frostledproject\target.asm
                 FSR_Save   0x000079       data     static Z:\home\dell\frost\frostledproject\target.asm
                 ALT_Save   0x00007a       data     static Z:\home\dell\frost\frostledproject\target.asm
                   in_isr   0x00007b       data     static Z:\home\dell\frost\frostledproject\target.asm
                    pbase   0x00007c       data     static Z:\home\dell\frost\frostledproject\target.asm
                 pbaseisr   0x00007d       data     static Z:\home\dell\frost\frostledproject\target.asm
                  PC_Save   0x00007e       data     static Z:\home\dell\frost\frostledproject\target.asm
                alt_stack   0x0000a0       data     static Z:\home\dell\frost\frostledproject\target.asm
                hllblss00   0x0000b4       data     static Z:\home\dell\frost\frostledproject\target.asm
             hllblss00isr   0x0000b5       data     static Z:\home\dell\frost\frostledproject\target.asm
                hllblss01   0x0000b6       data     static Z:\home\dell\frost\frostledproject\target.asm
             hllblss01isr   0x0000b7       data     static Z:\home\dell\frost\frostledproject\target.asm
                hllblss02   0x0000b8       data     static Z:\home\dell\frost\frostledproject\target.asm
             hllblss02isr   0x0000b9       data     static Z:\home\dell\frost\frostledproject\target.asm
                 hllcvall   0x0000ba       data     static Z:\home\dell\frost\frostledproject\target.asm


