MPLINK 4.35, Linker
Linker Map File - Created Sun Jan 05 10:17:40 2020

                                 Section Info
                  Section       Type    Address   Location Size(Bytes)
                ---------  ---------  ---------  ---------  ---------
                   Resetv       code   0x000000    program   0x000006
                   .cinit    romdata   0x000003    program   0x000004
                hllupuser       code   0x000005    program   0x000230
                  cprntuc       code   0x00011d    program   0x000084
                   hlog1b       code   0x00015f    program   0x000076
                   hlog1a       code   0x00019a    program   0x000076
                hllkrna08       code   0x0001d5    program   0x000060
                hllkrna09       code   0x000205    program   0x000042
                hllkrna10       code   0x000226    program   0x00003e
          writeeepromhloe       code   0x000245    program   0x000032
                hllkrn444       code   0x00025e    program   0x000030
                  hllt450       code   0x000276    program   0x00002c
                hllkrna06       code   0x00028c    program   0x000028
                hllkrna05       code   0x0002a0    program   0x000026
                hllkrna04       code   0x0002b3    program   0x000026
           readeepromhloe       code   0x0002c6    program   0x00001e
                hllkrna00       code   0x0002d5    program   0x000018
                hllkrna07       code   0x0002e1    program   0x000014
                hllkrna03       code   0x0002eb    program   0x000014
                     main       code   0x0002f5    program   0x000012
                   hlog1d       code   0x0002fe    program   0x00000e
                hllkrna01       code   0x000305    program   0x00000e
                hllkrna02       code   0x00030c    program   0x000006
                hllkrna11       code   0x00030f    program   0x000004
    .config_2007_TARGET.O       code   0x002007    program   0x000002
                   ukrnl2      udata   0x000020       data   0x000050
                   ukrshr      udata   0x000070       data   0x000009
                 mainvars      udata   0x000079       data   0x000002
                   ukrnl3      udata   0x0000a0       data   0x000014
                   ukernl      udata   0x0000b4       data   0x000003
                  ansiadt      udata   0x0000b7       data   0x000003
                  ansiadu      udata   0x0000ba       data   0x000001



                              Program Memory Usage 
                               Start         End      
                           ---------   ---------      
                            0x000000    0x000310      
                            0x002007    0x002007      
            786 out of 4358 program addresses used, program memory utilization is 18%



                              Symbols - Sorted by Name
                     Name    Address   Location    Storage File                     
                ---------  ---------  ---------  --------- ---------                
          _hllkrna00_0009   0x0002de    program     static Z:\home\dell\frost\frosteepromproject\target.asm
          _hllkrna03_0008   0x0002f3    program     static Z:\home\dell\frost\frosteepromproject\target.asm
          _hllkrna04_000C   0x0002bf    program     static Z:\home\dell\frost\frosteepromproject\target.asm
          _hllkrna04_000E   0x0002c1    program     static Z:\home\dell\frost\frosteepromproject\target.asm
          _hllkrna05_000C   0x0002ac    program     static Z:\home\dell\frost\frosteepromproject\target.asm
          _hllkrna05_000E   0x0002ae    program     static Z:\home\dell\frost\frosteepromproject\target.asm
          _hllkrna08_0003   0x0001d8    program     static Z:\home\dell\frost\frosteepromproject\target.asm
          _hllkrna08_0011   0x0001e6    program     static Z:\home\dell\frost\frosteepromproject\target.asm
          _hllkrna09_0003   0x000208    program     static Z:\home\dell\frost\frosteepromproject\target.asm
          _hllkrna09_0011   0x000216    program     static Z:\home\dell\frost\frosteepromproject\target.asm
          _hllkrna10_0003   0x000229    program     static Z:\home\dell\frost\frosteepromproject\target.asm
          _hllkrna10_0010   0x000236    program     static Z:\home\dell\frost\frosteepromproject\target.asm
    _writeeepromhloe_0010   0x000255    program     static Z:\home\dell\frost\frosteepromproject\target.asm
                      add   0x000305    program     static Z:\home\dell\frost\frosteepromproject\target.asm
                 clearbit   0x00019a    program     static Z:\home\dell\frost\frosteepromproject\target.asm
                  dispose   0x00030f    program     static Z:\home\dell\frost\frosteepromproject\target.asm
                     divu   0x0002a0    program     static Z:\home\dell\frost\frosteepromproject\target.asm
                   dmm445   0x00026f    program     static Z:\home\dell\frost\frosteepromproject\target.asm
                       eq   0x0002e1    program     static Z:\home\dell\frost\frosteepromproject\target.asm
                    getch   0x00028c    program     static Z:\home\dell\frost\frosteepromproject\target.asm
                    geth2   0x000292    program     static Z:\home\dell\frost\frosteepromproject\target.asm
                    geth3   0x000298    program     static Z:\home\dell\frost\frosteepromproject\target.asm
                    geth4   0x000296    program     static Z:\home\dell\frost\frosteepromproject\target.asm
                 hllAAAAA   0x0001a7    program     static Z:\home\dell\frost\frosteepromproject\target.asm
                 hllBAAAA   0x0001ad    program     static Z:\home\dell\frost\frosteepromproject\target.asm
                 hllCAAAA   0x0001b4    program     static Z:\home\dell\frost\frosteepromproject\target.asm
                 hllDAAAA   0x0001bb    program     static Z:\home\dell\frost\frosteepromproject\target.asm
                 hllEAAAA   0x0001c2    program     static Z:\home\dell\frost\frosteepromproject\target.asm
                 hllFAAAA   0x0001c9    program     static Z:\home\dell\frost\frosteepromproject\target.asm
                 hllGAAAA   0x0001d0    program     static Z:\home\dell\frost\frosteepromproject\target.asm
                 hllHAAAA   0x0001d2    program     static Z:\home\dell\frost\frosteepromproject\target.asm
                 hllIAAAA   0x00016c    program     static Z:\home\dell\frost\frosteepromproject\target.asm
                 hllJAAAA   0x000172    program     static Z:\home\dell\frost\frosteepromproject\target.asm
                 hllKAAAA   0x000179    program     static Z:\home\dell\frost\frosteepromproject\target.asm
                 hllLAAAA   0x000180    program     static Z:\home\dell\frost\frosteepromproject\target.asm
                 hllMAAAA   0x000187    program     static Z:\home\dell\frost\frosteepromproject\target.asm
                 hllNAAAA   0x00018e    program     static Z:\home\dell\frost\frosteepromproject\target.asm
                 hllOAAAA   0x000195    program     static Z:\home\dell\frost\frosteepromproject\target.asm
                 hllPAAAA   0x000197    program     static Z:\home\dell\frost\frosteepromproject\target.asm
                hllprgen2   0x00028b    program     static Z:\home\dell\frost\frosteepromproject\target.asm
               hllprogend   0x00011c    program     static Z:\home\dell\frost\frosteepromproject\target.asm
              hlluserprog   0x000005    program     static Z:\home\dell\frost\frosteepromproject\target.asm
                   hloego   0x0002f5    program     static Z:\home\dell\frost\frosteepromproject\target.asm
                     kpop   0x000205    program     static Z:\home\dell\frost\frosteepromproject\target.asm
                    kpush   0x000226    program     static Z:\home\dell\frost\frosteepromproject\target.asm
                   kspox5   0x000266    program     static Z:\home\dell\frost\frosteepromproject\target.asm
                     modu   0x0002b3    program     static Z:\home\dell\frost\frosteepromproject\target.asm
                      mul   0x0002d5    program     static Z:\home\dell\frost\frosteepromproject\target.asm
                    negti   0x00030c    program     static Z:\home\dell\frost\frosteepromproject\target.asm
                      oru   0x0002fe    program     static Z:\home\dell\frost\frosteepromproject\target.asm
                     parm   0x0001d5    program     static Z:\home\dell\frost\frosteepromproject\target.asm
                  printch   0x0002eb    program     static Z:\home\dell\frost\frosteepromproject\target.asm
                   printu   0x00011d    program     static Z:\home\dell\frost\frosteepromproject\target.asm
               readeeprom   0x0002c6    program     static Z:\home\dell\frost\frosteepromproject\target.asm
                   readit   0x000276    program     static Z:\home\dell\frost\frosteepromproject\target.asm
                 safepush   0x00025e    program     static Z:\home\dell\frost\frosteepromproject\target.asm
                   setbit   0x00015f    program     static Z:\home\dell\frost\frosteepromproject\target.asm
                  sperr11   0x00026d    program     static Z:\home\dell\frost\frosteepromproject\target.asm
              writeeeprom   0x000245    program     static Z:\home\dell\frost\frosteepromproject\target.asm
                 ALT_Save   0x000077       data     static Z:\home\dell\frost\frosteepromproject\target.asm
                 FSR_Save   0x000076       data     static Z:\home\dell\frost\frosteepromproject\target.asm
                  PC_Save   0x00007a       data     static Z:\home\dell\frost\frosteepromproject\target.asm
              STATUS_Save   0x000075       data     static Z:\home\dell\frost\frosteepromproject\target.asm
                   W_Save   0x000074       data     static Z:\home\dell\frost\frosteepromproject\target.asm
                   aart00   0x0000b7       data     static Z:\home\dell\frost\frosteepromproject\target.asm
                   aart01   0x0000b8       data     static Z:\home\dell\frost\frosteepromproject\target.asm
                   aart02   0x0000b9       data     static Z:\home\dell\frost\frosteepromproject\target.asm
                 aartpr00   0x0000ba       data     static Z:\home\dell\frost\frosteepromproject\target.asm
                  alt_fsr   0x000073       data     static Z:\home\dell\frost\frosteepromproject\target.asm
                alt_stack   0x0000a0       data     static Z:\home\dell\frost\frosteepromproject\target.asm
                hllblss00   0x0000b4       data     static Z:\home\dell\frost\frosteepromproject\target.asm
                hllblss01   0x0000b5       data     static Z:\home\dell\frost\frosteepromproject\target.asm
                hllblss02   0x0000b6       data     static Z:\home\dell\frost\frosteepromproject\target.asm
                   in_isr   0x000078       data     static Z:\home\dell\frost\frosteepromproject\target.asm
                    pbase   0x000079       data     static Z:\home\dell\frost\frosteepromproject\target.asm
               softstack0   0x000070       data     static Z:\home\dell\frost\frosteepromproject\target.asm
               softstack1   0x000071       data     static Z:\home\dell\frost\frosteepromproject\target.asm
               softstack2   0x000072       data     static Z:\home\dell\frost\frosteepromproject\target.asm
                    stack   0x000020       data     static Z:\home\dell\frost\frosteepromproject\target.asm



                              Symbols - Sorted by Address
                     Name    Address   Location    Storage File                     
                ---------  ---------  ---------  --------- ---------                
              hlluserprog   0x000005    program     static Z:\home\dell\frost\frosteepromproject\target.asm
               hllprogend   0x00011c    program     static Z:\home\dell\frost\frosteepromproject\target.asm
                   printu   0x00011d    program     static Z:\home\dell\frost\frosteepromproject\target.asm
                   setbit   0x00015f    program     static Z:\home\dell\frost\frosteepromproject\target.asm
                 hllIAAAA   0x00016c    program     static Z:\home\dell\frost\frosteepromproject\target.asm
                 hllJAAAA   0x000172    program     static Z:\home\dell\frost\frosteepromproject\target.asm
                 hllKAAAA   0x000179    program     static Z:\home\dell\frost\frosteepromproject\target.asm
                 hllLAAAA   0x000180    program     static Z:\home\dell\frost\frosteepromproject\target.asm
                 hllMAAAA   0x000187    program     static Z:\home\dell\frost\frosteepromproject\target.asm
                 hllNAAAA   0x00018e    program     static Z:\home\dell\frost\frosteepromproject\target.asm
                 hllOAAAA   0x000195    program     static Z:\home\dell\frost\frosteepromproject\target.asm
                 hllPAAAA   0x000197    program     static Z:\home\dell\frost\frosteepromproject\target.asm
                 clearbit   0x00019a    program     static Z:\home\dell\frost\frosteepromproject\target.asm
                 hllAAAAA   0x0001a7    program     static Z:\home\dell\frost\frosteepromproject\target.asm
                 hllBAAAA   0x0001ad    program     static Z:\home\dell\frost\frosteepromproject\target.asm
                 hllCAAAA   0x0001b4    program     static Z:\home\dell\frost\frosteepromproject\target.asm
                 hllDAAAA   0x0001bb    program     static Z:\home\dell\frost\frosteepromproject\target.asm
                 hllEAAAA   0x0001c2    program     static Z:\home\dell\frost\frosteepromproject\target.asm
                 hllFAAAA   0x0001c9    program     static Z:\home\dell\frost\frosteepromproject\target.asm
                 hllGAAAA   0x0001d0    program     static Z:\home\dell\frost\frosteepromproject\target.asm
                 hllHAAAA   0x0001d2    program     static Z:\home\dell\frost\frosteepromproject\target.asm
                     parm   0x0001d5    program     static Z:\home\dell\frost\frosteepromproject\target.asm
          _hllkrna08_0003   0x0001d8    program     static Z:\home\dell\frost\frosteepromproject\target.asm
          _hllkrna08_0011   0x0001e6    program     static Z:\home\dell\frost\frosteepromproject\target.asm
                     kpop   0x000205    program     static Z:\home\dell\frost\frosteepromproject\target.asm
          _hllkrna09_0003   0x000208    program     static Z:\home\dell\frost\frosteepromproject\target.asm
          _hllkrna09_0011   0x000216    program     static Z:\home\dell\frost\frosteepromproject\target.asm
                    kpush   0x000226    program     static Z:\home\dell\frost\frosteepromproject\target.asm
          _hllkrna10_0003   0x000229    program     static Z:\home\dell\frost\frosteepromproject\target.asm
          _hllkrna10_0010   0x000236    program     static Z:\home\dell\frost\frosteepromproject\target.asm
              writeeeprom   0x000245    program     static Z:\home\dell\frost\frosteepromproject\target.asm
    _writeeepromhloe_0010   0x000255    program     static Z:\home\dell\frost\frosteepromproject\target.asm
                 safepush   0x00025e    program     static Z:\home\dell\frost\frosteepromproject\target.asm
                   kspox5   0x000266    program     static Z:\home\dell\frost\frosteepromproject\target.asm
                  sperr11   0x00026d    program     static Z:\home\dell\frost\frosteepromproject\target.asm
                   dmm445   0x00026f    program     static Z:\home\dell\frost\frosteepromproject\target.asm
                   readit   0x000276    program     static Z:\home\dell\frost\frosteepromproject\target.asm
                hllprgen2   0x00028b    program     static Z:\home\dell\frost\frosteepromproject\target.asm
                    getch   0x00028c    program     static Z:\home\dell\frost\frosteepromproject\target.asm
                    geth2   0x000292    program     static Z:\home\dell\frost\frosteepromproject\target.asm
                    geth4   0x000296    program     static Z:\home\dell\frost\frosteepromproject\target.asm
                    geth3   0x000298    program     static Z:\home\dell\frost\frosteepromproject\target.asm
                     divu   0x0002a0    program     static Z:\home\dell\frost\frosteepromproject\target.asm
          _hllkrna05_000C   0x0002ac    program     static Z:\home\dell\frost\frosteepromproject\target.asm
          _hllkrna05_000E   0x0002ae    program     static Z:\home\dell\frost\frosteepromproject\target.asm
                     modu   0x0002b3    program     static Z:\home\dell\frost\frosteepromproject\target.asm
          _hllkrna04_000C   0x0002bf    program     static Z:\home\dell\frost\frosteepromproject\target.asm
          _hllkrna04_000E   0x0002c1    program     static Z:\home\dell\frost\frosteepromproject\target.asm
               readeeprom   0x0002c6    program     static Z:\home\dell\frost\frosteepromproject\target.asm
                      mul   0x0002d5    program     static Z:\home\dell\frost\frosteepromproject\target.asm
          _hllkrna00_0009   0x0002de    program     static Z:\home\dell\frost\frosteepromproject\target.asm
                       eq   0x0002e1    program     static Z:\home\dell\frost\frosteepromproject\target.asm
                  printch   0x0002eb    program     static Z:\home\dell\frost\frosteepromproject\target.asm
          _hllkrna03_0008   0x0002f3    program     static Z:\home\dell\frost\frosteepromproject\target.asm
                   hloego   0x0002f5    program     static Z:\home\dell\frost\frosteepromproject\target.asm
                      oru   0x0002fe    program     static Z:\home\dell\frost\frosteepromproject\target.asm
                      add   0x000305    program     static Z:\home\dell\frost\frosteepromproject\target.asm
                    negti   0x00030c    program     static Z:\home\dell\frost\frosteepromproject\target.asm
                  dispose   0x00030f    program     static Z:\home\dell\frost\frosteepromproject\target.asm
                    stack   0x000020       data     static Z:\home\dell\frost\frosteepromproject\target.asm
               softstack0   0x000070       data     static Z:\home\dell\frost\frosteepromproject\target.asm
               softstack1   0x000071       data     static Z:\home\dell\frost\frosteepromproject\target.asm
               softstack2   0x000072       data     static Z:\home\dell\frost\frosteepromproject\target.asm
                  alt_fsr   0x000073       data     static Z:\home\dell\frost\frosteepromproject\target.asm
                   W_Save   0x000074       data     static Z:\home\dell\frost\frosteepromproject\target.asm
              STATUS_Save   0x000075       data     static Z:\home\dell\frost\frosteepromproject\target.asm
                 FSR_Save   0x000076       data     static Z:\home\dell\frost\frosteepromproject\target.asm
                 ALT_Save   0x000077       data     static Z:\home\dell\frost\frosteepromproject\target.asm
                   in_isr   0x000078       data     static Z:\home\dell\frost\frosteepromproject\target.asm
                    pbase   0x000079       data     static Z:\home\dell\frost\frosteepromproject\target.asm
                  PC_Save   0x00007a       data     static Z:\home\dell\frost\frosteepromproject\target.asm
                alt_stack   0x0000a0       data     static Z:\home\dell\frost\frosteepromproject\target.asm
                hllblss00   0x0000b4       data     static Z:\home\dell\frost\frosteepromproject\target.asm
                hllblss01   0x0000b5       data     static Z:\home\dell\frost\frosteepromproject\target.asm
                hllblss02   0x0000b6       data     static Z:\home\dell\frost\frosteepromproject\target.asm
                   aart00   0x0000b7       data     static Z:\home\dell\frost\frosteepromproject\target.asm
                   aart01   0x0000b8       data     static Z:\home\dell\frost\frosteepromproject\target.asm
                   aart02   0x0000b9       data     static Z:\home\dell\frost\frosteepromproject\target.asm
                 aartpr00   0x0000ba       data     static Z:\home\dell\frost\frosteepromproject\target.asm


