MPLINK 4.37, Linker
Linker Map File - Created Wed Mar 21 18:31:15 2012

                                 Section Info
                  Section       Type    Address   Location Size(Bytes)
                ---------  ---------  ---------  ---------  ---------
                   Resetv       code   0x000000    program   0x000006
                   .cinit    romdata   0x000003    program   0x000004
                 hllt4511       code   0x000005    program   0x0002d2
                  sfp_add       code   0x00016e    program   0x000210
                hllupuser       code   0x000276    program   0x000164
                  sfp_div       code   0x000328    program   0x00012e
                  ansiard       code   0x0003bf    program   0x000074
                hllkrna06       code   0x0003f9    program   0x00000e
                  sfp_mul       code   0x000400    program   0x000104
                  ansiarb       code   0x000482    program   0x0000de
                  sfp_uto       code   0x0004f1    program   0x0000d0
                  sfp_tou       code   0x000559    program   0x00006e
                   hlog1b       code   0x000590    program   0x00006e
                   hlog1a       code   0x0005c7    program   0x00006e
                  cprntuc       code   0x0005fe    program   0x000062
                  hllt450       code   0x00062f    program   0x000042
                hllkrn444       code   0x000650    program   0x00002c
                 hllt4514       code   0x000666    program   0x000024
                hllkrna08       code   0x000678    program   0x000022
                hllkrna05       code   0x000689    program   0x00001e
                hllkrna04       code   0x000698    program   0x00001e
                     main       code   0x0006a7    program   0x000018
                hllkrna00       code   0x0006b3    program   0x000014
                hllkrna07       code   0x0006bd    program   0x000010
                hllkrna03       code   0x0006c5    program   0x00000e
                   hlog1h       code   0x0006cc    program   0x00000a
                   hlog1d       code   0x0006d1    program   0x00000a
                hllkrna01       code   0x0006d6    program   0x00000a
                hllkrna02       code   0x0006db    program   0x000006
                hllkrna11       code   0x0006de    program   0x000004
                hllkrna10       code   0x0006e0    program   0x000004
                hllkrna09       code   0x0006e2    program   0x000004
    .config_8007_TARGET.O       code   0x008007    program   0x000002
    .config_8008_TARGET.O       code   0x008008    program   0x000002
                   ukrnl3      udata   0x000020       data   0x000050
                   ukrshr      udata   0x000070       data   0x000009
                 mainvars      udata   0x000079       data   0x000001
                   ukrnl2      udata   0x0000a0       data   0x000050
                     sfpu      udata   0x000220       data   0x000016
                   ukernl      udata   0x000236       data   0x000003
                  ansiadt      udata   0x000239       data   0x000003
                  ansiadu      udata   0x00023c       data   0x000001



                              Program Memory Usage 
                               Start         End      
                           ---------   ---------      
                            0x000000    0x0006e3      
                            0x008007    0x008008      
            1766 out of 4359 program addresses used, program memory utilization is 40%



                              Symbols - Sorted by Name
                     Name    Address   Location    Storage File                     
                ---------  ---------  ---------  --------- ---------                
          _hllkrna00_0007   0x0006ba    program     static F:\Beau\frostsignalproject\target.asm
          _hllkrna03_0005   0x0006ca    program     static F:\Beau\frostsignalproject\target.asm
          _hllkrna04_0009   0x0006a1    program     static F:\Beau\frostsignalproject\target.asm
          _hllkrna04_000B   0x0006a3    program     static F:\Beau\frostsignalproject\target.asm
          _hllkrna05_0009   0x000692    program     static F:\Beau\frostsignalproject\target.asm
          _hllkrna05_000B   0x000694    program     static F:\Beau\frostsignalproject\target.asm
                      add   0x0006d6    program     static F:\Beau\frostsignalproject\target.asm
                     addf   0x00016e    program     static F:\Beau\frostsignalproject\target.asm
                     andu   0x0006cc    program     static F:\Beau\frostsignalproject\target.asm
                 clearbit   0x0005c7    program     static F:\Beau\frostsignalproject\target.asm
                      cls   0x000482    program     static F:\Beau\frostsignalproject\target.asm
                  dispose   0x0006de    program     static F:\Beau\frostsignalproject\target.asm
                     divf   0x000328    program     static F:\Beau\frostsignalproject\target.asm
                     divu   0x000689    program     static F:\Beau\frostsignalproject\target.asm
                   dmm445   0x000660    program     static F:\Beau\frostsignalproject\target.asm
                       eq   0x0006bd    program     static F:\Beau\frostsignalproject\target.asm
                     ftou   0x000559    program     static F:\Beau\frostsignalproject\target.asm
                    getch   0x0003f9    program     static F:\Beau\frostsignalproject\target.asm
                    geth2   0x0003fa    program     static F:\Beau\frostsignalproject\target.asm
                   graphx   0x0003bf    program     static F:\Beau\frostsignalproject\target.asm
                 hllAAAAA   0x0003df    program     static F:\Beau\frostsignalproject\target.asm
                 hllABAAA   0x0001b0    program     static F:\Beau\frostsignalproject\target.asm
                 hllACAAA   0x000257    program     static F:\Beau\frostsignalproject\target.asm
                 hllADAAA   0x000580    program     static F:\Beau\frostsignalproject\target.asm
                 hllAEAAA   0x00052e    program     static F:\Beau\frostsignalproject\target.asm
                 hllBAAAA   0x0003e7    program     static F:\Beau\frostsignalproject\target.asm
                 hllBBAAA   0x0001bb    program     static F:\Beau\frostsignalproject\target.asm
                 hllBCAAA   0x000261    program     static F:\Beau\frostsignalproject\target.asm
                 hllBDAAA   0x000583    program     static F:\Beau\frostsignalproject\target.asm
                 hllBEAAA   0x00053d    program     static F:\Beau\frostsignalproject\target.asm
                 hllCAAAA   0x0003f0    program     static F:\Beau\frostsignalproject\target.asm
                 hllCBAAA   0x0001bd    program     static F:\Beau\frostsignalproject\target.asm
                 hllCCAAA   0x000263    program     static F:\Beau\frostsignalproject\target.asm
                 hllCDAAA   0x000586    program     static F:\Beau\frostsignalproject\target.asm
                 hllCEAAA   0x00054d    program     static F:\Beau\frostsignalproject\target.asm
                 hllDAAAA   0x0003f8    program     static F:\Beau\frostsignalproject\target.asm
                 hllDBAAA   0x0001c8    program     static F:\Beau\frostsignalproject\target.asm
                 hllDCAAA   0x00026b    program     static F:\Beau\frostsignalproject\target.asm
                 hllDDAAA   0x000589    program     static F:\Beau\frostsignalproject\target.asm
                 hllDEAAA   0x000554    program     static F:\Beau\frostsignalproject\target.asm
                 hllEAAAA   0x0005d1    program     static F:\Beau\frostsignalproject\target.asm
                 hllEBAAA   0x0001c9    program     static F:\Beau\frostsignalproject\target.asm
                 hllECAAA   0x000275    program     static F:\Beau\frostsignalproject\target.asm
                 hllEDAAA   0x00058c    program     static F:\Beau\frostsignalproject\target.asm
                 hllEEAAA   0x000558    program     static F:\Beau\frostsignalproject\target.asm
                 hllFAAAA   0x0005d7    program     static F:\Beau\frostsignalproject\target.asm
                 hllFBAAA   0x0001cf    program     static F:\Beau\frostsignalproject\target.asm
                 hllFCAAA   0x00034c    program     static F:\Beau\frostsignalproject\target.asm
                 hllFDAAA   0x00058c    program     static F:\Beau\frostsignalproject\target.asm
                 hllGAAAA   0x0005de    program     static F:\Beau\frostsignalproject\target.asm
                 hllGBAAA   0x0001d1    program     static F:\Beau\frostsignalproject\target.asm
                 hllGCAAA   0x00035a    program     static F:\Beau\frostsignalproject\target.asm
                 hllGDAAA   0x00040a    program     static F:\Beau\frostsignalproject\target.asm
                 hllHAAAA   0x0005e5    program     static F:\Beau\frostsignalproject\target.asm
                 hllHBAAA   0x0001d8    program     static F:\Beau\frostsignalproject\target.asm
                 hllHCAAA   0x000366    program     static F:\Beau\frostsignalproject\target.asm
                 hllHDAAA   0x00041b    program     static F:\Beau\frostsignalproject\target.asm
                 hllIAAAA   0x0005ec    program     static F:\Beau\frostsignalproject\target.asm
                 hllIBAAA   0x0001db    program     static F:\Beau\frostsignalproject\target.asm
                 hllICAAA   0x000381    program     static F:\Beau\frostsignalproject\target.asm
                 hllIDAAA   0x00042d    program     static F:\Beau\frostsignalproject\target.asm
                 hllJAAAA   0x0005f3    program     static F:\Beau\frostsignalproject\target.asm
                 hllJBAAA   0x0001e8    program     static F:\Beau\frostsignalproject\target.asm
                 hllJCAAA   0x000383    program     static F:\Beau\frostsignalproject\target.asm
                 hllJDAAA   0x000439    program     static F:\Beau\frostsignalproject\target.asm
                 hllKAAAA   0x0005fa    program     static F:\Beau\frostsignalproject\target.asm
                 hllKBAAA   0x0001ec    program     static F:\Beau\frostsignalproject\target.asm
                hllKBAAAb   0x00021d    program     static F:\Beau\frostsignalproject\target.asm
                 hllKCAAA   0x000385    program     static F:\Beau\frostsignalproject\target.asm
                 hllKDAAA   0x000447    program     static F:\Beau\frostsignalproject\target.asm
                 hllLAAAA   0x0005fc    program     static F:\Beau\frostsignalproject\target.asm
                 hllLBAAA   0x0001f5    program     static F:\Beau\frostsignalproject\target.asm
                 hllLCAAA   0x000393    program     static F:\Beau\frostsignalproject\target.asm
                 hllLDAAA   0x00044f    program     static F:\Beau\frostsignalproject\target.asm
                 hllMAAAA   0x00059a    program     static F:\Beau\frostsignalproject\target.asm
                 hllMBAAA   0x0001ff    program     static F:\Beau\frostsignalproject\target.asm
                 hllMCAAA   0x00039e    program     static F:\Beau\frostsignalproject\target.asm
                 hllMDAAA   0x000451    program     static F:\Beau\frostsignalproject\target.asm
                 hllNAAAA   0x0005a0    program     static F:\Beau\frostsignalproject\target.asm
                 hllNBAAA   0x000200    program     static F:\Beau\frostsignalproject\target.asm
                 hllNCAAA   0x0003a0    program     static F:\Beau\frostsignalproject\target.asm
                 hllNDAAA   0x000454    program     static F:\Beau\frostsignalproject\target.asm
                 hllOAAAA   0x0005a7    program     static F:\Beau\frostsignalproject\target.asm
                 hllOBAAA   0x000202    program     static F:\Beau\frostsignalproject\target.asm
                 hllOCAAA   0x0003a2    program     static F:\Beau\frostsignalproject\target.asm
                 hllODAAA   0x00045a    program     static F:\Beau\frostsignalproject\target.asm
                 hllPAAAA   0x0005ae    program     static F:\Beau\frostsignalproject\target.asm
                 hllPBAAA   0x000209    program     static F:\Beau\frostsignalproject\target.asm
                 hllPCAAA   0x0003a3    program     static F:\Beau\frostsignalproject\target.asm
                 hllPDAAA   0x00045c    program     static F:\Beau\frostsignalproject\target.asm
                 hllQAAAA   0x0005b5    program     static F:\Beau\frostsignalproject\target.asm
                 hllQBAAA   0x00020c    program     static F:\Beau\frostsignalproject\target.asm
                 hllQCAAA   0x0003a4    program     static F:\Beau\frostsignalproject\target.asm
                 hllQDAAA   0x000460    program     static F:\Beau\frostsignalproject\target.asm
                 hllRAAAA   0x0005bc    program     static F:\Beau\frostsignalproject\target.asm
                 hllRBAAA   0x000219    program     static F:\Beau\frostsignalproject\target.asm
                 hllRCAAA   0x0003ae    program     static F:\Beau\frostsignalproject\target.asm
                 hllRDAAA   0x000461    program     static F:\Beau\frostsignalproject\target.asm
                 hllSAAAA   0x0005c3    program     static F:\Beau\frostsignalproject\target.asm
                 hllSCAAA   0x0003b4    program     static F:\Beau\frostsignalproject\target.asm
                 hllSDAAA   0x00046a    program     static F:\Beau\frostsignalproject\target.asm
                 hllTAAAA   0x0005c5    program     static F:\Beau\frostsignalproject\target.asm
                 hllTBAAA   0x000226    program     static F:\Beau\frostsignalproject\target.asm
                 hllTCAAA   0x0003b6    program     static F:\Beau\frostsignalproject\target.asm
                 hllTDAAA   0x000470    program     static F:\Beau\frostsignalproject\target.asm
                 hllUAAAA   0x000186    program     static F:\Beau\frostsignalproject\target.asm
                 hllUBAAA   0x000230    program     static F:\Beau\frostsignalproject\target.asm
                 hllUCAAA   0x0003b9    program     static F:\Beau\frostsignalproject\target.asm
                 hllVAAAA   0x00018a    program     static F:\Beau\frostsignalproject\target.asm
                 hllVBAAA   0x000231    program     static F:\Beau\frostsignalproject\target.asm
                 hllVCAAA   0x000561    program     static F:\Beau\frostsignalproject\target.asm
                 hllWAAAA   0x00018b    program     static F:\Beau\frostsignalproject\target.asm
                 hllWBAAA   0x000236    program     static F:\Beau\frostsignalproject\target.asm
                 hllWCAAA   0x00056f    program     static F:\Beau\frostsignalproject\target.asm
                 hllWDAAA   0x0004fc    program     static F:\Beau\frostsignalproject\target.asm
                 hllXAAAA   0x00018d    program     static F:\Beau\frostsignalproject\target.asm
                 hllXBAAA   0x00023d    program     static F:\Beau\frostsignalproject\target.asm
                 hllXCAAA   0x000577    program     static F:\Beau\frostsignalproject\target.asm
                 hllXDAAA   0x000507    program     static F:\Beau\frostsignalproject\target.asm
                 hllYAAAA   0x00019b    program     static F:\Beau\frostsignalproject\target.asm
            hllYAAAA_done   0x00019c    program     static F:\Beau\frostsignalproject\target.asm
                 hllYBAAA   0x000245    program     static F:\Beau\frostsignalproject\target.asm
                 hllYCAAA   0x00057a    program     static F:\Beau\frostsignalproject\target.asm
                 hllYDAAA   0x000513    program     static F:\Beau\frostsignalproject\target.asm
                 hllZBAAA   0x00024a    program     static F:\Beau\frostsignalproject\target.asm
                 hllZCAAA   0x00057d    program     static F:\Beau\frostsignalproject\target.asm
                 hllZDAAA   0x000520    program     static F:\Beau\frostsignalproject\target.asm
                hlllb51J1   0x0000d1    program     static F:\Beau\frostsignalproject\target.asm
               hlllb51J10   0x0000d1    program     static F:\Beau\frostsignalproject\target.asm
               hlllb51J12   0x000676    program     static F:\Beau\frostsignalproject\target.asm
               hlllb51J13   0x000676    program     static F:\Beau\frostsignalproject\target.asm
                hlllb51J2   0x0000d1    program     static F:\Beau\frostsignalproject\target.asm
                hlllb51J3   0x0000a9    program     static F:\Beau\frostsignalproject\target.asm
                hlllb51J4   0x0000d1    program     static F:\Beau\frostsignalproject\target.asm
                hlllb51J5   0x000081    program     static F:\Beau\frostsignalproject\target.asm
                hlllb51J6   0x0000d1    program     static F:\Beau\frostsignalproject\target.asm
                hlllb51J7   0x000059    program     static F:\Beau\frostsignalproject\target.asm
                hlllb51J8   0x0000d1    program     static F:\Beau\frostsignalproject\target.asm
                hlllb51J9   0x000031    program     static F:\Beau\frostsignalproject\target.asm
                hllprgen2   0x000677    program     static F:\Beau\frostsignalproject\target.asm
               hllprogend   0x000327    program     static F:\Beau\frostsignalproject\target.asm
              hlluserprog   0x000276    program     static F:\Beau\frostsignalproject\target.asm
                   hloego   0x0006a7    program     static F:\Beau\frostsignalproject\target.asm
                     kpop   0x0006e2    program     static F:\Beau\frostsignalproject\target.asm
                    kpush   0x0006e0    program     static F:\Beau\frostsignalproject\target.asm
                   kspox5   0x000657    program     static F:\Beau\frostsignalproject\target.asm
                    longf   0x00062f    program     static F:\Beau\frostsignalproject\target.asm
                     modu   0x000698    program     static F:\Beau\frostsignalproject\target.asm
                      mul   0x0006b3    program     static F:\Beau\frostsignalproject\target.asm
                     mulf   0x000400    program     static F:\Beau\frostsignalproject\target.asm
                    negti   0x0006db    program     static F:\Beau\frostsignalproject\target.asm
                      oru   0x0006d1    program     static F:\Beau\frostsignalproject\target.asm
                  ourwait   0x000666    program     static F:\Beau\frostsignalproject\target.asm
                     parm   0x000678    program     static F:\Beau\frostsignalproject\target.asm
                  printch   0x0006c5    program     static F:\Beau\frostsignalproject\target.asm
                   printu   0x0005fe    program     static F:\Beau\frostsignalproject\target.asm
                 safepush   0x000650    program     static F:\Beau\frostsignalproject\target.asm
                  samplef   0x000005    program     static F:\Beau\frostsignalproject\target.asm
                   setbit   0x000590    program     static F:\Beau\frostsignalproject\target.asm
                  sperr11   0x00065e    program     static F:\Beau\frostsignalproject\target.asm
                     utof   0x0004f1    program     static F:\Beau\frostsignalproject\target.asm
                 ALT_Save   0x000077       data     static F:\Beau\frostsignalproject\target.asm
                 FSR_Save   0x000076       data     static F:\Beau\frostsignalproject\target.asm
              STATUS_Save   0x000075       data     static F:\Beau\frostsignalproject\target.asm
                   W_Save   0x000074       data     static F:\Beau\frostsignalproject\target.asm
                   aart00   0x000239       data     static F:\Beau\frostsignalproject\target.asm
                   aart01   0x00023a       data     static F:\Beau\frostsignalproject\target.asm
                   aart02   0x00023b       data     static F:\Beau\frostsignalproject\target.asm
                 aartpr00   0x00023c       data     static F:\Beau\frostsignalproject\target.asm
                  alt_fsr   0x000073       data     static F:\Beau\frostsignalproject\target.asm
                alt_stack   0x000020       data     static F:\Beau\frostsignalproject\target.asm
                hllblss00   0x000236       data     static F:\Beau\frostsignalproject\target.asm
                hllblss01   0x000237       data     static F:\Beau\frostsignalproject\target.asm
                hllblss02   0x000238       data     static F:\Beau\frostsignalproject\target.asm
                   in_isr   0x000078       data     static F:\Beau\frostsignalproject\target.asm
                    pbase   0x000079       data     static F:\Beau\frostsignalproject\target.asm
                 sfpaux00   0x000221       data     static F:\Beau\frostsignalproject\target.asm
                 sfpaux01   0x000223       data     static F:\Beau\frostsignalproject\target.asm
                 sfpaux02   0x000225       data     static F:\Beau\frostsignalproject\target.asm
                 sfpaux03   0x000227       data     static F:\Beau\frostsignalproject\target.asm
                 sfploc00   0x000220       data     static F:\Beau\frostsignalproject\target.asm
                 sfploc01   0x000222       data     static F:\Beau\frostsignalproject\target.asm
                 sfploc02   0x000224       data     static F:\Beau\frostsignalproject\target.asm
                 sfploc03   0x000226       data     static F:\Beau\frostsignalproject\target.asm
                 sfploc04   0x000228       data     static F:\Beau\frostsignalproject\target.asm
                 sfploc05   0x000229       data     static F:\Beau\frostsignalproject\target.asm
                 sfploc06   0x00022a       data     static F:\Beau\frostsignalproject\target.asm
                 sfploc07   0x00022b       data     static F:\Beau\frostsignalproject\target.asm
                 sfploc08   0x00022c       data     static F:\Beau\frostsignalproject\target.asm
                 sfploc09   0x00022d       data     static F:\Beau\frostsignalproject\target.asm
                 sfploc10   0x00022e       data     static F:\Beau\frostsignalproject\target.asm
                 sfploc11   0x00022f       data     static F:\Beau\frostsignalproject\target.asm
                 sfploc12   0x000230       data     static F:\Beau\frostsignalproject\target.asm
                 sfploc13   0x000231       data     static F:\Beau\frostsignalproject\target.asm
                 sfploc14   0x000232       data     static F:\Beau\frostsignalproject\target.asm
                 sfploc15   0x000233       data     static F:\Beau\frostsignalproject\target.asm
                 sfploc16   0x000234       data     static F:\Beau\frostsignalproject\target.asm
                 sfploc17   0x000235       data     static F:\Beau\frostsignalproject\target.asm
               softstack0   0x000070       data     static F:\Beau\frostsignalproject\target.asm
               softstack1   0x000071       data     static F:\Beau\frostsignalproject\target.asm
               softstack2   0x000072       data     static F:\Beau\frostsignalproject\target.asm
                    stack   0x0000a0       data     static F:\Beau\frostsignalproject\target.asm



                              Symbols - Sorted by Address
                     Name    Address   Location    Storage File                     
                ---------  ---------  ---------  --------- ---------                
                  samplef   0x000005    program     static F:\Beau\frostsignalproject\target.asm
                hlllb51J9   0x000031    program     static F:\Beau\frostsignalproject\target.asm
                hlllb51J7   0x000059    program     static F:\Beau\frostsignalproject\target.asm
                hlllb51J5   0x000081    program     static F:\Beau\frostsignalproject\target.asm
                hlllb51J3   0x0000a9    program     static F:\Beau\frostsignalproject\target.asm
                hlllb51J1   0x0000d1    program     static F:\Beau\frostsignalproject\target.asm
               hlllb51J10   0x0000d1    program     static F:\Beau\frostsignalproject\target.asm
                hlllb51J8   0x0000d1    program     static F:\Beau\frostsignalproject\target.asm
                hlllb51J6   0x0000d1    program     static F:\Beau\frostsignalproject\target.asm
                hlllb51J2   0x0000d1    program     static F:\Beau\frostsignalproject\target.asm
                hlllb51J4   0x0000d1    program     static F:\Beau\frostsignalproject\target.asm
                     addf   0x00016e    program     static F:\Beau\frostsignalproject\target.asm
                 hllUAAAA   0x000186    program     static F:\Beau\frostsignalproject\target.asm
                 hllVAAAA   0x00018a    program     static F:\Beau\frostsignalproject\target.asm
                 hllWAAAA   0x00018b    program     static F:\Beau\frostsignalproject\target.asm
                 hllXAAAA   0x00018d    program     static F:\Beau\frostsignalproject\target.asm
                 hllYAAAA   0x00019b    program     static F:\Beau\frostsignalproject\target.asm
            hllYAAAA_done   0x00019c    program     static F:\Beau\frostsignalproject\target.asm
                 hllABAAA   0x0001b0    program     static F:\Beau\frostsignalproject\target.asm
                 hllBBAAA   0x0001bb    program     static F:\Beau\frostsignalproject\target.asm
                 hllCBAAA   0x0001bd    program     static F:\Beau\frostsignalproject\target.asm
                 hllDBAAA   0x0001c8    program     static F:\Beau\frostsignalproject\target.asm
                 hllEBAAA   0x0001c9    program     static F:\Beau\frostsignalproject\target.asm
                 hllFBAAA   0x0001cf    program     static F:\Beau\frostsignalproject\target.asm
                 hllGBAAA   0x0001d1    program     static F:\Beau\frostsignalproject\target.asm
                 hllHBAAA   0x0001d8    program     static F:\Beau\frostsignalproject\target.asm
                 hllIBAAA   0x0001db    program     static F:\Beau\frostsignalproject\target.asm
                 hllJBAAA   0x0001e8    program     static F:\Beau\frostsignalproject\target.asm
                 hllKBAAA   0x0001ec    program     static F:\Beau\frostsignalproject\target.asm
                 hllLBAAA   0x0001f5    program     static F:\Beau\frostsignalproject\target.asm
                 hllMBAAA   0x0001ff    program     static F:\Beau\frostsignalproject\target.asm
                 hllNBAAA   0x000200    program     static F:\Beau\frostsignalproject\target.asm
                 hllOBAAA   0x000202    program     static F:\Beau\frostsignalproject\target.asm
                 hllPBAAA   0x000209    program     static F:\Beau\frostsignalproject\target.asm
                 hllQBAAA   0x00020c    program     static F:\Beau\frostsignalproject\target.asm
                 hllRBAAA   0x000219    program     static F:\Beau\frostsignalproject\target.asm
                hllKBAAAb   0x00021d    program     static F:\Beau\frostsignalproject\target.asm
                 hllTBAAA   0x000226    program     static F:\Beau\frostsignalproject\target.asm
                 hllUBAAA   0x000230    program     static F:\Beau\frostsignalproject\target.asm
                 hllVBAAA   0x000231    program     static F:\Beau\frostsignalproject\target.asm
                 hllWBAAA   0x000236    program     static F:\Beau\frostsignalproject\target.asm
                 hllXBAAA   0x00023d    program     static F:\Beau\frostsignalproject\target.asm
                 hllYBAAA   0x000245    program     static F:\Beau\frostsignalproject\target.asm
                 hllZBAAA   0x00024a    program     static F:\Beau\frostsignalproject\target.asm
                 hllACAAA   0x000257    program     static F:\Beau\frostsignalproject\target.asm
                 hllBCAAA   0x000261    program     static F:\Beau\frostsignalproject\target.asm
                 hllCCAAA   0x000263    program     static F:\Beau\frostsignalproject\target.asm
                 hllDCAAA   0x00026b    program     static F:\Beau\frostsignalproject\target.asm
                 hllECAAA   0x000275    program     static F:\Beau\frostsignalproject\target.asm
              hlluserprog   0x000276    program     static F:\Beau\frostsignalproject\target.asm
               hllprogend   0x000327    program     static F:\Beau\frostsignalproject\target.asm
                     divf   0x000328    program     static F:\Beau\frostsignalproject\target.asm
                 hllFCAAA   0x00034c    program     static F:\Beau\frostsignalproject\target.asm
                 hllGCAAA   0x00035a    program     static F:\Beau\frostsignalproject\target.asm
                 hllHCAAA   0x000366    program     static F:\Beau\frostsignalproject\target.asm
                 hllICAAA   0x000381    program     static F:\Beau\frostsignalproject\target.asm
                 hllJCAAA   0x000383    program     static F:\Beau\frostsignalproject\target.asm
                 hllKCAAA   0x000385    program     static F:\Beau\frostsignalproject\target.asm
                 hllLCAAA   0x000393    program     static F:\Beau\frostsignalproject\target.asm
                 hllMCAAA   0x00039e    program     static F:\Beau\frostsignalproject\target.asm
                 hllNCAAA   0x0003a0    program     static F:\Beau\frostsignalproject\target.asm
                 hllOCAAA   0x0003a2    program     static F:\Beau\frostsignalproject\target.asm
                 hllPCAAA   0x0003a3    program     static F:\Beau\frostsignalproject\target.asm
                 hllQCAAA   0x0003a4    program     static F:\Beau\frostsignalproject\target.asm
                 hllRCAAA   0x0003ae    program     static F:\Beau\frostsignalproject\target.asm
                 hllSCAAA   0x0003b4    program     static F:\Beau\frostsignalproject\target.asm
                 hllTCAAA   0x0003b6    program     static F:\Beau\frostsignalproject\target.asm
                 hllUCAAA   0x0003b9    program     static F:\Beau\frostsignalproject\target.asm
                   graphx   0x0003bf    program     static F:\Beau\frostsignalproject\target.asm
                 hllAAAAA   0x0003df    program     static F:\Beau\frostsignalproject\target.asm
                 hllBAAAA   0x0003e7    program     static F:\Beau\frostsignalproject\target.asm
                 hllCAAAA   0x0003f0    program     static F:\Beau\frostsignalproject\target.asm
                 hllDAAAA   0x0003f8    program     static F:\Beau\frostsignalproject\target.asm
                    getch   0x0003f9    program     static F:\Beau\frostsignalproject\target.asm
                    geth2   0x0003fa    program     static F:\Beau\frostsignalproject\target.asm
                     mulf   0x000400    program     static F:\Beau\frostsignalproject\target.asm
                 hllGDAAA   0x00040a    program     static F:\Beau\frostsignalproject\target.asm
                 hllHDAAA   0x00041b    program     static F:\Beau\frostsignalproject\target.asm
                 hllIDAAA   0x00042d    program     static F:\Beau\frostsignalproject\target.asm
                 hllJDAAA   0x000439    program     static F:\Beau\frostsignalproject\target.asm
                 hllKDAAA   0x000447    program     static F:\Beau\frostsignalproject\target.asm
                 hllLDAAA   0x00044f    program     static F:\Beau\frostsignalproject\target.asm
                 hllMDAAA   0x000451    program     static F:\Beau\frostsignalproject\target.asm
                 hllNDAAA   0x000454    program     static F:\Beau\frostsignalproject\target.asm
                 hllODAAA   0x00045a    program     static F:\Beau\frostsignalproject\target.asm
                 hllPDAAA   0x00045c    program     static F:\Beau\frostsignalproject\target.asm
                 hllQDAAA   0x000460    program     static F:\Beau\frostsignalproject\target.asm
                 hllRDAAA   0x000461    program     static F:\Beau\frostsignalproject\target.asm
                 hllSDAAA   0x00046a    program     static F:\Beau\frostsignalproject\target.asm
                 hllTDAAA   0x000470    program     static F:\Beau\frostsignalproject\target.asm
                      cls   0x000482    program     static F:\Beau\frostsignalproject\target.asm
                     utof   0x0004f1    program     static F:\Beau\frostsignalproject\target.asm
                 hllWDAAA   0x0004fc    program     static F:\Beau\frostsignalproject\target.asm
                 hllXDAAA   0x000507    program     static F:\Beau\frostsignalproject\target.asm
                 hllYDAAA   0x000513    program     static F:\Beau\frostsignalproject\target.asm
                 hllZDAAA   0x000520    program     static F:\Beau\frostsignalproject\target.asm
                 hllAEAAA   0x00052e    program     static F:\Beau\frostsignalproject\target.asm
                 hllBEAAA   0x00053d    program     static F:\Beau\frostsignalproject\target.asm
                 hllCEAAA   0x00054d    program     static F:\Beau\frostsignalproject\target.asm
                 hllDEAAA   0x000554    program     static F:\Beau\frostsignalproject\target.asm
                 hllEEAAA   0x000558    program     static F:\Beau\frostsignalproject\target.asm
                     ftou   0x000559    program     static F:\Beau\frostsignalproject\target.asm
                 hllVCAAA   0x000561    program     static F:\Beau\frostsignalproject\target.asm
                 hllWCAAA   0x00056f    program     static F:\Beau\frostsignalproject\target.asm
                 hllXCAAA   0x000577    program     static F:\Beau\frostsignalproject\target.asm
                 hllYCAAA   0x00057a    program     static F:\Beau\frostsignalproject\target.asm
                 hllZCAAA   0x00057d    program     static F:\Beau\frostsignalproject\target.asm
                 hllADAAA   0x000580    program     static F:\Beau\frostsignalproject\target.asm
                 hllBDAAA   0x000583    program     static F:\Beau\frostsignalproject\target.asm
                 hllCDAAA   0x000586    program     static F:\Beau\frostsignalproject\target.asm
                 hllDDAAA   0x000589    program     static F:\Beau\frostsignalproject\target.asm
                 hllFDAAA   0x00058c    program     static F:\Beau\frostsignalproject\target.asm
                 hllEDAAA   0x00058c    program     static F:\Beau\frostsignalproject\target.asm
                   setbit   0x000590    program     static F:\Beau\frostsignalproject\target.asm
                 hllMAAAA   0x00059a    program     static F:\Beau\frostsignalproject\target.asm
                 hllNAAAA   0x0005a0    program     static F:\Beau\frostsignalproject\target.asm
                 hllOAAAA   0x0005a7    program     static F:\Beau\frostsignalproject\target.asm
                 hllPAAAA   0x0005ae    program     static F:\Beau\frostsignalproject\target.asm
                 hllQAAAA   0x0005b5    program     static F:\Beau\frostsignalproject\target.asm
                 hllRAAAA   0x0005bc    program     static F:\Beau\frostsignalproject\target.asm
                 hllSAAAA   0x0005c3    program     static F:\Beau\frostsignalproject\target.asm
                 hllTAAAA   0x0005c5    program     static F:\Beau\frostsignalproject\target.asm
                 clearbit   0x0005c7    program     static F:\Beau\frostsignalproject\target.asm
                 hllEAAAA   0x0005d1    program     static F:\Beau\frostsignalproject\target.asm
                 hllFAAAA   0x0005d7    program     static F:\Beau\frostsignalproject\target.asm
                 hllGAAAA   0x0005de    program     static F:\Beau\frostsignalproject\target.asm
                 hllHAAAA   0x0005e5    program     static F:\Beau\frostsignalproject\target.asm
                 hllIAAAA   0x0005ec    program     static F:\Beau\frostsignalproject\target.asm
                 hllJAAAA   0x0005f3    program     static F:\Beau\frostsignalproject\target.asm
                 hllKAAAA   0x0005fa    program     static F:\Beau\frostsignalproject\target.asm
                 hllLAAAA   0x0005fc    program     static F:\Beau\frostsignalproject\target.asm
                   printu   0x0005fe    program     static F:\Beau\frostsignalproject\target.asm
                    longf   0x00062f    program     static F:\Beau\frostsignalproject\target.asm
                 safepush   0x000650    program     static F:\Beau\frostsignalproject\target.asm
                   kspox5   0x000657    program     static F:\Beau\frostsignalproject\target.asm
                  sperr11   0x00065e    program     static F:\Beau\frostsignalproject\target.asm
                   dmm445   0x000660    program     static F:\Beau\frostsignalproject\target.asm
                  ourwait   0x000666    program     static F:\Beau\frostsignalproject\target.asm
               hlllb51J13   0x000676    program     static F:\Beau\frostsignalproject\target.asm
               hlllb51J12   0x000676    program     static F:\Beau\frostsignalproject\target.asm
                hllprgen2   0x000677    program     static F:\Beau\frostsignalproject\target.asm
                     parm   0x000678    program     static F:\Beau\frostsignalproject\target.asm
                     divu   0x000689    program     static F:\Beau\frostsignalproject\target.asm
          _hllkrna05_0009   0x000692    program     static F:\Beau\frostsignalproject\target.asm
          _hllkrna05_000B   0x000694    program     static F:\Beau\frostsignalproject\target.asm
                     modu   0x000698    program     static F:\Beau\frostsignalproject\target.asm
          _hllkrna04_0009   0x0006a1    program     static F:\Beau\frostsignalproject\target.asm
          _hllkrna04_000B   0x0006a3    program     static F:\Beau\frostsignalproject\target.asm
                   hloego   0x0006a7    program     static F:\Beau\frostsignalproject\target.asm
                      mul   0x0006b3    program     static F:\Beau\frostsignalproject\target.asm
          _hllkrna00_0007   0x0006ba    program     static F:\Beau\frostsignalproject\target.asm
                       eq   0x0006bd    program     static F:\Beau\frostsignalproject\target.asm
                  printch   0x0006c5    program     static F:\Beau\frostsignalproject\target.asm
          _hllkrna03_0005   0x0006ca    program     static F:\Beau\frostsignalproject\target.asm
                     andu   0x0006cc    program     static F:\Beau\frostsignalproject\target.asm
                      oru   0x0006d1    program     static F:\Beau\frostsignalproject\target.asm
                      add   0x0006d6    program     static F:\Beau\frostsignalproject\target.asm
                    negti   0x0006db    program     static F:\Beau\frostsignalproject\target.asm
                  dispose   0x0006de    program     static F:\Beau\frostsignalproject\target.asm
                    kpush   0x0006e0    program     static F:\Beau\frostsignalproject\target.asm
                     kpop   0x0006e2    program     static F:\Beau\frostsignalproject\target.asm
                alt_stack   0x000020       data     static F:\Beau\frostsignalproject\target.asm
               softstack0   0x000070       data     static F:\Beau\frostsignalproject\target.asm
               softstack1   0x000071       data     static F:\Beau\frostsignalproject\target.asm
               softstack2   0x000072       data     static F:\Beau\frostsignalproject\target.asm
                  alt_fsr   0x000073       data     static F:\Beau\frostsignalproject\target.asm
                   W_Save   0x000074       data     static F:\Beau\frostsignalproject\target.asm
              STATUS_Save   0x000075       data     static F:\Beau\frostsignalproject\target.asm
                 FSR_Save   0x000076       data     static F:\Beau\frostsignalproject\target.asm
                 ALT_Save   0x000077       data     static F:\Beau\frostsignalproject\target.asm
                   in_isr   0x000078       data     static F:\Beau\frostsignalproject\target.asm
                    pbase   0x000079       data     static F:\Beau\frostsignalproject\target.asm
                    stack   0x0000a0       data     static F:\Beau\frostsignalproject\target.asm
                 sfploc00   0x000220       data     static F:\Beau\frostsignalproject\target.asm
                 sfpaux00   0x000221       data     static F:\Beau\frostsignalproject\target.asm
                 sfploc01   0x000222       data     static F:\Beau\frostsignalproject\target.asm
                 sfpaux01   0x000223       data     static F:\Beau\frostsignalproject\target.asm
                 sfploc02   0x000224       data     static F:\Beau\frostsignalproject\target.asm
                 sfpaux02   0x000225       data     static F:\Beau\frostsignalproject\target.asm
                 sfploc03   0x000226       data     static F:\Beau\frostsignalproject\target.asm
                 sfpaux03   0x000227       data     static F:\Beau\frostsignalproject\target.asm
                 sfploc04   0x000228       data     static F:\Beau\frostsignalproject\target.asm
                 sfploc05   0x000229       data     static F:\Beau\frostsignalproject\target.asm
                 sfploc06   0x00022a       data     static F:\Beau\frostsignalproject\target.asm
                 sfploc07   0x00022b       data     static F:\Beau\frostsignalproject\target.asm
                 sfploc08   0x00022c       data     static F:\Beau\frostsignalproject\target.asm
                 sfploc09   0x00022d       data     static F:\Beau\frostsignalproject\target.asm
                 sfploc10   0x00022e       data     static F:\Beau\frostsignalproject\target.asm
                 sfploc11   0x00022f       data     static F:\Beau\frostsignalproject\target.asm
                 sfploc12   0x000230       data     static F:\Beau\frostsignalproject\target.asm
                 sfploc13   0x000231       data     static F:\Beau\frostsignalproject\target.asm
                 sfploc14   0x000232       data     static F:\Beau\frostsignalproject\target.asm
                 sfploc15   0x000233       data     static F:\Beau\frostsignalproject\target.asm
                 sfploc16   0x000234       data     static F:\Beau\frostsignalproject\target.asm
                 sfploc17   0x000235       data     static F:\Beau\frostsignalproject\target.asm
                hllblss00   0x000236       data     static F:\Beau\frostsignalproject\target.asm
                hllblss01   0x000237       data     static F:\Beau\frostsignalproject\target.asm
                hllblss02   0x000238       data     static F:\Beau\frostsignalproject\target.asm
                   aart00   0x000239       data     static F:\Beau\frostsignalproject\target.asm
                   aart01   0x00023a       data     static F:\Beau\frostsignalproject\target.asm
                   aart02   0x00023b       data     static F:\Beau\frostsignalproject\target.asm
                 aartpr00   0x00023c       data     static F:\Beau\frostsignalproject\target.asm


