MPLINK 4.14, Linker
Linker Map File - Created Sun Jul 07 16:18:06 2019

                                 Section Info
                  Section       Type    Address   Location Size(Bytes)
                ---------  ---------  ---------  ---------  ---------
                   Resetv       code   0x000000    program   0x000006
                   .cinit    romdata   0x000003    program   0x000004
                  sfp_log       code   0x000005    program   0x0003b0
                  sfp_pow       code   0x0001dd    program   0x000360
                  hllt454       code   0x00038d    program   0x000086
                hllkrna08       code   0x0003d0    program   0x000060
                  cprntuc       code   0x000400    program   0x000084
                  sfp_tou       code   0x000442    program   0x00007c
                   hlog1b       code   0x000480    program   0x000076
                   hlog1a       code   0x0004bb    program   0x000076
                 hllt4514       code   0x0004f6    program   0x000074
                 hllt4513       code   0x000530    program   0x000066
                  hllt455       code   0x000563    program   0x000052
                hllkrna09       code   0x00058c    program   0x000042
                hllkrna10       code   0x0005ad    program   0x00003e
                  sfp_nex       code   0x0005cc    program   0x000032
                hllkrn444       code   0x0005e5    program   0x000030
                hllcmppic       code   0x0005fd    program   0x000028
                hllkrna05       code   0x000611    program   0x000026
                hllkrna04       code   0x000624    program   0x000026
                hllkrna07       code   0x000637    program   0x000014
                hllkrna06       code   0x000641    program   0x000014
                hllkrna03       code   0x00064b    program   0x000014
                     main       code   0x000655    program   0x000012
                   hlog1f       code   0x00065e    program   0x00000e
                   hlog1d       code   0x000665    program   0x00000e
                hllkrna01       code   0x00066c    program   0x00000e
                hllkrna02       code   0x000673    program   0x000006
                hllkrna11       code   0x000676    program   0x000004
                  sfp_add       code   0x000800    program   0x00022c
                hllupuser       code   0x000916    program   0x0001a2
                  sfp_mul       code   0x0009e7    program   0x000148
                  sfp_div       code   0x000a8b    program   0x000144
                  sfp_uto       code   0x000b2d    program   0x000104
                 hllt4510       code   0x000baf    program   0x000088
                hllkrna00       code   0x000bf3    program   0x000018
                  .config       code   0x002007    program   0x000002
                   ukrnl2      udata   0x000020       data   0x000050
                   ukrshr      udata   0x000070       data   0x000009
                 mainvars      udata   0x000079       data   0x000002
                     sfpu      udata   0x0000a0       data   0x000016
                   ukrnl3      udata   0x0000b6       data   0x000014
                   ukernl      udata   0x0000ca       data   0x000003
                  ansiadt      udata   0x0000cd       data   0x000003
                  ansiadu      udata   0x0000d0       data   0x000001



                              Program Memory Usage 
                               Start         End      
                           ---------   ---------      
                            0x000000    0x000677      
                            0x000800    0x000bfe      
                            0x002007    0x002007      
            2680 out of 4358 program addresses used, program memory utilization is 61%



                              Symbols - Sorted by Name
                     Name    Address   Location    Storage File                     
                ---------  ---------  ---------  --------- ---------                
               FPCoreTbl2   0x00028d    program     static Z:\home\dell\frost\frostsieveproject\target.asm
              FPCoreTblHi   0x00015d    program     static Z:\home\dell\frost\frostsieveproject\target.asm
          _hllkrna00_0009   0x000bfc    program     static Z:\home\dell\frost\frostsieveproject\target.asm
          _hllkrna03_0008   0x000653    program     static Z:\home\dell\frost\frostsieveproject\target.asm
          _hllkrna04_000C   0x000630    program     static Z:\home\dell\frost\frostsieveproject\target.asm
          _hllkrna04_000E   0x000632    program     static Z:\home\dell\frost\frostsieveproject\target.asm
          _hllkrna05_000C   0x00061d    program     static Z:\home\dell\frost\frostsieveproject\target.asm
          _hllkrna05_000E   0x00061f    program     static Z:\home\dell\frost\frostsieveproject\target.asm
          _hllkrna08_0003   0x0003d3    program     static Z:\home\dell\frost\frostsieveproject\target.asm
          _hllkrna08_0011   0x0003e1    program     static Z:\home\dell\frost\frostsieveproject\target.asm
          _hllkrna09_0003   0x00058f    program     static Z:\home\dell\frost\frostsieveproject\target.asm
          _hllkrna09_0011   0x00059d    program     static Z:\home\dell\frost\frostsieveproject\target.asm
          _hllkrna10_0003   0x0005b0    program     static Z:\home\dell\frost\frostsieveproject\target.asm
          _hllkrna10_0010   0x0005bd    program     static Z:\home\dell\frost\frostsieveproject\target.asm
                      add   0x00066c    program     static Z:\home\dell\frost\frostsieveproject\target.asm
                     addf   0x000800    program     static Z:\home\dell\frost\frostsieveproject\target.asm
                 clearbit   0x0004bb    program     static Z:\home\dell\frost\frostsieveproject\target.asm
                  dispose   0x000676    program     static Z:\home\dell\frost\frostsieveproject\target.asm
                     divf   0x000a8b    program     static Z:\home\dell\frost\frostsieveproject\target.asm
                    divis   0x000530    program     static Z:\home\dell\frost\frostsieveproject\target.asm
                     divu   0x000611    program     static Z:\home\dell\frost\frostsieveproject\target.asm
                   dmm445   0x0005f6    program     static Z:\home\dell\frost\frostsieveproject\target.asm
                       eq   0x000637    program     static Z:\home\dell\frost\frostsieveproject\target.asm
                     ftou   0x000442    program     static Z:\home\dell\frost\frostsieveproject\target.asm
                    getch   0x000641    program     static Z:\home\dell\frost\frostsieveproject\target.asm
                    geth2   0x000643    program     static Z:\home\dell\frost\frostsieveproject\target.asm
                      geu   0x0005fd    program     static Z:\home\dell\frost\frostsieveproject\target.asm
                 hllAAAAA   0x0004c8    program     static Z:\home\dell\frost\frostsieveproject\target.asm
                 hllABAAA   0x000855    program     static Z:\home\dell\frost\frostsieveproject\target.asm
                 hllACAAA   0x0008fc    program     static Z:\home\dell\frost\frostsieveproject\target.asm
                 hllADAAA   0x00023b    program     static Z:\home\dell\frost\frostsieveproject\target.asm
                 hllAEAAA   0x000477    program     static Z:\home\dell\frost\frostsieveproject\target.asm
                 hllAFAAA   0x0000b4    program     static Z:\home\dell\frost\frostsieveproject\target.asm
                 hllAGAAA   0x000b59    program     static Z:\home\dell\frost\frostsieveproject\target.asm
                 hllBAAAA   0x0004ce    program     static Z:\home\dell\frost\frostsieveproject\target.asm
                 hllBBAAA   0x000857    program     static Z:\home\dell\frost\frostsieveproject\target.asm
                 hllBCAAA   0x0008fe    program     static Z:\home\dell\frost\frostsieveproject\target.asm
                 hllBDAAA   0x00023e    program     static Z:\home\dell\frost\frostsieveproject\target.asm
                 hllBEAAA   0x00047a    program     static Z:\home\dell\frost\frostsieveproject\target.asm
                 hllBFAAA   0x0000bc    program     static Z:\home\dell\frost\frostsieveproject\target.asm
                 hllBGAAA   0x000b69    program     static Z:\home\dell\frost\frostsieveproject\target.asm
                 hllCAAAA   0x0004d5    program     static Z:\home\dell\frost\frostsieveproject\target.asm
                 hllCBAAA   0x000862    program     static Z:\home\dell\frost\frostsieveproject\target.asm
                 hllCCAAA   0x000908    program     static Z:\home\dell\frost\frostsieveproject\target.asm
                 hllCDAAA   0x000241    program     static Z:\home\dell\frost\frostsieveproject\target.asm
                 hllCEAAA   0x00047a    program     static Z:\home\dell\frost\frostsieveproject\target.asm
                 hllCFAAA   0x0000c5    program     static Z:\home\dell\frost\frostsieveproject\target.asm
                 hllCGAAA   0x000b7a    program     static Z:\home\dell\frost\frostsieveproject\target.asm
                 hllDAAAA   0x0004dc    program     static Z:\home\dell\frost\frostsieveproject\target.asm
                 hllDBAAA   0x000864    program     static Z:\home\dell\frost\frostsieveproject\target.asm
                 hllDCAAA   0x000915    program     static Z:\home\dell\frost\frostsieveproject\target.asm
                 hllDDAAA   0x000244    program     static Z:\home\dell\frost\frostsieveproject\target.asm
                 hllDEAAA   0x000005    program     static Z:\home\dell\frost\frostsieveproject\target.asm
                 hllDFAAA   0x0000cf    program     static Z:\home\dell\frost\frostsieveproject\target.asm
              hllDFAAA_hi   0x000156    program     static Z:\home\dell\frost\frostsieveproject\target.asm
                 hllDGAAA   0x000b8c    program     static Z:\home\dell\frost\frostsieveproject\target.asm
                 hllEAAAA   0x0004e3    program     static Z:\home\dell\frost\frostsieveproject\target.asm
                 hllEBAAA   0x00086a    program     static Z:\home\dell\frost\frostsieveproject\target.asm
                 hllECAAA   0x000ab7    program     static Z:\home\dell\frost\frostsieveproject\target.asm
                 hllEDAAA   0x000247    program     static Z:\home\dell\frost\frostsieveproject\target.asm
                 hllEEAAA   0x000019    program     static Z:\home\dell\frost\frostsieveproject\target.asm
                 hllEFAAA   0x0000d6    program     static Z:\home\dell\frost\frostsieveproject\target.asm
                 hllEGAAA   0x000b9f    program     static Z:\home\dell\frost\frostsieveproject\target.asm
                 hllFAAAA   0x0004ea    program     static Z:\home\dell\frost\frostsieveproject\target.asm
                 hllFBAAA   0x00086c    program     static Z:\home\dell\frost\frostsieveproject\target.asm
                 hllFCAAA   0x000ac5    program     static Z:\home\dell\frost\frostsieveproject\target.asm
                 hllFDAAA   0x00024a    program     static Z:\home\dell\frost\frostsieveproject\target.asm
                 hllFEAAA   0x000024    program     static Z:\home\dell\frost\frostsieveproject\target.asm
                 hllFGAAA   0x000ba8    program     static Z:\home\dell\frost\frostsieveproject\target.asm
                 hllGAAAA   0x0004f1    program     static Z:\home\dell\frost\frostsieveproject\target.asm
                 hllGBAAA   0x000873    program     static Z:\home\dell\frost\frostsieveproject\target.asm
                 hllGCAAA   0x000ad1    program     static Z:\home\dell\frost\frostsieveproject\target.asm
                 hllGDAAA   0x00024d    program     static Z:\home\dell\frost\frostsieveproject\target.asm
                 hllGEAAA   0x000035    program     static Z:\home\dell\frost\frostsieveproject\target.asm
                 hllGFAAA   0x0009f3    program     static Z:\home\dell\frost\frostsieveproject\target.asm
                 hllGGAAA   0x000bae    program     static Z:\home\dell\frost\frostsieveproject\target.asm
                 hllHAAAA   0x0004f3    program     static Z:\home\dell\frost\frostsieveproject\target.asm
                 hllHBAAA   0x000876    program     static Z:\home\dell\frost\frostsieveproject\target.asm
                 hllHCAAA   0x000aec    program     static Z:\home\dell\frost\frostsieveproject\target.asm
                 hllHDAAA   0x000250    program     static Z:\home\dell\frost\frostsieveproject\target.asm
                 hllHEAAA   0x000038    program     static Z:\home\dell\frost\frostsieveproject\target.asm
                 hllHFAAA   0x000a08    program     static Z:\home\dell\frost\frostsieveproject\target.asm
                 hllIAAAA   0x000609    program     static Z:\home\dell\frost\frostsieveproject\target.asm
                 hllIBAAA   0x000883    program     static Z:\home\dell\frost\frostsieveproject\target.asm
                 hllICAAA   0x000aee    program     static Z:\home\dell\frost\frostsieveproject\target.asm
                 hllIDAAA   0x000253    program     static Z:\home\dell\frost\frostsieveproject\target.asm
                 hllIEAAA   0x00003b    program     static Z:\home\dell\frost\frostsieveproject\target.asm
                 hllIFAAA   0x000a1f    program     static Z:\home\dell\frost\frostsieveproject\target.asm
                 hllJAAAA   0x00060d    program     static Z:\home\dell\frost\frostsieveproject\target.asm
                 hllJBAAA   0x000887    program     static Z:\home\dell\frost\frostsieveproject\target.asm
                hllJBAAAb   0x0008b8    program     static Z:\home\dell\frost\frostsieveproject\target.asm
                 hllJCAAA   0x000af0    program     static Z:\home\dell\frost\frostsieveproject\target.asm
                 hllJDAAA   0x000256    program     static Z:\home\dell\frost\frostsieveproject\target.asm
                 hllJEAAA   0x00003e    program     static Z:\home\dell\frost\frostsieveproject\target.asm
                 hllJFAAA   0x000a2f    program     static Z:\home\dell\frost\frostsieveproject\target.asm
                 hllKBAAA   0x000890    program     static Z:\home\dell\frost\frostsieveproject\target.asm
                 hllKCAAA   0x000afe    program     static Z:\home\dell\frost\frostsieveproject\target.asm
                 hllKDAAA   0x000259    program     static Z:\home\dell\frost\frostsieveproject\target.asm
                 hllKEAAA   0x000041    program     static Z:\home\dell\frost\frostsieveproject\target.asm
                 hllKFAAA   0x000a41    program     static Z:\home\dell\frost\frostsieveproject\target.asm
                 hllLAAAA   0x00048d    program     static Z:\home\dell\frost\frostsieveproject\target.asm
                 hllLBAAA   0x00089a    program     static Z:\home\dell\frost\frostsieveproject\target.asm
                 hllLCAAA   0x000b09    program     static Z:\home\dell\frost\frostsieveproject\target.asm
                 hllLDAAA   0x00025c    program     static Z:\home\dell\frost\frostsieveproject\target.asm
                 hllLEAAA   0x000044    program     static Z:\home\dell\frost\frostsieveproject\target.asm
                 hllLFAAA   0x000a49    program     static Z:\home\dell\frost\frostsieveproject\target.asm
                 hllMAAAA   0x000493    program     static Z:\home\dell\frost\frostsieveproject\target.asm
                 hllMBAAA   0x00089b    program     static Z:\home\dell\frost\frostsieveproject\target.asm
                 hllMCAAA   0x000b0b    program     static Z:\home\dell\frost\frostsieveproject\target.asm
                 hllMDAAA   0x00025f    program     static Z:\home\dell\frost\frostsieveproject\target.asm
                 hllMEAAA   0x000047    program     static Z:\home\dell\frost\frostsieveproject\target.asm
                 hllMFAAA   0x000a4b    program     static Z:\home\dell\frost\frostsieveproject\target.asm
                 hllNAAAA   0x00049a    program     static Z:\home\dell\frost\frostsieveproject\target.asm
                 hllNBAAA   0x00089d    program     static Z:\home\dell\frost\frostsieveproject\target.asm
                 hllNCAAA   0x000b0d    program     static Z:\home\dell\frost\frostsieveproject\target.asm
                 hllNDAAA   0x000262    program     static Z:\home\dell\frost\frostsieveproject\target.asm
                 hllNEAAA   0x00004a    program     static Z:\home\dell\frost\frostsieveproject\target.asm
                 hllNFAAA   0x000a4e    program     static Z:\home\dell\frost\frostsieveproject\target.asm
                 hllOAAAA   0x0004a1    program     static Z:\home\dell\frost\frostsieveproject\target.asm
                 hllOBAAA   0x0008a4    program     static Z:\home\dell\frost\frostsieveproject\target.asm
                 hllOCAAA   0x000b0e    program     static Z:\home\dell\frost\frostsieveproject\target.asm
                 hllODAAA   0x000267    program     static Z:\home\dell\frost\frostsieveproject\target.asm
                 hllOEAAA   0x000053    program     static Z:\home\dell\frost\frostsieveproject\target.asm
                 hllOFAAA   0x000a57    program     static Z:\home\dell\frost\frostsieveproject\target.asm
                 hllPAAAA   0x0004a8    program     static Z:\home\dell\frost\frostsieveproject\target.asm
                 hllPBAAA   0x0008a7    program     static Z:\home\dell\frost\frostsieveproject\target.asm
                 hllPCAAA   0x000b0f    program     static Z:\home\dell\frost\frostsieveproject\target.asm
                 hllPDAAA   0x000274    program     static Z:\home\dell\frost\frostsieveproject\target.asm
                 hllPEAAA   0x00005a    program     static Z:\home\dell\frost\frostsieveproject\target.asm
                 hllPFAAA   0x000a5b    program     static Z:\home\dell\frost\frostsieveproject\target.asm
                 hllQAAAA   0x0004af    program     static Z:\home\dell\frost\frostsieveproject\target.asm
                 hllQBAAA   0x0008b4    program     static Z:\home\dell\frost\frostsieveproject\target.asm
                 hllQCAAA   0x000b19    program     static Z:\home\dell\frost\frostsieveproject\target.asm
                 hllQDAAA   0x000285    program     static Z:\home\dell\frost\frostsieveproject\target.asm
                 hllQEAAA   0x000061    program     static Z:\home\dell\frost\frostsieveproject\target.asm
                 hllQFAAA   0x000a62    program     static Z:\home\dell\frost\frostsieveproject\target.asm
                 hllRAAAA   0x0004b6    program     static Z:\home\dell\frost\frostsieveproject\target.asm
                 hllRCAAA   0x000b1f    program     static Z:\home\dell\frost\frostsieveproject\target.asm
                 hllRDAAA   0x000286    program     static Z:\home\dell\frost\frostsieveproject\target.asm
                 hllREAAA   0x000069    program     static Z:\home\dell\frost\frostsieveproject\target.asm
                 hllRFAAA   0x000a63    program     static Z:\home\dell\frost\frostsieveproject\target.asm
                 hllSAAAA   0x0004b8    program     static Z:\home\dell\frost\frostsieveproject\target.asm
                 hllSBAAA   0x0008c1    program     static Z:\home\dell\frost\frostsieveproject\target.asm
                 hllSCAAA   0x000b21    program     static Z:\home\dell\frost\frostsieveproject\target.asm
                 hllSDAAA   0x00044d    program     static Z:\home\dell\frost\frostsieveproject\target.asm
                 hllSEAAA   0x000073    program     static Z:\home\dell\frost\frostsieveproject\target.asm
                 hllSFAAA   0x000a70    program     static Z:\home\dell\frost\frostsieveproject\target.asm
                 hllTAAAA   0x000820    program     static Z:\home\dell\frost\frostsieveproject\target.asm
                 hllTBAAA   0x0008cb    program     static Z:\home\dell\frost\frostsieveproject\target.asm
                 hllTCAAA   0x000b24    program     static Z:\home\dell\frost\frostsieveproject\target.asm
                 hllTDAAA   0x00045d    program     static Z:\home\dell\frost\frostsieveproject\target.asm
                 hllTEAAA   0x00007d    program     static Z:\home\dell\frost\frostsieveproject\target.asm
                 hllTFAAA   0x000a76    program     static Z:\home\dell\frost\frostsieveproject\target.asm
                 hllUAAAA   0x000824    program     static Z:\home\dell\frost\frostsieveproject\target.asm
                 hllUBAAA   0x0008cc    program     static Z:\home\dell\frost\frostsieveproject\target.asm
                 hllUCAAA   0x0001ed    program     static Z:\home\dell\frost\frostsieveproject\target.asm
                 hllUDAAA   0x000465    program     static Z:\home\dell\frost\frostsieveproject\target.asm
                 hllUEAAA   0x00008b    program     static Z:\home\dell\frost\frostsieveproject\target.asm
                 hllUFAAA   0x0005dd    program     static Z:\home\dell\frost\frostsieveproject\target.asm
                 hllVAAAA   0x000825    program     static Z:\home\dell\frost\frostsieveproject\target.asm
                 hllVBAAA   0x0008d1    program     static Z:\home\dell\frost\frostsieveproject\target.asm
                 hllVCAAA   0x00020b    program     static Z:\home\dell\frost\frostsieveproject\target.asm
                 hllVDAAA   0x000468    program     static Z:\home\dell\frost\frostsieveproject\target.asm
                 hllVEAAA   0x00009b    program     static Z:\home\dell\frost\frostsieveproject\target.asm
                 hllVFAAA   0x0005de    program     static Z:\home\dell\frost\frostsieveproject\target.asm
                 hllWAAAA   0x000827    program     static Z:\home\dell\frost\frostsieveproject\target.asm
                 hllWBAAA   0x0008d8    program     static Z:\home\dell\frost\frostsieveproject\target.asm
                 hllWCAAA   0x000212    program     static Z:\home\dell\frost\frostsieveproject\target.asm
                 hllWDAAA   0x00046b    program     static Z:\home\dell\frost\frostsieveproject\target.asm
                 hllWEAAA   0x0000a3    program     static Z:\home\dell\frost\frostsieveproject\target.asm
                 hllXAAAA   0x000835    program     static Z:\home\dell\frost\frostsieveproject\target.asm
            hllXAAAA_done   0x000836    program     static Z:\home\dell\frost\frostsieveproject\target.asm
                 hllXBAAA   0x0008e0    program     static Z:\home\dell\frost\frostsieveproject\target.asm
                 hllXCAAA   0x00021d    program     static Z:\home\dell\frost\frostsieveproject\target.asm
                 hllXDAAA   0x00046e    program     static Z:\home\dell\frost\frostsieveproject\target.asm
                 hllXEAAA   0x0000a8    program     static Z:\home\dell\frost\frostsieveproject\target.asm
                 hllYBAAA   0x0008e5    program     static Z:\home\dell\frost\frostsieveproject\target.asm
                 hllYCAAA   0x000229    program     static Z:\home\dell\frost\frostsieveproject\target.asm
                 hllYDAAA   0x000471    program     static Z:\home\dell\frost\frostsieveproject\target.asm
                 hllYEAAA   0x0000af    program     static Z:\home\dell\frost\frostsieveproject\target.asm
                 hllYFAAA   0x000b3c    program     static Z:\home\dell\frost\frostsieveproject\target.asm
                 hllZAAAA   0x00084a    program     static Z:\home\dell\frost\frostsieveproject\target.asm
                 hllZBAAA   0x0008f2    program     static Z:\home\dell\frost\frostsieveproject\target.asm
                 hllZCAAA   0x000238    program     static Z:\home\dell\frost\frostsieveproject\target.asm
                 hllZDAAA   0x000474    program     static Z:\home\dell\frost\frostsieveproject\target.asm
                 hllZEAAA   0x0000b1    program     static Z:\home\dell\frost\frostsieveproject\target.asm
                 hllZFAAA   0x000b4a    program     static Z:\home\dell\frost\frostsieveproject\target.asm
                hlllb51J0   0x0003c6    program     static Z:\home\dell\frost\frostsieveproject\target.asm
                hlllb51J1   0x0003c6    program     static Z:\home\dell\frost\frostsieveproject\target.asm
               hlllb51J11   0x00054c    program     static Z:\home\dell\frost\frostsieveproject\target.asm
               hlllb51J12   0x000550    program     static Z:\home\dell\frost\frostsieveproject\target.asm
                hlllb51J2   0x0003ce    program     static Z:\home\dell\frost\frostsieveproject\target.asm
                hlllb51J3   0x0003ce    program     static Z:\home\dell\frost\frostsieveproject\target.asm
                hlllb51J6   0x000be9    program     static Z:\home\dell\frost\frostsieveproject\target.asm
                hlllb51J7   0x000bf1    program     static Z:\home\dell\frost\frostsieveproject\target.asm
                hlllb51J8   0x000bd1    program     static Z:\home\dell\frost\frostsieveproject\target.asm
                hlllb51J9   0x000bf1    program     static Z:\home\dell\frost\frostsieveproject\target.asm
                hllprgen2   0x00052f    program     static Z:\home\dell\frost\frostsieveproject\target.asm
               hllprogend   0x0009e6    program     static Z:\home\dell\frost\frostsieveproject\target.asm
              hlluserprog   0x000916    program     static Z:\home\dell\frost\frostsieveproject\target.asm
                   hloego   0x000655    program     static Z:\home\dell\frost\frostsieveproject\target.asm
                  isprime   0x000563    program     static Z:\home\dell\frost\frostsieveproject\target.asm
             isprimeinner   0x000baf    program     static Z:\home\dell\frost\frostsieveproject\target.asm
                     kpop   0x00058c    program     static Z:\home\dell\frost\frostsieveproject\target.asm
                    kpush   0x0005ad    program     static Z:\home\dell\frost\frostsieveproject\target.asm
                   kspox5   0x0005ed    program     static Z:\home\dell\frost\frostsieveproject\target.asm
                     logf   0x000005    program     static Z:\home\dell\frost\frostsieveproject\target.asm
                    maing   0x00038d    program     static Z:\home\dell\frost\frostsieveproject\target.asm
                     modu   0x000624    program     static Z:\home\dell\frost\frostsieveproject\target.asm
                      mul   0x000bf3    program     static Z:\home\dell\frost\frostsieveproject\target.asm
                     mulf   0x0009e7    program     static Z:\home\dell\frost\frostsieveproject\target.asm
                     nbnb   0x000663    program     static Z:\home\dell\frost\frostsieveproject\target.asm
                     ncnc   0x000664    program     static Z:\home\dell\frost\frostsieveproject\target.asm
                    negti   0x000673    program     static Z:\home\dell\frost\frostsieveproject\target.asm
                    nextf   0x0005cc    program     static Z:\home\dell\frost\frostsieveproject\target.asm
                     notb   0x00065e    program     static Z:\home\dell\frost\frostsieveproject\target.asm
                      oru   0x000665    program     static Z:\home\dell\frost\frostsieveproject\target.asm
                     parm   0x0003d0    program     static Z:\home\dell\frost\frostsieveproject\target.asm
                     powf   0x0001dd    program     static Z:\home\dell\frost\frostsieveproject\target.asm
                  printch   0x00064b    program     static Z:\home\dell\frost\frostsieveproject\target.asm
                   printu   0x000400    program     static Z:\home\dell\frost\frostsieveproject\target.asm
                 safepush   0x0005e5    program     static Z:\home\dell\frost\frostsieveproject\target.asm
                   setbit   0x000480    program     static Z:\home\dell\frost\frostsieveproject\target.asm
                  sperr11   0x0005f4    program     static Z:\home\dell\frost\frostsieveproject\target.asm
                     sqrt   0x0004f6    program     static Z:\home\dell\frost\frostsieveproject\target.asm
                     utof   0x000b2d    program     static Z:\home\dell\frost\frostsieveproject\target.asm
                 ALT_Save   0x000077       data     static Z:\home\dell\frost\frostsieveproject\target.asm
                 FSR_Save   0x000076       data     static Z:\home\dell\frost\frostsieveproject\target.asm
                  PC_Save   0x00007a       data     static Z:\home\dell\frost\frostsieveproject\target.asm
              STATUS_Save   0x000075       data     static Z:\home\dell\frost\frostsieveproject\target.asm
                   W_Save   0x000074       data     static Z:\home\dell\frost\frostsieveproject\target.asm
                   aart00   0x0000cd       data     static Z:\home\dell\frost\frostsieveproject\target.asm
                   aart01   0x0000ce       data     static Z:\home\dell\frost\frostsieveproject\target.asm
                   aart02   0x0000cf       data     static Z:\home\dell\frost\frostsieveproject\target.asm
                 aartpr00   0x0000d0       data     static Z:\home\dell\frost\frostsieveproject\target.asm
                  alt_fsr   0x000073       data     static Z:\home\dell\frost\frostsieveproject\target.asm
                alt_stack   0x0000b6       data     static Z:\home\dell\frost\frostsieveproject\target.asm
                hllblss00   0x0000ca       data     static Z:\home\dell\frost\frostsieveproject\target.asm
                hllblss01   0x0000cb       data     static Z:\home\dell\frost\frostsieveproject\target.asm
                hllblss02   0x0000cc       data     static Z:\home\dell\frost\frostsieveproject\target.asm
                   in_isr   0x000078       data     static Z:\home\dell\frost\frostsieveproject\target.asm
                    pbase   0x000079       data     static Z:\home\dell\frost\frostsieveproject\target.asm
                 sfpaux00   0x0000a1       data     static Z:\home\dell\frost\frostsieveproject\target.asm
                 sfpaux01   0x0000a3       data     static Z:\home\dell\frost\frostsieveproject\target.asm
                 sfpaux02   0x0000a5       data     static Z:\home\dell\frost\frostsieveproject\target.asm
                 sfpaux03   0x0000a7       data     static Z:\home\dell\frost\frostsieveproject\target.asm
                 sfploc00   0x0000a0       data     static Z:\home\dell\frost\frostsieveproject\target.asm
                 sfploc01   0x0000a2       data     static Z:\home\dell\frost\frostsieveproject\target.asm
                 sfploc02   0x0000a4       data     static Z:\home\dell\frost\frostsieveproject\target.asm
                 sfploc03   0x0000a6       data     static Z:\home\dell\frost\frostsieveproject\target.asm
                 sfploc04   0x0000a8       data     static Z:\home\dell\frost\frostsieveproject\target.asm
                 sfploc05   0x0000a9       data     static Z:\home\dell\frost\frostsieveproject\target.asm
                 sfploc06   0x0000aa       data     static Z:\home\dell\frost\frostsieveproject\target.asm
                 sfploc07   0x0000ab       data     static Z:\home\dell\frost\frostsieveproject\target.asm
                 sfploc08   0x0000ac       data     static Z:\home\dell\frost\frostsieveproject\target.asm
                 sfploc09   0x0000ad       data     static Z:\home\dell\frost\frostsieveproject\target.asm
                 sfploc10   0x0000ae       data     static Z:\home\dell\frost\frostsieveproject\target.asm
                 sfploc11   0x0000af       data     static Z:\home\dell\frost\frostsieveproject\target.asm
                 sfploc12   0x0000b0       data     static Z:\home\dell\frost\frostsieveproject\target.asm
                 sfploc13   0x0000b1       data     static Z:\home\dell\frost\frostsieveproject\target.asm
                 sfploc14   0x0000b2       data     static Z:\home\dell\frost\frostsieveproject\target.asm
                 sfploc15   0x0000b3       data     static Z:\home\dell\frost\frostsieveproject\target.asm
                 sfploc16   0x0000b4       data     static Z:\home\dell\frost\frostsieveproject\target.asm
                 sfploc17   0x0000b5       data     static Z:\home\dell\frost\frostsieveproject\target.asm
               softstack0   0x000070       data     static Z:\home\dell\frost\frostsieveproject\target.asm
               softstack1   0x000071       data     static Z:\home\dell\frost\frostsieveproject\target.asm
               softstack2   0x000072       data     static Z:\home\dell\frost\frostsieveproject\target.asm
                    stack   0x000020       data     static Z:\home\dell\frost\frostsieveproject\target.asm



                              Symbols - Sorted by Address
                     Name    Address   Location    Storage File                     
                ---------  ---------  ---------  --------- ---------                
                 hllDEAAA   0x000005    program     static Z:\home\dell\frost\frostsieveproject\target.asm
                     logf   0x000005    program     static Z:\home\dell\frost\frostsieveproject\target.asm
                 hllEEAAA   0x000019    program     static Z:\home\dell\frost\frostsieveproject\target.asm
                 hllFEAAA   0x000024    program     static Z:\home\dell\frost\frostsieveproject\target.asm
                 hllGEAAA   0x000035    program     static Z:\home\dell\frost\frostsieveproject\target.asm
                 hllHEAAA   0x000038    program     static Z:\home\dell\frost\frostsieveproject\target.asm
                 hllIEAAA   0x00003b    program     static Z:\home\dell\frost\frostsieveproject\target.asm
                 hllJEAAA   0x00003e    program     static Z:\home\dell\frost\frostsieveproject\target.asm
                 hllKEAAA   0x000041    program     static Z:\home\dell\frost\frostsieveproject\target.asm
                 hllLEAAA   0x000044    program     static Z:\home\dell\frost\frostsieveproject\target.asm
                 hllMEAAA   0x000047    program     static Z:\home\dell\frost\frostsieveproject\target.asm
                 hllNEAAA   0x00004a    program     static Z:\home\dell\frost\frostsieveproject\target.asm
                 hllOEAAA   0x000053    program     static Z:\home\dell\frost\frostsieveproject\target.asm
                 hllPEAAA   0x00005a    program     static Z:\home\dell\frost\frostsieveproject\target.asm
                 hllQEAAA   0x000061    program     static Z:\home\dell\frost\frostsieveproject\target.asm
                 hllREAAA   0x000069    program     static Z:\home\dell\frost\frostsieveproject\target.asm
                 hllSEAAA   0x000073    program     static Z:\home\dell\frost\frostsieveproject\target.asm
                 hllTEAAA   0x00007d    program     static Z:\home\dell\frost\frostsieveproject\target.asm
                 hllUEAAA   0x00008b    program     static Z:\home\dell\frost\frostsieveproject\target.asm
                 hllVEAAA   0x00009b    program     static Z:\home\dell\frost\frostsieveproject\target.asm
                 hllWEAAA   0x0000a3    program     static Z:\home\dell\frost\frostsieveproject\target.asm
                 hllXEAAA   0x0000a8    program     static Z:\home\dell\frost\frostsieveproject\target.asm
                 hllYEAAA   0x0000af    program     static Z:\home\dell\frost\frostsieveproject\target.asm
                 hllZEAAA   0x0000b1    program     static Z:\home\dell\frost\frostsieveproject\target.asm
                 hllAFAAA   0x0000b4    program     static Z:\home\dell\frost\frostsieveproject\target.asm
                 hllBFAAA   0x0000bc    program     static Z:\home\dell\frost\frostsieveproject\target.asm
                 hllCFAAA   0x0000c5    program     static Z:\home\dell\frost\frostsieveproject\target.asm
                 hllDFAAA   0x0000cf    program     static Z:\home\dell\frost\frostsieveproject\target.asm
                 hllEFAAA   0x0000d6    program     static Z:\home\dell\frost\frostsieveproject\target.asm
              hllDFAAA_hi   0x000156    program     static Z:\home\dell\frost\frostsieveproject\target.asm
              FPCoreTblHi   0x00015d    program     static Z:\home\dell\frost\frostsieveproject\target.asm
                     powf   0x0001dd    program     static Z:\home\dell\frost\frostsieveproject\target.asm
                 hllUCAAA   0x0001ed    program     static Z:\home\dell\frost\frostsieveproject\target.asm
                 hllVCAAA   0x00020b    program     static Z:\home\dell\frost\frostsieveproject\target.asm
                 hllWCAAA   0x000212    program     static Z:\home\dell\frost\frostsieveproject\target.asm
                 hllXCAAA   0x00021d    program     static Z:\home\dell\frost\frostsieveproject\target.asm
                 hllYCAAA   0x000229    program     static Z:\home\dell\frost\frostsieveproject\target.asm
                 hllZCAAA   0x000238    program     static Z:\home\dell\frost\frostsieveproject\target.asm
                 hllADAAA   0x00023b    program     static Z:\home\dell\frost\frostsieveproject\target.asm
                 hllBDAAA   0x00023e    program     static Z:\home\dell\frost\frostsieveproject\target.asm
                 hllCDAAA   0x000241    program     static Z:\home\dell\frost\frostsieveproject\target.asm
                 hllDDAAA   0x000244    program     static Z:\home\dell\frost\frostsieveproject\target.asm
                 hllEDAAA   0x000247    program     static Z:\home\dell\frost\frostsieveproject\target.asm
                 hllFDAAA   0x00024a    program     static Z:\home\dell\frost\frostsieveproject\target.asm
                 hllGDAAA   0x00024d    program     static Z:\home\dell\frost\frostsieveproject\target.asm
                 hllHDAAA   0x000250    program     static Z:\home\dell\frost\frostsieveproject\target.asm
                 hllIDAAA   0x000253    program     static Z:\home\dell\frost\frostsieveproject\target.asm
                 hllJDAAA   0x000256    program     static Z:\home\dell\frost\frostsieveproject\target.asm
                 hllKDAAA   0x000259    program     static Z:\home\dell\frost\frostsieveproject\target.asm
                 hllLDAAA   0x00025c    program     static Z:\home\dell\frost\frostsieveproject\target.asm
                 hllMDAAA   0x00025f    program     static Z:\home\dell\frost\frostsieveproject\target.asm
                 hllNDAAA   0x000262    program     static Z:\home\dell\frost\frostsieveproject\target.asm
                 hllODAAA   0x000267    program     static Z:\home\dell\frost\frostsieveproject\target.asm
                 hllPDAAA   0x000274    program     static Z:\home\dell\frost\frostsieveproject\target.asm
                 hllQDAAA   0x000285    program     static Z:\home\dell\frost\frostsieveproject\target.asm
                 hllRDAAA   0x000286    program     static Z:\home\dell\frost\frostsieveproject\target.asm
               FPCoreTbl2   0x00028d    program     static Z:\home\dell\frost\frostsieveproject\target.asm
                    maing   0x00038d    program     static Z:\home\dell\frost\frostsieveproject\target.asm
                hlllb51J1   0x0003c6    program     static Z:\home\dell\frost\frostsieveproject\target.asm
                hlllb51J0   0x0003c6    program     static Z:\home\dell\frost\frostsieveproject\target.asm
                hlllb51J2   0x0003ce    program     static Z:\home\dell\frost\frostsieveproject\target.asm
                hlllb51J3   0x0003ce    program     static Z:\home\dell\frost\frostsieveproject\target.asm
                     parm   0x0003d0    program     static Z:\home\dell\frost\frostsieveproject\target.asm
          _hllkrna08_0003   0x0003d3    program     static Z:\home\dell\frost\frostsieveproject\target.asm
          _hllkrna08_0011   0x0003e1    program     static Z:\home\dell\frost\frostsieveproject\target.asm
                   printu   0x000400    program     static Z:\home\dell\frost\frostsieveproject\target.asm
                     ftou   0x000442    program     static Z:\home\dell\frost\frostsieveproject\target.asm
                 hllSDAAA   0x00044d    program     static Z:\home\dell\frost\frostsieveproject\target.asm
                 hllTDAAA   0x00045d    program     static Z:\home\dell\frost\frostsieveproject\target.asm
                 hllUDAAA   0x000465    program     static Z:\home\dell\frost\frostsieveproject\target.asm
                 hllVDAAA   0x000468    program     static Z:\home\dell\frost\frostsieveproject\target.asm
                 hllWDAAA   0x00046b    program     static Z:\home\dell\frost\frostsieveproject\target.asm
                 hllXDAAA   0x00046e    program     static Z:\home\dell\frost\frostsieveproject\target.asm
                 hllYDAAA   0x000471    program     static Z:\home\dell\frost\frostsieveproject\target.asm
                 hllZDAAA   0x000474    program     static Z:\home\dell\frost\frostsieveproject\target.asm
                 hllAEAAA   0x000477    program     static Z:\home\dell\frost\frostsieveproject\target.asm
                 hllCEAAA   0x00047a    program     static Z:\home\dell\frost\frostsieveproject\target.asm
                 hllBEAAA   0x00047a    program     static Z:\home\dell\frost\frostsieveproject\target.asm
                   setbit   0x000480    program     static Z:\home\dell\frost\frostsieveproject\target.asm
                 hllLAAAA   0x00048d    program     static Z:\home\dell\frost\frostsieveproject\target.asm
                 hllMAAAA   0x000493    program     static Z:\home\dell\frost\frostsieveproject\target.asm
                 hllNAAAA   0x00049a    program     static Z:\home\dell\frost\frostsieveproject\target.asm
                 hllOAAAA   0x0004a1    program     static Z:\home\dell\frost\frostsieveproject\target.asm
                 hllPAAAA   0x0004a8    program     static Z:\home\dell\frost\frostsieveproject\target.asm
                 hllQAAAA   0x0004af    program     static Z:\home\dell\frost\frostsieveproject\target.asm
                 hllRAAAA   0x0004b6    program     static Z:\home\dell\frost\frostsieveproject\target.asm
                 hllSAAAA   0x0004b8    program     static Z:\home\dell\frost\frostsieveproject\target.asm
                 clearbit   0x0004bb    program     static Z:\home\dell\frost\frostsieveproject\target.asm
                 hllAAAAA   0x0004c8    program     static Z:\home\dell\frost\frostsieveproject\target.asm
                 hllBAAAA   0x0004ce    program     static Z:\home\dell\frost\frostsieveproject\target.asm
                 hllCAAAA   0x0004d5    program     static Z:\home\dell\frost\frostsieveproject\target.asm
                 hllDAAAA   0x0004dc    program     static Z:\home\dell\frost\frostsieveproject\target.asm
                 hllEAAAA   0x0004e3    program     static Z:\home\dell\frost\frostsieveproject\target.asm
                 hllFAAAA   0x0004ea    program     static Z:\home\dell\frost\frostsieveproject\target.asm
                 hllGAAAA   0x0004f1    program     static Z:\home\dell\frost\frostsieveproject\target.asm
                 hllHAAAA   0x0004f3    program     static Z:\home\dell\frost\frostsieveproject\target.asm
                     sqrt   0x0004f6    program     static Z:\home\dell\frost\frostsieveproject\target.asm
                hllprgen2   0x00052f    program     static Z:\home\dell\frost\frostsieveproject\target.asm
                    divis   0x000530    program     static Z:\home\dell\frost\frostsieveproject\target.asm
               hlllb51J11   0x00054c    program     static Z:\home\dell\frost\frostsieveproject\target.asm
               hlllb51J12   0x000550    program     static Z:\home\dell\frost\frostsieveproject\target.asm
                  isprime   0x000563    program     static Z:\home\dell\frost\frostsieveproject\target.asm
                     kpop   0x00058c    program     static Z:\home\dell\frost\frostsieveproject\target.asm
          _hllkrna09_0003   0x00058f    program     static Z:\home\dell\frost\frostsieveproject\target.asm
          _hllkrna09_0011   0x00059d    program     static Z:\home\dell\frost\frostsieveproject\target.asm
                    kpush   0x0005ad    program     static Z:\home\dell\frost\frostsieveproject\target.asm
          _hllkrna10_0003   0x0005b0    program     static Z:\home\dell\frost\frostsieveproject\target.asm
          _hllkrna10_0010   0x0005bd    program     static Z:\home\dell\frost\frostsieveproject\target.asm
                    nextf   0x0005cc    program     static Z:\home\dell\frost\frostsieveproject\target.asm
                 hllUFAAA   0x0005dd    program     static Z:\home\dell\frost\frostsieveproject\target.asm
                 hllVFAAA   0x0005de    program     static Z:\home\dell\frost\frostsieveproject\target.asm
                 safepush   0x0005e5    program     static Z:\home\dell\frost\frostsieveproject\target.asm
                   kspox5   0x0005ed    program     static Z:\home\dell\frost\frostsieveproject\target.asm
                  sperr11   0x0005f4    program     static Z:\home\dell\frost\frostsieveproject\target.asm
                   dmm445   0x0005f6    program     static Z:\home\dell\frost\frostsieveproject\target.asm
                      geu   0x0005fd    program     static Z:\home\dell\frost\frostsieveproject\target.asm
                 hllIAAAA   0x000609    program     static Z:\home\dell\frost\frostsieveproject\target.asm
                 hllJAAAA   0x00060d    program     static Z:\home\dell\frost\frostsieveproject\target.asm
                     divu   0x000611    program     static Z:\home\dell\frost\frostsieveproject\target.asm
          _hllkrna05_000C   0x00061d    program     static Z:\home\dell\frost\frostsieveproject\target.asm
          _hllkrna05_000E   0x00061f    program     static Z:\home\dell\frost\frostsieveproject\target.asm
                     modu   0x000624    program     static Z:\home\dell\frost\frostsieveproject\target.asm
          _hllkrna04_000C   0x000630    program     static Z:\home\dell\frost\frostsieveproject\target.asm
          _hllkrna04_000E   0x000632    program     static Z:\home\dell\frost\frostsieveproject\target.asm
                       eq   0x000637    program     static Z:\home\dell\frost\frostsieveproject\target.asm
                    getch   0x000641    program     static Z:\home\dell\frost\frostsieveproject\target.asm
                    geth2   0x000643    program     static Z:\home\dell\frost\frostsieveproject\target.asm
                  printch   0x00064b    program     static Z:\home\dell\frost\frostsieveproject\target.asm
          _hllkrna03_0008   0x000653    program     static Z:\home\dell\frost\frostsieveproject\target.asm
                   hloego   0x000655    program     static Z:\home\dell\frost\frostsieveproject\target.asm
                     notb   0x00065e    program     static Z:\home\dell\frost\frostsieveproject\target.asm
                     nbnb   0x000663    program     static Z:\home\dell\frost\frostsieveproject\target.asm
                     ncnc   0x000664    program     static Z:\home\dell\frost\frostsieveproject\target.asm
                      oru   0x000665    program     static Z:\home\dell\frost\frostsieveproject\target.asm
                      add   0x00066c    program     static Z:\home\dell\frost\frostsieveproject\target.asm
                    negti   0x000673    program     static Z:\home\dell\frost\frostsieveproject\target.asm
                  dispose   0x000676    program     static Z:\home\dell\frost\frostsieveproject\target.asm
                     addf   0x000800    program     static Z:\home\dell\frost\frostsieveproject\target.asm
                 hllTAAAA   0x000820    program     static Z:\home\dell\frost\frostsieveproject\target.asm
                 hllUAAAA   0x000824    program     static Z:\home\dell\frost\frostsieveproject\target.asm
                 hllVAAAA   0x000825    program     static Z:\home\dell\frost\frostsieveproject\target.asm
                 hllWAAAA   0x000827    program     static Z:\home\dell\frost\frostsieveproject\target.asm
                 hllXAAAA   0x000835    program     static Z:\home\dell\frost\frostsieveproject\target.asm
            hllXAAAA_done   0x000836    program     static Z:\home\dell\frost\frostsieveproject\target.asm
                 hllZAAAA   0x00084a    program     static Z:\home\dell\frost\frostsieveproject\target.asm
                 hllABAAA   0x000855    program     static Z:\home\dell\frost\frostsieveproject\target.asm
                 hllBBAAA   0x000857    program     static Z:\home\dell\frost\frostsieveproject\target.asm
                 hllCBAAA   0x000862    program     static Z:\home\dell\frost\frostsieveproject\target.asm
                 hllDBAAA   0x000864    program     static Z:\home\dell\frost\frostsieveproject\target.asm
                 hllEBAAA   0x00086a    program     static Z:\home\dell\frost\frostsieveproject\target.asm
                 hllFBAAA   0x00086c    program     static Z:\home\dell\frost\frostsieveproject\target.asm
                 hllGBAAA   0x000873    program     static Z:\home\dell\frost\frostsieveproject\target.asm
                 hllHBAAA   0x000876    program     static Z:\home\dell\frost\frostsieveproject\target.asm
                 hllIBAAA   0x000883    program     static Z:\home\dell\frost\frostsieveproject\target.asm
                 hllJBAAA   0x000887    program     static Z:\home\dell\frost\frostsieveproject\target.asm
                 hllKBAAA   0x000890    program     static Z:\home\dell\frost\frostsieveproject\target.asm
                 hllLBAAA   0x00089a    program     static Z:\home\dell\frost\frostsieveproject\target.asm
                 hllMBAAA   0x00089b    program     static Z:\home\dell\frost\frostsieveproject\target.asm
                 hllNBAAA   0x00089d    program     static Z:\home\dell\frost\frostsieveproject\target.asm
                 hllOBAAA   0x0008a4    program     static Z:\home\dell\frost\frostsieveproject\target.asm
                 hllPBAAA   0x0008a7    program     static Z:\home\dell\frost\frostsieveproject\target.asm
                 hllQBAAA   0x0008b4    program     static Z:\home\dell\frost\frostsieveproject\target.asm
                hllJBAAAb   0x0008b8    program     static Z:\home\dell\frost\frostsieveproject\target.asm
                 hllSBAAA   0x0008c1    program     static Z:\home\dell\frost\frostsieveproject\target.asm
                 hllTBAAA   0x0008cb    program     static Z:\home\dell\frost\frostsieveproject\target.asm
                 hllUBAAA   0x0008cc    program     static Z:\home\dell\frost\frostsieveproject\target.asm
                 hllVBAAA   0x0008d1    program     static Z:\home\dell\frost\frostsieveproject\target.asm
                 hllWBAAA   0x0008d8    program     static Z:\home\dell\frost\frostsieveproject\target.asm
                 hllXBAAA   0x0008e0    program     static Z:\home\dell\frost\frostsieveproject\target.asm
                 hllYBAAA   0x0008e5    program     static Z:\home\dell\frost\frostsieveproject\target.asm
                 hllZBAAA   0x0008f2    program     static Z:\home\dell\frost\frostsieveproject\target.asm
                 hllACAAA   0x0008fc    program     static Z:\home\dell\frost\frostsieveproject\target.asm
                 hllBCAAA   0x0008fe    program     static Z:\home\dell\frost\frostsieveproject\target.asm
                 hllCCAAA   0x000908    program     static Z:\home\dell\frost\frostsieveproject\target.asm
                 hllDCAAA   0x000915    program     static Z:\home\dell\frost\frostsieveproject\target.asm
              hlluserprog   0x000916    program     static Z:\home\dell\frost\frostsieveproject\target.asm
               hllprogend   0x0009e6    program     static Z:\home\dell\frost\frostsieveproject\target.asm
                     mulf   0x0009e7    program     static Z:\home\dell\frost\frostsieveproject\target.asm
                 hllGFAAA   0x0009f3    program     static Z:\home\dell\frost\frostsieveproject\target.asm
                 hllHFAAA   0x000a08    program     static Z:\home\dell\frost\frostsieveproject\target.asm
                 hllIFAAA   0x000a1f    program     static Z:\home\dell\frost\frostsieveproject\target.asm
                 hllJFAAA   0x000a2f    program     static Z:\home\dell\frost\frostsieveproject\target.asm
                 hllKFAAA   0x000a41    program     static Z:\home\dell\frost\frostsieveproject\target.asm
                 hllLFAAA   0x000a49    program     static Z:\home\dell\frost\frostsieveproject\target.asm
                 hllMFAAA   0x000a4b    program     static Z:\home\dell\frost\frostsieveproject\target.asm
                 hllNFAAA   0x000a4e    program     static Z:\home\dell\frost\frostsieveproject\target.asm
                 hllOFAAA   0x000a57    program     static Z:\home\dell\frost\frostsieveproject\target.asm
                 hllPFAAA   0x000a5b    program     static Z:\home\dell\frost\frostsieveproject\target.asm
                 hllQFAAA   0x000a62    program     static Z:\home\dell\frost\frostsieveproject\target.asm
                 hllRFAAA   0x000a63    program     static Z:\home\dell\frost\frostsieveproject\target.asm
                 hllSFAAA   0x000a70    program     static Z:\home\dell\frost\frostsieveproject\target.asm
                 hllTFAAA   0x000a76    program     static Z:\home\dell\frost\frostsieveproject\target.asm
                     divf   0x000a8b    program     static Z:\home\dell\frost\frostsieveproject\target.asm
                 hllECAAA   0x000ab7    program     static Z:\home\dell\frost\frostsieveproject\target.asm
                 hllFCAAA   0x000ac5    program     static Z:\home\dell\frost\frostsieveproject\target.asm
                 hllGCAAA   0x000ad1    program     static Z:\home\dell\frost\frostsieveproject\target.asm
                 hllHCAAA   0x000aec    program     static Z:\home\dell\frost\frostsieveproject\target.asm
                 hllICAAA   0x000aee    program     static Z:\home\dell\frost\frostsieveproject\target.asm
                 hllJCAAA   0x000af0    program     static Z:\home\dell\frost\frostsieveproject\target.asm
                 hllKCAAA   0x000afe    program     static Z:\home\dell\frost\frostsieveproject\target.asm
                 hllLCAAA   0x000b09    program     static Z:\home\dell\frost\frostsieveproject\target.asm
                 hllMCAAA   0x000b0b    program     static Z:\home\dell\frost\frostsieveproject\target.asm
                 hllNCAAA   0x000b0d    program     static Z:\home\dell\frost\frostsieveproject\target.asm
                 hllOCAAA   0x000b0e    program     static Z:\home\dell\frost\frostsieveproject\target.asm
                 hllPCAAA   0x000b0f    program     static Z:\home\dell\frost\frostsieveproject\target.asm
                 hllQCAAA   0x000b19    program     static Z:\home\dell\frost\frostsieveproject\target.asm
                 hllRCAAA   0x000b1f    program     static Z:\home\dell\frost\frostsieveproject\target.asm
                 hllSCAAA   0x000b21    program     static Z:\home\dell\frost\frostsieveproject\target.asm
                 hllTCAAA   0x000b24    program     static Z:\home\dell\frost\frostsieveproject\target.asm
                     utof   0x000b2d    program     static Z:\home\dell\frost\frostsieveproject\target.asm
                 hllYFAAA   0x000b3c    program     static Z:\home\dell\frost\frostsieveproject\target.asm
                 hllZFAAA   0x000b4a    program     static Z:\home\dell\frost\frostsieveproject\target.asm
                 hllAGAAA   0x000b59    program     static Z:\home\dell\frost\frostsieveproject\target.asm
                 hllBGAAA   0x000b69    program     static Z:\home\dell\frost\frostsieveproject\target.asm
                 hllCGAAA   0x000b7a    program     static Z:\home\dell\frost\frostsieveproject\target.asm
                 hllDGAAA   0x000b8c    program     static Z:\home\dell\frost\frostsieveproject\target.asm
                 hllEGAAA   0x000b9f    program     static Z:\home\dell\frost\frostsieveproject\target.asm
                 hllFGAAA   0x000ba8    program     static Z:\home\dell\frost\frostsieveproject\target.asm
                 hllGGAAA   0x000bae    program     static Z:\home\dell\frost\frostsieveproject\target.asm
             isprimeinner   0x000baf    program     static Z:\home\dell\frost\frostsieveproject\target.asm
                hlllb51J8   0x000bd1    program     static Z:\home\dell\frost\frostsieveproject\target.asm
                hlllb51J6   0x000be9    program     static Z:\home\dell\frost\frostsieveproject\target.asm
                hlllb51J9   0x000bf1    program     static Z:\home\dell\frost\frostsieveproject\target.asm
                hlllb51J7   0x000bf1    program     static Z:\home\dell\frost\frostsieveproject\target.asm
                      mul   0x000bf3    program     static Z:\home\dell\frost\frostsieveproject\target.asm
          _hllkrna00_0009   0x000bfc    program     static Z:\home\dell\frost\frostsieveproject\target.asm
                    stack   0x000020       data     static Z:\home\dell\frost\frostsieveproject\target.asm
               softstack0   0x000070       data     static Z:\home\dell\frost\frostsieveproject\target.asm
               softstack1   0x000071       data     static Z:\home\dell\frost\frostsieveproject\target.asm
               softstack2   0x000072       data     static Z:\home\dell\frost\frostsieveproject\target.asm
                  alt_fsr   0x000073       data     static Z:\home\dell\frost\frostsieveproject\target.asm
                   W_Save   0x000074       data     static Z:\home\dell\frost\frostsieveproject\target.asm
              STATUS_Save   0x000075       data     static Z:\home\dell\frost\frostsieveproject\target.asm
                 FSR_Save   0x000076       data     static Z:\home\dell\frost\frostsieveproject\target.asm
                 ALT_Save   0x000077       data     static Z:\home\dell\frost\frostsieveproject\target.asm
                   in_isr   0x000078       data     static Z:\home\dell\frost\frostsieveproject\target.asm
                    pbase   0x000079       data     static Z:\home\dell\frost\frostsieveproject\target.asm
                  PC_Save   0x00007a       data     static Z:\home\dell\frost\frostsieveproject\target.asm
                 sfploc00   0x0000a0       data     static Z:\home\dell\frost\frostsieveproject\target.asm
                 sfpaux00   0x0000a1       data     static Z:\home\dell\frost\frostsieveproject\target.asm
                 sfploc01   0x0000a2       data     static Z:\home\dell\frost\frostsieveproject\target.asm
                 sfpaux01   0x0000a3       data     static Z:\home\dell\frost\frostsieveproject\target.asm
                 sfploc02   0x0000a4       data     static Z:\home\dell\frost\frostsieveproject\target.asm
                 sfpaux02   0x0000a5       data     static Z:\home\dell\frost\frostsieveproject\target.asm
                 sfploc03   0x0000a6       data     static Z:\home\dell\frost\frostsieveproject\target.asm
                 sfpaux03   0x0000a7       data     static Z:\home\dell\frost\frostsieveproject\target.asm
                 sfploc04   0x0000a8       data     static Z:\home\dell\frost\frostsieveproject\target.asm
                 sfploc05   0x0000a9       data     static Z:\home\dell\frost\frostsieveproject\target.asm
                 sfploc06   0x0000aa       data     static Z:\home\dell\frost\frostsieveproject\target.asm
                 sfploc07   0x0000ab       data     static Z:\home\dell\frost\frostsieveproject\target.asm
                 sfploc08   0x0000ac       data     static Z:\home\dell\frost\frostsieveproject\target.asm
                 sfploc09   0x0000ad       data     static Z:\home\dell\frost\frostsieveproject\target.asm
                 sfploc10   0x0000ae       data     static Z:\home\dell\frost\frostsieveproject\target.asm
                 sfploc11   0x0000af       data     static Z:\home\dell\frost\frostsieveproject\target.asm
                 sfploc12   0x0000b0       data     static Z:\home\dell\frost\frostsieveproject\target.asm
                 sfploc13   0x0000b1       data     static Z:\home\dell\frost\frostsieveproject\target.asm
                 sfploc14   0x0000b2       data     static Z:\home\dell\frost\frostsieveproject\target.asm
                 sfploc15   0x0000b3       data     static Z:\home\dell\frost\frostsieveproject\target.asm
                 sfploc16   0x0000b4       data     static Z:\home\dell\frost\frostsieveproject\target.asm
                 sfploc17   0x0000b5       data     static Z:\home\dell\frost\frostsieveproject\target.asm
                alt_stack   0x0000b6       data     static Z:\home\dell\frost\frostsieveproject\target.asm
                hllblss00   0x0000ca       data     static Z:\home\dell\frost\frostsieveproject\target.asm
                hllblss01   0x0000cb       data     static Z:\home\dell\frost\frostsieveproject\target.asm
                hllblss02   0x0000cc       data     static Z:\home\dell\frost\frostsieveproject\target.asm
                   aart00   0x0000cd       data     static Z:\home\dell\frost\frostsieveproject\target.asm
                   aart01   0x0000ce       data     static Z:\home\dell\frost\frostsieveproject\target.asm
                   aart02   0x0000cf       data     static Z:\home\dell\frost\frostsieveproject\target.asm
                 aartpr00   0x0000d0       data     static Z:\home\dell\frost\frostsieveproject\target.asm


