MPLINK 4.35, Linker
Linker Map File - Created Wed Jul 10 20:09:59 2019

                                 Section Info
                  Section       Type    Address   Location Size(Bytes)
                ---------  ---------  ---------  ---------  ---------
                   Resetv       code   0x000000    program   0x000006
                   .cinit    romdata   0x000003    program   0x000004
                hllupuser       code   0x000005    program   0x00019e
                   hlog1b       code   0x0000d4    program   0x00006e
                   hlog1a       code   0x00010b    program   0x00006e
                  hllt453       code   0x000142    program   0x00004a
                  hllt456       code   0x000167    program   0x000038
                hllkrn444       code   0x000183    program   0x00002c
                hllkrna08       code   0x000199    program   0x000022
                hllkrna05       code   0x0001aa    program   0x00001e
                hllkrna04       code   0x0001b9    program   0x00001e
                  hllt450       code   0x0001c8    program   0x00001c
                     main       code   0x0001d6    program   0x000018
                hllkrna00       code   0x0001e2    program   0x000014
                hllkrna07       code   0x0001ec    program   0x000010
                hllkrna06       code   0x0001f4    program   0x00000e
                hllkrna03       code   0x0001fb    program   0x00000e
                   hlog1h       code   0x000202    program   0x00000a
                   hlog1d       code   0x000207    program   0x00000a
                hllkrna01       code   0x00020c    program   0x00000a
                hllkrna02       code   0x000211    program   0x000006
                hllkrna11       code   0x000214    program   0x000004
                hllkrna10       code   0x000216    program   0x000004
                hllkrna09       code   0x000218    program   0x000004
    .config_8007_TARGET.O       code   0x008007    program   0x000002
    .config_8008_TARGET.O       code   0x008008    program   0x000002
                   ukrnl2      udata   0x000020       data   0x000050
                   ukrshr      udata   0x000070       data   0x000009
                 mainvars      udata   0x000079       data   0x000001
                   ukrnl3      udata   0x000220       data   0x000014
                   ukernl      udata   0x000234       data   0x000003



                              Program Memory Usage 
                               Start         End      
                           ---------   ---------      
                            0x000000    0x000219      
                            0x008007    0x008008      
            540 out of 4359 program addresses used, program memory utilization is 12%



                              Symbols - Sorted by Name
                     Name    Address   Location    Storage File                     
                ---------  ---------  ---------  --------- ---------                
          _hllkrna00_0007   0x0001e9    program     static Z:\home\dell\frost\frostalphaproject\target.asm
          _hllkrna03_0005   0x000200    program     static Z:\home\dell\frost\frostalphaproject\target.asm
          _hllkrna04_0009   0x0001c2    program     static Z:\home\dell\frost\frostalphaproject\target.asm
          _hllkrna04_000B   0x0001c4    program     static Z:\home\dell\frost\frostalphaproject\target.asm
          _hllkrna05_0009   0x0001b3    program     static Z:\home\dell\frost\frostalphaproject\target.asm
          _hllkrna05_000B   0x0001b5    program     static Z:\home\dell\frost\frostalphaproject\target.asm
                     abcs   0x0001c8    program     static Z:\home\dell\frost\frostalphaproject\target.asm
                      add   0x00020c    program     static Z:\home\dell\frost\frostalphaproject\target.asm
                     andu   0x000202    program     static Z:\home\dell\frost\frostalphaproject\target.asm
                    build   0x000142    program     static Z:\home\dell\frost\frostalphaproject\target.asm
                 clearbit   0x00010b    program     static Z:\home\dell\frost\frostalphaproject\target.asm
                  dispose   0x000214    program     static Z:\home\dell\frost\frostalphaproject\target.asm
                     divu   0x0001aa    program     static Z:\home\dell\frost\frostalphaproject\target.asm
                   dmm445   0x000193    program     static Z:\home\dell\frost\frostalphaproject\target.asm
                       eq   0x0001ec    program     static Z:\home\dell\frost\frostalphaproject\target.asm
                    getch   0x0001f4    program     static Z:\home\dell\frost\frostalphaproject\target.asm
                    geth2   0x0001f5    program     static Z:\home\dell\frost\frostalphaproject\target.asm
                 hllAAAAA   0x000115    program     static Z:\home\dell\frost\frostalphaproject\target.asm
                 hllBAAAA   0x00011b    program     static Z:\home\dell\frost\frostalphaproject\target.asm
                 hllCAAAA   0x000122    program     static Z:\home\dell\frost\frostalphaproject\target.asm
                 hllDAAAA   0x000129    program     static Z:\home\dell\frost\frostalphaproject\target.asm
                 hllEAAAA   0x000130    program     static Z:\home\dell\frost\frostalphaproject\target.asm
                 hllFAAAA   0x000137    program     static Z:\home\dell\frost\frostalphaproject\target.asm
                 hllGAAAA   0x00013e    program     static Z:\home\dell\frost\frostalphaproject\target.asm
                 hllHAAAA   0x000140    program     static Z:\home\dell\frost\frostalphaproject\target.asm
                 hllIAAAA   0x0000de    program     static Z:\home\dell\frost\frostalphaproject\target.asm
                 hllJAAAA   0x0000e4    program     static Z:\home\dell\frost\frostalphaproject\target.asm
                 hllKAAAA   0x0000eb    program     static Z:\home\dell\frost\frostalphaproject\target.asm
                 hllLAAAA   0x0000f2    program     static Z:\home\dell\frost\frostalphaproject\target.asm
                 hllMAAAA   0x0000f9    program     static Z:\home\dell\frost\frostalphaproject\target.asm
                 hllNAAAA   0x000100    program     static Z:\home\dell\frost\frostalphaproject\target.asm
                 hllOAAAA   0x000107    program     static Z:\home\dell\frost\frostalphaproject\target.asm
                 hllPAAAA   0x000109    program     static Z:\home\dell\frost\frostalphaproject\target.asm
                hlllb51J1   0x000157    program     static Z:\home\dell\frost\frostalphaproject\target.asm
                hlllb51J2   0x000165    program     static Z:\home\dell\frost\frostalphaproject\target.asm
                hlllb51J4   0x00017e    program     static Z:\home\dell\frost\frostalphaproject\target.asm
                hlllb51J5   0x000180    program     static Z:\home\dell\frost\frostalphaproject\target.asm
                hllprgen2   0x000182    program     static Z:\home\dell\frost\frostalphaproject\target.asm
               hllprogend   0x0000d3    program     static Z:\home\dell\frost\frostalphaproject\target.asm
              hlluserprog   0x000005    program     static Z:\home\dell\frost\frostalphaproject\target.asm
                   hloego   0x0001d6    program     static Z:\home\dell\frost\frostalphaproject\target.asm
                     kpop   0x000218    program     static Z:\home\dell\frost\frostalphaproject\target.asm
                    kpush   0x000216    program     static Z:\home\dell\frost\frostalphaproject\target.asm
                   kspox5   0x00018a    program     static Z:\home\dell\frost\frostalphaproject\target.asm
                     modu   0x0001b9    program     static Z:\home\dell\frost\frostalphaproject\target.asm
                      mul   0x0001e2    program     static Z:\home\dell\frost\frostalphaproject\target.asm
                    negti   0x000211    program     static Z:\home\dell\frost\frostalphaproject\target.asm
                      oru   0x000207    program     static Z:\home\dell\frost\frostalphaproject\target.asm
                     parm   0x000199    program     static Z:\home\dell\frost\frostalphaproject\target.asm
                  printch   0x0001fb    program     static Z:\home\dell\frost\frostalphaproject\target.asm
                     pstr   0x000167    program     static Z:\home\dell\frost\frostalphaproject\target.asm
                 safepush   0x000183    program     static Z:\home\dell\frost\frostalphaproject\target.asm
                   setbit   0x0000d4    program     static Z:\home\dell\frost\frostalphaproject\target.asm
                  sperr11   0x000191    program     static Z:\home\dell\frost\frostalphaproject\target.asm
                 ALT_Save   0x000077       data     static Z:\home\dell\frost\frostalphaproject\target.asm
                 FSR_Save   0x000076       data     static Z:\home\dell\frost\frostalphaproject\target.asm
              STATUS_Save   0x000075       data     static Z:\home\dell\frost\frostalphaproject\target.asm
                   W_Save   0x000074       data     static Z:\home\dell\frost\frostalphaproject\target.asm
                  alt_fsr   0x000073       data     static Z:\home\dell\frost\frostalphaproject\target.asm
                alt_stack   0x000220       data     static Z:\home\dell\frost\frostalphaproject\target.asm
                hllblss00   0x000234       data     static Z:\home\dell\frost\frostalphaproject\target.asm
                hllblss01   0x000235       data     static Z:\home\dell\frost\frostalphaproject\target.asm
                hllblss02   0x000236       data     static Z:\home\dell\frost\frostalphaproject\target.asm
                   in_isr   0x000078       data     static Z:\home\dell\frost\frostalphaproject\target.asm
                    pbase   0x000079       data     static Z:\home\dell\frost\frostalphaproject\target.asm
               softstack0   0x000070       data     static Z:\home\dell\frost\frostalphaproject\target.asm
               softstack1   0x000071       data     static Z:\home\dell\frost\frostalphaproject\target.asm
               softstack2   0x000072       data     static Z:\home\dell\frost\frostalphaproject\target.asm
                    stack   0x000020       data     static Z:\home\dell\frost\frostalphaproject\target.asm



                              Symbols - Sorted by Address
                     Name    Address   Location    Storage File                     
                ---------  ---------  ---------  --------- ---------                
              hlluserprog   0x000005    program     static Z:\home\dell\frost\frostalphaproject\target.asm
               hllprogend   0x0000d3    program     static Z:\home\dell\frost\frostalphaproject\target.asm
                   setbit   0x0000d4    program     static Z:\home\dell\frost\frostalphaproject\target.asm
                 hllIAAAA   0x0000de    program     static Z:\home\dell\frost\frostalphaproject\target.asm
                 hllJAAAA   0x0000e4    program     static Z:\home\dell\frost\frostalphaproject\target.asm
                 hllKAAAA   0x0000eb    program     static Z:\home\dell\frost\frostalphaproject\target.asm
                 hllLAAAA   0x0000f2    program     static Z:\home\dell\frost\frostalphaproject\target.asm
                 hllMAAAA   0x0000f9    program     static Z:\home\dell\frost\frostalphaproject\target.asm
                 hllNAAAA   0x000100    program     static Z:\home\dell\frost\frostalphaproject\target.asm
                 hllOAAAA   0x000107    program     static Z:\home\dell\frost\frostalphaproject\target.asm
                 hllPAAAA   0x000109    program     static Z:\home\dell\frost\frostalphaproject\target.asm
                 clearbit   0x00010b    program     static Z:\home\dell\frost\frostalphaproject\target.asm
                 hllAAAAA   0x000115    program     static Z:\home\dell\frost\frostalphaproject\target.asm
                 hllBAAAA   0x00011b    program     static Z:\home\dell\frost\frostalphaproject\target.asm
                 hllCAAAA   0x000122    program     static Z:\home\dell\frost\frostalphaproject\target.asm
                 hllDAAAA   0x000129    program     static Z:\home\dell\frost\frostalphaproject\target.asm
                 hllEAAAA   0x000130    program     static Z:\home\dell\frost\frostalphaproject\target.asm
                 hllFAAAA   0x000137    program     static Z:\home\dell\frost\frostalphaproject\target.asm
                 hllGAAAA   0x00013e    program     static Z:\home\dell\frost\frostalphaproject\target.asm
                 hllHAAAA   0x000140    program     static Z:\home\dell\frost\frostalphaproject\target.asm
                    build   0x000142    program     static Z:\home\dell\frost\frostalphaproject\target.asm
                hlllb51J1   0x000157    program     static Z:\home\dell\frost\frostalphaproject\target.asm
                hlllb51J2   0x000165    program     static Z:\home\dell\frost\frostalphaproject\target.asm
                     pstr   0x000167    program     static Z:\home\dell\frost\frostalphaproject\target.asm
                hlllb51J4   0x00017e    program     static Z:\home\dell\frost\frostalphaproject\target.asm
                hlllb51J5   0x000180    program     static Z:\home\dell\frost\frostalphaproject\target.asm
                hllprgen2   0x000182    program     static Z:\home\dell\frost\frostalphaproject\target.asm
                 safepush   0x000183    program     static Z:\home\dell\frost\frostalphaproject\target.asm
                   kspox5   0x00018a    program     static Z:\home\dell\frost\frostalphaproject\target.asm
                  sperr11   0x000191    program     static Z:\home\dell\frost\frostalphaproject\target.asm
                   dmm445   0x000193    program     static Z:\home\dell\frost\frostalphaproject\target.asm
                     parm   0x000199    program     static Z:\home\dell\frost\frostalphaproject\target.asm
                     divu   0x0001aa    program     static Z:\home\dell\frost\frostalphaproject\target.asm
          _hllkrna05_0009   0x0001b3    program     static Z:\home\dell\frost\frostalphaproject\target.asm
          _hllkrna05_000B   0x0001b5    program     static Z:\home\dell\frost\frostalphaproject\target.asm
                     modu   0x0001b9    program     static Z:\home\dell\frost\frostalphaproject\target.asm
          _hllkrna04_0009   0x0001c2    program     static Z:\home\dell\frost\frostalphaproject\target.asm
          _hllkrna04_000B   0x0001c4    program     static Z:\home\dell\frost\frostalphaproject\target.asm
                     abcs   0x0001c8    program     static Z:\home\dell\frost\frostalphaproject\target.asm
                   hloego   0x0001d6    program     static Z:\home\dell\frost\frostalphaproject\target.asm
                      mul   0x0001e2    program     static Z:\home\dell\frost\frostalphaproject\target.asm
          _hllkrna00_0007   0x0001e9    program     static Z:\home\dell\frost\frostalphaproject\target.asm
                       eq   0x0001ec    program     static Z:\home\dell\frost\frostalphaproject\target.asm
                    getch   0x0001f4    program     static Z:\home\dell\frost\frostalphaproject\target.asm
                    geth2   0x0001f5    program     static Z:\home\dell\frost\frostalphaproject\target.asm
                  printch   0x0001fb    program     static Z:\home\dell\frost\frostalphaproject\target.asm
          _hllkrna03_0005   0x000200    program     static Z:\home\dell\frost\frostalphaproject\target.asm
                     andu   0x000202    program     static Z:\home\dell\frost\frostalphaproject\target.asm
                      oru   0x000207    program     static Z:\home\dell\frost\frostalphaproject\target.asm
                      add   0x00020c    program     static Z:\home\dell\frost\frostalphaproject\target.asm
                    negti   0x000211    program     static Z:\home\dell\frost\frostalphaproject\target.asm
                  dispose   0x000214    program     static Z:\home\dell\frost\frostalphaproject\target.asm
                    kpush   0x000216    program     static Z:\home\dell\frost\frostalphaproject\target.asm
                     kpop   0x000218    program     static Z:\home\dell\frost\frostalphaproject\target.asm
                    stack   0x000020       data     static Z:\home\dell\frost\frostalphaproject\target.asm
               softstack0   0x000070       data     static Z:\home\dell\frost\frostalphaproject\target.asm
               softstack1   0x000071       data     static Z:\home\dell\frost\frostalphaproject\target.asm
               softstack2   0x000072       data     static Z:\home\dell\frost\frostalphaproject\target.asm
                  alt_fsr   0x000073       data     static Z:\home\dell\frost\frostalphaproject\target.asm
                   W_Save   0x000074       data     static Z:\home\dell\frost\frostalphaproject\target.asm
              STATUS_Save   0x000075       data     static Z:\home\dell\frost\frostalphaproject\target.asm
                 FSR_Save   0x000076       data     static Z:\home\dell\frost\frostalphaproject\target.asm
                 ALT_Save   0x000077       data     static Z:\home\dell\frost\frostalphaproject\target.asm
                   in_isr   0x000078       data     static Z:\home\dell\frost\frostalphaproject\target.asm
                    pbase   0x000079       data     static Z:\home\dell\frost\frostalphaproject\target.asm
                alt_stack   0x000220       data     static Z:\home\dell\frost\frostalphaproject\target.asm
                hllblss00   0x000234       data     static Z:\home\dell\frost\frostalphaproject\target.asm
                hllblss01   0x000235       data     static Z:\home\dell\frost\frostalphaproject\target.asm
                hllblss02   0x000236       data     static Z:\home\dell\frost\frostalphaproject\target.asm


