MPLINK 4.35, Linker
Linker Map File - Created Thu Jul 18 19:37:12 2019

                                 Section Info
                  Section       Type    Address   Location Size(Bytes)
                ---------  ---------  ---------  ---------  ---------
                   Resetv       code   0x000000    program   0x000006
                    vectr       code   0x000004    program   0x00009c
                   .cinit    romdata   0x000052    program   0x000004
                hllupuser       code   0x000054    program   0x00011e
                   hlog1b       code   0x0000e3    program   0x0000e2
                   hlog1a       code   0x000154    program   0x0000e2
                hllkrna08       code   0x0001c5    program   0x000048
                hllkrna05       code   0x0001e9    program   0x000042
                hllkrna04       code   0x00020a    program   0x000042
                hllkrna00       code   0x00022b    program   0x00002e
                hllkrn444       code   0x000242    program   0x00002c
                     main       code   0x000258    program   0x000018
                hllkrna03       code   0x000264    program   0x000014
                hllkrna07       code   0x00026e    program   0x000010
                hllkrna06       code   0x000276    program   0x00000e
                   hlog1h       code   0x00027d    program   0x00000a
                   hlog1d       code   0x000282    program   0x00000a
                hllkrna01       code   0x000287    program   0x00000a
                hllkrna02       code   0x00028c    program   0x000006
                hllkrna11       code   0x00028f    program   0x000004
                hllkrna10       code   0x000291    program   0x000004
                hllkrna09       code   0x000293    program   0x000004
    .config_8007_TARGET.O       code   0x008007    program   0x000002
    .config_8008_TARGET.O       code   0x008008    program   0x000002
                   ukrnl2      udata   0x000020       data   0x000050
                   ukrshr      udata   0x000070       data   0x00000c
                 mainvars      udata   0x00007c       data   0x000002
                   ukrnl3      udata   0x000220       data   0x000014
                   ukernl      udata   0x000234       data   0x000006
              hllv2scaler      udata   0x00023a       data   0x000001
                hllv2bval      udata   0x00023b       data   0x000001



                              Program Memory Usage 
                               Start         End      
                           ---------   ---------      
                            0x000000    0x000002      
                            0x000004    0x000294      
                            0x008007    0x008008      
            662 out of 4359 program addresses used, program memory utilization is 15%



                              Symbols - Sorted by Name
                     Name    Address   Location    Storage File                     
                ---------  ---------  ---------  --------- ---------                
                  ExitISR   0x000050    program     static Z:\home\dell\frost\frostrelayproject\target.asm
                      ISR   0x000004    program     static Z:\home\dell\frost\frostrelayproject\target.asm
          _hllkrna00_000A   0x000235    program     static Z:\home\dell\frost\frostrelayproject\target.asm
          _hllkrna00_0014   0x00023f    program     static Z:\home\dell\frost\frostrelayproject\target.asm
          _hllkrna03_0003   0x000267    program     static Z:\home\dell\frost\frostrelayproject\target.asm
          _hllkrna03_0008   0x00026c    program     static Z:\home\dell\frost\frostrelayproject\target.asm
          _hllkrna04_000C   0x000216    program     static Z:\home\dell\frost\frostrelayproject\target.asm
          _hllkrna04_000E   0x000218    program     static Z:\home\dell\frost\frostrelayproject\target.asm
          _hllkrna04_001B   0x000225    program     static Z:\home\dell\frost\frostrelayproject\target.asm
          _hllkrna04_001D   0x000227    program     static Z:\home\dell\frost\frostrelayproject\target.asm
          _hllkrna05_000C   0x0001f5    program     static Z:\home\dell\frost\frostrelayproject\target.asm
          _hllkrna05_000E   0x0001f7    program     static Z:\home\dell\frost\frostrelayproject\target.asm
          _hllkrna05_001B   0x000204    program     static Z:\home\dell\frost\frostrelayproject\target.asm
          _hllkrna05_001D   0x000206    program     static Z:\home\dell\frost\frostrelayproject\target.asm
                      add   0x000287    program     static Z:\home\dell\frost\frostrelayproject\target.asm
                     andu   0x00027d    program     static Z:\home\dell\frost\frostrelayproject\target.asm
                 clearbit   0x000154    program     static Z:\home\dell\frost\frostrelayproject\target.asm
                clearbit0   0x00018e    program     static Z:\home\dell\frost\frostrelayproject\target.asm
                  dispose   0x00028f    program     static Z:\home\dell\frost\frostrelayproject\target.asm
                     divu   0x0001e9    program     static Z:\home\dell\frost\frostrelayproject\target.asm
                    divu0   0x0001fb    program     static Z:\home\dell\frost\frostrelayproject\target.asm
                   dmm445   0x000252    program     static Z:\home\dell\frost\frostrelayproject\target.asm
                       eq   0x00026e    program     static Z:\home\dell\frost\frostrelayproject\target.asm
                    getch   0x000276    program     static Z:\home\dell\frost\frostrelayproject\target.asm
                    geth2   0x000277    program     static Z:\home\dell\frost\frostrelayproject\target.asm
                 hllAAAAA   0x000198    program     static Z:\home\dell\frost\frostrelayproject\target.asm
                 hllBAAAA   0x00019e    program     static Z:\home\dell\frost\frostrelayproject\target.asm
                 hllCAAAA   0x0001a5    program     static Z:\home\dell\frost\frostrelayproject\target.asm
                 hllDAAAA   0x0001ac    program     static Z:\home\dell\frost\frostrelayproject\target.asm
                 hllEAAAA   0x0001b3    program     static Z:\home\dell\frost\frostrelayproject\target.asm
                 hllFAAAA   0x0001ba    program     static Z:\home\dell\frost\frostrelayproject\target.asm
                 hllGAAAA   0x0001c1    program     static Z:\home\dell\frost\frostrelayproject\target.asm
                 hllHAAAA   0x0001c3    program     static Z:\home\dell\frost\frostrelayproject\target.asm
                 hllIAAAA   0x000127    program     static Z:\home\dell\frost\frostrelayproject\target.asm
                 hllJAAAA   0x00012d    program     static Z:\home\dell\frost\frostrelayproject\target.asm
                 hllKAAAA   0x000134    program     static Z:\home\dell\frost\frostrelayproject\target.asm
                 hllLAAAA   0x00013b    program     static Z:\home\dell\frost\frostrelayproject\target.asm
                 hllMAAAA   0x000142    program     static Z:\home\dell\frost\frostrelayproject\target.asm
                 hllNAAAA   0x000149    program     static Z:\home\dell\frost\frostrelayproject\target.asm
                 hllOAAAA   0x000150    program     static Z:\home\dell\frost\frostrelayproject\target.asm
                 hllPAAAA   0x000152    program     static Z:\home\dell\frost\frostrelayproject\target.asm
                hlllb51J0   0x000050    program     static Z:\home\dell\frost\frostrelayproject\target.asm
                hlllb51J1   0x000050    program     static Z:\home\dell\frost\frostrelayproject\target.asm
              hllnotisr49   0x000050    program     static Z:\home\dell\frost\frostrelayproject\target.asm
                hllprgen2   0x0000e2    program     static Z:\home\dell\frost\frostrelayproject\target.asm
               hllprogend   0x0000e1    program     static Z:\home\dell\frost\frostrelayproject\target.asm
              hlluserprog   0x000054    program     static Z:\home\dell\frost\frostrelayproject\target.asm
                   hloego   0x000258    program     static Z:\home\dell\frost\frostrelayproject\target.asm
                     kpop   0x000293    program     static Z:\home\dell\frost\frostrelayproject\target.asm
                    kpush   0x000291    program     static Z:\home\dell\frost\frostrelayproject\target.asm
                   kspox5   0x000249    program     static Z:\home\dell\frost\frostrelayproject\target.asm
                     modu   0x00020a    program     static Z:\home\dell\frost\frostrelayproject\target.asm
                    modu0   0x00021c    program     static Z:\home\dell\frost\frostrelayproject\target.asm
                      mul   0x00022b    program     static Z:\home\dell\frost\frostrelayproject\target.asm
                     mul0   0x000238    program     static Z:\home\dell\frost\frostrelayproject\target.asm
                    negti   0x00028c    program     static Z:\home\dell\frost\frostrelayproject\target.asm
                      oru   0x000282    program     static Z:\home\dell\frost\frostrelayproject\target.asm
                     parm   0x0001c5    program     static Z:\home\dell\frost\frostrelayproject\target.asm
                    parm4   0x0001d9    program     static Z:\home\dell\frost\frostrelayproject\target.asm
                  printch   0x000264    program     static Z:\home\dell\frost\frostrelayproject\target.asm
                 safepush   0x000242    program     static Z:\home\dell\frost\frostrelayproject\target.asm
                   setbit   0x0000e3    program     static Z:\home\dell\frost\frostrelayproject\target.asm
                  setbit0   0x00011d    program     static Z:\home\dell\frost\frostrelayproject\target.asm
                  sperr11   0x000250    program     static Z:\home\dell\frost\frostrelayproject\target.asm
                   tcf00h   0x0000f0    program     static Z:\home\dell\frost\frostrelayproject\target.asm
                   tcf01h   0x0000f6    program     static Z:\home\dell\frost\frostrelayproject\target.asm
                   tcf02h   0x0000fd    program     static Z:\home\dell\frost\frostrelayproject\target.asm
                   tcf03h   0x000104    program     static Z:\home\dell\frost\frostrelayproject\target.asm
                   tcf04h   0x00010b    program     static Z:\home\dell\frost\frostrelayproject\target.asm
                   tcf05h   0x000112    program     static Z:\home\dell\frost\frostrelayproject\target.asm
                   tcf07h   0x000119    program     static Z:\home\dell\frost\frostrelayproject\target.asm
                   tcf99h   0x00011b    program     static Z:\home\dell\frost\frostrelayproject\target.asm
                   tff00h   0x000161    program     static Z:\home\dell\frost\frostrelayproject\target.asm
                   tff01h   0x000167    program     static Z:\home\dell\frost\frostrelayproject\target.asm
                   tff02h   0x00016e    program     static Z:\home\dell\frost\frostrelayproject\target.asm
                   tff03h   0x000175    program     static Z:\home\dell\frost\frostrelayproject\target.asm
                   tff04h   0x00017c    program     static Z:\home\dell\frost\frostrelayproject\target.asm
                   tff05h   0x000183    program     static Z:\home\dell\frost\frostrelayproject\target.asm
                   tff07h   0x00018a    program     static Z:\home\dell\frost\frostrelayproject\target.asm
                   tff99h   0x00018c    program     static Z:\home\dell\frost\frostrelayproject\target.asm
                 ALT_Save   0x00007a       data     static Z:\home\dell\frost\frostrelayproject\target.asm
                 FSR_Save   0x000079       data     static Z:\home\dell\frost\frostrelayproject\target.asm
              STATUS_Save   0x000078       data     static Z:\home\dell\frost\frostrelayproject\target.asm
                   W_Save   0x000077       data     static Z:\home\dell\frost\frostrelayproject\target.asm
                  alt_fsr   0x000076       data     static Z:\home\dell\frost\frostrelayproject\target.asm
                alt_stack   0x000220       data     static Z:\home\dell\frost\frostrelayproject\target.asm
                hllblss00   0x000234       data     static Z:\home\dell\frost\frostrelayproject\target.asm
             hllblss00isr   0x000235       data     static Z:\home\dell\frost\frostrelayproject\target.asm
                hllblss01   0x000236       data     static Z:\home\dell\frost\frostrelayproject\target.asm
             hllblss01isr   0x000237       data     static Z:\home\dell\frost\frostrelayproject\target.asm
                hllblss02   0x000238       data     static Z:\home\dell\frost\frostrelayproject\target.asm
             hllblss02isr   0x000239       data     static Z:\home\dell\frost\frostrelayproject\target.asm
                 hllbvall   0x00023b       data     static Z:\home\dell\frost\frostrelayproject\target.asm
               hllscalerl   0x00023a       data     static Z:\home\dell\frost\frostrelayproject\target.asm
                   in_isr   0x00007b       data     static Z:\home\dell\frost\frostrelayproject\target.asm
                    pbase   0x00007c       data     static Z:\home\dell\frost\frostrelayproject\target.asm
                 pbaseisr   0x00007d       data     static Z:\home\dell\frost\frostrelayproject\target.asm
               softstack0   0x000070       data     static Z:\home\dell\frost\frostrelayproject\target.asm
            softstack0isr   0x000071       data     static Z:\home\dell\frost\frostrelayproject\target.asm
               softstack1   0x000072       data     static Z:\home\dell\frost\frostrelayproject\target.asm
            softstack1isr   0x000073       data     static Z:\home\dell\frost\frostrelayproject\target.asm
               softstack2   0x000074       data     static Z:\home\dell\frost\frostrelayproject\target.asm
            softstack2isr   0x000075       data     static Z:\home\dell\frost\frostrelayproject\target.asm
                    stack   0x000020       data     static Z:\home\dell\frost\frostrelayproject\target.asm



                              Symbols - Sorted by Address
                     Name    Address   Location    Storage File                     
                ---------  ---------  ---------  --------- ---------                
                      ISR   0x000004    program     static Z:\home\dell\frost\frostrelayproject\target.asm
                  ExitISR   0x000050    program     static Z:\home\dell\frost\frostrelayproject\target.asm
                hlllb51J0   0x000050    program     static Z:\home\dell\frost\frostrelayproject\target.asm
                hlllb51J1   0x000050    program     static Z:\home\dell\frost\frostrelayproject\target.asm
              hllnotisr49   0x000050    program     static Z:\home\dell\frost\frostrelayproject\target.asm
              hlluserprog   0x000054    program     static Z:\home\dell\frost\frostrelayproject\target.asm
               hllprogend   0x0000e1    program     static Z:\home\dell\frost\frostrelayproject\target.asm
                hllprgen2   0x0000e2    program     static Z:\home\dell\frost\frostrelayproject\target.asm
                   setbit   0x0000e3    program     static Z:\home\dell\frost\frostrelayproject\target.asm
                   tcf00h   0x0000f0    program     static Z:\home\dell\frost\frostrelayproject\target.asm
                   tcf01h   0x0000f6    program     static Z:\home\dell\frost\frostrelayproject\target.asm
                   tcf02h   0x0000fd    program     static Z:\home\dell\frost\frostrelayproject\target.asm
                   tcf03h   0x000104    program     static Z:\home\dell\frost\frostrelayproject\target.asm
                   tcf04h   0x00010b    program     static Z:\home\dell\frost\frostrelayproject\target.asm
                   tcf05h   0x000112    program     static Z:\home\dell\frost\frostrelayproject\target.asm
                   tcf07h   0x000119    program     static Z:\home\dell\frost\frostrelayproject\target.asm
                   tcf99h   0x00011b    program     static Z:\home\dell\frost\frostrelayproject\target.asm
                  setbit0   0x00011d    program     static Z:\home\dell\frost\frostrelayproject\target.asm
                 hllIAAAA   0x000127    program     static Z:\home\dell\frost\frostrelayproject\target.asm
                 hllJAAAA   0x00012d    program     static Z:\home\dell\frost\frostrelayproject\target.asm
                 hllKAAAA   0x000134    program     static Z:\home\dell\frost\frostrelayproject\target.asm
                 hllLAAAA   0x00013b    program     static Z:\home\dell\frost\frostrelayproject\target.asm
                 hllMAAAA   0x000142    program     static Z:\home\dell\frost\frostrelayproject\target.asm
                 hllNAAAA   0x000149    program     static Z:\home\dell\frost\frostrelayproject\target.asm
                 hllOAAAA   0x000150    program     static Z:\home\dell\frost\frostrelayproject\target.asm
                 hllPAAAA   0x000152    program     static Z:\home\dell\frost\frostrelayproject\target.asm
                 clearbit   0x000154    program     static Z:\home\dell\frost\frostrelayproject\target.asm
                   tff00h   0x000161    program     static Z:\home\dell\frost\frostrelayproject\target.asm
                   tff01h   0x000167    program     static Z:\home\dell\frost\frostrelayproject\target.asm
                   tff02h   0x00016e    program     static Z:\home\dell\frost\frostrelayproject\target.asm
                   tff03h   0x000175    program     static Z:\home\dell\frost\frostrelayproject\target.asm
                   tff04h   0x00017c    program     static Z:\home\dell\frost\frostrelayproject\target.asm
                   tff05h   0x000183    program     static Z:\home\dell\frost\frostrelayproject\target.asm
                   tff07h   0x00018a    program     static Z:\home\dell\frost\frostrelayproject\target.asm
                   tff99h   0x00018c    program     static Z:\home\dell\frost\frostrelayproject\target.asm
                clearbit0   0x00018e    program     static Z:\home\dell\frost\frostrelayproject\target.asm
                 hllAAAAA   0x000198    program     static Z:\home\dell\frost\frostrelayproject\target.asm
                 hllBAAAA   0x00019e    program     static Z:\home\dell\frost\frostrelayproject\target.asm
                 hllCAAAA   0x0001a5    program     static Z:\home\dell\frost\frostrelayproject\target.asm
                 hllDAAAA   0x0001ac    program     static Z:\home\dell\frost\frostrelayproject\target.asm
                 hllEAAAA   0x0001b3    program     static Z:\home\dell\frost\frostrelayproject\target.asm
                 hllFAAAA   0x0001ba    program     static Z:\home\dell\frost\frostrelayproject\target.asm
                 hllGAAAA   0x0001c1    program     static Z:\home\dell\frost\frostrelayproject\target.asm
                 hllHAAAA   0x0001c3    program     static Z:\home\dell\frost\frostrelayproject\target.asm
                     parm   0x0001c5    program     static Z:\home\dell\frost\frostrelayproject\target.asm
                    parm4   0x0001d9    program     static Z:\home\dell\frost\frostrelayproject\target.asm
                     divu   0x0001e9    program     static Z:\home\dell\frost\frostrelayproject\target.asm
          _hllkrna05_000C   0x0001f5    program     static Z:\home\dell\frost\frostrelayproject\target.asm
          _hllkrna05_000E   0x0001f7    program     static Z:\home\dell\frost\frostrelayproject\target.asm
                    divu0   0x0001fb    program     static Z:\home\dell\frost\frostrelayproject\target.asm
          _hllkrna05_001B   0x000204    program     static Z:\home\dell\frost\frostrelayproject\target.asm
          _hllkrna05_001D   0x000206    program     static Z:\home\dell\frost\frostrelayproject\target.asm
                     modu   0x00020a    program     static Z:\home\dell\frost\frostrelayproject\target.asm
          _hllkrna04_000C   0x000216    program     static Z:\home\dell\frost\frostrelayproject\target.asm
          _hllkrna04_000E   0x000218    program     static Z:\home\dell\frost\frostrelayproject\target.asm
                    modu0   0x00021c    program     static Z:\home\dell\frost\frostrelayproject\target.asm
          _hllkrna04_001B   0x000225    program     static Z:\home\dell\frost\frostrelayproject\target.asm
          _hllkrna04_001D   0x000227    program     static Z:\home\dell\frost\frostrelayproject\target.asm
                      mul   0x00022b    program     static Z:\home\dell\frost\frostrelayproject\target.asm
          _hllkrna00_000A   0x000235    program     static Z:\home\dell\frost\frostrelayproject\target.asm
                     mul0   0x000238    program     static Z:\home\dell\frost\frostrelayproject\target.asm
          _hllkrna00_0014   0x00023f    program     static Z:\home\dell\frost\frostrelayproject\target.asm
                 safepush   0x000242    program     static Z:\home\dell\frost\frostrelayproject\target.asm
                   kspox5   0x000249    program     static Z:\home\dell\frost\frostrelayproject\target.asm
                  sperr11   0x000250    program     static Z:\home\dell\frost\frostrelayproject\target.asm
                   dmm445   0x000252    program     static Z:\home\dell\frost\frostrelayproject\target.asm
                   hloego   0x000258    program     static Z:\home\dell\frost\frostrelayproject\target.asm
                  printch   0x000264    program     static Z:\home\dell\frost\frostrelayproject\target.asm
          _hllkrna03_0003   0x000267    program     static Z:\home\dell\frost\frostrelayproject\target.asm
          _hllkrna03_0008   0x00026c    program     static Z:\home\dell\frost\frostrelayproject\target.asm
                       eq   0x00026e    program     static Z:\home\dell\frost\frostrelayproject\target.asm
                    getch   0x000276    program     static Z:\home\dell\frost\frostrelayproject\target.asm
                    geth2   0x000277    program     static Z:\home\dell\frost\frostrelayproject\target.asm
                     andu   0x00027d    program     static Z:\home\dell\frost\frostrelayproject\target.asm
                      oru   0x000282    program     static Z:\home\dell\frost\frostrelayproject\target.asm
                      add   0x000287    program     static Z:\home\dell\frost\frostrelayproject\target.asm
                    negti   0x00028c    program     static Z:\home\dell\frost\frostrelayproject\target.asm
                  dispose   0x00028f    program     static Z:\home\dell\frost\frostrelayproject\target.asm
                    kpush   0x000291    program     static Z:\home\dell\frost\frostrelayproject\target.asm
                     kpop   0x000293    program     static Z:\home\dell\frost\frostrelayproject\target.asm
                    stack   0x000020       data     static Z:\home\dell\frost\frostrelayproject\target.asm
               softstack0   0x000070       data     static Z:\home\dell\frost\frostrelayproject\target.asm
            softstack0isr   0x000071       data     static Z:\home\dell\frost\frostrelayproject\target.asm
               softstack1   0x000072       data     static Z:\home\dell\frost\frostrelayproject\target.asm
            softstack1isr   0x000073       data     static Z:\home\dell\frost\frostrelayproject\target.asm
               softstack2   0x000074       data     static Z:\home\dell\frost\frostrelayproject\target.asm
            softstack2isr   0x000075       data     static Z:\home\dell\frost\frostrelayproject\target.asm
                  alt_fsr   0x000076       data     static Z:\home\dell\frost\frostrelayproject\target.asm
                   W_Save   0x000077       data     static Z:\home\dell\frost\frostrelayproject\target.asm
              STATUS_Save   0x000078       data     static Z:\home\dell\frost\frostrelayproject\target.asm
                 FSR_Save   0x000079       data     static Z:\home\dell\frost\frostrelayproject\target.asm
                 ALT_Save   0x00007a       data     static Z:\home\dell\frost\frostrelayproject\target.asm
                   in_isr   0x00007b       data     static Z:\home\dell\frost\frostrelayproject\target.asm
                    pbase   0x00007c       data     static Z:\home\dell\frost\frostrelayproject\target.asm
                 pbaseisr   0x00007d       data     static Z:\home\dell\frost\frostrelayproject\target.asm
                alt_stack   0x000220       data     static Z:\home\dell\frost\frostrelayproject\target.asm
                hllblss00   0x000234       data     static Z:\home\dell\frost\frostrelayproject\target.asm
             hllblss00isr   0x000235       data     static Z:\home\dell\frost\frostrelayproject\target.asm
                hllblss01   0x000236       data     static Z:\home\dell\frost\frostrelayproject\target.asm
             hllblss01isr   0x000237       data     static Z:\home\dell\frost\frostrelayproject\target.asm
                hllblss02   0x000238       data     static Z:\home\dell\frost\frostrelayproject\target.asm
             hllblss02isr   0x000239       data     static Z:\home\dell\frost\frostrelayproject\target.asm
               hllscalerl   0x00023a       data     static Z:\home\dell\frost\frostrelayproject\target.asm
                 hllbvall   0x00023b       data     static Z:\home\dell\frost\frostrelayproject\target.asm


