MPLINK 4.37, Linker
Linker Map File - Created Sat Feb 02 15:45:48 2013

                                 Section Info
                  Section       Type    Address   Location Size(Bytes)
                ---------  ---------  ---------  ---------  ---------
                   Resetv       code   0x000000    program   0x000006
                    vectr       code   0x000004    program   0x000068
                   .cinit    romdata   0x000038    program   0x000004
                hllupuser       code   0x00003a    program   0x0003d6
                 hllt4558       code   0x000225    program   0x000306
                 hllt4525       code   0x0003a8    program   0x0000aa
                hllkrna02       code   0x0003fd    program   0x000006
                 hllt4547       code   0x000400    program   0x00011c
                  ansiarb       code   0x00048e    program   0x00010a
                  sfp_uto       code   0x000513    program   0x000104
                   hlog1b       code   0x000595    program   0x0000f2
                   hlog1a       code   0x00060e    program   0x0000f2
                 hllt4520       code   0x000687    program   0x0000aa
                 hllt4515       code   0x0006dc    program   0x0000aa
                 hllt4510       code   0x000731    program   0x0000aa
                  hllt459       code   0x000786    program   0x000098
                hllcmppic       code   0x0007d2    program   0x000056
                hllkrna11       code   0x0007fd    program   0x000004
                 hllt4546       code   0x000800    program   0x00025c
                  sfp_add       code   0x00092e    program   0x00022c
                  sfp_mul       code   0x000a44    program   0x000148
                  sfp_div       code   0x000ae8    program   0x000144
                   sfp_gt       code   0x000b8a    program   0x0000dc
                   hlog1h       code   0x000bf8    program   0x00000e
                  ansiard       code   0x000c00    program   0x000090
                hllkrna08       code   0x000c48    program   0x000086
                  cprntuc       code   0x000c8b    program   0x000084
                  sfp_tou       code   0x000ccd    program   0x00007c
                   hlpal1       code   0x000d0b    program   0x00007a
                   hlpa22       code   0x000d48    program   0x00007a
                 hllt4529       code   0x000d85    program   0x000060
                 hllt4524       code   0x000db5    program   0x000060
                 hllt4519       code   0x000de5    program   0x000060
                 hllt4514       code   0x000e15    program   0x000060
                hllkrna05       code   0x000e45    program   0x000052
                hllkrna04       code   0x000e6e    program   0x000052
                hllkrna09       code   0x000e97    program   0x000042
                hllkrna10       code   0x000eb8    program   0x00003e
                hllkrna00       code   0x000ed7    program   0x000036
                hllkrn444       code   0x000ef2    program   0x000030
                 hllt4561       code   0x000f0a    program   0x000028
                  hllt458       code   0x000f1e    program   0x000026
                 hllt4526       code   0x000f31    program   0x00001c
                 hllt4521       code   0x000f3f    program   0x00001c
                 hllt4516       code   0x000f4d    program   0x00001c
                 hllt4511       code   0x000f5b    program   0x00001c
                hllkrna03       code   0x000f69    program   0x00001c
                hllkrna07       code   0x000f77    program   0x000014
                hllkrna06       code   0x000f81    program   0x000014
                     main       code   0x000f8b    program   0x000012
                hllkrna01       code   0x000f94    program   0x00000e
    .config_2007_TARGET.O       code   0x002007    program   0x000002
                   ukrnl3      udata   0x000020       data   0x000050
                   ukrshr      udata   0x000070       data   0x00000c
                 mainvars      udata   0x00007c       data   0x000003
                   ukrnl2      udata   0x0000a0       data   0x000050
                     sfpu      udata   0x000120       data   0x000016
                   ukernl      udata   0x000136       data   0x000006
                  ansiadt      udata   0x00013c       data   0x000003
            hllv2wasnight      udata   0x00013f       data   0x000001
                 hllv2cnt      udata   0x000140       data   0x000001
                  ansiadu      udata   0x000141       data   0x000001



                              Program Memory Usage 
                               Start         End      
                           ---------   ---------      
                            0x000000    0x000002      
                            0x000004    0x0007fe      
                            0x000800    0x000bfe      
                            0x000c00    0x000f9a      
                            0x002007    0x002007      
            3993 out of 4358 program addresses used, program memory utilization is 91%



                              Symbols - Sorted by Name
                     Name    Address   Location    Storage File                     
                ---------  ---------  ---------  --------- ---------                
                  ExitISR   0x00002c    program     static F:\beau\frostnetproject\target.asm
                      ISR   0x000004    program     static F:\beau\frostnetproject\target.asm
                    TextA   0x000731    program     static F:\beau\frostnetproject\target.asm
                   TextA2   0x000739    program     static F:\beau\frostnetproject\target.asm
                    TextB   0x0006dc    program     static F:\beau\frostnetproject\target.asm
                   TextB2   0x0006e4    program     static F:\beau\frostnetproject\target.asm
                    TextC   0x000687    program     static F:\beau\frostnetproject\target.asm
                   TextC2   0x00068f    program     static F:\beau\frostnetproject\target.asm
                    TextE   0x0003a8    program     static F:\beau\frostnetproject\target.asm
                   TextE2   0x0003b0    program     static F:\beau\frostnetproject\target.asm
          _hllkrna00_000C   0x000ee3    program     static F:\beau\frostnetproject\target.asm
          _hllkrna00_0018   0x000eef    program     static F:\beau\frostnetproject\target.asm
          _hllkrna03_0005   0x000f6e    program     static F:\beau\frostnetproject\target.asm
          _hllkrna03_000C   0x000f75    program     static F:\beau\frostnetproject\target.asm
          _hllkrna04_000F   0x000e7d    program     static F:\beau\frostnetproject\target.asm
          _hllkrna04_0011   0x000e7f    program     static F:\beau\frostnetproject\target.asm
          _hllkrna04_0022   0x000e90    program     static F:\beau\frostnetproject\target.asm
          _hllkrna04_0024   0x000e92    program     static F:\beau\frostnetproject\target.asm
          _hllkrna05_000F   0x000e54    program     static F:\beau\frostnetproject\target.asm
          _hllkrna05_0011   0x000e56    program     static F:\beau\frostnetproject\target.asm
          _hllkrna05_0022   0x000e67    program     static F:\beau\frostnetproject\target.asm
          _hllkrna05_0024   0x000e69    program     static F:\beau\frostnetproject\target.asm
          _hllkrna08_0003   0x000c4b    program     static F:\beau\frostnetproject\target.asm
          _hllkrna08_0011   0x000c59    program     static F:\beau\frostnetproject\target.asm
          _hllkrna09_0003   0x000e9a    program     static F:\beau\frostnetproject\target.asm
          _hllkrna09_0011   0x000ea8    program     static F:\beau\frostnetproject\target.asm
          _hllkrna10_0003   0x000ebb    program     static F:\beau\frostnetproject\target.asm
          _hllkrna10_0010   0x000ec8    program     static F:\beau\frostnetproject\target.asm
           _hllt4558_0163   0x000388    program     static F:\beau\frostnetproject\target.asm
           _hllt4558_0165   0x00038a    program     static F:\beau\frostnetproject\target.asm
           _hllt4558_0173   0x000398    program     static F:\beau\frostnetproject\target.asm
           _hllt4558_0175   0x00039a    program     static F:\beau\frostnetproject\target.asm
                      add   0x000f94    program     static F:\beau\frostnetproject\target.asm
                     addf   0x00092e    program     static F:\beau\frostnetproject\target.asm
                     andu   0x000bf8    program     static F:\beau\frostnetproject\target.asm
                   bigbar   0x000786    program     static F:\beau\frostnetproject\target.asm
                 clearbit   0x00060e    program     static F:\beau\frostnetproject\target.asm
                clearbit0   0x00064c    program     static F:\beau\frostnetproject\target.asm
                      cls   0x00048e    program     static F:\beau\frostnetproject\target.asm
                      day   0x000d48    program     static F:\beau\frostnetproject\target.asm
                  dispose   0x0007fd    program     static F:\beau\frostnetproject\target.asm
                     divf   0x000ae8    program     static F:\beau\frostnetproject\target.asm
                     divu   0x000e45    program     static F:\beau\frostnetproject\target.asm
                    divu0   0x000e5b    program     static F:\beau\frostnetproject\target.asm
                   dmm445   0x000f03    program     static F:\beau\frostnetproject\target.asm
                       eq   0x000f77    program     static F:\beau\frostnetproject\target.asm
                     ftou   0x000ccd    program     static F:\beau\frostnetproject\target.asm
                    getch   0x000f81    program     static F:\beau\frostnetproject\target.asm
                    geth2   0x000f83    program     static F:\beau\frostnetproject\target.asm
                      geu   0x0007d2    program     static F:\beau\frostnetproject\target.asm
                     geu0   0x0007e9    program     static F:\beau\frostnetproject\target.asm
                   graphx   0x000c00    program     static F:\beau\frostnetproject\target.asm
                      gtf   0x000b8a    program     static F:\beau\frostnetproject\target.asm
                  handler   0x000800    program     static F:\beau\frostnetproject\target.asm
                 hllAAAAA   0x000c27    program     static F:\beau\frostnetproject\target.asm
                 hllABAAA   0x000963    program     static F:\beau\frostnetproject\target.asm
            hllABAAA_done   0x000964    program     static F:\beau\frostnetproject\target.asm
                 hllACAAA   0x000a0e    program     static F:\beau\frostnetproject\target.asm
                 hllADAAA   0x000cf3    program     static F:\beau\frostnetproject\target.asm
                 hllAEAAA   0x000aab    program     static F:\beau\frostnetproject\target.asm
                 hllBAAAA   0x000c31    program     static F:\beau\frostnetproject\target.asm
                 hllBCAAA   0x000a13    program     static F:\beau\frostnetproject\target.asm
                 hllBDAAA   0x000cf6    program     static F:\beau\frostnetproject\target.asm
                 hllBEAAA   0x000ab4    program     static F:\beau\frostnetproject\target.asm
                 hllCAAAA   0x000c3d    program     static F:\beau\frostnetproject\target.asm
                 hllCBAAA   0x000978    program     static F:\beau\frostnetproject\target.asm
                 hllCCAAA   0x000a20    program     static F:\beau\frostnetproject\target.asm
                 hllCDAAA   0x000cf9    program     static F:\beau\frostnetproject\target.asm
                 hllCEAAA   0x000ab8    program     static F:\beau\frostnetproject\target.asm
                 hllDAAAA   0x000c47    program     static F:\beau\frostnetproject\target.asm
                 hllDBAAA   0x000983    program     static F:\beau\frostnetproject\target.asm
                 hllDCAAA   0x000a2a    program     static F:\beau\frostnetproject\target.asm
                 hllDDAAA   0x000cfc    program     static F:\beau\frostnetproject\target.asm
                 hllDEAAA   0x000abf    program     static F:\beau\frostnetproject\target.asm
                 hllEAAAA   0x000659    program     static F:\beau\frostnetproject\target.asm
                 hllEBAAA   0x000985    program     static F:\beau\frostnetproject\target.asm
                 hllECAAA   0x000a2c    program     static F:\beau\frostnetproject\target.asm
                 hllEDAAA   0x000cff    program     static F:\beau\frostnetproject\target.asm
                 hllEEAAA   0x000ac0    program     static F:\beau\frostnetproject\target.asm
                 hllFAAAA   0x00065f    program     static F:\beau\frostnetproject\target.asm
                 hllFBAAA   0x000990    program     static F:\beau\frostnetproject\target.asm
                 hllFCAAA   0x000a36    program     static F:\beau\frostnetproject\target.asm
                 hllFDAAA   0x000d02    program     static F:\beau\frostnetproject\target.asm
                 hllFEAAA   0x000acd    program     static F:\beau\frostnetproject\target.asm
                 hllGAAAA   0x000666    program     static F:\beau\frostnetproject\target.asm
                 hllGBAAA   0x000992    program     static F:\beau\frostnetproject\target.asm
                 hllGCAAA   0x000a43    program     static F:\beau\frostnetproject\target.asm
                 hllGDAAA   0x000d05    program     static F:\beau\frostnetproject\target.asm
                 hllGEAAA   0x000ad3    program     static F:\beau\frostnetproject\target.asm
                 hllHAAAA   0x00066d    program     static F:\beau\frostnetproject\target.asm
                 hllHBAAA   0x000998    program     static F:\beau\frostnetproject\target.asm
                 hllHCAAA   0x000b14    program     static F:\beau\frostnetproject\target.asm
                 hllHDAAA   0x000d05    program     static F:\beau\frostnetproject\target.asm
                 hllHEAAA   0x000522    program     static F:\beau\frostnetproject\target.asm
                 hllIAAAA   0x000674    program     static F:\beau\frostnetproject\target.asm
                 hllIBAAA   0x00099a    program     static F:\beau\frostnetproject\target.asm
                 hllICAAA   0x000b22    program     static F:\beau\frostnetproject\target.asm
                 hllIDAAA   0x000ba6    program     static F:\beau\frostnetproject\target.asm
                 hllIEAAA   0x000530    program     static F:\beau\frostnetproject\target.asm
                 hllJAAAA   0x00067b    program     static F:\beau\frostnetproject\target.asm
                 hllJBAAA   0x0009a1    program     static F:\beau\frostnetproject\target.asm
                 hllJCAAA   0x000b2e    program     static F:\beau\frostnetproject\target.asm
                 hllJDAAA   0x000bae    program     static F:\beau\frostnetproject\target.asm
                 hllJEAAA   0x00053f    program     static F:\beau\frostnetproject\target.asm
                 hllKAAAA   0x000682    program     static F:\beau\frostnetproject\target.asm
                 hllKBAAA   0x0009a4    program     static F:\beau\frostnetproject\target.asm
                 hllKCAAA   0x000b49    program     static F:\beau\frostnetproject\target.asm
                 hllKDAAA   0x000bbb    program     static F:\beau\frostnetproject\target.asm
                 hllKEAAA   0x00054f    program     static F:\beau\frostnetproject\target.asm
                 hllLAAAA   0x000684    program     static F:\beau\frostnetproject\target.asm
                 hllLBAAA   0x0009b1    program     static F:\beau\frostnetproject\target.asm
                 hllLCAAA   0x000b4b    program     static F:\beau\frostnetproject\target.asm
                 hllLDAAA   0x000bc1    program     static F:\beau\frostnetproject\target.asm
                 hllLEAAA   0x000560    program     static F:\beau\frostnetproject\target.asm
                 hllMAAAA   0x0007f5    program     static F:\beau\frostnetproject\target.asm
                 hllMBAAA   0x0009b5    program     static F:\beau\frostnetproject\target.asm
                hllMBAAAb   0x0009e6    program     static F:\beau\frostnetproject\target.asm
                 hllMCAAA   0x000b4d    program     static F:\beau\frostnetproject\target.asm
                 hllMDAAA   0x000bc6    program     static F:\beau\frostnetproject\target.asm
                 hllMEAAA   0x000572    program     static F:\beau\frostnetproject\target.asm
                 hllNAAAA   0x0007f9    program     static F:\beau\frostnetproject\target.asm
                 hllNBAAA   0x0009be    program     static F:\beau\frostnetproject\target.asm
                 hllNCAAA   0x000b5b    program     static F:\beau\frostnetproject\target.asm
                 hllNDAAA   0x000bd1    program     static F:\beau\frostnetproject\target.asm
                 hllNEAAA   0x000585    program     static F:\beau\frostnetproject\target.asm
                 hllOAAAA   0x0005e0    program     static F:\beau\frostnetproject\target.asm
                 hllOBAAA   0x0009c8    program     static F:\beau\frostnetproject\target.asm
                 hllOCAAA   0x000b66    program     static F:\beau\frostnetproject\target.asm
                 hllODAAA   0x000bd7    program     static F:\beau\frostnetproject\target.asm
                 hllOEAAA   0x00058e    program     static F:\beau\frostnetproject\target.asm
                 hllPAAAA   0x0005e6    program     static F:\beau\frostnetproject\target.asm
                 hllPBAAA   0x0009c9    program     static F:\beau\frostnetproject\target.asm
                 hllPCAAA   0x000b68    program     static F:\beau\frostnetproject\target.asm
                 hllPDAAA   0x000bdc    program     static F:\beau\frostnetproject\target.asm
                 hllPEAAA   0x000594    program     static F:\beau\frostnetproject\target.asm
                 hllQAAAA   0x0005ed    program     static F:\beau\frostnetproject\target.asm
                 hllQBAAA   0x0009cb    program     static F:\beau\frostnetproject\target.asm
                 hllQCAAA   0x000b6a    program     static F:\beau\frostnetproject\target.asm
                 hllQDAAA   0x000be8    program     static F:\beau\frostnetproject\target.asm
                 hllRAAAA   0x0005f4    program     static F:\beau\frostnetproject\target.asm
                 hllRBAAA   0x0009d2    program     static F:\beau\frostnetproject\target.asm
                 hllRCAAA   0x000b6b    program     static F:\beau\frostnetproject\target.asm
                 hllRDAAA   0x000bf0    program     static F:\beau\frostnetproject\target.asm
                 hllSAAAA   0x0005fb    program     static F:\beau\frostnetproject\target.asm
                 hllSBAAA   0x0009d5    program     static F:\beau\frostnetproject\target.asm
                 hllSCAAA   0x000b6c    program     static F:\beau\frostnetproject\target.asm
                 hllSDAAA   0x000bf7    program     static F:\beau\frostnetproject\target.asm
                 hllTAAAA   0x000602    program     static F:\beau\frostnetproject\target.asm
                 hllTBAAA   0x0009e2    program     static F:\beau\frostnetproject\target.asm
                 hllTCAAA   0x000b76    program     static F:\beau\frostnetproject\target.asm
                 hllTDAAA   0x000a50    program     static F:\beau\frostnetproject\target.asm
                 hllUAAAA   0x000609    program     static F:\beau\frostnetproject\target.asm
                 hllUCAAA   0x000b7c    program     static F:\beau\frostnetproject\target.asm
                 hllUDAAA   0x000a65    program     static F:\beau\frostnetproject\target.asm
                 hllVAAAA   0x00060b    program     static F:\beau\frostnetproject\target.asm
                 hllVBAAA   0x0009ef    program     static F:\beau\frostnetproject\target.asm
                 hllVCAAA   0x000b7e    program     static F:\beau\frostnetproject\target.asm
                 hllVDAAA   0x000a7c    program     static F:\beau\frostnetproject\target.asm
                 hllWAAAA   0x00094e    program     static F:\beau\frostnetproject\target.asm
                 hllWBAAA   0x0009f9    program     static F:\beau\frostnetproject\target.asm
                 hllWCAAA   0x000b81    program     static F:\beau\frostnetproject\target.asm
                 hllWDAAA   0x000a8c    program     static F:\beau\frostnetproject\target.asm
                 hllXAAAA   0x000952    program     static F:\beau\frostnetproject\target.asm
                 hllXBAAA   0x0009fa    program     static F:\beau\frostnetproject\target.asm
                 hllXCAAA   0x000cd8    program     static F:\beau\frostnetproject\target.asm
                 hllXDAAA   0x000a9e    program     static F:\beau\frostnetproject\target.asm
                 hllYAAAA   0x000953    program     static F:\beau\frostnetproject\target.asm
                 hllYBAAA   0x0009ff    program     static F:\beau\frostnetproject\target.asm
                 hllYCAAA   0x000ce8    program     static F:\beau\frostnetproject\target.asm
                 hllYDAAA   0x000aa6    program     static F:\beau\frostnetproject\target.asm
                 hllZAAAA   0x000955    program     static F:\beau\frostnetproject\target.asm
                 hllZBAAA   0x000a06    program     static F:\beau\frostnetproject\target.asm
                 hllZCAAA   0x000cf0    program     static F:\beau\frostnetproject\target.asm
                 hllZDAAA   0x000aa8    program     static F:\beau\frostnetproject\target.asm
                hlllb51J0   0x00015f    program     static F:\beau\frostnetproject\target.asm
                hlllb51J1   0x00016b    program     static F:\beau\frostnetproject\target.asm
               hlllb51J12   0x000e2f    program     static F:\beau\frostnetproject\target.asm
               hlllb51J13   0x000e43    program     static F:\beau\frostnetproject\target.asm
               hlllb51J17   0x000dff    program     static F:\beau\frostnetproject\target.asm
               hlllb51J18   0x000e13    program     static F:\beau\frostnetproject\target.asm
                hlllb51J2   0x0001c6    program     static F:\beau\frostnetproject\target.asm
               hlllb51J22   0x000dcf    program     static F:\beau\frostnetproject\target.asm
               hlllb51J23   0x000de3    program     static F:\beau\frostnetproject\target.asm
               hlllb51J27   0x000d9f    program     static F:\beau\frostnetproject\target.asm
               hlllb51J28   0x000db3    program     static F:\beau\frostnetproject\target.asm
                hlllb51J3   0x0001c9    program     static F:\beau\frostnetproject\target.asm
               hlllb51J30   0x000857    program     static F:\beau\frostnetproject\target.asm
               hlllb51J31   0x000857    program     static F:\beau\frostnetproject\target.asm
               hlllb51J32   0x000872    program     static F:\beau\frostnetproject\target.asm
               hlllb51J33   0x000872    program     static F:\beau\frostnetproject\target.asm
               hlllb51J34   0x00088d    program     static F:\beau\frostnetproject\target.asm
               hlllb51J35   0x00088d    program     static F:\beau\frostnetproject\target.asm
               hlllb51J36   0x0008a5    program     static F:\beau\frostnetproject\target.asm
               hlllb51J37   0x0008a8    program     static F:\beau\frostnetproject\target.asm
               hlllb51J38   0x0008fc    program     static F:\beau\frostnetproject\target.asm
               hlllb51J39   0x0008fc    program     static F:\beau\frostnetproject\target.asm
                hlllb51J4   0x000213    program     static F:\beau\frostnetproject\target.asm
               hlllb51J40   0x000927    program     static F:\beau\frostnetproject\target.asm
               hlllb51J41   0x000927    program     static F:\beau\frostnetproject\target.asm
               hlllb51J42   0x0008fd    program     static F:\beau\frostnetproject\target.asm
               hlllb51J43   0x000927    program     static F:\beau\frostnetproject\target.asm
               hlllb51J44   0x0008a9    program     static F:\beau\frostnetproject\target.asm
               hlllb51J45   0x000927    program     static F:\beau\frostnetproject\target.asm
               hlllb51J48   0x000318    program     static F:\beau\frostnetproject\target.asm
               hlllb51J49   0x000318    program     static F:\beau\frostnetproject\target.asm
                hlllb51J5   0x000213    program     static F:\beau\frostnetproject\target.asm
               hlllb51J50   0x0002ee    program     static F:\beau\frostnetproject\target.asm
               hlllb51J51   0x000318    program     static F:\beau\frostnetproject\target.asm
               hlllb51J52   0x0002c4    program     static F:\beau\frostnetproject\target.asm
               hlllb51J53   0x000318    program     static F:\beau\frostnetproject\target.asm
               hlllb51J54   0x00029a    program     static F:\beau\frostnetproject\target.asm
               hlllb51J55   0x000318    program     static F:\beau\frostnetproject\target.asm
               hlllb51J56   0x000270    program     static F:\beau\frostnetproject\target.asm
               hlllb51J57   0x000318    program     static F:\beau\frostnetproject\target.asm
               hlllb51J59   0x000f1c    program     static F:\beau\frostnetproject\target.asm
                hlllb51J6   0x000f30    program     static F:\beau\frostnetproject\target.asm
               hlllb51J60   0x000f1c    program     static F:\beau\frostnetproject\target.asm
                hlllb51J7   0x000f30    program     static F:\beau\frostnetproject\target.asm
              hllnotisr49   0x00002c    program     static F:\beau\frostnetproject\target.asm
                hllprgen2   0x000f1d    program     static F:\beau\frostnetproject\target.asm
               hllprogend   0x000224    program     static F:\beau\frostnetproject\target.asm
              hlluserprog   0x00003a    program     static F:\beau\frostnetproject\target.asm
                   hloego   0x000f8b    program     static F:\beau\frostnetproject\target.asm
                     kpop   0x000e97    program     static F:\beau\frostnetproject\target.asm
                    kpush   0x000eb8    program     static F:\beau\frostnetproject\target.asm
                   kspox5   0x000efa    program     static F:\beau\frostnetproject\target.asm
                     modu   0x000e6e    program     static F:\beau\frostnetproject\target.asm
                    modu0   0x000e84    program     static F:\beau\frostnetproject\target.asm
                      mul   0x000ed7    program     static F:\beau\frostnetproject\target.asm
                     mul0   0x000ee6    program     static F:\beau\frostnetproject\target.asm
                     mulf   0x000a44    program     static F:\beau\frostnetproject\target.asm
                    mxhbl   0x0007e1    program     static F:\beau\frostnetproject\target.asm
                    mxhbm   0x0007e5    program     static F:\beau\frostnetproject\target.asm
                    negti   0x0003fd    program     static F:\beau\frostnetproject\target.asm
                    night   0x000d0b    program     static F:\beau\frostnetproject\target.asm
                  ourwait   0x000f0a    program     static F:\beau\frostnetproject\target.asm
                     parm   0x000c48    program     static F:\beau\frostnetproject\target.asm
                    parm4   0x000c7b    program     static F:\beau\frostnetproject\target.asm
                   plotat   0x000400    program     static F:\beau\frostnetproject\target.asm
                  printch   0x000f69    program     static F:\beau\frostnetproject\target.asm
                   printu   0x000c8b    program     static F:\beau\frostnetproject\target.asm
                 putTextA   0x000f5b    program     static F:\beau\frostnetproject\target.asm
                 putTextB   0x000f4d    program     static F:\beau\frostnetproject\target.asm
                 putTextC   0x000f3f    program     static F:\beau\frostnetproject\target.asm
                 putTextE   0x000f31    program     static F:\beau\frostnetproject\target.asm
                putiTextA   0x000e15    program     static F:\beau\frostnetproject\target.asm
                putiTextB   0x000de5    program     static F:\beau\frostnetproject\target.asm
                putiTextC   0x000db5    program     static F:\beau\frostnetproject\target.asm
                putiTextE   0x000d85    program     static F:\beau\frostnetproject\target.asm
                 safepush   0x000ef2    program     static F:\beau\frostnetproject\target.asm
                  samplef   0x000225    program     static F:\beau\frostnetproject\target.asm
                   setbit   0x000595    program     static F:\beau\frostnetproject\target.asm
                  setbit0   0x0005d3    program     static F:\beau\frostnetproject\target.asm
                  sperr11   0x000f01    program     static F:\beau\frostnetproject\target.asm
                   tcf00h   0x0005a5    program     static F:\beau\frostnetproject\target.asm
                   tcf01h   0x0005ab    program     static F:\beau\frostnetproject\target.asm
                   tcf02h   0x0005b2    program     static F:\beau\frostnetproject\target.asm
                   tcf03h   0x0005b9    program     static F:\beau\frostnetproject\target.asm
                   tcf04h   0x0005c0    program     static F:\beau\frostnetproject\target.asm
                   tcf05h   0x0005c7    program     static F:\beau\frostnetproject\target.asm
                   tcf07h   0x0005ce    program     static F:\beau\frostnetproject\target.asm
                   tcf99h   0x0005d0    program     static F:\beau\frostnetproject\target.asm
                   tff00h   0x00061e    program     static F:\beau\frostnetproject\target.asm
                   tff01h   0x000624    program     static F:\beau\frostnetproject\target.asm
                   tff02h   0x00062b    program     static F:\beau\frostnetproject\target.asm
                   tff03h   0x000632    program     static F:\beau\frostnetproject\target.asm
                   tff04h   0x000639    program     static F:\beau\frostnetproject\target.asm
                   tff05h   0x000640    program     static F:\beau\frostnetproject\target.asm
                   tff07h   0x000647    program     static F:\beau\frostnetproject\target.asm
                   tff99h   0x000649    program     static F:\beau\frostnetproject\target.asm
                     utof   0x000513    program     static F:\beau\frostnetproject\target.asm
              wait_button   0x000f1e    program     static F:\beau\frostnetproject\target.asm
                 ALT_Save   0x00007a       data     static F:\beau\frostnetproject\target.asm
                 FSR_Save   0x000079       data     static F:\beau\frostnetproject\target.asm
                  PC_Save   0x00007e       data     static F:\beau\frostnetproject\target.asm
              STATUS_Save   0x000078       data     static F:\beau\frostnetproject\target.asm
                   W_Save   0x000077       data     static F:\beau\frostnetproject\target.asm
                   aart00   0x00013c       data     static F:\beau\frostnetproject\target.asm
                   aart01   0x00013d       data     static F:\beau\frostnetproject\target.asm
                   aart02   0x00013e       data     static F:\beau\frostnetproject\target.asm
                 aartpr00   0x000141       data     static F:\beau\frostnetproject\target.asm
                  alt_fsr   0x000076       data     static F:\beau\frostnetproject\target.asm
                alt_stack   0x000020       data     static F:\beau\frostnetproject\target.asm
                hllblss00   0x000136       data     static F:\beau\frostnetproject\target.asm
             hllblss00isr   0x000137       data     static F:\beau\frostnetproject\target.asm
                hllblss01   0x000138       data     static F:\beau\frostnetproject\target.asm
             hllblss01isr   0x000139       data     static F:\beau\frostnetproject\target.asm
                hllblss02   0x00013a       data     static F:\beau\frostnetproject\target.asm
             hllblss02isr   0x00013b       data     static F:\beau\frostnetproject\target.asm
                  hllcntl   0x000140       data     static F:\beau\frostnetproject\target.asm
             hllwasnightl   0x00013f       data     static F:\beau\frostnetproject\target.asm
                   in_isr   0x00007b       data     static F:\beau\frostnetproject\target.asm
                    pbase   0x00007c       data     static F:\beau\frostnetproject\target.asm
                 pbaseisr   0x00007d       data     static F:\beau\frostnetproject\target.asm
                 sfpaux00   0x000121       data     static F:\beau\frostnetproject\target.asm
                 sfpaux01   0x000123       data     static F:\beau\frostnetproject\target.asm
                 sfpaux02   0x000125       data     static F:\beau\frostnetproject\target.asm
                 sfpaux03   0x000127       data     static F:\beau\frostnetproject\target.asm
                 sfploc00   0x000120       data     static F:\beau\frostnetproject\target.asm
                 sfploc01   0x000122       data     static F:\beau\frostnetproject\target.asm
                 sfploc02   0x000124       data     static F:\beau\frostnetproject\target.asm
                 sfploc03   0x000126       data     static F:\beau\frostnetproject\target.asm
                 sfploc04   0x000128       data     static F:\beau\frostnetproject\target.asm
                 sfploc05   0x000129       data     static F:\beau\frostnetproject\target.asm
                 sfploc06   0x00012a       data     static F:\beau\frostnetproject\target.asm
                 sfploc07   0x00012b       data     static F:\beau\frostnetproject\target.asm
                 sfploc08   0x00012c       data     static F:\beau\frostnetproject\target.asm
                 sfploc09   0x00012d       data     static F:\beau\frostnetproject\target.asm
                 sfploc10   0x00012e       data     static F:\beau\frostnetproject\target.asm
                 sfploc11   0x00012f       data     static F:\beau\frostnetproject\target.asm
                 sfploc12   0x000130       data     static F:\beau\frostnetproject\target.asm
                 sfploc13   0x000131       data     static F:\beau\frostnetproject\target.asm
                 sfploc14   0x000132       data     static F:\beau\frostnetproject\target.asm
                 sfploc15   0x000133       data     static F:\beau\frostnetproject\target.asm
                 sfploc16   0x000134       data     static F:\beau\frostnetproject\target.asm
                 sfploc17   0x000135       data     static F:\beau\frostnetproject\target.asm
               softstack0   0x000070       data     static F:\beau\frostnetproject\target.asm
            softstack0isr   0x000071       data     static F:\beau\frostnetproject\target.asm
               softstack1   0x000072       data     static F:\beau\frostnetproject\target.asm
            softstack1isr   0x000073       data     static F:\beau\frostnetproject\target.asm
               softstack2   0x000074       data     static F:\beau\frostnetproject\target.asm
            softstack2isr   0x000075       data     static F:\beau\frostnetproject\target.asm
                    stack   0x0000a0       data     static F:\beau\frostnetproject\target.asm



                              Symbols - Sorted by Address
                     Name    Address   Location    Storage File                     
                ---------  ---------  ---------  --------- ---------                
                      ISR   0x000004    program     static F:\beau\frostnetproject\target.asm
                  ExitISR   0x00002c    program     static F:\beau\frostnetproject\target.asm
              hllnotisr49   0x00002c    program     static F:\beau\frostnetproject\target.asm
              hlluserprog   0x00003a    program     static F:\beau\frostnetproject\target.asm
                hlllb51J0   0x00015f    program     static F:\beau\frostnetproject\target.asm
                hlllb51J1   0x00016b    program     static F:\beau\frostnetproject\target.asm
                hlllb51J2   0x0001c6    program     static F:\beau\frostnetproject\target.asm
                hlllb51J3   0x0001c9    program     static F:\beau\frostnetproject\target.asm
                hlllb51J5   0x000213    program     static F:\beau\frostnetproject\target.asm
                hlllb51J4   0x000213    program     static F:\beau\frostnetproject\target.asm
               hllprogend   0x000224    program     static F:\beau\frostnetproject\target.asm
                  samplef   0x000225    program     static F:\beau\frostnetproject\target.asm
               hlllb51J56   0x000270    program     static F:\beau\frostnetproject\target.asm
               hlllb51J54   0x00029a    program     static F:\beau\frostnetproject\target.asm
               hlllb51J52   0x0002c4    program     static F:\beau\frostnetproject\target.asm
               hlllb51J50   0x0002ee    program     static F:\beau\frostnetproject\target.asm
               hlllb51J55   0x000318    program     static F:\beau\frostnetproject\target.asm
               hlllb51J57   0x000318    program     static F:\beau\frostnetproject\target.asm
               hlllb51J48   0x000318    program     static F:\beau\frostnetproject\target.asm
               hlllb51J49   0x000318    program     static F:\beau\frostnetproject\target.asm
               hlllb51J53   0x000318    program     static F:\beau\frostnetproject\target.asm
               hlllb51J51   0x000318    program     static F:\beau\frostnetproject\target.asm
           _hllt4558_0163   0x000388    program     static F:\beau\frostnetproject\target.asm
           _hllt4558_0165   0x00038a    program     static F:\beau\frostnetproject\target.asm
           _hllt4558_0173   0x000398    program     static F:\beau\frostnetproject\target.asm
           _hllt4558_0175   0x00039a    program     static F:\beau\frostnetproject\target.asm
                    TextE   0x0003a8    program     static F:\beau\frostnetproject\target.asm
                   TextE2   0x0003b0    program     static F:\beau\frostnetproject\target.asm
                    negti   0x0003fd    program     static F:\beau\frostnetproject\target.asm
                   plotat   0x000400    program     static F:\beau\frostnetproject\target.asm
                      cls   0x00048e    program     static F:\beau\frostnetproject\target.asm
                     utof   0x000513    program     static F:\beau\frostnetproject\target.asm
                 hllHEAAA   0x000522    program     static F:\beau\frostnetproject\target.asm
                 hllIEAAA   0x000530    program     static F:\beau\frostnetproject\target.asm
                 hllJEAAA   0x00053f    program     static F:\beau\frostnetproject\target.asm
                 hllKEAAA   0x00054f    program     static F:\beau\frostnetproject\target.asm
                 hllLEAAA   0x000560    program     static F:\beau\frostnetproject\target.asm
                 hllMEAAA   0x000572    program     static F:\beau\frostnetproject\target.asm
                 hllNEAAA   0x000585    program     static F:\beau\frostnetproject\target.asm
                 hllOEAAA   0x00058e    program     static F:\beau\frostnetproject\target.asm
                 hllPEAAA   0x000594    program     static F:\beau\frostnetproject\target.asm
                   setbit   0x000595    program     static F:\beau\frostnetproject\target.asm
                   tcf00h   0x0005a5    program     static F:\beau\frostnetproject\target.asm
                   tcf01h   0x0005ab    program     static F:\beau\frostnetproject\target.asm
                   tcf02h   0x0005b2    program     static F:\beau\frostnetproject\target.asm
                   tcf03h   0x0005b9    program     static F:\beau\frostnetproject\target.asm
                   tcf04h   0x0005c0    program     static F:\beau\frostnetproject\target.asm
                   tcf05h   0x0005c7    program     static F:\beau\frostnetproject\target.asm
                   tcf07h   0x0005ce    program     static F:\beau\frostnetproject\target.asm
                   tcf99h   0x0005d0    program     static F:\beau\frostnetproject\target.asm
                  setbit0   0x0005d3    program     static F:\beau\frostnetproject\target.asm
                 hllOAAAA   0x0005e0    program     static F:\beau\frostnetproject\target.asm
                 hllPAAAA   0x0005e6    program     static F:\beau\frostnetproject\target.asm
                 hllQAAAA   0x0005ed    program     static F:\beau\frostnetproject\target.asm
                 hllRAAAA   0x0005f4    program     static F:\beau\frostnetproject\target.asm
                 hllSAAAA   0x0005fb    program     static F:\beau\frostnetproject\target.asm
                 hllTAAAA   0x000602    program     static F:\beau\frostnetproject\target.asm
                 hllUAAAA   0x000609    program     static F:\beau\frostnetproject\target.asm
                 hllVAAAA   0x00060b    program     static F:\beau\frostnetproject\target.asm
                 clearbit   0x00060e    program     static F:\beau\frostnetproject\target.asm
                   tff00h   0x00061e    program     static F:\beau\frostnetproject\target.asm
                   tff01h   0x000624    program     static F:\beau\frostnetproject\target.asm
                   tff02h   0x00062b    program     static F:\beau\frostnetproject\target.asm
                   tff03h   0x000632    program     static F:\beau\frostnetproject\target.asm
                   tff04h   0x000639    program     static F:\beau\frostnetproject\target.asm
                   tff05h   0x000640    program     static F:\beau\frostnetproject\target.asm
                   tff07h   0x000647    program     static F:\beau\frostnetproject\target.asm
                   tff99h   0x000649    program     static F:\beau\frostnetproject\target.asm
                clearbit0   0x00064c    program     static F:\beau\frostnetproject\target.asm
                 hllEAAAA   0x000659    program     static F:\beau\frostnetproject\target.asm
                 hllFAAAA   0x00065f    program     static F:\beau\frostnetproject\target.asm
                 hllGAAAA   0x000666    program     static F:\beau\frostnetproject\target.asm
                 hllHAAAA   0x00066d    program     static F:\beau\frostnetproject\target.asm
                 hllIAAAA   0x000674    program     static F:\beau\frostnetproject\target.asm
                 hllJAAAA   0x00067b    program     static F:\beau\frostnetproject\target.asm
                 hllKAAAA   0x000682    program     static F:\beau\frostnetproject\target.asm
                 hllLAAAA   0x000684    program     static F:\beau\frostnetproject\target.asm
                    TextC   0x000687    program     static F:\beau\frostnetproject\target.asm
                   TextC2   0x00068f    program     static F:\beau\frostnetproject\target.asm
                    TextB   0x0006dc    program     static F:\beau\frostnetproject\target.asm
                   TextB2   0x0006e4    program     static F:\beau\frostnetproject\target.asm
                    TextA   0x000731    program     static F:\beau\frostnetproject\target.asm
                   TextA2   0x000739    program     static F:\beau\frostnetproject\target.asm
                   bigbar   0x000786    program     static F:\beau\frostnetproject\target.asm
                      geu   0x0007d2    program     static F:\beau\frostnetproject\target.asm
                    mxhbl   0x0007e1    program     static F:\beau\frostnetproject\target.asm
                    mxhbm   0x0007e5    program     static F:\beau\frostnetproject\target.asm
                     geu0   0x0007e9    program     static F:\beau\frostnetproject\target.asm
                 hllMAAAA   0x0007f5    program     static F:\beau\frostnetproject\target.asm
                 hllNAAAA   0x0007f9    program     static F:\beau\frostnetproject\target.asm
                  dispose   0x0007fd    program     static F:\beau\frostnetproject\target.asm
                  handler   0x000800    program     static F:\beau\frostnetproject\target.asm
               hlllb51J30   0x000857    program     static F:\beau\frostnetproject\target.asm
               hlllb51J31   0x000857    program     static F:\beau\frostnetproject\target.asm
               hlllb51J32   0x000872    program     static F:\beau\frostnetproject\target.asm
               hlllb51J33   0x000872    program     static F:\beau\frostnetproject\target.asm
               hlllb51J35   0x00088d    program     static F:\beau\frostnetproject\target.asm
               hlllb51J34   0x00088d    program     static F:\beau\frostnetproject\target.asm
               hlllb51J36   0x0008a5    program     static F:\beau\frostnetproject\target.asm
               hlllb51J37   0x0008a8    program     static F:\beau\frostnetproject\target.asm
               hlllb51J44   0x0008a9    program     static F:\beau\frostnetproject\target.asm
               hlllb51J39   0x0008fc    program     static F:\beau\frostnetproject\target.asm
               hlllb51J38   0x0008fc    program     static F:\beau\frostnetproject\target.asm
               hlllb51J42   0x0008fd    program     static F:\beau\frostnetproject\target.asm
               hlllb51J41   0x000927    program     static F:\beau\frostnetproject\target.asm
               hlllb51J40   0x000927    program     static F:\beau\frostnetproject\target.asm
               hlllb51J45   0x000927    program     static F:\beau\frostnetproject\target.asm
               hlllb51J43   0x000927    program     static F:\beau\frostnetproject\target.asm
                     addf   0x00092e    program     static F:\beau\frostnetproject\target.asm
                 hllWAAAA   0x00094e    program     static F:\beau\frostnetproject\target.asm
                 hllXAAAA   0x000952    program     static F:\beau\frostnetproject\target.asm
                 hllYAAAA   0x000953    program     static F:\beau\frostnetproject\target.asm
                 hllZAAAA   0x000955    program     static F:\beau\frostnetproject\target.asm
                 hllABAAA   0x000963    program     static F:\beau\frostnetproject\target.asm
            hllABAAA_done   0x000964    program     static F:\beau\frostnetproject\target.asm
                 hllCBAAA   0x000978    program     static F:\beau\frostnetproject\target.asm
                 hllDBAAA   0x000983    program     static F:\beau\frostnetproject\target.asm
                 hllEBAAA   0x000985    program     static F:\beau\frostnetproject\target.asm
                 hllFBAAA   0x000990    program     static F:\beau\frostnetproject\target.asm
                 hllGBAAA   0x000992    program     static F:\beau\frostnetproject\target.asm
                 hllHBAAA   0x000998    program     static F:\beau\frostnetproject\target.asm
                 hllIBAAA   0x00099a    program     static F:\beau\frostnetproject\target.asm
                 hllJBAAA   0x0009a1    program     static F:\beau\frostnetproject\target.asm
                 hllKBAAA   0x0009a4    program     static F:\beau\frostnetproject\target.asm
                 hllLBAAA   0x0009b1    program     static F:\beau\frostnetproject\target.asm
                 hllMBAAA   0x0009b5    program     static F:\beau\frostnetproject\target.asm
                 hllNBAAA   0x0009be    program     static F:\beau\frostnetproject\target.asm
                 hllOBAAA   0x0009c8    program     static F:\beau\frostnetproject\target.asm
                 hllPBAAA   0x0009c9    program     static F:\beau\frostnetproject\target.asm
                 hllQBAAA   0x0009cb    program     static F:\beau\frostnetproject\target.asm
                 hllRBAAA   0x0009d2    program     static F:\beau\frostnetproject\target.asm
                 hllSBAAA   0x0009d5    program     static F:\beau\frostnetproject\target.asm
                 hllTBAAA   0x0009e2    program     static F:\beau\frostnetproject\target.asm
                hllMBAAAb   0x0009e6    program     static F:\beau\frostnetproject\target.asm
                 hllVBAAA   0x0009ef    program     static F:\beau\frostnetproject\target.asm
                 hllWBAAA   0x0009f9    program     static F:\beau\frostnetproject\target.asm
                 hllXBAAA   0x0009fa    program     static F:\beau\frostnetproject\target.asm
                 hllYBAAA   0x0009ff    program     static F:\beau\frostnetproject\target.asm
                 hllZBAAA   0x000a06    program     static F:\beau\frostnetproject\target.asm
                 hllACAAA   0x000a0e    program     static F:\beau\frostnetproject\target.asm
                 hllBCAAA   0x000a13    program     static F:\beau\frostnetproject\target.asm
                 hllCCAAA   0x000a20    program     static F:\beau\frostnetproject\target.asm
                 hllDCAAA   0x000a2a    program     static F:\beau\frostnetproject\target.asm
                 hllECAAA   0x000a2c    program     static F:\beau\frostnetproject\target.asm
                 hllFCAAA   0x000a36    program     static F:\beau\frostnetproject\target.asm
                 hllGCAAA   0x000a43    program     static F:\beau\frostnetproject\target.asm
                     mulf   0x000a44    program     static F:\beau\frostnetproject\target.asm
                 hllTDAAA   0x000a50    program     static F:\beau\frostnetproject\target.asm
                 hllUDAAA   0x000a65    program     static F:\beau\frostnetproject\target.asm
                 hllVDAAA   0x000a7c    program     static F:\beau\frostnetproject\target.asm
                 hllWDAAA   0x000a8c    program     static F:\beau\frostnetproject\target.asm
                 hllXDAAA   0x000a9e    program     static F:\beau\frostnetproject\target.asm
                 hllYDAAA   0x000aa6    program     static F:\beau\frostnetproject\target.asm
                 hllZDAAA   0x000aa8    program     static F:\beau\frostnetproject\target.asm
                 hllAEAAA   0x000aab    program     static F:\beau\frostnetproject\target.asm
                 hllBEAAA   0x000ab4    program     static F:\beau\frostnetproject\target.asm
                 hllCEAAA   0x000ab8    program     static F:\beau\frostnetproject\target.asm
                 hllDEAAA   0x000abf    program     static F:\beau\frostnetproject\target.asm
                 hllEEAAA   0x000ac0    program     static F:\beau\frostnetproject\target.asm
                 hllFEAAA   0x000acd    program     static F:\beau\frostnetproject\target.asm
                 hllGEAAA   0x000ad3    program     static F:\beau\frostnetproject\target.asm
                     divf   0x000ae8    program     static F:\beau\frostnetproject\target.asm
                 hllHCAAA   0x000b14    program     static F:\beau\frostnetproject\target.asm
                 hllICAAA   0x000b22    program     static F:\beau\frostnetproject\target.asm
                 hllJCAAA   0x000b2e    program     static F:\beau\frostnetproject\target.asm
                 hllKCAAA   0x000b49    program     static F:\beau\frostnetproject\target.asm
                 hllLCAAA   0x000b4b    program     static F:\beau\frostnetproject\target.asm
                 hllMCAAA   0x000b4d    program     static F:\beau\frostnetproject\target.asm
                 hllNCAAA   0x000b5b    program     static F:\beau\frostnetproject\target.asm
                 hllOCAAA   0x000b66    program     static F:\beau\frostnetproject\target.asm
                 hllPCAAA   0x000b68    program     static F:\beau\frostnetproject\target.asm
                 hllQCAAA   0x000b6a    program     static F:\beau\frostnetproject\target.asm
                 hllRCAAA   0x000b6b    program     static F:\beau\frostnetproject\target.asm
                 hllSCAAA   0x000b6c    program     static F:\beau\frostnetproject\target.asm
                 hllTCAAA   0x000b76    program     static F:\beau\frostnetproject\target.asm
                 hllUCAAA   0x000b7c    program     static F:\beau\frostnetproject\target.asm
                 hllVCAAA   0x000b7e    program     static F:\beau\frostnetproject\target.asm
                 hllWCAAA   0x000b81    program     static F:\beau\frostnetproject\target.asm
                      gtf   0x000b8a    program     static F:\beau\frostnetproject\target.asm
                 hllIDAAA   0x000ba6    program     static F:\beau\frostnetproject\target.asm
                 hllJDAAA   0x000bae    program     static F:\beau\frostnetproject\target.asm
                 hllKDAAA   0x000bbb    program     static F:\beau\frostnetproject\target.asm
                 hllLDAAA   0x000bc1    program     static F:\beau\frostnetproject\target.asm
                 hllMDAAA   0x000bc6    program     static F:\beau\frostnetproject\target.asm
                 hllNDAAA   0x000bd1    program     static F:\beau\frostnetproject\target.asm
                 hllODAAA   0x000bd7    program     static F:\beau\frostnetproject\target.asm
                 hllPDAAA   0x000bdc    program     static F:\beau\frostnetproject\target.asm
                 hllQDAAA   0x000be8    program     static F:\beau\frostnetproject\target.asm
                 hllRDAAA   0x000bf0    program     static F:\beau\frostnetproject\target.asm
                 hllSDAAA   0x000bf7    program     static F:\beau\frostnetproject\target.asm
                     andu   0x000bf8    program     static F:\beau\frostnetproject\target.asm
                   graphx   0x000c00    program     static F:\beau\frostnetproject\target.asm
                 hllAAAAA   0x000c27    program     static F:\beau\frostnetproject\target.asm
                 hllBAAAA   0x000c31    program     static F:\beau\frostnetproject\target.asm
                 hllCAAAA   0x000c3d    program     static F:\beau\frostnetproject\target.asm
                 hllDAAAA   0x000c47    program     static F:\beau\frostnetproject\target.asm
                     parm   0x000c48    program     static F:\beau\frostnetproject\target.asm
          _hllkrna08_0003   0x000c4b    program     static F:\beau\frostnetproject\target.asm
          _hllkrna08_0011   0x000c59    program     static F:\beau\frostnetproject\target.asm
                    parm4   0x000c7b    program     static F:\beau\frostnetproject\target.asm
                   printu   0x000c8b    program     static F:\beau\frostnetproject\target.asm
                     ftou   0x000ccd    program     static F:\beau\frostnetproject\target.asm
                 hllXCAAA   0x000cd8    program     static F:\beau\frostnetproject\target.asm
                 hllYCAAA   0x000ce8    program     static F:\beau\frostnetproject\target.asm
                 hllZCAAA   0x000cf0    program     static F:\beau\frostnetproject\target.asm
                 hllADAAA   0x000cf3    program     static F:\beau\frostnetproject\target.asm
                 hllBDAAA   0x000cf6    program     static F:\beau\frostnetproject\target.asm
                 hllCDAAA   0x000cf9    program     static F:\beau\frostnetproject\target.asm
                 hllDDAAA   0x000cfc    program     static F:\beau\frostnetproject\target.asm
                 hllEDAAA   0x000cff    program     static F:\beau\frostnetproject\target.asm
                 hllFDAAA   0x000d02    program     static F:\beau\frostnetproject\target.asm
                 hllHDAAA   0x000d05    program     static F:\beau\frostnetproject\target.asm
                 hllGDAAA   0x000d05    program     static F:\beau\frostnetproject\target.asm
                    night   0x000d0b    program     static F:\beau\frostnetproject\target.asm
                      day   0x000d48    program     static F:\beau\frostnetproject\target.asm
                putiTextE   0x000d85    program     static F:\beau\frostnetproject\target.asm
               hlllb51J27   0x000d9f    program     static F:\beau\frostnetproject\target.asm
               hlllb51J28   0x000db3    program     static F:\beau\frostnetproject\target.asm
                putiTextC   0x000db5    program     static F:\beau\frostnetproject\target.asm
               hlllb51J22   0x000dcf    program     static F:\beau\frostnetproject\target.asm
               hlllb51J23   0x000de3    program     static F:\beau\frostnetproject\target.asm
                putiTextB   0x000de5    program     static F:\beau\frostnetproject\target.asm
               hlllb51J17   0x000dff    program     static F:\beau\frostnetproject\target.asm
               hlllb51J18   0x000e13    program     static F:\beau\frostnetproject\target.asm
                putiTextA   0x000e15    program     static F:\beau\frostnetproject\target.asm
               hlllb51J12   0x000e2f    program     static F:\beau\frostnetproject\target.asm
               hlllb51J13   0x000e43    program     static F:\beau\frostnetproject\target.asm
                     divu   0x000e45    program     static F:\beau\frostnetproject\target.asm
          _hllkrna05_000F   0x000e54    program     static F:\beau\frostnetproject\target.asm
          _hllkrna05_0011   0x000e56    program     static F:\beau\frostnetproject\target.asm
                    divu0   0x000e5b    program     static F:\beau\frostnetproject\target.asm
          _hllkrna05_0022   0x000e67    program     static F:\beau\frostnetproject\target.asm
          _hllkrna05_0024   0x000e69    program     static F:\beau\frostnetproject\target.asm
                     modu   0x000e6e    program     static F:\beau\frostnetproject\target.asm
          _hllkrna04_000F   0x000e7d    program     static F:\beau\frostnetproject\target.asm
          _hllkrna04_0011   0x000e7f    program     static F:\beau\frostnetproject\target.asm
                    modu0   0x000e84    program     static F:\beau\frostnetproject\target.asm
          _hllkrna04_0022   0x000e90    program     static F:\beau\frostnetproject\target.asm
          _hllkrna04_0024   0x000e92    program     static F:\beau\frostnetproject\target.asm
                     kpop   0x000e97    program     static F:\beau\frostnetproject\target.asm
          _hllkrna09_0003   0x000e9a    program     static F:\beau\frostnetproject\target.asm
          _hllkrna09_0011   0x000ea8    program     static F:\beau\frostnetproject\target.asm
                    kpush   0x000eb8    program     static F:\beau\frostnetproject\target.asm
          _hllkrna10_0003   0x000ebb    program     static F:\beau\frostnetproject\target.asm
          _hllkrna10_0010   0x000ec8    program     static F:\beau\frostnetproject\target.asm
                      mul   0x000ed7    program     static F:\beau\frostnetproject\target.asm
          _hllkrna00_000C   0x000ee3    program     static F:\beau\frostnetproject\target.asm
                     mul0   0x000ee6    program     static F:\beau\frostnetproject\target.asm
          _hllkrna00_0018   0x000eef    program     static F:\beau\frostnetproject\target.asm
                 safepush   0x000ef2    program     static F:\beau\frostnetproject\target.asm
                   kspox5   0x000efa    program     static F:\beau\frostnetproject\target.asm
                  sperr11   0x000f01    program     static F:\beau\frostnetproject\target.asm
                   dmm445   0x000f03    program     static F:\beau\frostnetproject\target.asm
                  ourwait   0x000f0a    program     static F:\beau\frostnetproject\target.asm
               hlllb51J59   0x000f1c    program     static F:\beau\frostnetproject\target.asm
               hlllb51J60   0x000f1c    program     static F:\beau\frostnetproject\target.asm
                hllprgen2   0x000f1d    program     static F:\beau\frostnetproject\target.asm
              wait_button   0x000f1e    program     static F:\beau\frostnetproject\target.asm
                hlllb51J6   0x000f30    program     static F:\beau\frostnetproject\target.asm
                hlllb51J7   0x000f30    program     static F:\beau\frostnetproject\target.asm
                 putTextE   0x000f31    program     static F:\beau\frostnetproject\target.asm
                 putTextC   0x000f3f    program     static F:\beau\frostnetproject\target.asm
                 putTextB   0x000f4d    program     static F:\beau\frostnetproject\target.asm
                 putTextA   0x000f5b    program     static F:\beau\frostnetproject\target.asm
                  printch   0x000f69    program     static F:\beau\frostnetproject\target.asm
          _hllkrna03_0005   0x000f6e    program     static F:\beau\frostnetproject\target.asm
          _hllkrna03_000C   0x000f75    program     static F:\beau\frostnetproject\target.asm
                       eq   0x000f77    program     static F:\beau\frostnetproject\target.asm
                    getch   0x000f81    program     static F:\beau\frostnetproject\target.asm
                    geth2   0x000f83    program     static F:\beau\frostnetproject\target.asm
                   hloego   0x000f8b    program     static F:\beau\frostnetproject\target.asm
                      add   0x000f94    program     static F:\beau\frostnetproject\target.asm
                alt_stack   0x000020       data     static F:\beau\frostnetproject\target.asm
               softstack0   0x000070       data     static F:\beau\frostnetproject\target.asm
            softstack0isr   0x000071       data     static F:\beau\frostnetproject\target.asm
               softstack1   0x000072       data     static F:\beau\frostnetproject\target.asm
            softstack1isr   0x000073       data     static F:\beau\frostnetproject\target.asm
               softstack2   0x000074       data     static F:\beau\frostnetproject\target.asm
            softstack2isr   0x000075       data     static F:\beau\frostnetproject\target.asm
                  alt_fsr   0x000076       data     static F:\beau\frostnetproject\target.asm
                   W_Save   0x000077       data     static F:\beau\frostnetproject\target.asm
              STATUS_Save   0x000078       data     static F:\beau\frostnetproject\target.asm
                 FSR_Save   0x000079       data     static F:\beau\frostnetproject\target.asm
                 ALT_Save   0x00007a       data     static F:\beau\frostnetproject\target.asm
                   in_isr   0x00007b       data     static F:\beau\frostnetproject\target.asm
                    pbase   0x00007c       data     static F:\beau\frostnetproject\target.asm
                 pbaseisr   0x00007d       data     static F:\beau\frostnetproject\target.asm
                  PC_Save   0x00007e       data     static F:\beau\frostnetproject\target.asm
                    stack   0x0000a0       data     static F:\beau\frostnetproject\target.asm
                 sfploc00   0x000120       data     static F:\beau\frostnetproject\target.asm
                 sfpaux00   0x000121       data     static F:\beau\frostnetproject\target.asm
                 sfploc01   0x000122       data     static F:\beau\frostnetproject\target.asm
                 sfpaux01   0x000123       data     static F:\beau\frostnetproject\target.asm
                 sfploc02   0x000124       data     static F:\beau\frostnetproject\target.asm
                 sfpaux02   0x000125       data     static F:\beau\frostnetproject\target.asm
                 sfploc03   0x000126       data     static F:\beau\frostnetproject\target.asm
                 sfpaux03   0x000127       data     static F:\beau\frostnetproject\target.asm
                 sfploc04   0x000128       data     static F:\beau\frostnetproject\target.asm
                 sfploc05   0x000129       data     static F:\beau\frostnetproject\target.asm
                 sfploc06   0x00012a       data     static F:\beau\frostnetproject\target.asm
                 sfploc07   0x00012b       data     static F:\beau\frostnetproject\target.asm
                 sfploc08   0x00012c       data     static F:\beau\frostnetproject\target.asm
                 sfploc09   0x00012d       data     static F:\beau\frostnetproject\target.asm
                 sfploc10   0x00012e       data     static F:\beau\frostnetproject\target.asm
                 sfploc11   0x00012f       data     static F:\beau\frostnetproject\target.asm
                 sfploc12   0x000130       data     static F:\beau\frostnetproject\target.asm
                 sfploc13   0x000131       data     static F:\beau\frostnetproject\target.asm
                 sfploc14   0x000132       data     static F:\beau\frostnetproject\target.asm
                 sfploc15   0x000133       data     static F:\beau\frostnetproject\target.asm
                 sfploc16   0x000134       data     static F:\beau\frostnetproject\target.asm
                 sfploc17   0x000135       data     static F:\beau\frostnetproject\target.asm
                hllblss00   0x000136       data     static F:\beau\frostnetproject\target.asm
             hllblss00isr   0x000137       data     static F:\beau\frostnetproject\target.asm
                hllblss01   0x000138       data     static F:\beau\frostnetproject\target.asm
             hllblss01isr   0x000139       data     static F:\beau\frostnetproject\target.asm
                hllblss02   0x00013a       data     static F:\beau\frostnetproject\target.asm
             hllblss02isr   0x00013b       data     static F:\beau\frostnetproject\target.asm
                   aart00   0x00013c       data     static F:\beau\frostnetproject\target.asm
                   aart01   0x00013d       data     static F:\beau\frostnetproject\target.asm
                   aart02   0x00013e       data     static F:\beau\frostnetproject\target.asm
             hllwasnightl   0x00013f       data     static F:\beau\frostnetproject\target.asm
                  hllcntl   0x000140       data     static F:\beau\frostnetproject\target.asm
                 aartpr00   0x000141       data     static F:\beau\frostnetproject\target.asm


