MPLINK 4.35, Linker
Linker Map File - Created Wed Jan 15 22:21:30 2020

                                 Section Info
                  Section       Type    Address   Location Size(Bytes)
                ---------  ---------  ---------  ---------  ---------
                   Resetv       code   0x000000    program   0x000006
                    vectr       code   0x000004    program   0x00006e
                   .cinit    romdata   0x00003b    program   0x000004
                hllupuser       code   0x00003d    program   0x00019a
                   hlog1b       code   0x00010a    program   0x0000e2
                   hlog1a       code   0x00017b    program   0x0000e2
                hllkrna08       code   0x0001ec    program   0x000048
                hllkrna05       code   0x000210    program   0x000042
                hllkrna04       code   0x000231    program   0x000042
                hllkrna00       code   0x000252    program   0x00002e
                hllkrn444       code   0x000269    program   0x00002c
                hllkrna06       code   0x00027f    program   0x000020
                     main       code   0x00028f    program   0x000018
                hllkrna03       code   0x00029b    program   0x000014
                hllkrna07       code   0x0002a5    program   0x000010
                   hlog1h       code   0x0002ad    program   0x00000a
                   hlog1d       code   0x0002b2    program   0x00000a
                hllkrna01       code   0x0002b7    program   0x00000a
                hllkrna02       code   0x0002bc    program   0x000006
                hllkrna11       code   0x0002bf    program   0x000004
                hllkrna10       code   0x0002c1    program   0x000004
                hllkrna09       code   0x0002c3    program   0x000004
    .config_8007_TARGET.O       code   0x008007    program   0x000002
    .config_8008_TARGET.O       code   0x008008    program   0x000002
                   ukrnl2      udata   0x000020       data   0x000050
                   ukrshr      udata   0x000070       data   0x00000c
                 mainvars      udata   0x00007c       data   0x000002
                   ukrnl3      udata   0x000220       data   0x000014
                   ukernl      udata   0x000234       data   0x000006
               hllv2light      udata   0x00023a       data   0x000001



                              Program Memory Usage 
                               Start         End      
                           ---------   ---------      
                            0x000000    0x000002      
                            0x000004    0x0002c4      
                            0x008007    0x008008      
            710 out of 4359 program addresses used, program memory utilization is 16%



                              Symbols - Sorted by Name
                     Name    Address   Location    Storage File                     
                ---------  ---------  ---------  --------- ---------                
                  ExitISR   0x000039    program     static Z:\home\dell\frost\frostbuttonproject\target.asm
                      ISR   0x000004    program     static Z:\home\dell\frost\frostbuttonproject\target.asm
          _hllkrna00_000A   0x00025c    program     static Z:\home\dell\frost\frostbuttonproject\target.asm
          _hllkrna00_0014   0x000266    program     static Z:\home\dell\frost\frostbuttonproject\target.asm
          _hllkrna03_0003   0x00029e    program     static Z:\home\dell\frost\frostbuttonproject\target.asm
          _hllkrna03_0008   0x0002a3    program     static Z:\home\dell\frost\frostbuttonproject\target.asm
          _hllkrna04_000C   0x00023d    program     static Z:\home\dell\frost\frostbuttonproject\target.asm
          _hllkrna04_000E   0x00023f    program     static Z:\home\dell\frost\frostbuttonproject\target.asm
          _hllkrna04_001B   0x00024c    program     static Z:\home\dell\frost\frostbuttonproject\target.asm
          _hllkrna04_001D   0x00024e    program     static Z:\home\dell\frost\frostbuttonproject\target.asm
          _hllkrna05_000C   0x00021c    program     static Z:\home\dell\frost\frostbuttonproject\target.asm
          _hllkrna05_000E   0x00021e    program     static Z:\home\dell\frost\frostbuttonproject\target.asm
          _hllkrna05_001B   0x00022b    program     static Z:\home\dell\frost\frostbuttonproject\target.asm
          _hllkrna05_001D   0x00022d    program     static Z:\home\dell\frost\frostbuttonproject\target.asm
                      add   0x0002b7    program     static Z:\home\dell\frost\frostbuttonproject\target.asm
                     andu   0x0002ad    program     static Z:\home\dell\frost\frostbuttonproject\target.asm
                 clearbit   0x00017b    program     static Z:\home\dell\frost\frostbuttonproject\target.asm
                clearbit0   0x0001b5    program     static Z:\home\dell\frost\frostbuttonproject\target.asm
                  dispose   0x0002bf    program     static Z:\home\dell\frost\frostbuttonproject\target.asm
                     divu   0x000210    program     static Z:\home\dell\frost\frostbuttonproject\target.asm
                    divu0   0x000222    program     static Z:\home\dell\frost\frostbuttonproject\target.asm
                   dmm445   0x000279    program     static Z:\home\dell\frost\frostbuttonproject\target.asm
                       eq   0x0002a5    program     static Z:\home\dell\frost\frostbuttonproject\target.asm
                    getch   0x00027f    program     static Z:\home\dell\frost\frostbuttonproject\target.asm
                    geth2   0x000284    program     static Z:\home\dell\frost\frostbuttonproject\target.asm
                    geth3   0x000289    program     static Z:\home\dell\frost\frostbuttonproject\target.asm
                    geth4   0x000288    program     static Z:\home\dell\frost\frostbuttonproject\target.asm
                 hllAAAAA   0x0001bf    program     static Z:\home\dell\frost\frostbuttonproject\target.asm
                 hllBAAAA   0x0001c5    program     static Z:\home\dell\frost\frostbuttonproject\target.asm
                 hllCAAAA   0x0001cc    program     static Z:\home\dell\frost\frostbuttonproject\target.asm
                 hllDAAAA   0x0001d3    program     static Z:\home\dell\frost\frostbuttonproject\target.asm
                 hllEAAAA   0x0001da    program     static Z:\home\dell\frost\frostbuttonproject\target.asm
                 hllFAAAA   0x0001e1    program     static Z:\home\dell\frost\frostbuttonproject\target.asm
                 hllGAAAA   0x0001e8    program     static Z:\home\dell\frost\frostbuttonproject\target.asm
                 hllHAAAA   0x0001ea    program     static Z:\home\dell\frost\frostbuttonproject\target.asm
                 hllIAAAA   0x00014e    program     static Z:\home\dell\frost\frostbuttonproject\target.asm
                 hllJAAAA   0x000154    program     static Z:\home\dell\frost\frostbuttonproject\target.asm
                 hllKAAAA   0x00015b    program     static Z:\home\dell\frost\frostbuttonproject\target.asm
                 hllLAAAA   0x000162    program     static Z:\home\dell\frost\frostbuttonproject\target.asm
                 hllMAAAA   0x000169    program     static Z:\home\dell\frost\frostbuttonproject\target.asm
                 hllNAAAA   0x000170    program     static Z:\home\dell\frost\frostbuttonproject\target.asm
                 hllOAAAA   0x000177    program     static Z:\home\dell\frost\frostbuttonproject\target.asm
                 hllPAAAA   0x000179    program     static Z:\home\dell\frost\frostbuttonproject\target.asm
              hllnotisr49   0x00001d    program     static Z:\home\dell\frost\frostbuttonproject\target.asm
              hllnotisr98   0x000039    program     static Z:\home\dell\frost\frostbuttonproject\target.asm
                hllprgen2   0x000109    program     static Z:\home\dell\frost\frostbuttonproject\target.asm
               hllprogend   0x000108    program     static Z:\home\dell\frost\frostbuttonproject\target.asm
              hlluserprog   0x00003d    program     static Z:\home\dell\frost\frostbuttonproject\target.asm
                   hloego   0x00028f    program     static Z:\home\dell\frost\frostbuttonproject\target.asm
                     kpop   0x0002c3    program     static Z:\home\dell\frost\frostbuttonproject\target.asm
                    kpush   0x0002c1    program     static Z:\home\dell\frost\frostbuttonproject\target.asm
                   kspox5   0x000270    program     static Z:\home\dell\frost\frostbuttonproject\target.asm
                     modu   0x000231    program     static Z:\home\dell\frost\frostbuttonproject\target.asm
                    modu0   0x000243    program     static Z:\home\dell\frost\frostbuttonproject\target.asm
                      mul   0x000252    program     static Z:\home\dell\frost\frostbuttonproject\target.asm
                     mul0   0x00025f    program     static Z:\home\dell\frost\frostbuttonproject\target.asm
                    negti   0x0002bc    program     static Z:\home\dell\frost\frostbuttonproject\target.asm
                      oru   0x0002b2    program     static Z:\home\dell\frost\frostbuttonproject\target.asm
                     parm   0x0001ec    program     static Z:\home\dell\frost\frostbuttonproject\target.asm
                    parm4   0x000200    program     static Z:\home\dell\frost\frostbuttonproject\target.asm
                  printch   0x00029b    program     static Z:\home\dell\frost\frostbuttonproject\target.asm
                 safepush   0x000269    program     static Z:\home\dell\frost\frostbuttonproject\target.asm
                   setbit   0x00010a    program     static Z:\home\dell\frost\frostbuttonproject\target.asm
                  setbit0   0x000144    program     static Z:\home\dell\frost\frostbuttonproject\target.asm
                  sperr11   0x000277    program     static Z:\home\dell\frost\frostbuttonproject\target.asm
                   tcf00h   0x000117    program     static Z:\home\dell\frost\frostbuttonproject\target.asm
                   tcf01h   0x00011d    program     static Z:\home\dell\frost\frostbuttonproject\target.asm
                   tcf02h   0x000124    program     static Z:\home\dell\frost\frostbuttonproject\target.asm
                   tcf03h   0x00012b    program     static Z:\home\dell\frost\frostbuttonproject\target.asm
                   tcf04h   0x000132    program     static Z:\home\dell\frost\frostbuttonproject\target.asm
                   tcf05h   0x000139    program     static Z:\home\dell\frost\frostbuttonproject\target.asm
                   tcf07h   0x000140    program     static Z:\home\dell\frost\frostbuttonproject\target.asm
                   tcf99h   0x000142    program     static Z:\home\dell\frost\frostbuttonproject\target.asm
                   tff00h   0x000188    program     static Z:\home\dell\frost\frostbuttonproject\target.asm
                   tff01h   0x00018e    program     static Z:\home\dell\frost\frostbuttonproject\target.asm
                   tff02h   0x000195    program     static Z:\home\dell\frost\frostbuttonproject\target.asm
                   tff03h   0x00019c    program     static Z:\home\dell\frost\frostbuttonproject\target.asm
                   tff04h   0x0001a3    program     static Z:\home\dell\frost\frostbuttonproject\target.asm
                   tff05h   0x0001aa    program     static Z:\home\dell\frost\frostbuttonproject\target.asm
                   tff07h   0x0001b1    program     static Z:\home\dell\frost\frostbuttonproject\target.asm
                   tff99h   0x0001b3    program     static Z:\home\dell\frost\frostbuttonproject\target.asm
                 ALT_Save   0x00007a       data     static Z:\home\dell\frost\frostbuttonproject\target.asm
                 FSR_Save   0x000079       data     static Z:\home\dell\frost\frostbuttonproject\target.asm
              STATUS_Save   0x000078       data     static Z:\home\dell\frost\frostbuttonproject\target.asm
                   W_Save   0x000077       data     static Z:\home\dell\frost\frostbuttonproject\target.asm
                  alt_fsr   0x000076       data     static Z:\home\dell\frost\frostbuttonproject\target.asm
                alt_stack   0x000220       data     static Z:\home\dell\frost\frostbuttonproject\target.asm
                hllblss00   0x000234       data     static Z:\home\dell\frost\frostbuttonproject\target.asm
             hllblss00isr   0x000235       data     static Z:\home\dell\frost\frostbuttonproject\target.asm
                hllblss01   0x000236       data     static Z:\home\dell\frost\frostbuttonproject\target.asm
             hllblss01isr   0x000237       data     static Z:\home\dell\frost\frostbuttonproject\target.asm
                hllblss02   0x000238       data     static Z:\home\dell\frost\frostbuttonproject\target.asm
             hllblss02isr   0x000239       data     static Z:\home\dell\frost\frostbuttonproject\target.asm
                hlllightl   0x00023a       data     static Z:\home\dell\frost\frostbuttonproject\target.asm
                   in_isr   0x00007b       data     static Z:\home\dell\frost\frostbuttonproject\target.asm
                    pbase   0x00007c       data     static Z:\home\dell\frost\frostbuttonproject\target.asm
                 pbaseisr   0x00007d       data     static Z:\home\dell\frost\frostbuttonproject\target.asm
               softstack0   0x000070       data     static Z:\home\dell\frost\frostbuttonproject\target.asm
            softstack0isr   0x000071       data     static Z:\home\dell\frost\frostbuttonproject\target.asm
               softstack1   0x000072       data     static Z:\home\dell\frost\frostbuttonproject\target.asm
            softstack1isr   0x000073       data     static Z:\home\dell\frost\frostbuttonproject\target.asm
               softstack2   0x000074       data     static Z:\home\dell\frost\frostbuttonproject\target.asm
            softstack2isr   0x000075       data     static Z:\home\dell\frost\frostbuttonproject\target.asm
                    stack   0x000020       data     static Z:\home\dell\frost\frostbuttonproject\target.asm



                              Symbols - Sorted by Address
                     Name    Address   Location    Storage File                     
                ---------  ---------  ---------  --------- ---------                
                      ISR   0x000004    program     static Z:\home\dell\frost\frostbuttonproject\target.asm
              hllnotisr49   0x00001d    program     static Z:\home\dell\frost\frostbuttonproject\target.asm
                  ExitISR   0x000039    program     static Z:\home\dell\frost\frostbuttonproject\target.asm
              hllnotisr98   0x000039    program     static Z:\home\dell\frost\frostbuttonproject\target.asm
              hlluserprog   0x00003d    program     static Z:\home\dell\frost\frostbuttonproject\target.asm
               hllprogend   0x000108    program     static Z:\home\dell\frost\frostbuttonproject\target.asm
                hllprgen2   0x000109    program     static Z:\home\dell\frost\frostbuttonproject\target.asm
                   setbit   0x00010a    program     static Z:\home\dell\frost\frostbuttonproject\target.asm
                   tcf00h   0x000117    program     static Z:\home\dell\frost\frostbuttonproject\target.asm
                   tcf01h   0x00011d    program     static Z:\home\dell\frost\frostbuttonproject\target.asm
                   tcf02h   0x000124    program     static Z:\home\dell\frost\frostbuttonproject\target.asm
                   tcf03h   0x00012b    program     static Z:\home\dell\frost\frostbuttonproject\target.asm
                   tcf04h   0x000132    program     static Z:\home\dell\frost\frostbuttonproject\target.asm
                   tcf05h   0x000139    program     static Z:\home\dell\frost\frostbuttonproject\target.asm
                   tcf07h   0x000140    program     static Z:\home\dell\frost\frostbuttonproject\target.asm
                   tcf99h   0x000142    program     static Z:\home\dell\frost\frostbuttonproject\target.asm
                  setbit0   0x000144    program     static Z:\home\dell\frost\frostbuttonproject\target.asm
                 hllIAAAA   0x00014e    program     static Z:\home\dell\frost\frostbuttonproject\target.asm
                 hllJAAAA   0x000154    program     static Z:\home\dell\frost\frostbuttonproject\target.asm
                 hllKAAAA   0x00015b    program     static Z:\home\dell\frost\frostbuttonproject\target.asm
                 hllLAAAA   0x000162    program     static Z:\home\dell\frost\frostbuttonproject\target.asm
                 hllMAAAA   0x000169    program     static Z:\home\dell\frost\frostbuttonproject\target.asm
                 hllNAAAA   0x000170    program     static Z:\home\dell\frost\frostbuttonproject\target.asm
                 hllOAAAA   0x000177    program     static Z:\home\dell\frost\frostbuttonproject\target.asm
                 hllPAAAA   0x000179    program     static Z:\home\dell\frost\frostbuttonproject\target.asm
                 clearbit   0x00017b    program     static Z:\home\dell\frost\frostbuttonproject\target.asm
                   tff00h   0x000188    program     static Z:\home\dell\frost\frostbuttonproject\target.asm
                   tff01h   0x00018e    program     static Z:\home\dell\frost\frostbuttonproject\target.asm
                   tff02h   0x000195    program     static Z:\home\dell\frost\frostbuttonproject\target.asm
                   tff03h   0x00019c    program     static Z:\home\dell\frost\frostbuttonproject\target.asm
                   tff04h   0x0001a3    program     static Z:\home\dell\frost\frostbuttonproject\target.asm
                   tff05h   0x0001aa    program     static Z:\home\dell\frost\frostbuttonproject\target.asm
                   tff07h   0x0001b1    program     static Z:\home\dell\frost\frostbuttonproject\target.asm
                   tff99h   0x0001b3    program     static Z:\home\dell\frost\frostbuttonproject\target.asm
                clearbit0   0x0001b5    program     static Z:\home\dell\frost\frostbuttonproject\target.asm
                 hllAAAAA   0x0001bf    program     static Z:\home\dell\frost\frostbuttonproject\target.asm
                 hllBAAAA   0x0001c5    program     static Z:\home\dell\frost\frostbuttonproject\target.asm
                 hllCAAAA   0x0001cc    program     static Z:\home\dell\frost\frostbuttonproject\target.asm
                 hllDAAAA   0x0001d3    program     static Z:\home\dell\frost\frostbuttonproject\target.asm
                 hllEAAAA   0x0001da    program     static Z:\home\dell\frost\frostbuttonproject\target.asm
                 hllFAAAA   0x0001e1    program     static Z:\home\dell\frost\frostbuttonproject\target.asm
                 hllGAAAA   0x0001e8    program     static Z:\home\dell\frost\frostbuttonproject\target.asm
                 hllHAAAA   0x0001ea    program     static Z:\home\dell\frost\frostbuttonproject\target.asm
                     parm   0x0001ec    program     static Z:\home\dell\frost\frostbuttonproject\target.asm
                    parm4   0x000200    program     static Z:\home\dell\frost\frostbuttonproject\target.asm
                     divu   0x000210    program     static Z:\home\dell\frost\frostbuttonproject\target.asm
          _hllkrna05_000C   0x00021c    program     static Z:\home\dell\frost\frostbuttonproject\target.asm
          _hllkrna05_000E   0x00021e    program     static Z:\home\dell\frost\frostbuttonproject\target.asm
                    divu0   0x000222    program     static Z:\home\dell\frost\frostbuttonproject\target.asm
          _hllkrna05_001B   0x00022b    program     static Z:\home\dell\frost\frostbuttonproject\target.asm
          _hllkrna05_001D   0x00022d    program     static Z:\home\dell\frost\frostbuttonproject\target.asm
                     modu   0x000231    program     static Z:\home\dell\frost\frostbuttonproject\target.asm
          _hllkrna04_000C   0x00023d    program     static Z:\home\dell\frost\frostbuttonproject\target.asm
          _hllkrna04_000E   0x00023f    program     static Z:\home\dell\frost\frostbuttonproject\target.asm
                    modu0   0x000243    program     static Z:\home\dell\frost\frostbuttonproject\target.asm
          _hllkrna04_001B   0x00024c    program     static Z:\home\dell\frost\frostbuttonproject\target.asm
          _hllkrna04_001D   0x00024e    program     static Z:\home\dell\frost\frostbuttonproject\target.asm
                      mul   0x000252    program     static Z:\home\dell\frost\frostbuttonproject\target.asm
          _hllkrna00_000A   0x00025c    program     static Z:\home\dell\frost\frostbuttonproject\target.asm
                     mul0   0x00025f    program     static Z:\home\dell\frost\frostbuttonproject\target.asm
          _hllkrna00_0014   0x000266    program     static Z:\home\dell\frost\frostbuttonproject\target.asm
                 safepush   0x000269    program     static Z:\home\dell\frost\frostbuttonproject\target.asm
                   kspox5   0x000270    program     static Z:\home\dell\frost\frostbuttonproject\target.asm
                  sperr11   0x000277    program     static Z:\home\dell\frost\frostbuttonproject\target.asm
                   dmm445   0x000279    program     static Z:\home\dell\frost\frostbuttonproject\target.asm
                    getch   0x00027f    program     static Z:\home\dell\frost\frostbuttonproject\target.asm
                    geth2   0x000284    program     static Z:\home\dell\frost\frostbuttonproject\target.asm
                    geth4   0x000288    program     static Z:\home\dell\frost\frostbuttonproject\target.asm
                    geth3   0x000289    program     static Z:\home\dell\frost\frostbuttonproject\target.asm
                   hloego   0x00028f    program     static Z:\home\dell\frost\frostbuttonproject\target.asm
                  printch   0x00029b    program     static Z:\home\dell\frost\frostbuttonproject\target.asm
          _hllkrna03_0003   0x00029e    program     static Z:\home\dell\frost\frostbuttonproject\target.asm
          _hllkrna03_0008   0x0002a3    program     static Z:\home\dell\frost\frostbuttonproject\target.asm
                       eq   0x0002a5    program     static Z:\home\dell\frost\frostbuttonproject\target.asm
                     andu   0x0002ad    program     static Z:\home\dell\frost\frostbuttonproject\target.asm
                      oru   0x0002b2    program     static Z:\home\dell\frost\frostbuttonproject\target.asm
                      add   0x0002b7    program     static Z:\home\dell\frost\frostbuttonproject\target.asm
                    negti   0x0002bc    program     static Z:\home\dell\frost\frostbuttonproject\target.asm
                  dispose   0x0002bf    program     static Z:\home\dell\frost\frostbuttonproject\target.asm
                    kpush   0x0002c1    program     static Z:\home\dell\frost\frostbuttonproject\target.asm
                     kpop   0x0002c3    program     static Z:\home\dell\frost\frostbuttonproject\target.asm
                    stack   0x000020       data     static Z:\home\dell\frost\frostbuttonproject\target.asm
               softstack0   0x000070       data     static Z:\home\dell\frost\frostbuttonproject\target.asm
            softstack0isr   0x000071       data     static Z:\home\dell\frost\frostbuttonproject\target.asm
               softstack1   0x000072       data     static Z:\home\dell\frost\frostbuttonproject\target.asm
            softstack1isr   0x000073       data     static Z:\home\dell\frost\frostbuttonproject\target.asm
               softstack2   0x000074       data     static Z:\home\dell\frost\frostbuttonproject\target.asm
            softstack2isr   0x000075       data     static Z:\home\dell\frost\frostbuttonproject\target.asm
                  alt_fsr   0x000076       data     static Z:\home\dell\frost\frostbuttonproject\target.asm
                   W_Save   0x000077       data     static Z:\home\dell\frost\frostbuttonproject\target.asm
              STATUS_Save   0x000078       data     static Z:\home\dell\frost\frostbuttonproject\target.asm
                 FSR_Save   0x000079       data     static Z:\home\dell\frost\frostbuttonproject\target.asm
                 ALT_Save   0x00007a       data     static Z:\home\dell\frost\frostbuttonproject\target.asm
                   in_isr   0x00007b       data     static Z:\home\dell\frost\frostbuttonproject\target.asm
                    pbase   0x00007c       data     static Z:\home\dell\frost\frostbuttonproject\target.asm
                 pbaseisr   0x00007d       data     static Z:\home\dell\frost\frostbuttonproject\target.asm
                alt_stack   0x000220       data     static Z:\home\dell\frost\frostbuttonproject\target.asm
                hllblss00   0x000234       data     static Z:\home\dell\frost\frostbuttonproject\target.asm
             hllblss00isr   0x000235       data     static Z:\home\dell\frost\frostbuttonproject\target.asm
                hllblss01   0x000236       data     static Z:\home\dell\frost\frostbuttonproject\target.asm
             hllblss01isr   0x000237       data     static Z:\home\dell\frost\frostbuttonproject\target.asm
                hllblss02   0x000238       data     static Z:\home\dell\frost\frostbuttonproject\target.asm
             hllblss02isr   0x000239       data     static Z:\home\dell\frost\frostbuttonproject\target.asm
                hlllightl   0x00023a       data     static Z:\home\dell\frost\frostbuttonproject\target.asm


