MPLINK 4.35, Linker
Linker Map File - Created Sat Jul 20 17:21:49 2019

                                 Section Info
                  Section       Type    Address   Location Size(Bytes)
                ---------  ---------  ---------  ---------  ---------
                   Resetv       code   0x000000    program   0x000006
                   .cinit    romdata   0x000003    program   0x000004
                  sfp_add       code   0x000005    program   0x0001f8
                hllupuser       code   0x000101    program   0x000198
                 sfp_prrr       code   0x0001cd    program   0x00014c
                  sfp_mul       code   0x000273    program   0x000100
                  hllt453       code   0x0002f3    program   0x0000dc
                  sfp_uto       code   0x000361    program   0x0000d0
                   hlog1b       code   0x0003c9    program   0x00006e
                   hlog1a       code   0x000400    program   0x00006e
                hllkrn444       code   0x000437    program   0x00002c
                hllkrna12       code   0x00044d    program   0x000028
                hllkrna08       code   0x000461    program   0x000022
                hllkrna05       code   0x000472    program   0x00001e
                hllkrna04       code   0x000481    program   0x00001e
                  hllt450       code   0x000490    program   0x00001c
                     main       code   0x00049e    program   0x000018
                hllkrna00       code   0x0004aa    program   0x000014
                hllkrna07       code   0x0004b4    program   0x000010
                hllkrna06       code   0x0004bc    program   0x00000e
                hllkrna03       code   0x0004c3    program   0x00000e
                   hlog1h       code   0x0004ca    program   0x00000a
                   hlog1d       code   0x0004cf    program   0x00000a
                hllkrna01       code   0x0004d4    program   0x00000a
               sfp_ddbasc       code   0x0004d9    program   0x000008
                hllkrna02       code   0x0004dd    program   0x000006
                hllkrna11       code   0x0004e0    program   0x000004
                hllkrna10       code   0x0004e2    program   0x000004
                hllkrna09       code   0x0004e4    program   0x000004
    .config_8007_TARGET.O       code   0x008007    program   0x000002
    .config_8008_TARGET.O       code   0x008008    program   0x000002
                   ukrnl2      udata   0x000020       data   0x000050
                   ukrshr      udata   0x000070       data   0x000009
                 mainvars      udata   0x000079       data   0x000003
                     sfpu      udata   0x000220       data   0x000016
                   ukrnl3      udata   0x000236       data   0x000014
                   ukernl      udata   0x00024a       data   0x000003



                              Program Memory Usage 
                               Start         End      
                           ---------   ---------      
                            0x000000    0x0004e5      
                            0x008007    0x008008      
            1256 out of 4359 program addresses used, program memory utilization is 28%



                              Symbols - Sorted by Name
                     Name    Address   Location    Storage File                     
                ---------  ---------  ---------  --------- ---------                
          _hllkrna00_0007   0x0004b1    program     static Z:\home\dell\frost\frostparseproject\target.asm
          _hllkrna03_0005   0x0004c8    program     static Z:\home\dell\frost\frostparseproject\target.asm
          _hllkrna04_0009   0x00048a    program     static Z:\home\dell\frost\frostparseproject\target.asm
          _hllkrna04_000B   0x00048c    program     static Z:\home\dell\frost\frostparseproject\target.asm
          _hllkrna05_0009   0x00047b    program     static Z:\home\dell\frost\frostparseproject\target.asm
          _hllkrna05_000B   0x00047d    program     static Z:\home\dell\frost\frostparseproject\target.asm
                      add   0x0004d4    program     static Z:\home\dell\frost\frostparseproject\target.asm
                     addf   0x000005    program     static Z:\home\dell\frost\frostparseproject\target.asm
                     andu   0x0004ca    program     static Z:\home\dell\frost\frostparseproject\target.asm
                    ascii   0x0004d9    program     static Z:\home\dell\frost\frostparseproject\target.asm
                 clearbit   0x000400    program     static Z:\home\dell\frost\frostparseproject\target.asm
                  dispose   0x0004e0    program     static Z:\home\dell\frost\frostparseproject\target.asm
                     divu   0x000472    program     static Z:\home\dell\frost\frostparseproject\target.asm
                   dmm445   0x000447    program     static Z:\home\dell\frost\frostparseproject\target.asm
                   dofunc   0x0002f3    program     static Z:\home\dell\frost\frostparseproject\target.asm
                       eq   0x0004b4    program     static Z:\home\dell\frost\frostparseproject\target.asm
                    getch   0x0004bc    program     static Z:\home\dell\frost\frostparseproject\target.asm
                    geth2   0x0004bd    program     static Z:\home\dell\frost\frostparseproject\target.asm
                 hllAAAAA   0x00040a    program     static Z:\home\dell\frost\frostparseproject\target.asm
                 hllABAAA   0x00005e    program     static Z:\home\dell\frost\frostparseproject\target.asm
                 hllACAAA   0x000100    program     static Z:\home\dell\frost\frostparseproject\target.asm
                 hllBAAAA   0x000410    program     static Z:\home\dell\frost\frostparseproject\target.asm
                 hllBBAAA   0x000064    program     static Z:\home\dell\frost\frostparseproject\target.asm
                 hllBCAAA   0x00027d    program     static Z:\home\dell\frost\frostparseproject\target.asm
                 hllCAAAA   0x000417    program     static Z:\home\dell\frost\frostparseproject\target.asm
                 hllCBAAA   0x000066    program     static Z:\home\dell\frost\frostparseproject\target.asm
                 hllCCAAA   0x00028e    program     static Z:\home\dell\frost\frostparseproject\target.asm
                 hllDAAAA   0x00041e    program     static Z:\home\dell\frost\frostparseproject\target.asm
                 hllDBAAA   0x00006d    program     static Z:\home\dell\frost\frostparseproject\target.asm
                 hllDCAAA   0x0002a0    program     static Z:\home\dell\frost\frostparseproject\target.asm
                 hllEAAAA   0x000425    program     static Z:\home\dell\frost\frostparseproject\target.asm
                 hllEBAAA   0x000070    program     static Z:\home\dell\frost\frostparseproject\target.asm
                 hllECAAA   0x0002ac    program     static Z:\home\dell\frost\frostparseproject\target.asm
                 hllFAAAA   0x00042c    program     static Z:\home\dell\frost\frostparseproject\target.asm
                 hllFBAAA   0x00007c    program     static Z:\home\dell\frost\frostparseproject\target.asm
                 hllFCAAA   0x0002ba    program     static Z:\home\dell\frost\frostparseproject\target.asm
                 hllGAAAA   0x000433    program     static Z:\home\dell\frost\frostparseproject\target.asm
                 hllGBAAA   0x00007f    program     static Z:\home\dell\frost\frostparseproject\target.asm
                hllGBAAAb   0x0000ad    program     static Z:\home\dell\frost\frostparseproject\target.asm
                 hllGCAAA   0x0002c2    program     static Z:\home\dell\frost\frostparseproject\target.asm
                 hllHAAAA   0x000435    program     static Z:\home\dell\frost\frostparseproject\target.asm
                 hllHBAAA   0x000088    program     static Z:\home\dell\frost\frostparseproject\target.asm
                 hllHCAAA   0x0002c4    program     static Z:\home\dell\frost\frostparseproject\target.asm
                 hllIAAAA   0x0003d3    program     static Z:\home\dell\frost\frostparseproject\target.asm
                 hllIBAAA   0x000091    program     static Z:\home\dell\frost\frostparseproject\target.asm
                 hllICAAA   0x0002c7    program     static Z:\home\dell\frost\frostparseproject\target.asm
                 hllJAAAA   0x0003d9    program     static Z:\home\dell\frost\frostparseproject\target.asm
                 hllJBAAA   0x000092    program     static Z:\home\dell\frost\frostparseproject\target.asm
                 hllJCAAA   0x0002cd    program     static Z:\home\dell\frost\frostparseproject\target.asm
                 hllKAAAA   0x0003e0    program     static Z:\home\dell\frost\frostparseproject\target.asm
                 hllKBAAA   0x000094    program     static Z:\home\dell\frost\frostparseproject\target.asm
                 hllKCAAA   0x0002cf    program     static Z:\home\dell\frost\frostparseproject\target.asm
                 hllLAAAA   0x0003e7    program     static Z:\home\dell\frost\frostparseproject\target.asm
                 hllLBAAA   0x00009b    program     static Z:\home\dell\frost\frostparseproject\target.asm
                 hllLCAAA   0x0002d3    program     static Z:\home\dell\frost\frostparseproject\target.asm
                 hllMAAAA   0x0003ee    program     static Z:\home\dell\frost\frostparseproject\target.asm
                 hllMBAAA   0x00009e    program     static Z:\home\dell\frost\frostparseproject\target.asm
                 hllMCAAA   0x0002d4    program     static Z:\home\dell\frost\frostparseproject\target.asm
                 hllNAAAA   0x0003f5    program     static Z:\home\dell\frost\frostparseproject\target.asm
                 hllNBAAA   0x0000aa    program     static Z:\home\dell\frost\frostparseproject\target.asm
                 hllNCAAA   0x0002dd    program     static Z:\home\dell\frost\frostparseproject\target.asm
                 hllOAAAA   0x0003fc    program     static Z:\home\dell\frost\frostparseproject\target.asm
                 hllOCAAA   0x0002e3    program     static Z:\home\dell\frost\frostparseproject\target.asm
                 hllPAAAA   0x0003fe    program     static Z:\home\dell\frost\frostparseproject\target.asm
                 hllPBAAA   0x0000b6    program     static Z:\home\dell\frost\frostparseproject\target.asm
                 hllPCAAA   0x0001df    program     static Z:\home\dell\frost\frostparseproject\target.asm
                hllPCAAA2   0x000240    program     static Z:\home\dell\frost\frostparseproject\target.asm
                 hllQAAAA   0x00001d    program     static Z:\home\dell\frost\frostparseproject\target.asm
                 hllQBAAA   0x0000bf    program     static Z:\home\dell\frost\frostparseproject\target.asm
                 hllRAAAA   0x000021    program     static Z:\home\dell\frost\frostparseproject\target.asm
                 hllRBAAA   0x0000c0    program     static Z:\home\dell\frost\frostparseproject\target.asm
                 hllRCAAA   0x00036c    program     static Z:\home\dell\frost\frostparseproject\target.asm
                 hllSAAAA   0x000022    program     static Z:\home\dell\frost\frostparseproject\target.asm
                 hllSBAAA   0x0000c5    program     static Z:\home\dell\frost\frostparseproject\target.asm
                 hllSCAAA   0x000377    program     static Z:\home\dell\frost\frostparseproject\target.asm
                 hllTAAAA   0x000024    program     static Z:\home\dell\frost\frostparseproject\target.asm
                 hllTBAAA   0x0000cc    program     static Z:\home\dell\frost\frostparseproject\target.asm
                 hllTCAAA   0x000383    program     static Z:\home\dell\frost\frostparseproject\target.asm
                 hllUAAAA   0x000032    program     static Z:\home\dell\frost\frostparseproject\target.asm
            hllUAAAA_done   0x000033    program     static Z:\home\dell\frost\frostparseproject\target.asm
                 hllUBAAA   0x0000d4    program     static Z:\home\dell\frost\frostparseproject\target.asm
                 hllUCAAA   0x000390    program     static Z:\home\dell\frost\frostparseproject\target.asm
                 hllVBAAA   0x0000d9    program     static Z:\home\dell\frost\frostparseproject\target.asm
                 hllVCAAA   0x00039e    program     static Z:\home\dell\frost\frostparseproject\target.asm
                 hllWAAAA   0x000047    program     static Z:\home\dell\frost\frostparseproject\target.asm
                 hllWBAAA   0x0000e4    program     static Z:\home\dell\frost\frostparseproject\target.asm
                 hllWCAAA   0x0003ad    program     static Z:\home\dell\frost\frostparseproject\target.asm
                 hllXAAAA   0x000050    program     static Z:\home\dell\frost\frostparseproject\target.asm
                 hllXBAAA   0x0000ec    program     static Z:\home\dell\frost\frostparseproject\target.asm
                 hllXCAAA   0x0003bd    program     static Z:\home\dell\frost\frostparseproject\target.asm
                 hllYAAAA   0x000052    program     static Z:\home\dell\frost\frostparseproject\target.asm
                 hllYBAAA   0x0000ee    program     static Z:\home\dell\frost\frostparseproject\target.asm
                 hllYCAAA   0x0003c4    program     static Z:\home\dell\frost\frostparseproject\target.asm
                 hllZAAAA   0x00005d    program     static Z:\home\dell\frost\frostparseproject\target.asm
                 hllZBAAA   0x0000f6    program     static Z:\home\dell\frost\frostparseproject\target.asm
                 hllZCAAA   0x0003c8    program     static Z:\home\dell\frost\frostparseproject\target.asm
                hlllb51J1   0x000327    program     static Z:\home\dell\frost\frostparseproject\target.asm
                hlllb51J2   0x000358    program     static Z:\home\dell\frost\frostparseproject\target.asm
                hllprgen2   0x000360    program     static Z:\home\dell\frost\frostparseproject\target.asm
               hllprogend   0x0001cc    program     static Z:\home\dell\frost\frostparseproject\target.asm
              hlluserprog   0x000101    program     static Z:\home\dell\frost\frostparseproject\target.asm
                   hloego   0x00049e    program     static Z:\home\dell\frost\frostparseproject\target.asm
                     kpop   0x0004e4    program     static Z:\home\dell\frost\frostparseproject\target.asm
                    kpush   0x0004e2    program     static Z:\home\dell\frost\frostparseproject\target.asm
                   kspox5   0x00043e    program     static Z:\home\dell\frost\frostparseproject\target.asm
                    lparm   0x00044d    program     static Z:\home\dell\frost\frostparseproject\target.asm
                     modu   0x000481    program     static Z:\home\dell\frost\frostparseproject\target.asm
                      mul   0x0004aa    program     static Z:\home\dell\frost\frostparseproject\target.asm
                     mulf   0x000273    program     static Z:\home\dell\frost\frostparseproject\target.asm
                    negti   0x0004dd    program     static Z:\home\dell\frost\frostparseproject\target.asm
                      oru   0x0004cf    program     static Z:\home\dell\frost\frostparseproject\target.asm
                    outer   0x000490    program     static Z:\home\dell\frost\frostparseproject\target.asm
                     parm   0x000461    program     static Z:\home\dell\frost\frostparseproject\target.asm
                  printch   0x0004c3    program     static Z:\home\dell\frost\frostparseproject\target.asm
                   printf   0x0001cd    program     static Z:\home\dell\frost\frostparseproject\target.asm
                 safepush   0x000437    program     static Z:\home\dell\frost\frostparseproject\target.asm
                   setbit   0x0003c9    program     static Z:\home\dell\frost\frostparseproject\target.asm
                  sperr11   0x000445    program     static Z:\home\dell\frost\frostparseproject\target.asm
                     utof   0x000361    program     static Z:\home\dell\frost\frostparseproject\target.asm
                 ALT_Save   0x000077       data     static Z:\home\dell\frost\frostparseproject\target.asm
                 FSR_Save   0x000076       data     static Z:\home\dell\frost\frostparseproject\target.asm
                  PC_Save   0x00007b       data     static Z:\home\dell\frost\frostparseproject\target.asm
              STATUS_Save   0x000075       data     static Z:\home\dell\frost\frostparseproject\target.asm
                   W_Save   0x000074       data     static Z:\home\dell\frost\frostparseproject\target.asm
                  alt_fsr   0x000073       data     static Z:\home\dell\frost\frostparseproject\target.asm
                alt_stack   0x000236       data     static Z:\home\dell\frost\frostparseproject\target.asm
                hllblss00   0x00024a       data     static Z:\home\dell\frost\frostparseproject\target.asm
                hllblss01   0x00024b       data     static Z:\home\dell\frost\frostparseproject\target.asm
                hllblss02   0x00024c       data     static Z:\home\dell\frost\frostparseproject\target.asm
                   in_isr   0x000078       data     static Z:\home\dell\frost\frostparseproject\target.asm
                    pbase   0x000079       data     static Z:\home\dell\frost\frostparseproject\target.asm
                    pmark   0x00007a       data     static Z:\home\dell\frost\frostparseproject\target.asm
                 sfpaux00   0x000221       data     static Z:\home\dell\frost\frostparseproject\target.asm
                 sfpaux01   0x000223       data     static Z:\home\dell\frost\frostparseproject\target.asm
                 sfpaux02   0x000225       data     static Z:\home\dell\frost\frostparseproject\target.asm
                 sfpaux03   0x000227       data     static Z:\home\dell\frost\frostparseproject\target.asm
                 sfploc00   0x000220       data     static Z:\home\dell\frost\frostparseproject\target.asm
                 sfploc01   0x000222       data     static Z:\home\dell\frost\frostparseproject\target.asm
                 sfploc02   0x000224       data     static Z:\home\dell\frost\frostparseproject\target.asm
                 sfploc03   0x000226       data     static Z:\home\dell\frost\frostparseproject\target.asm
                 sfploc04   0x000228       data     static Z:\home\dell\frost\frostparseproject\target.asm
                 sfploc05   0x000229       data     static Z:\home\dell\frost\frostparseproject\target.asm
                 sfploc06   0x00022a       data     static Z:\home\dell\frost\frostparseproject\target.asm
                 sfploc07   0x00022b       data     static Z:\home\dell\frost\frostparseproject\target.asm
                 sfploc08   0x00022c       data     static Z:\home\dell\frost\frostparseproject\target.asm
                 sfploc09   0x00022d       data     static Z:\home\dell\frost\frostparseproject\target.asm
                 sfploc10   0x00022e       data     static Z:\home\dell\frost\frostparseproject\target.asm
                 sfploc11   0x00022f       data     static Z:\home\dell\frost\frostparseproject\target.asm
                 sfploc12   0x000230       data     static Z:\home\dell\frost\frostparseproject\target.asm
                 sfploc13   0x000231       data     static Z:\home\dell\frost\frostparseproject\target.asm
                 sfploc14   0x000232       data     static Z:\home\dell\frost\frostparseproject\target.asm
                 sfploc15   0x000233       data     static Z:\home\dell\frost\frostparseproject\target.asm
                 sfploc16   0x000234       data     static Z:\home\dell\frost\frostparseproject\target.asm
                 sfploc17   0x000235       data     static Z:\home\dell\frost\frostparseproject\target.asm
               softstack0   0x000070       data     static Z:\home\dell\frost\frostparseproject\target.asm
               softstack1   0x000071       data     static Z:\home\dell\frost\frostparseproject\target.asm
               softstack2   0x000072       data     static Z:\home\dell\frost\frostparseproject\target.asm
                    stack   0x000020       data     static Z:\home\dell\frost\frostparseproject\target.asm



                              Symbols - Sorted by Address
                     Name    Address   Location    Storage File                     
                ---------  ---------  ---------  --------- ---------                
                     addf   0x000005    program     static Z:\home\dell\frost\frostparseproject\target.asm
                 hllQAAAA   0x00001d    program     static Z:\home\dell\frost\frostparseproject\target.asm
                 hllRAAAA   0x000021    program     static Z:\home\dell\frost\frostparseproject\target.asm
                 hllSAAAA   0x000022    program     static Z:\home\dell\frost\frostparseproject\target.asm
                 hllTAAAA   0x000024    program     static Z:\home\dell\frost\frostparseproject\target.asm
                 hllUAAAA   0x000032    program     static Z:\home\dell\frost\frostparseproject\target.asm
            hllUAAAA_done   0x000033    program     static Z:\home\dell\frost\frostparseproject\target.asm
                 hllWAAAA   0x000047    program     static Z:\home\dell\frost\frostparseproject\target.asm
                 hllXAAAA   0x000050    program     static Z:\home\dell\frost\frostparseproject\target.asm
                 hllYAAAA   0x000052    program     static Z:\home\dell\frost\frostparseproject\target.asm
                 hllZAAAA   0x00005d    program     static Z:\home\dell\frost\frostparseproject\target.asm
                 hllABAAA   0x00005e    program     static Z:\home\dell\frost\frostparseproject\target.asm
                 hllBBAAA   0x000064    program     static Z:\home\dell\frost\frostparseproject\target.asm
                 hllCBAAA   0x000066    program     static Z:\home\dell\frost\frostparseproject\target.asm
                 hllDBAAA   0x00006d    program     static Z:\home\dell\frost\frostparseproject\target.asm
                 hllEBAAA   0x000070    program     static Z:\home\dell\frost\frostparseproject\target.asm
                 hllFBAAA   0x00007c    program     static Z:\home\dell\frost\frostparseproject\target.asm
                 hllGBAAA   0x00007f    program     static Z:\home\dell\frost\frostparseproject\target.asm
                 hllHBAAA   0x000088    program     static Z:\home\dell\frost\frostparseproject\target.asm
                 hllIBAAA   0x000091    program     static Z:\home\dell\frost\frostparseproject\target.asm
                 hllJBAAA   0x000092    program     static Z:\home\dell\frost\frostparseproject\target.asm
                 hllKBAAA   0x000094    program     static Z:\home\dell\frost\frostparseproject\target.asm
                 hllLBAAA   0x00009b    program     static Z:\home\dell\frost\frostparseproject\target.asm
                 hllMBAAA   0x00009e    program     static Z:\home\dell\frost\frostparseproject\target.asm
                 hllNBAAA   0x0000aa    program     static Z:\home\dell\frost\frostparseproject\target.asm
                hllGBAAAb   0x0000ad    program     static Z:\home\dell\frost\frostparseproject\target.asm
                 hllPBAAA   0x0000b6    program     static Z:\home\dell\frost\frostparseproject\target.asm
                 hllQBAAA   0x0000bf    program     static Z:\home\dell\frost\frostparseproject\target.asm
                 hllRBAAA   0x0000c0    program     static Z:\home\dell\frost\frostparseproject\target.asm
                 hllSBAAA   0x0000c5    program     static Z:\home\dell\frost\frostparseproject\target.asm
                 hllTBAAA   0x0000cc    program     static Z:\home\dell\frost\frostparseproject\target.asm
                 hllUBAAA   0x0000d4    program     static Z:\home\dell\frost\frostparseproject\target.asm
                 hllVBAAA   0x0000d9    program     static Z:\home\dell\frost\frostparseproject\target.asm
                 hllWBAAA   0x0000e4    program     static Z:\home\dell\frost\frostparseproject\target.asm
                 hllXBAAA   0x0000ec    program     static Z:\home\dell\frost\frostparseproject\target.asm
                 hllYBAAA   0x0000ee    program     static Z:\home\dell\frost\frostparseproject\target.asm
                 hllZBAAA   0x0000f6    program     static Z:\home\dell\frost\frostparseproject\target.asm
                 hllACAAA   0x000100    program     static Z:\home\dell\frost\frostparseproject\target.asm
              hlluserprog   0x000101    program     static Z:\home\dell\frost\frostparseproject\target.asm
               hllprogend   0x0001cc    program     static Z:\home\dell\frost\frostparseproject\target.asm
                   printf   0x0001cd    program     static Z:\home\dell\frost\frostparseproject\target.asm
                 hllPCAAA   0x0001df    program     static Z:\home\dell\frost\frostparseproject\target.asm
                hllPCAAA2   0x000240    program     static Z:\home\dell\frost\frostparseproject\target.asm
                     mulf   0x000273    program     static Z:\home\dell\frost\frostparseproject\target.asm
                 hllBCAAA   0x00027d    program     static Z:\home\dell\frost\frostparseproject\target.asm
                 hllCCAAA   0x00028e    program     static Z:\home\dell\frost\frostparseproject\target.asm
                 hllDCAAA   0x0002a0    program     static Z:\home\dell\frost\frostparseproject\target.asm
                 hllECAAA   0x0002ac    program     static Z:\home\dell\frost\frostparseproject\target.asm
                 hllFCAAA   0x0002ba    program     static Z:\home\dell\frost\frostparseproject\target.asm
                 hllGCAAA   0x0002c2    program     static Z:\home\dell\frost\frostparseproject\target.asm
                 hllHCAAA   0x0002c4    program     static Z:\home\dell\frost\frostparseproject\target.asm
                 hllICAAA   0x0002c7    program     static Z:\home\dell\frost\frostparseproject\target.asm
                 hllJCAAA   0x0002cd    program     static Z:\home\dell\frost\frostparseproject\target.asm
                 hllKCAAA   0x0002cf    program     static Z:\home\dell\frost\frostparseproject\target.asm
                 hllLCAAA   0x0002d3    program     static Z:\home\dell\frost\frostparseproject\target.asm
                 hllMCAAA   0x0002d4    program     static Z:\home\dell\frost\frostparseproject\target.asm
                 hllNCAAA   0x0002dd    program     static Z:\home\dell\frost\frostparseproject\target.asm
                 hllOCAAA   0x0002e3    program     static Z:\home\dell\frost\frostparseproject\target.asm
                   dofunc   0x0002f3    program     static Z:\home\dell\frost\frostparseproject\target.asm
                hlllb51J1   0x000327    program     static Z:\home\dell\frost\frostparseproject\target.asm
                hlllb51J2   0x000358    program     static Z:\home\dell\frost\frostparseproject\target.asm
                hllprgen2   0x000360    program     static Z:\home\dell\frost\frostparseproject\target.asm
                     utof   0x000361    program     static Z:\home\dell\frost\frostparseproject\target.asm
                 hllRCAAA   0x00036c    program     static Z:\home\dell\frost\frostparseproject\target.asm
                 hllSCAAA   0x000377    program     static Z:\home\dell\frost\frostparseproject\target.asm
                 hllTCAAA   0x000383    program     static Z:\home\dell\frost\frostparseproject\target.asm
                 hllUCAAA   0x000390    program     static Z:\home\dell\frost\frostparseproject\target.asm
                 hllVCAAA   0x00039e    program     static Z:\home\dell\frost\frostparseproject\target.asm
                 hllWCAAA   0x0003ad    program     static Z:\home\dell\frost\frostparseproject\target.asm
                 hllXCAAA   0x0003bd    program     static Z:\home\dell\frost\frostparseproject\target.asm
                 hllYCAAA   0x0003c4    program     static Z:\home\dell\frost\frostparseproject\target.asm
                 hllZCAAA   0x0003c8    program     static Z:\home\dell\frost\frostparseproject\target.asm
                   setbit   0x0003c9    program     static Z:\home\dell\frost\frostparseproject\target.asm
                 hllIAAAA   0x0003d3    program     static Z:\home\dell\frost\frostparseproject\target.asm
                 hllJAAAA   0x0003d9    program     static Z:\home\dell\frost\frostparseproject\target.asm
                 hllKAAAA   0x0003e0    program     static Z:\home\dell\frost\frostparseproject\target.asm
                 hllLAAAA   0x0003e7    program     static Z:\home\dell\frost\frostparseproject\target.asm
                 hllMAAAA   0x0003ee    program     static Z:\home\dell\frost\frostparseproject\target.asm
                 hllNAAAA   0x0003f5    program     static Z:\home\dell\frost\frostparseproject\target.asm
                 hllOAAAA   0x0003fc    program     static Z:\home\dell\frost\frostparseproject\target.asm
                 hllPAAAA   0x0003fe    program     static Z:\home\dell\frost\frostparseproject\target.asm
                 clearbit   0x000400    program     static Z:\home\dell\frost\frostparseproject\target.asm
                 hllAAAAA   0x00040a    program     static Z:\home\dell\frost\frostparseproject\target.asm
                 hllBAAAA   0x000410    program     static Z:\home\dell\frost\frostparseproject\target.asm
                 hllCAAAA   0x000417    program     static Z:\home\dell\frost\frostparseproject\target.asm
                 hllDAAAA   0x00041e    program     static Z:\home\dell\frost\frostparseproject\target.asm
                 hllEAAAA   0x000425    program     static Z:\home\dell\frost\frostparseproject\target.asm
                 hllFAAAA   0x00042c    program     static Z:\home\dell\frost\frostparseproject\target.asm
                 hllGAAAA   0x000433    program     static Z:\home\dell\frost\frostparseproject\target.asm
                 hllHAAAA   0x000435    program     static Z:\home\dell\frost\frostparseproject\target.asm
                 safepush   0x000437    program     static Z:\home\dell\frost\frostparseproject\target.asm
                   kspox5   0x00043e    program     static Z:\home\dell\frost\frostparseproject\target.asm
                  sperr11   0x000445    program     static Z:\home\dell\frost\frostparseproject\target.asm
                   dmm445   0x000447    program     static Z:\home\dell\frost\frostparseproject\target.asm
                    lparm   0x00044d    program     static Z:\home\dell\frost\frostparseproject\target.asm
                     parm   0x000461    program     static Z:\home\dell\frost\frostparseproject\target.asm
                     divu   0x000472    program     static Z:\home\dell\frost\frostparseproject\target.asm
          _hllkrna05_0009   0x00047b    program     static Z:\home\dell\frost\frostparseproject\target.asm
          _hllkrna05_000B   0x00047d    program     static Z:\home\dell\frost\frostparseproject\target.asm
                     modu   0x000481    program     static Z:\home\dell\frost\frostparseproject\target.asm
          _hllkrna04_0009   0x00048a    program     static Z:\home\dell\frost\frostparseproject\target.asm
          _hllkrna04_000B   0x00048c    program     static Z:\home\dell\frost\frostparseproject\target.asm
                    outer   0x000490    program     static Z:\home\dell\frost\frostparseproject\target.asm
                   hloego   0x00049e    program     static Z:\home\dell\frost\frostparseproject\target.asm
                      mul   0x0004aa    program     static Z:\home\dell\frost\frostparseproject\target.asm
          _hllkrna00_0007   0x0004b1    program     static Z:\home\dell\frost\frostparseproject\target.asm
                       eq   0x0004b4    program     static Z:\home\dell\frost\frostparseproject\target.asm
                    getch   0x0004bc    program     static Z:\home\dell\frost\frostparseproject\target.asm
                    geth2   0x0004bd    program     static Z:\home\dell\frost\frostparseproject\target.asm
                  printch   0x0004c3    program     static Z:\home\dell\frost\frostparseproject\target.asm
          _hllkrna03_0005   0x0004c8    program     static Z:\home\dell\frost\frostparseproject\target.asm
                     andu   0x0004ca    program     static Z:\home\dell\frost\frostparseproject\target.asm
                      oru   0x0004cf    program     static Z:\home\dell\frost\frostparseproject\target.asm
                      add   0x0004d4    program     static Z:\home\dell\frost\frostparseproject\target.asm
                    ascii   0x0004d9    program     static Z:\home\dell\frost\frostparseproject\target.asm
                    negti   0x0004dd    program     static Z:\home\dell\frost\frostparseproject\target.asm
                  dispose   0x0004e0    program     static Z:\home\dell\frost\frostparseproject\target.asm
                    kpush   0x0004e2    program     static Z:\home\dell\frost\frostparseproject\target.asm
                     kpop   0x0004e4    program     static Z:\home\dell\frost\frostparseproject\target.asm
                    stack   0x000020       data     static Z:\home\dell\frost\frostparseproject\target.asm
               softstack0   0x000070       data     static Z:\home\dell\frost\frostparseproject\target.asm
               softstack1   0x000071       data     static Z:\home\dell\frost\frostparseproject\target.asm
               softstack2   0x000072       data     static Z:\home\dell\frost\frostparseproject\target.asm
                  alt_fsr   0x000073       data     static Z:\home\dell\frost\frostparseproject\target.asm
                   W_Save   0x000074       data     static Z:\home\dell\frost\frostparseproject\target.asm
              STATUS_Save   0x000075       data     static Z:\home\dell\frost\frostparseproject\target.asm
                 FSR_Save   0x000076       data     static Z:\home\dell\frost\frostparseproject\target.asm
                 ALT_Save   0x000077       data     static Z:\home\dell\frost\frostparseproject\target.asm
                   in_isr   0x000078       data     static Z:\home\dell\frost\frostparseproject\target.asm
                    pbase   0x000079       data     static Z:\home\dell\frost\frostparseproject\target.asm
                    pmark   0x00007a       data     static Z:\home\dell\frost\frostparseproject\target.asm
                  PC_Save   0x00007b       data     static Z:\home\dell\frost\frostparseproject\target.asm
                 sfploc00   0x000220       data     static Z:\home\dell\frost\frostparseproject\target.asm
                 sfpaux00   0x000221       data     static Z:\home\dell\frost\frostparseproject\target.asm
                 sfploc01   0x000222       data     static Z:\home\dell\frost\frostparseproject\target.asm
                 sfpaux01   0x000223       data     static Z:\home\dell\frost\frostparseproject\target.asm
                 sfploc02   0x000224       data     static Z:\home\dell\frost\frostparseproject\target.asm
                 sfpaux02   0x000225       data     static Z:\home\dell\frost\frostparseproject\target.asm
                 sfploc03   0x000226       data     static Z:\home\dell\frost\frostparseproject\target.asm
                 sfpaux03   0x000227       data     static Z:\home\dell\frost\frostparseproject\target.asm
                 sfploc04   0x000228       data     static Z:\home\dell\frost\frostparseproject\target.asm
                 sfploc05   0x000229       data     static Z:\home\dell\frost\frostparseproject\target.asm
                 sfploc06   0x00022a       data     static Z:\home\dell\frost\frostparseproject\target.asm
                 sfploc07   0x00022b       data     static Z:\home\dell\frost\frostparseproject\target.asm
                 sfploc08   0x00022c       data     static Z:\home\dell\frost\frostparseproject\target.asm
                 sfploc09   0x00022d       data     static Z:\home\dell\frost\frostparseproject\target.asm
                 sfploc10   0x00022e       data     static Z:\home\dell\frost\frostparseproject\target.asm
                 sfploc11   0x00022f       data     static Z:\home\dell\frost\frostparseproject\target.asm
                 sfploc12   0x000230       data     static Z:\home\dell\frost\frostparseproject\target.asm
                 sfploc13   0x000231       data     static Z:\home\dell\frost\frostparseproject\target.asm
                 sfploc14   0x000232       data     static Z:\home\dell\frost\frostparseproject\target.asm
                 sfploc15   0x000233       data     static Z:\home\dell\frost\frostparseproject\target.asm
                 sfploc16   0x000234       data     static Z:\home\dell\frost\frostparseproject\target.asm
                 sfploc17   0x000235       data     static Z:\home\dell\frost\frostparseproject\target.asm
                alt_stack   0x000236       data     static Z:\home\dell\frost\frostparseproject\target.asm
                hllblss00   0x00024a       data     static Z:\home\dell\frost\frostparseproject\target.asm
                hllblss01   0x00024b       data     static Z:\home\dell\frost\frostparseproject\target.asm
                hllblss02   0x00024c       data     static Z:\home\dell\frost\frostparseproject\target.asm


