MPLINK 4.37, Linker
Linker Map File - Created Sat Feb 02 15:46:02 2013

                                 Section Info
                  Section       Type    Address   Location Size(Bytes)
                ---------  ---------  ---------  ---------  ---------
                   Resetv       code   0x000000    program   0x000006
                    vectr       code   0x000004    program   0x00006a
                   .cinit    romdata   0x000039    program   0x000004
                hllupuser       code   0x00003b    program   0x000288
                   hlog1b       code   0x00017f    program   0x0000f2
                   hlog1a       code   0x0001f8    program   0x0000f2
                hllkrna08       code   0x000271    program   0x000086
                hllkrna05       code   0x0002b4    program   0x000052
                hllkrna04       code   0x0002dd    program   0x000052
                hllkrna09       code   0x000306    program   0x000042
                hllkrna10       code   0x000327    program   0x00003e
                hllkrna00       code   0x000346    program   0x000036
                hllkrn444       code   0x000361    program   0x000030
                hllkrna03       code   0x000379    program   0x00001c
                hllkrna07       code   0x000387    program   0x000014
                hllkrna06       code   0x000391    program   0x000014
                     main       code   0x00039b    program   0x000012
                hllkrna01       code   0x0003a4    program   0x00000e
                hllkrna02       code   0x0003ab    program   0x000006
                hllkrna11       code   0x0003ae    program   0x000004
    .config_2007_TARGET.O       code   0x002007    program   0x000002
                   ukrnl2      udata   0x000020       data   0x000050
                   ukrshr      udata   0x000070       data   0x00000c
                 mainvars      udata   0x00007c       data   0x000003
                   ukrnl3      udata   0x0000a0       data   0x000014
                   ukernl      udata   0x0000b4       data   0x000006



                              Program Memory Usage 
                               Start         End      
                           ---------   ---------      
                            0x000000    0x000002      
                            0x000004    0x0003af      
                            0x002007    0x002007      
            944 out of 4358 program addresses used, program memory utilization is 21%



                              Symbols - Sorted by Name
                     Name    Address   Location    Storage File                     
                ---------  ---------  ---------  --------- ---------                
                  ExitISR   0x00002d    program     static F:\beau\frostrcieproject\target.asm
                      ISR   0x000004    program     static F:\beau\frostrcieproject\target.asm
          _hllkrna00_000C   0x000352    program     static F:\beau\frostrcieproject\target.asm
          _hllkrna00_0018   0x00035e    program     static F:\beau\frostrcieproject\target.asm
          _hllkrna03_0005   0x00037e    program     static F:\beau\frostrcieproject\target.asm
          _hllkrna03_000C   0x000385    program     static F:\beau\frostrcieproject\target.asm
          _hllkrna04_000F   0x0002ec    program     static F:\beau\frostrcieproject\target.asm
          _hllkrna04_0011   0x0002ee    program     static F:\beau\frostrcieproject\target.asm
          _hllkrna04_0022   0x0002ff    program     static F:\beau\frostrcieproject\target.asm
          _hllkrna04_0024   0x000301    program     static F:\beau\frostrcieproject\target.asm
          _hllkrna05_000F   0x0002c3    program     static F:\beau\frostrcieproject\target.asm
          _hllkrna05_0011   0x0002c5    program     static F:\beau\frostrcieproject\target.asm
          _hllkrna05_0022   0x0002d6    program     static F:\beau\frostrcieproject\target.asm
          _hllkrna05_0024   0x0002d8    program     static F:\beau\frostrcieproject\target.asm
          _hllkrna08_0003   0x000274    program     static F:\beau\frostrcieproject\target.asm
          _hllkrna08_0011   0x000282    program     static F:\beau\frostrcieproject\target.asm
          _hllkrna09_0003   0x000309    program     static F:\beau\frostrcieproject\target.asm
          _hllkrna09_0011   0x000317    program     static F:\beau\frostrcieproject\target.asm
          _hllkrna10_0003   0x00032a    program     static F:\beau\frostrcieproject\target.asm
          _hllkrna10_0010   0x000337    program     static F:\beau\frostrcieproject\target.asm
                      add   0x0003a4    program     static F:\beau\frostrcieproject\target.asm
                 clearbit   0x0001f8    program     static F:\beau\frostrcieproject\target.asm
                clearbit0   0x000236    program     static F:\beau\frostrcieproject\target.asm
                  dispose   0x0003ae    program     static F:\beau\frostrcieproject\target.asm
                     divu   0x0002b4    program     static F:\beau\frostrcieproject\target.asm
                    divu0   0x0002ca    program     static F:\beau\frostrcieproject\target.asm
                   dmm445   0x000372    program     static F:\beau\frostrcieproject\target.asm
                       eq   0x000387    program     static F:\beau\frostrcieproject\target.asm
                    getch   0x000391    program     static F:\beau\frostrcieproject\target.asm
                    geth2   0x000393    program     static F:\beau\frostrcieproject\target.asm
                 hllAAAAA   0x000243    program     static F:\beau\frostrcieproject\target.asm
                 hllBAAAA   0x000249    program     static F:\beau\frostrcieproject\target.asm
                 hllCAAAA   0x000250    program     static F:\beau\frostrcieproject\target.asm
                 hllDAAAA   0x000257    program     static F:\beau\frostrcieproject\target.asm
                 hllEAAAA   0x00025e    program     static F:\beau\frostrcieproject\target.asm
                 hllFAAAA   0x000265    program     static F:\beau\frostrcieproject\target.asm
                 hllGAAAA   0x00026c    program     static F:\beau\frostrcieproject\target.asm
                 hllHAAAA   0x00026e    program     static F:\beau\frostrcieproject\target.asm
                 hllIAAAA   0x0001ca    program     static F:\beau\frostrcieproject\target.asm
                 hllJAAAA   0x0001d0    program     static F:\beau\frostrcieproject\target.asm
                 hllKAAAA   0x0001d7    program     static F:\beau\frostrcieproject\target.asm
                 hllLAAAA   0x0001de    program     static F:\beau\frostrcieproject\target.asm
                 hllMAAAA   0x0001e5    program     static F:\beau\frostrcieproject\target.asm
                 hllNAAAA   0x0001ec    program     static F:\beau\frostrcieproject\target.asm
                 hllOAAAA   0x0001f3    program     static F:\beau\frostrcieproject\target.asm
                 hllPAAAA   0x0001f5    program     static F:\beau\frostrcieproject\target.asm
             hllnotisr114   0x000022    program     static F:\beau\frostrcieproject\target.asm
              hllnotisr49   0x00002d    program     static F:\beau\frostrcieproject\target.asm
                hllprgen2   0x00017e    program     static F:\beau\frostrcieproject\target.asm
               hllprogend   0x00017d    program     static F:\beau\frostrcieproject\target.asm
              hlluserprog   0x00003b    program     static F:\beau\frostrcieproject\target.asm
                   hloego   0x00039b    program     static F:\beau\frostrcieproject\target.asm
                     kpop   0x000306    program     static F:\beau\frostrcieproject\target.asm
                    kpush   0x000327    program     static F:\beau\frostrcieproject\target.asm
                   kspox5   0x000369    program     static F:\beau\frostrcieproject\target.asm
                     modu   0x0002dd    program     static F:\beau\frostrcieproject\target.asm
                    modu0   0x0002f3    program     static F:\beau\frostrcieproject\target.asm
                      mul   0x000346    program     static F:\beau\frostrcieproject\target.asm
                     mul0   0x000355    program     static F:\beau\frostrcieproject\target.asm
                    negti   0x0003ab    program     static F:\beau\frostrcieproject\target.asm
                     parm   0x000271    program     static F:\beau\frostrcieproject\target.asm
                    parm4   0x0002a4    program     static F:\beau\frostrcieproject\target.asm
                  printch   0x000379    program     static F:\beau\frostrcieproject\target.asm
                 safepush   0x000361    program     static F:\beau\frostrcieproject\target.asm
                   setbit   0x00017f    program     static F:\beau\frostrcieproject\target.asm
                  setbit0   0x0001bd    program     static F:\beau\frostrcieproject\target.asm
                  sperr11   0x000370    program     static F:\beau\frostrcieproject\target.asm
                   tcf00h   0x00018f    program     static F:\beau\frostrcieproject\target.asm
                   tcf01h   0x000195    program     static F:\beau\frostrcieproject\target.asm
                   tcf02h   0x00019c    program     static F:\beau\frostrcieproject\target.asm
                   tcf03h   0x0001a3    program     static F:\beau\frostrcieproject\target.asm
                   tcf04h   0x0001aa    program     static F:\beau\frostrcieproject\target.asm
                   tcf05h   0x0001b1    program     static F:\beau\frostrcieproject\target.asm
                   tcf07h   0x0001b8    program     static F:\beau\frostrcieproject\target.asm
                   tcf99h   0x0001ba    program     static F:\beau\frostrcieproject\target.asm
                   tff00h   0x000208    program     static F:\beau\frostrcieproject\target.asm
                   tff01h   0x00020e    program     static F:\beau\frostrcieproject\target.asm
                   tff02h   0x000215    program     static F:\beau\frostrcieproject\target.asm
                   tff03h   0x00021c    program     static F:\beau\frostrcieproject\target.asm
                   tff04h   0x000223    program     static F:\beau\frostrcieproject\target.asm
                   tff05h   0x00022a    program     static F:\beau\frostrcieproject\target.asm
                   tff07h   0x000231    program     static F:\beau\frostrcieproject\target.asm
                   tff99h   0x000233    program     static F:\beau\frostrcieproject\target.asm
                 ALT_Save   0x00007a       data     static F:\beau\frostrcieproject\target.asm
                 FSR_Save   0x000079       data     static F:\beau\frostrcieproject\target.asm
                  PC_Save   0x00007e       data     static F:\beau\frostrcieproject\target.asm
              STATUS_Save   0x000078       data     static F:\beau\frostrcieproject\target.asm
                   W_Save   0x000077       data     static F:\beau\frostrcieproject\target.asm
                  alt_fsr   0x000076       data     static F:\beau\frostrcieproject\target.asm
                alt_stack   0x0000a0       data     static F:\beau\frostrcieproject\target.asm
                hllblss00   0x0000b4       data     static F:\beau\frostrcieproject\target.asm
             hllblss00isr   0x0000b5       data     static F:\beau\frostrcieproject\target.asm
                hllblss01   0x0000b6       data     static F:\beau\frostrcieproject\target.asm
             hllblss01isr   0x0000b7       data     static F:\beau\frostrcieproject\target.asm
                hllblss02   0x0000b8       data     static F:\beau\frostrcieproject\target.asm
             hllblss02isr   0x0000b9       data     static F:\beau\frostrcieproject\target.asm
                   in_isr   0x00007b       data     static F:\beau\frostrcieproject\target.asm
                    pbase   0x00007c       data     static F:\beau\frostrcieproject\target.asm
                 pbaseisr   0x00007d       data     static F:\beau\frostrcieproject\target.asm
               softstack0   0x000070       data     static F:\beau\frostrcieproject\target.asm
            softstack0isr   0x000071       data     static F:\beau\frostrcieproject\target.asm
               softstack1   0x000072       data     static F:\beau\frostrcieproject\target.asm
            softstack1isr   0x000073       data     static F:\beau\frostrcieproject\target.asm
               softstack2   0x000074       data     static F:\beau\frostrcieproject\target.asm
            softstack2isr   0x000075       data     static F:\beau\frostrcieproject\target.asm
                    stack   0x000020       data     static F:\beau\frostrcieproject\target.asm



                              Symbols - Sorted by Address
                     Name    Address   Location    Storage File                     
                ---------  ---------  ---------  --------- ---------                
                      ISR   0x000004    program     static F:\beau\frostrcieproject\target.asm
             hllnotisr114   0x000022    program     static F:\beau\frostrcieproject\target.asm
                  ExitISR   0x00002d    program     static F:\beau\frostrcieproject\target.asm
              hllnotisr49   0x00002d    program     static F:\beau\frostrcieproject\target.asm
              hlluserprog   0x00003b    program     static F:\beau\frostrcieproject\target.asm
               hllprogend   0x00017d    program     static F:\beau\frostrcieproject\target.asm
                hllprgen2   0x00017e    program     static F:\beau\frostrcieproject\target.asm
                   setbit   0x00017f    program     static F:\beau\frostrcieproject\target.asm
                   tcf00h   0x00018f    program     static F:\beau\frostrcieproject\target.asm
                   tcf01h   0x000195    program     static F:\beau\frostrcieproject\target.asm
                   tcf02h   0x00019c    program     static F:\beau\frostrcieproject\target.asm
                   tcf03h   0x0001a3    program     static F:\beau\frostrcieproject\target.asm
                   tcf04h   0x0001aa    program     static F:\beau\frostrcieproject\target.asm
                   tcf05h   0x0001b1    program     static F:\beau\frostrcieproject\target.asm
                   tcf07h   0x0001b8    program     static F:\beau\frostrcieproject\target.asm
                   tcf99h   0x0001ba    program     static F:\beau\frostrcieproject\target.asm
                  setbit0   0x0001bd    program     static F:\beau\frostrcieproject\target.asm
                 hllIAAAA   0x0001ca    program     static F:\beau\frostrcieproject\target.asm
                 hllJAAAA   0x0001d0    program     static F:\beau\frostrcieproject\target.asm
                 hllKAAAA   0x0001d7    program     static F:\beau\frostrcieproject\target.asm
                 hllLAAAA   0x0001de    program     static F:\beau\frostrcieproject\target.asm
                 hllMAAAA   0x0001e5    program     static F:\beau\frostrcieproject\target.asm
                 hllNAAAA   0x0001ec    program     static F:\beau\frostrcieproject\target.asm
                 hllOAAAA   0x0001f3    program     static F:\beau\frostrcieproject\target.asm
                 hllPAAAA   0x0001f5    program     static F:\beau\frostrcieproject\target.asm
                 clearbit   0x0001f8    program     static F:\beau\frostrcieproject\target.asm
                   tff00h   0x000208    program     static F:\beau\frostrcieproject\target.asm
                   tff01h   0x00020e    program     static F:\beau\frostrcieproject\target.asm
                   tff02h   0x000215    program     static F:\beau\frostrcieproject\target.asm
                   tff03h   0x00021c    program     static F:\beau\frostrcieproject\target.asm
                   tff04h   0x000223    program     static F:\beau\frostrcieproject\target.asm
                   tff05h   0x00022a    program     static F:\beau\frostrcieproject\target.asm
                   tff07h   0x000231    program     static F:\beau\frostrcieproject\target.asm
                   tff99h   0x000233    program     static F:\beau\frostrcieproject\target.asm
                clearbit0   0x000236    program     static F:\beau\frostrcieproject\target.asm
                 hllAAAAA   0x000243    program     static F:\beau\frostrcieproject\target.asm
                 hllBAAAA   0x000249    program     static F:\beau\frostrcieproject\target.asm
                 hllCAAAA   0x000250    program     static F:\beau\frostrcieproject\target.asm
                 hllDAAAA   0x000257    program     static F:\beau\frostrcieproject\target.asm
                 hllEAAAA   0x00025e    program     static F:\beau\frostrcieproject\target.asm
                 hllFAAAA   0x000265    program     static F:\beau\frostrcieproject\target.asm
                 hllGAAAA   0x00026c    program     static F:\beau\frostrcieproject\target.asm
                 hllHAAAA   0x00026e    program     static F:\beau\frostrcieproject\target.asm
                     parm   0x000271    program     static F:\beau\frostrcieproject\target.asm
          _hllkrna08_0003   0x000274    program     static F:\beau\frostrcieproject\target.asm
          _hllkrna08_0011   0x000282    program     static F:\beau\frostrcieproject\target.asm
                    parm4   0x0002a4    program     static F:\beau\frostrcieproject\target.asm
                     divu   0x0002b4    program     static F:\beau\frostrcieproject\target.asm
          _hllkrna05_000F   0x0002c3    program     static F:\beau\frostrcieproject\target.asm
          _hllkrna05_0011   0x0002c5    program     static F:\beau\frostrcieproject\target.asm
                    divu0   0x0002ca    program     static F:\beau\frostrcieproject\target.asm
          _hllkrna05_0022   0x0002d6    program     static F:\beau\frostrcieproject\target.asm
          _hllkrna05_0024   0x0002d8    program     static F:\beau\frostrcieproject\target.asm
                     modu   0x0002dd    program     static F:\beau\frostrcieproject\target.asm
          _hllkrna04_000F   0x0002ec    program     static F:\beau\frostrcieproject\target.asm
          _hllkrna04_0011   0x0002ee    program     static F:\beau\frostrcieproject\target.asm
                    modu0   0x0002f3    program     static F:\beau\frostrcieproject\target.asm
          _hllkrna04_0022   0x0002ff    program     static F:\beau\frostrcieproject\target.asm
          _hllkrna04_0024   0x000301    program     static F:\beau\frostrcieproject\target.asm
                     kpop   0x000306    program     static F:\beau\frostrcieproject\target.asm
          _hllkrna09_0003   0x000309    program     static F:\beau\frostrcieproject\target.asm
          _hllkrna09_0011   0x000317    program     static F:\beau\frostrcieproject\target.asm
                    kpush   0x000327    program     static F:\beau\frostrcieproject\target.asm
          _hllkrna10_0003   0x00032a    program     static F:\beau\frostrcieproject\target.asm
          _hllkrna10_0010   0x000337    program     static F:\beau\frostrcieproject\target.asm
                      mul   0x000346    program     static F:\beau\frostrcieproject\target.asm
          _hllkrna00_000C   0x000352    program     static F:\beau\frostrcieproject\target.asm
                     mul0   0x000355    program     static F:\beau\frostrcieproject\target.asm
          _hllkrna00_0018   0x00035e    program     static F:\beau\frostrcieproject\target.asm
                 safepush   0x000361    program     static F:\beau\frostrcieproject\target.asm
                   kspox5   0x000369    program     static F:\beau\frostrcieproject\target.asm
                  sperr11   0x000370    program     static F:\beau\frostrcieproject\target.asm
                   dmm445   0x000372    program     static F:\beau\frostrcieproject\target.asm
                  printch   0x000379    program     static F:\beau\frostrcieproject\target.asm
          _hllkrna03_0005   0x00037e    program     static F:\beau\frostrcieproject\target.asm
          _hllkrna03_000C   0x000385    program     static F:\beau\frostrcieproject\target.asm
                       eq   0x000387    program     static F:\beau\frostrcieproject\target.asm
                    getch   0x000391    program     static F:\beau\frostrcieproject\target.asm
                    geth2   0x000393    program     static F:\beau\frostrcieproject\target.asm
                   hloego   0x00039b    program     static F:\beau\frostrcieproject\target.asm
                      add   0x0003a4    program     static F:\beau\frostrcieproject\target.asm
                    negti   0x0003ab    program     static F:\beau\frostrcieproject\target.asm
                  dispose   0x0003ae    program     static F:\beau\frostrcieproject\target.asm
                    stack   0x000020       data     static F:\beau\frostrcieproject\target.asm
               softstack0   0x000070       data     static F:\beau\frostrcieproject\target.asm
            softstack0isr   0x000071       data     static F:\beau\frostrcieproject\target.asm
               softstack1   0x000072       data     static F:\beau\frostrcieproject\target.asm
            softstack1isr   0x000073       data     static F:\beau\frostrcieproject\target.asm
               softstack2   0x000074       data     static F:\beau\frostrcieproject\target.asm
            softstack2isr   0x000075       data     static F:\beau\frostrcieproject\target.asm
                  alt_fsr   0x000076       data     static F:\beau\frostrcieproject\target.asm
                   W_Save   0x000077       data     static F:\beau\frostrcieproject\target.asm
              STATUS_Save   0x000078       data     static F:\beau\frostrcieproject\target.asm
                 FSR_Save   0x000079       data     static F:\beau\frostrcieproject\target.asm
                 ALT_Save   0x00007a       data     static F:\beau\frostrcieproject\target.asm
                   in_isr   0x00007b       data     static F:\beau\frostrcieproject\target.asm
                    pbase   0x00007c       data     static F:\beau\frostrcieproject\target.asm
                 pbaseisr   0x00007d       data     static F:\beau\frostrcieproject\target.asm
                  PC_Save   0x00007e       data     static F:\beau\frostrcieproject\target.asm
                alt_stack   0x0000a0       data     static F:\beau\frostrcieproject\target.asm
                hllblss00   0x0000b4       data     static F:\beau\frostrcieproject\target.asm
             hllblss00isr   0x0000b5       data     static F:\beau\frostrcieproject\target.asm
                hllblss01   0x0000b6       data     static F:\beau\frostrcieproject\target.asm
             hllblss01isr   0x0000b7       data     static F:\beau\frostrcieproject\target.asm
                hllblss02   0x0000b8       data     static F:\beau\frostrcieproject\target.asm
             hllblss02isr   0x0000b9       data     static F:\beau\frostrcieproject\target.asm


