MPLINK 4.37, Linker
Linker Map File - Created Thu May 07 11:29:01 2015

                                 Section Info
                  Section       Type    Address   Location Size(Bytes)
                ---------  ---------  ---------  ---------  ---------
                   Resetv       code   0x000000    program   0x000006
                   .cinit    romdata   0x000003    program   0x000004
                 sfp_prrr       code   0x000005    program   0x00014c
                hllupuser       code   0x0000ab    program   0x000132
                  sfp_div       code   0x000144    program   0x00011e
                   hlog1b       code   0x0001d3    program   0x00006e
                   hlog1a       code   0x00020a    program   0x00006e
                hllkrna08       code   0x000241    program   0x000022
                hllkrna05       code   0x000252    program   0x00001e
                hllkrna04       code   0x000261    program   0x00001e
                     main       code   0x000270    program   0x000018
                hllkrna00       code   0x00027c    program   0x000014
                hllkrna07       code   0x000286    program   0x000010
                hllkrna06       code   0x00028e    program   0x00000e
                hllkrna03       code   0x000295    program   0x00000e
                   hlog1h       code   0x00029c    program   0x00000a
                   hlog1d       code   0x0002a1    program   0x00000a
                hllkrna01       code   0x0002a6    program   0x00000a
               sfp_ddbasc       code   0x0002ab    program   0x000008
                hllkrna02       code   0x0002af    program   0x000006
                hllkrna11       code   0x0002b2    program   0x000004
                hllkrna10       code   0x0002b4    program   0x000004
                hllkrna09       code   0x0002b6    program   0x000004
    .config_8007_TARGET.O       code   0x008007    program   0x000002
    .config_8008_TARGET.O       code   0x008008    program   0x000002
                   ukrnl2      udata   0x000020       data   0x000050
                   ukrshr      udata   0x000070       data   0x000009
                 mainvars      udata   0x000079       data   0x000001
                     sfpu      udata   0x000220       data   0x000016
                   ukrnl3      udata   0x000236       data   0x000014
                   ukernl      udata   0x00024a       data   0x000003



                              Program Memory Usage 
                               Start         End      
                           ---------   ---------      
                            0x000000    0x0002b7      
                            0x008007    0x008008      
            698 out of 4359 program addresses used, program memory utilization is 16%



                              Symbols - Sorted by Name
                     Name    Address   Location    Storage File                     
                ---------  ---------  ---------  --------- ---------                
          _hllkrna00_0007   0x000283    program     static C:\Users\james.wilkinson\Downloads\frost\frosttestproject\target.asm
          _hllkrna03_0005   0x00029a    program     static C:\Users\james.wilkinson\Downloads\frost\frosttestproject\target.asm
          _hllkrna04_0009   0x00026a    program     static C:\Users\james.wilkinson\Downloads\frost\frosttestproject\target.asm
          _hllkrna04_000B   0x00026c    program     static C:\Users\james.wilkinson\Downloads\frost\frosttestproject\target.asm
          _hllkrna05_0009   0x00025b    program     static C:\Users\james.wilkinson\Downloads\frost\frosttestproject\target.asm
          _hllkrna05_000B   0x00025d    program     static C:\Users\james.wilkinson\Downloads\frost\frosttestproject\target.asm
                      add   0x0002a6    program     static C:\Users\james.wilkinson\Downloads\frost\frosttestproject\target.asm
                     andu   0x00029c    program     static C:\Users\james.wilkinson\Downloads\frost\frosttestproject\target.asm
                    ascii   0x0002ab    program     static C:\Users\james.wilkinson\Downloads\frost\frosttestproject\target.asm
                 clearbit   0x00020a    program     static C:\Users\james.wilkinson\Downloads\frost\frosttestproject\target.asm
                  dispose   0x0002b2    program     static C:\Users\james.wilkinson\Downloads\frost\frosttestproject\target.asm
                     divf   0x000144    program     static C:\Users\james.wilkinson\Downloads\frost\frosttestproject\target.asm
                     divu   0x000252    program     static C:\Users\james.wilkinson\Downloads\frost\frosttestproject\target.asm
                       eq   0x000286    program     static C:\Users\james.wilkinson\Downloads\frost\frosttestproject\target.asm
                    getch   0x00028e    program     static C:\Users\james.wilkinson\Downloads\frost\frosttestproject\target.asm
                    geth2   0x00028f    program     static C:\Users\james.wilkinson\Downloads\frost\frosttestproject\target.asm
                 hllAAAAA   0x000214    program     static C:\Users\james.wilkinson\Downloads\frost\frosttestproject\target.asm
                 hllABAAA   0x0001b8    program     static C:\Users\james.wilkinson\Downloads\frost\frosttestproject\target.asm
                 hllBAAAA   0x00021a    program     static C:\Users\james.wilkinson\Downloads\frost\frosttestproject\target.asm
                 hllBBAAA   0x0001b9    program     static C:\Users\james.wilkinson\Downloads\frost\frosttestproject\target.asm
                 hllCAAAA   0x000221    program     static C:\Users\james.wilkinson\Downloads\frost\frosttestproject\target.asm
                 hllCBAAA   0x0001c2    program     static C:\Users\james.wilkinson\Downloads\frost\frosttestproject\target.asm
                 hllDAAAA   0x000228    program     static C:\Users\james.wilkinson\Downloads\frost\frosttestproject\target.asm
                 hllDBAAA   0x0001c8    program     static C:\Users\james.wilkinson\Downloads\frost\frosttestproject\target.asm
                 hllEAAAA   0x00022f    program     static C:\Users\james.wilkinson\Downloads\frost\frosttestproject\target.asm
                 hllEBAAA   0x0001ca    program     static C:\Users\james.wilkinson\Downloads\frost\frosttestproject\target.asm
                 hllFAAAA   0x000236    program     static C:\Users\james.wilkinson\Downloads\frost\frosttestproject\target.asm
                 hllFBAAA   0x0001cd    program     static C:\Users\james.wilkinson\Downloads\frost\frosttestproject\target.asm
                 hllGAAAA   0x00023d    program     static C:\Users\james.wilkinson\Downloads\frost\frosttestproject\target.asm
                 hllGBAAA   0x000017    program     static C:\Users\james.wilkinson\Downloads\frost\frosttestproject\target.asm
                hllGBAAA2   0x000078    program     static C:\Users\james.wilkinson\Downloads\frost\frosttestproject\target.asm
                 hllHAAAA   0x00023f    program     static C:\Users\james.wilkinson\Downloads\frost\frosttestproject\target.asm
                 hllIAAAA   0x0001dd    program     static C:\Users\james.wilkinson\Downloads\frost\frosttestproject\target.asm
                 hllJAAAA   0x0001e3    program     static C:\Users\james.wilkinson\Downloads\frost\frosttestproject\target.asm
                 hllKAAAA   0x0001ea    program     static C:\Users\james.wilkinson\Downloads\frost\frosttestproject\target.asm
                 hllLAAAA   0x0001f1    program     static C:\Users\james.wilkinson\Downloads\frost\frosttestproject\target.asm
                 hllMAAAA   0x0001f8    program     static C:\Users\james.wilkinson\Downloads\frost\frosttestproject\target.asm
                 hllNAAAA   0x0001ff    program     static C:\Users\james.wilkinson\Downloads\frost\frosttestproject\target.asm
                 hllOAAAA   0x000206    program     static C:\Users\james.wilkinson\Downloads\frost\frosttestproject\target.asm
                 hllPAAAA   0x000208    program     static C:\Users\james.wilkinson\Downloads\frost\frosttestproject\target.asm
                 hllQAAAA   0x000168    program     static C:\Users\james.wilkinson\Downloads\frost\frosttestproject\target.asm
                 hllRAAAA   0x000174    program     static C:\Users\james.wilkinson\Downloads\frost\frosttestproject\target.asm
                 hllSAAAA   0x00017e    program     static C:\Users\james.wilkinson\Downloads\frost\frosttestproject\target.asm
                 hllTAAAA   0x000199    program     static C:\Users\james.wilkinson\Downloads\frost\frosttestproject\target.asm
                 hllUAAAA   0x00019b    program     static C:\Users\james.wilkinson\Downloads\frost\frosttestproject\target.asm
                 hllVAAAA   0x00019d    program     static C:\Users\james.wilkinson\Downloads\frost\frosttestproject\target.asm
                 hllWAAAA   0x0001aa    program     static C:\Users\james.wilkinson\Downloads\frost\frosttestproject\target.asm
                 hllXAAAA   0x0001b4    program     static C:\Users\james.wilkinson\Downloads\frost\frosttestproject\target.asm
                 hllYAAAA   0x0001b5    program     static C:\Users\james.wilkinson\Downloads\frost\frosttestproject\target.asm
                 hllZAAAA   0x0001b7    program     static C:\Users\james.wilkinson\Downloads\frost\frosttestproject\target.asm
                hllprgen2   0x000143    program     static C:\Users\james.wilkinson\Downloads\frost\frosttestproject\target.asm
               hllprogend   0x000142    program     static C:\Users\james.wilkinson\Downloads\frost\frosttestproject\target.asm
              hlluserprog   0x0000ab    program     static C:\Users\james.wilkinson\Downloads\frost\frosttestproject\target.asm
                   hloego   0x000270    program     static C:\Users\james.wilkinson\Downloads\frost\frosttestproject\target.asm
                     kpop   0x0002b6    program     static C:\Users\james.wilkinson\Downloads\frost\frosttestproject\target.asm
                    kpush   0x0002b4    program     static C:\Users\james.wilkinson\Downloads\frost\frosttestproject\target.asm
                     modu   0x000261    program     static C:\Users\james.wilkinson\Downloads\frost\frosttestproject\target.asm
                      mul   0x00027c    program     static C:\Users\james.wilkinson\Downloads\frost\frosttestproject\target.asm
                    negti   0x0002af    program     static C:\Users\james.wilkinson\Downloads\frost\frosttestproject\target.asm
                      oru   0x0002a1    program     static C:\Users\james.wilkinson\Downloads\frost\frosttestproject\target.asm
                     parm   0x000241    program     static C:\Users\james.wilkinson\Downloads\frost\frosttestproject\target.asm
                  printch   0x000295    program     static C:\Users\james.wilkinson\Downloads\frost\frosttestproject\target.asm
                   printf   0x000005    program     static C:\Users\james.wilkinson\Downloads\frost\frosttestproject\target.asm
                   setbit   0x0001d3    program     static C:\Users\james.wilkinson\Downloads\frost\frosttestproject\target.asm
                 ALT_Save   0x000077       data     static C:\Users\james.wilkinson\Downloads\frost\frosttestproject\target.asm
                 FSR_Save   0x000076       data     static C:\Users\james.wilkinson\Downloads\frost\frosttestproject\target.asm
              STATUS_Save   0x000075       data     static C:\Users\james.wilkinson\Downloads\frost\frosttestproject\target.asm
                   W_Save   0x000074       data     static C:\Users\james.wilkinson\Downloads\frost\frosttestproject\target.asm
                  alt_fsr   0x000073       data     static C:\Users\james.wilkinson\Downloads\frost\frosttestproject\target.asm
                alt_stack   0x000236       data     static C:\Users\james.wilkinson\Downloads\frost\frosttestproject\target.asm
                hllblss00   0x00024a       data     static C:\Users\james.wilkinson\Downloads\frost\frosttestproject\target.asm
                hllblss01   0x00024b       data     static C:\Users\james.wilkinson\Downloads\frost\frosttestproject\target.asm
                hllblss02   0x00024c       data     static C:\Users\james.wilkinson\Downloads\frost\frosttestproject\target.asm
                   in_isr   0x000078       data     static C:\Users\james.wilkinson\Downloads\frost\frosttestproject\target.asm
                    pbase   0x000079       data     static C:\Users\james.wilkinson\Downloads\frost\frosttestproject\target.asm
                 sfpaux00   0x000221       data     static C:\Users\james.wilkinson\Downloads\frost\frosttestproject\target.asm
                 sfpaux01   0x000223       data     static C:\Users\james.wilkinson\Downloads\frost\frosttestproject\target.asm
                 sfpaux02   0x000225       data     static C:\Users\james.wilkinson\Downloads\frost\frosttestproject\target.asm
                 sfpaux03   0x000227       data     static C:\Users\james.wilkinson\Downloads\frost\frosttestproject\target.asm
                 sfploc00   0x000220       data     static C:\Users\james.wilkinson\Downloads\frost\frosttestproject\target.asm
                 sfploc01   0x000222       data     static C:\Users\james.wilkinson\Downloads\frost\frosttestproject\target.asm
                 sfploc02   0x000224       data     static C:\Users\james.wilkinson\Downloads\frost\frosttestproject\target.asm
                 sfploc03   0x000226       data     static C:\Users\james.wilkinson\Downloads\frost\frosttestproject\target.asm
                 sfploc04   0x000228       data     static C:\Users\james.wilkinson\Downloads\frost\frosttestproject\target.asm
                 sfploc05   0x000229       data     static C:\Users\james.wilkinson\Downloads\frost\frosttestproject\target.asm
                 sfploc06   0x00022a       data     static C:\Users\james.wilkinson\Downloads\frost\frosttestproject\target.asm
                 sfploc07   0x00022b       data     static C:\Users\james.wilkinson\Downloads\frost\frosttestproject\target.asm
                 sfploc08   0x00022c       data     static C:\Users\james.wilkinson\Downloads\frost\frosttestproject\target.asm
                 sfploc09   0x00022d       data     static C:\Users\james.wilkinson\Downloads\frost\frosttestproject\target.asm
                 sfploc10   0x00022e       data     static C:\Users\james.wilkinson\Downloads\frost\frosttestproject\target.asm
                 sfploc11   0x00022f       data     static C:\Users\james.wilkinson\Downloads\frost\frosttestproject\target.asm
                 sfploc12   0x000230       data     static C:\Users\james.wilkinson\Downloads\frost\frosttestproject\target.asm
                 sfploc13   0x000231       data     static C:\Users\james.wilkinson\Downloads\frost\frosttestproject\target.asm
                 sfploc14   0x000232       data     static C:\Users\james.wilkinson\Downloads\frost\frosttestproject\target.asm
                 sfploc15   0x000233       data     static C:\Users\james.wilkinson\Downloads\frost\frosttestproject\target.asm
                 sfploc16   0x000234       data     static C:\Users\james.wilkinson\Downloads\frost\frosttestproject\target.asm
                 sfploc17   0x000235       data     static C:\Users\james.wilkinson\Downloads\frost\frosttestproject\target.asm
               softstack0   0x000070       data     static C:\Users\james.wilkinson\Downloads\frost\frosttestproject\target.asm
               softstack1   0x000071       data     static C:\Users\james.wilkinson\Downloads\frost\frosttestproject\target.asm
               softstack2   0x000072       data     static C:\Users\james.wilkinson\Downloads\frost\frosttestproject\target.asm
                    stack   0x000020       data     static C:\Users\james.wilkinson\Downloads\frost\frosttestproject\target.asm



                              Symbols - Sorted by Address
                     Name    Address   Location    Storage File                     
                ---------  ---------  ---------  --------- ---------                
                   printf   0x000005    program     static C:\Users\james.wilkinson\Downloads\frost\frosttestproject\target.asm
                 hllGBAAA   0x000017    program     static C:\Users\james.wilkinson\Downloads\frost\frosttestproject\target.asm
                hllGBAAA2   0x000078    program     static C:\Users\james.wilkinson\Downloads\frost\frosttestproject\target.asm
              hlluserprog   0x0000ab    program     static C:\Users\james.wilkinson\Downloads\frost\frosttestproject\target.asm
               hllprogend   0x000142    program     static C:\Users\james.wilkinson\Downloads\frost\frosttestproject\target.asm
                hllprgen2   0x000143    program     static C:\Users\james.wilkinson\Downloads\frost\frosttestproject\target.asm
                     divf   0x000144    program     static C:\Users\james.wilkinson\Downloads\frost\frosttestproject\target.asm
                 hllQAAAA   0x000168    program     static C:\Users\james.wilkinson\Downloads\frost\frosttestproject\target.asm
                 hllRAAAA   0x000174    program     static C:\Users\james.wilkinson\Downloads\frost\frosttestproject\target.asm
                 hllSAAAA   0x00017e    program     static C:\Users\james.wilkinson\Downloads\frost\frosttestproject\target.asm
                 hllTAAAA   0x000199    program     static C:\Users\james.wilkinson\Downloads\frost\frosttestproject\target.asm
                 hllUAAAA   0x00019b    program     static C:\Users\james.wilkinson\Downloads\frost\frosttestproject\target.asm
                 hllVAAAA   0x00019d    program     static C:\Users\james.wilkinson\Downloads\frost\frosttestproject\target.asm
                 hllWAAAA   0x0001aa    program     static C:\Users\james.wilkinson\Downloads\frost\frosttestproject\target.asm
                 hllXAAAA   0x0001b4    program     static C:\Users\james.wilkinson\Downloads\frost\frosttestproject\target.asm
                 hllYAAAA   0x0001b5    program     static C:\Users\james.wilkinson\Downloads\frost\frosttestproject\target.asm
                 hllZAAAA   0x0001b7    program     static C:\Users\james.wilkinson\Downloads\frost\frosttestproject\target.asm
                 hllABAAA   0x0001b8    program     static C:\Users\james.wilkinson\Downloads\frost\frosttestproject\target.asm
                 hllBBAAA   0x0001b9    program     static C:\Users\james.wilkinson\Downloads\frost\frosttestproject\target.asm
                 hllCBAAA   0x0001c2    program     static C:\Users\james.wilkinson\Downloads\frost\frosttestproject\target.asm
                 hllDBAAA   0x0001c8    program     static C:\Users\james.wilkinson\Downloads\frost\frosttestproject\target.asm
                 hllEBAAA   0x0001ca    program     static C:\Users\james.wilkinson\Downloads\frost\frosttestproject\target.asm
                 hllFBAAA   0x0001cd    program     static C:\Users\james.wilkinson\Downloads\frost\frosttestproject\target.asm
                   setbit   0x0001d3    program     static C:\Users\james.wilkinson\Downloads\frost\frosttestproject\target.asm
                 hllIAAAA   0x0001dd    program     static C:\Users\james.wilkinson\Downloads\frost\frosttestproject\target.asm
                 hllJAAAA   0x0001e3    program     static C:\Users\james.wilkinson\Downloads\frost\frosttestproject\target.asm
                 hllKAAAA   0x0001ea    program     static C:\Users\james.wilkinson\Downloads\frost\frosttestproject\target.asm
                 hllLAAAA   0x0001f1    program     static C:\Users\james.wilkinson\Downloads\frost\frosttestproject\target.asm
                 hllMAAAA   0x0001f8    program     static C:\Users\james.wilkinson\Downloads\frost\frosttestproject\target.asm
                 hllNAAAA   0x0001ff    program     static C:\Users\james.wilkinson\Downloads\frost\frosttestproject\target.asm
                 hllOAAAA   0x000206    program     static C:\Users\james.wilkinson\Downloads\frost\frosttestproject\target.asm
                 hllPAAAA   0x000208    program     static C:\Users\james.wilkinson\Downloads\frost\frosttestproject\target.asm
                 clearbit   0x00020a    program     static C:\Users\james.wilkinson\Downloads\frost\frosttestproject\target.asm
                 hllAAAAA   0x000214    program     static C:\Users\james.wilkinson\Downloads\frost\frosttestproject\target.asm
                 hllBAAAA   0x00021a    program     static C:\Users\james.wilkinson\Downloads\frost\frosttestproject\target.asm
                 hllCAAAA   0x000221    program     static C:\Users\james.wilkinson\Downloads\frost\frosttestproject\target.asm
                 hllDAAAA   0x000228    program     static C:\Users\james.wilkinson\Downloads\frost\frosttestproject\target.asm
                 hllEAAAA   0x00022f    program     static C:\Users\james.wilkinson\Downloads\frost\frosttestproject\target.asm
                 hllFAAAA   0x000236    program     static C:\Users\james.wilkinson\Downloads\frost\frosttestproject\target.asm
                 hllGAAAA   0x00023d    program     static C:\Users\james.wilkinson\Downloads\frost\frosttestproject\target.asm
                 hllHAAAA   0x00023f    program     static C:\Users\james.wilkinson\Downloads\frost\frosttestproject\target.asm
                     parm   0x000241    program     static C:\Users\james.wilkinson\Downloads\frost\frosttestproject\target.asm
                     divu   0x000252    program     static C:\Users\james.wilkinson\Downloads\frost\frosttestproject\target.asm
          _hllkrna05_0009   0x00025b    program     static C:\Users\james.wilkinson\Downloads\frost\frosttestproject\target.asm
          _hllkrna05_000B   0x00025d    program     static C:\Users\james.wilkinson\Downloads\frost\frosttestproject\target.asm
                     modu   0x000261    program     static C:\Users\james.wilkinson\Downloads\frost\frosttestproject\target.asm
          _hllkrna04_0009   0x00026a    program     static C:\Users\james.wilkinson\Downloads\frost\frosttestproject\target.asm
          _hllkrna04_000B   0x00026c    program     static C:\Users\james.wilkinson\Downloads\frost\frosttestproject\target.asm
                   hloego   0x000270    program     static C:\Users\james.wilkinson\Downloads\frost\frosttestproject\target.asm
                      mul   0x00027c    program     static C:\Users\james.wilkinson\Downloads\frost\frosttestproject\target.asm
          _hllkrna00_0007   0x000283    program     static C:\Users\james.wilkinson\Downloads\frost\frosttestproject\target.asm
                       eq   0x000286    program     static C:\Users\james.wilkinson\Downloads\frost\frosttestproject\target.asm
                    getch   0x00028e    program     static C:\Users\james.wilkinson\Downloads\frost\frosttestproject\target.asm
                    geth2   0x00028f    program     static C:\Users\james.wilkinson\Downloads\frost\frosttestproject\target.asm
                  printch   0x000295    program     static C:\Users\james.wilkinson\Downloads\frost\frosttestproject\target.asm
          _hllkrna03_0005   0x00029a    program     static C:\Users\james.wilkinson\Downloads\frost\frosttestproject\target.asm
                     andu   0x00029c    program     static C:\Users\james.wilkinson\Downloads\frost\frosttestproject\target.asm
                      oru   0x0002a1    program     static C:\Users\james.wilkinson\Downloads\frost\frosttestproject\target.asm
                      add   0x0002a6    program     static C:\Users\james.wilkinson\Downloads\frost\frosttestproject\target.asm
                    ascii   0x0002ab    program     static C:\Users\james.wilkinson\Downloads\frost\frosttestproject\target.asm
                    negti   0x0002af    program     static C:\Users\james.wilkinson\Downloads\frost\frosttestproject\target.asm
                  dispose   0x0002b2    program     static C:\Users\james.wilkinson\Downloads\frost\frosttestproject\target.asm
                    kpush   0x0002b4    program     static C:\Users\james.wilkinson\Downloads\frost\frosttestproject\target.asm
                     kpop   0x0002b6    program     static C:\Users\james.wilkinson\Downloads\frost\frosttestproject\target.asm
                    stack   0x000020       data     static C:\Users\james.wilkinson\Downloads\frost\frosttestproject\target.asm
               softstack0   0x000070       data     static C:\Users\james.wilkinson\Downloads\frost\frosttestproject\target.asm
               softstack1   0x000071       data     static C:\Users\james.wilkinson\Downloads\frost\frosttestproject\target.asm
               softstack2   0x000072       data     static C:\Users\james.wilkinson\Downloads\frost\frosttestproject\target.asm
                  alt_fsr   0x000073       data     static C:\Users\james.wilkinson\Downloads\frost\frosttestproject\target.asm
                   W_Save   0x000074       data     static C:\Users\james.wilkinson\Downloads\frost\frosttestproject\target.asm
              STATUS_Save   0x000075       data     static C:\Users\james.wilkinson\Downloads\frost\frosttestproject\target.asm
                 FSR_Save   0x000076       data     static C:\Users\james.wilkinson\Downloads\frost\frosttestproject\target.asm
                 ALT_Save   0x000077       data     static C:\Users\james.wilkinson\Downloads\frost\frosttestproject\target.asm
                   in_isr   0x000078       data     static C:\Users\james.wilkinson\Downloads\frost\frosttestproject\target.asm
                    pbase   0x000079       data     static C:\Users\james.wilkinson\Downloads\frost\frosttestproject\target.asm
                 sfploc00   0x000220       data     static C:\Users\james.wilkinson\Downloads\frost\frosttestproject\target.asm
                 sfpaux00   0x000221       data     static C:\Users\james.wilkinson\Downloads\frost\frosttestproject\target.asm
                 sfploc01   0x000222       data     static C:\Users\james.wilkinson\Downloads\frost\frosttestproject\target.asm
                 sfpaux01   0x000223       data     static C:\Users\james.wilkinson\Downloads\frost\frosttestproject\target.asm
                 sfploc02   0x000224       data     static C:\Users\james.wilkinson\Downloads\frost\frosttestproject\target.asm
                 sfpaux02   0x000225       data     static C:\Users\james.wilkinson\Downloads\frost\frosttestproject\target.asm
                 sfploc03   0x000226       data     static C:\Users\james.wilkinson\Downloads\frost\frosttestproject\target.asm
                 sfpaux03   0x000227       data     static C:\Users\james.wilkinson\Downloads\frost\frosttestproject\target.asm
                 sfploc04   0x000228       data     static C:\Users\james.wilkinson\Downloads\frost\frosttestproject\target.asm
                 sfploc05   0x000229       data     static C:\Users\james.wilkinson\Downloads\frost\frosttestproject\target.asm
                 sfploc06   0x00022a       data     static C:\Users\james.wilkinson\Downloads\frost\frosttestproject\target.asm
                 sfploc07   0x00022b       data     static C:\Users\james.wilkinson\Downloads\frost\frosttestproject\target.asm
                 sfploc08   0x00022c       data     static C:\Users\james.wilkinson\Downloads\frost\frosttestproject\target.asm
                 sfploc09   0x00022d       data     static C:\Users\james.wilkinson\Downloads\frost\frosttestproject\target.asm
                 sfploc10   0x00022e       data     static C:\Users\james.wilkinson\Downloads\frost\frosttestproject\target.asm
                 sfploc11   0x00022f       data     static C:\Users\james.wilkinson\Downloads\frost\frosttestproject\target.asm
                 sfploc12   0x000230       data     static C:\Users\james.wilkinson\Downloads\frost\frosttestproject\target.asm
                 sfploc13   0x000231       data     static C:\Users\james.wilkinson\Downloads\frost\frosttestproject\target.asm
                 sfploc14   0x000232       data     static C:\Users\james.wilkinson\Downloads\frost\frosttestproject\target.asm
                 sfploc15   0x000233       data     static C:\Users\james.wilkinson\Downloads\frost\frosttestproject\target.asm
                 sfploc16   0x000234       data     static C:\Users\james.wilkinson\Downloads\frost\frosttestproject\target.asm
                 sfploc17   0x000235       data     static C:\Users\james.wilkinson\Downloads\frost\frosttestproject\target.asm
                alt_stack   0x000236       data     static C:\Users\james.wilkinson\Downloads\frost\frosttestproject\target.asm
                hllblss00   0x00024a       data     static C:\Users\james.wilkinson\Downloads\frost\frosttestproject\target.asm
                hllblss01   0x00024b       data     static C:\Users\james.wilkinson\Downloads\frost\frosttestproject\target.asm
                hllblss02   0x00024c       data     static C:\Users\james.wilkinson\Downloads\frost\frosttestproject\target.asm


