MPLINK 4.35, Linker
Linker Map File - Created Sun Mar 10 15:32:26 2024

                                 Section Info
                  Section       Type    Address   Location Size(Bytes)
                ---------  ---------  ---------  ---------  ---------
                   Resetv       code   0x000000    program   0x000006
                    vectr       code   0x000004    program   0x000042
                   .cinit    romdata   0x000025    program   0x000004
                hllupuser       code   0x000027    program   0x000222
                  sfp_add       code   0x000138    program   0x0001f8
                  hllt450       code   0x000234    program   0x00014c
                  sfp_div       code   0x0002da    program   0x00011e
                  hllt453       code   0x000369    program   0x000114
                 sfp_copy       code   0x0003f3    program   0x00001a
                  sfp_mul       code   0x000400    program   0x000100
                   hlog1b       code   0x000480    program   0x0000e2
                   hlog1a       code   0x0004f1    program   0x0000e2
                  sfp_uto       code   0x000562    program   0x0000d0
                  sfp_tou       code   0x0005ca    program   0x000060
                hllkrna08       code   0x0005fa    program   0x000048
                hllkrna05       code   0x00061e    program   0x000042
                hllkrna04       code   0x00063f    program   0x000042
                hllkrna00       code   0x000660    program   0x00002e
                hllkrn444       code   0x000677    program   0x00002c
                hllkrna06       code   0x00068d    program   0x000020
               sfp_iszero       code   0x00069d    program   0x00001e
                     main       code   0x0006ac    program   0x000018
                hllkrna03       code   0x0006b8    program   0x000014
                hllkrna07       code   0x0006c2    program   0x000010
                   hlog1h       code   0x0006ca    program   0x00000a
                   hlog1d       code   0x0006cf    program   0x00000a
                hllkrna01       code   0x0006d4    program   0x00000a
                  cp44top       code   0x0006d9    program   0x000008
                hllkrna02       code   0x0006dd    program   0x000006
                hllkrna11       code   0x0006e0    program   0x000004
                hllkrna10       code   0x0006e2    program   0x000004
                hllkrna09       code   0x0006e4    program   0x000004
    .config_8007_TARGET.O       code   0x008007    program   0x000002
    .config_8008_TARGET.O       code   0x008008    program   0x000002
                   ukrnl3      udata   0x000020       data   0x000050
                   ukrshr      udata   0x000070       data   0x00000c
                 mainvars      udata   0x00007c       data   0x000002
                   ukrnl2      udata   0x0000a0       data   0x000050
                     sfpu      udata   0x000220       data   0x000016
                   ukernl      udata   0x000236       data   0x000006
             hllv2prettym      udata   0x00023c       data   0x000001
             hllv2prettye      udata   0x00023d       data   0x000001



                              Program Memory Usage 
                               Start         End      
                           ---------   ---------      
                            0x000000    0x000002      
                            0x000004    0x0006e5      
                            0x008007    0x008008      
            1767 out of 4359 program addresses used, program memory utilization is 40%



                              Symbols - Sorted by Name
                     Name    Address   Location    Storage File                     
                ---------  ---------  ---------  --------- ---------                
                  ExitISR   0x000023    program     static Z:\home\dell\frost\frostsfpprintproject\target.asm
                      ISR   0x000004    program     static Z:\home\dell\frost\frostsfpprintproject\target.asm
          _hllkrna00_000A   0x00066a    program     static Z:\home\dell\frost\frostsfpprintproject\target.asm
          _hllkrna00_0014   0x000674    program     static Z:\home\dell\frost\frostsfpprintproject\target.asm
          _hllkrna03_0003   0x0006bb    program     static Z:\home\dell\frost\frostsfpprintproject\target.asm
          _hllkrna03_0008   0x0006c0    program     static Z:\home\dell\frost\frostsfpprintproject\target.asm
          _hllkrna04_000C   0x00064b    program     static Z:\home\dell\frost\frostsfpprintproject\target.asm
          _hllkrna04_000E   0x00064d    program     static Z:\home\dell\frost\frostsfpprintproject\target.asm
          _hllkrna04_001B   0x00065a    program     static Z:\home\dell\frost\frostsfpprintproject\target.asm
          _hllkrna04_001D   0x00065c    program     static Z:\home\dell\frost\frostsfpprintproject\target.asm
          _hllkrna05_000C   0x00062a    program     static Z:\home\dell\frost\frostsfpprintproject\target.asm
          _hllkrna05_000E   0x00062c    program     static Z:\home\dell\frost\frostsfpprintproject\target.asm
          _hllkrna05_001B   0x000639    program     static Z:\home\dell\frost\frostsfpprintproject\target.asm
          _hllkrna05_001D   0x00063b    program     static Z:\home\dell\frost\frostsfpprintproject\target.asm
            _hllt453_006A   0x0003d3    program     static Z:\home\dell\frost\frostsfpprintproject\target.asm
            _hllt453_006C   0x0003d5    program     static Z:\home\dell\frost\frostsfpprintproject\target.asm
            _hllt453_0078   0x0003e1    program     static Z:\home\dell\frost\frostsfpprintproject\target.asm
            _hllt453_007A   0x0003e3    program     static Z:\home\dell\frost\frostsfpprintproject\target.asm
                      add   0x0006d4    program     static Z:\home\dell\frost\frostsfpprintproject\target.asm
                     addf   0x000138    program     static Z:\home\dell\frost\frostsfpprintproject\target.asm
                     andu   0x0006ca    program     static Z:\home\dell\frost\frostsfpprintproject\target.asm
                 clearbit   0x0004f1    program     static Z:\home\dell\frost\frostsfpprintproject\target.asm
                clearbit0   0x00052b    program     static Z:\home\dell\frost\frostsfpprintproject\target.asm
                    copyf   0x0003f3    program     static Z:\home\dell\frost\frostsfpprintproject\target.asm
                  copytop   0x0006d9    program     static Z:\home\dell\frost\frostsfpprintproject\target.asm
                  dispose   0x0006e0    program     static Z:\home\dell\frost\frostsfpprintproject\target.asm
                     divf   0x0002da    program     static Z:\home\dell\frost\frostsfpprintproject\target.asm
                     divu   0x00061e    program     static Z:\home\dell\frost\frostsfpprintproject\target.asm
                    divu0   0x000630    program     static Z:\home\dell\frost\frostsfpprintproject\target.asm
                   dmm445   0x000687    program     static Z:\home\dell\frost\frostsfpprintproject\target.asm
                       eq   0x0006c2    program     static Z:\home\dell\frost\frostsfpprintproject\target.asm
                     ftou   0x0005ca    program     static Z:\home\dell\frost\frostsfpprintproject\target.asm
                    getch   0x00068d    program     static Z:\home\dell\frost\frostsfpprintproject\target.asm
                    geth2   0x000692    program     static Z:\home\dell\frost\frostsfpprintproject\target.asm
                    geth3   0x000697    program     static Z:\home\dell\frost\frostsfpprintproject\target.asm
                    geth4   0x000696    program     static Z:\home\dell\frost\frostsfpprintproject\target.asm
                 hllAAAAA   0x000535    program     static Z:\home\dell\frost\frostsfpprintproject\target.asm
                 hllABAAA   0x000185    program     static Z:\home\dell\frost\frostsfpprintproject\target.asm
                 hllACAAA   0x000221    program     static Z:\home\dell\frost\frostsfpprintproject\target.asm
                 hllADAAA   0x0005f2    program     static Z:\home\dell\frost\frostsfpprintproject\target.asm
                 hllAEAAA   0x0005be    program     static Z:\home\dell\frost\frostsfpprintproject\target.asm
                 hllBAAAA   0x00053b    program     static Z:\home\dell\frost\frostsfpprintproject\target.asm
                 hllBBAAA   0x000190    program     static Z:\home\dell\frost\frostsfpprintproject\target.asm
                 hllBCAAA   0x000229    program     static Z:\home\dell\frost\frostsfpprintproject\target.asm
                 hllBDAAA   0x0005f4    program     static Z:\home\dell\frost\frostsfpprintproject\target.asm
                 hllBEAAA   0x0005c5    program     static Z:\home\dell\frost\frostsfpprintproject\target.asm
                 hllCAAAA   0x000542    program     static Z:\home\dell\frost\frostsfpprintproject\target.asm
                 hllCBAAA   0x000191    program     static Z:\home\dell\frost\frostsfpprintproject\target.asm
                 hllCCAAA   0x000233    program     static Z:\home\dell\frost\frostsfpprintproject\target.asm
                 hllCDAAA   0x0005f6    program     static Z:\home\dell\frost\frostsfpprintproject\target.asm
                 hllCEAAA   0x0005c9    program     static Z:\home\dell\frost\frostsfpprintproject\target.asm
                 hllDAAAA   0x000549    program     static Z:\home\dell\frost\frostsfpprintproject\target.asm
                 hllDBAAA   0x000197    program     static Z:\home\dell\frost\frostsfpprintproject\target.asm
                 hllDCAAA   0x0002fe    program     static Z:\home\dell\frost\frostsfpprintproject\target.asm
                 hllDDAAA   0x0005f6    program     static Z:\home\dell\frost\frostsfpprintproject\target.asm
                 hllEAAAA   0x000550    program     static Z:\home\dell\frost\frostsfpprintproject\target.asm
                 hllEBAAA   0x000199    program     static Z:\home\dell\frost\frostsfpprintproject\target.asm
                 hllECAAA   0x00030a    program     static Z:\home\dell\frost\frostsfpprintproject\target.asm
                 hllEDAAA   0x00040a    program     static Z:\home\dell\frost\frostsfpprintproject\target.asm
                 hllFAAAA   0x000557    program     static Z:\home\dell\frost\frostsfpprintproject\target.asm
                 hllFBAAA   0x0001a0    program     static Z:\home\dell\frost\frostsfpprintproject\target.asm
                 hllFCAAA   0x000314    program     static Z:\home\dell\frost\frostsfpprintproject\target.asm
                 hllFDAAA   0x00041b    program     static Z:\home\dell\frost\frostsfpprintproject\target.asm
                 hllGAAAA   0x00055e    program     static Z:\home\dell\frost\frostsfpprintproject\target.asm
                 hllGBAAA   0x0001a3    program     static Z:\home\dell\frost\frostsfpprintproject\target.asm
                 hllGCAAA   0x00032f    program     static Z:\home\dell\frost\frostsfpprintproject\target.asm
                 hllGDAAA   0x00042d    program     static Z:\home\dell\frost\frostsfpprintproject\target.asm
                 hllHAAAA   0x000560    program     static Z:\home\dell\frost\frostsfpprintproject\target.asm
                 hllHBAAA   0x0001af    program     static Z:\home\dell\frost\frostsfpprintproject\target.asm
                 hllHCAAA   0x000331    program     static Z:\home\dell\frost\frostsfpprintproject\target.asm
                 hllHDAAA   0x000439    program     static Z:\home\dell\frost\frostsfpprintproject\target.asm
                 hllIBAAA   0x0001b2    program     static Z:\home\dell\frost\frostsfpprintproject\target.asm
                hllIBAAAb   0x0001e0    program     static Z:\home\dell\frost\frostsfpprintproject\target.asm
                 hllICAAA   0x000333    program     static Z:\home\dell\frost\frostsfpprintproject\target.asm
                 hllIDAAA   0x000447    program     static Z:\home\dell\frost\frostsfpprintproject\target.asm
                 hllJBAAA   0x0001bb    program     static Z:\home\dell\frost\frostsfpprintproject\target.asm
                 hllJCAAA   0x000340    program     static Z:\home\dell\frost\frostsfpprintproject\target.asm
                 hllJDAAA   0x00044f    program     static Z:\home\dell\frost\frostsfpprintproject\target.asm
                 hllKAAAA   0x0004c4    program     static Z:\home\dell\frost\frostsfpprintproject\target.asm
                 hllKBAAA   0x0001c4    program     static Z:\home\dell\frost\frostsfpprintproject\target.asm
                 hllKCAAA   0x00034a    program     static Z:\home\dell\frost\frostsfpprintproject\target.asm
                 hllKDAAA   0x000451    program     static Z:\home\dell\frost\frostsfpprintproject\target.asm
                 hllLAAAA   0x0004ca    program     static Z:\home\dell\frost\frostsfpprintproject\target.asm
                 hllLBAAA   0x0001c5    program     static Z:\home\dell\frost\frostsfpprintproject\target.asm
                 hllLCAAA   0x00034b    program     static Z:\home\dell\frost\frostsfpprintproject\target.asm
                 hllLDAAA   0x000454    program     static Z:\home\dell\frost\frostsfpprintproject\target.asm
                 hllMAAAA   0x0004d1    program     static Z:\home\dell\frost\frostsfpprintproject\target.asm
                 hllMBAAA   0x0001c7    program     static Z:\home\dell\frost\frostsfpprintproject\target.asm
                 hllMCAAA   0x00034d    program     static Z:\home\dell\frost\frostsfpprintproject\target.asm
                 hllMDAAA   0x00045a    program     static Z:\home\dell\frost\frostsfpprintproject\target.asm
                 hllNAAAA   0x0004d8    program     static Z:\home\dell\frost\frostsfpprintproject\target.asm
                 hllNBAAA   0x0001ce    program     static Z:\home\dell\frost\frostsfpprintproject\target.asm
                 hllNCAAA   0x00034e    program     static Z:\home\dell\frost\frostsfpprintproject\target.asm
                 hllNDAAA   0x00045c    program     static Z:\home\dell\frost\frostsfpprintproject\target.asm
                 hllOAAAA   0x0004df    program     static Z:\home\dell\frost\frostsfpprintproject\target.asm
                 hllOBAAA   0x0001d1    program     static Z:\home\dell\frost\frostsfpprintproject\target.asm
                 hllOCAAA   0x00034f    program     static Z:\home\dell\frost\frostsfpprintproject\target.asm
                 hllODAAA   0x000460    program     static Z:\home\dell\frost\frostsfpprintproject\target.asm
                 hllPAAAA   0x0004e6    program     static Z:\home\dell\frost\frostsfpprintproject\target.asm
                 hllPBAAA   0x0001dd    program     static Z:\home\dell\frost\frostsfpprintproject\target.asm
                 hllPCAAA   0x000358    program     static Z:\home\dell\frost\frostsfpprintproject\target.asm
                 hllPDAAA   0x000461    program     static Z:\home\dell\frost\frostsfpprintproject\target.asm
                 hllQAAAA   0x0004ed    program     static Z:\home\dell\frost\frostsfpprintproject\target.asm
                 hllQCAAA   0x00035e    program     static Z:\home\dell\frost\frostsfpprintproject\target.asm
                 hllQDAAA   0x00046a    program     static Z:\home\dell\frost\frostsfpprintproject\target.asm
                 hllRAAAA   0x0004ef    program     static Z:\home\dell\frost\frostsfpprintproject\target.asm
                 hllRBAAA   0x0001e9    program     static Z:\home\dell\frost\frostsfpprintproject\target.asm
                 hllRCAAA   0x000360    program     static Z:\home\dell\frost\frostsfpprintproject\target.asm
                 hllRDAAA   0x000470    program     static Z:\home\dell\frost\frostsfpprintproject\target.asm
                 hllSAAAA   0x000150    program     static Z:\home\dell\frost\frostsfpprintproject\target.asm
                 hllSBAAA   0x0001f2    program     static Z:\home\dell\frost\frostsfpprintproject\target.asm
                 hllSCAAA   0x000363    program     static Z:\home\dell\frost\frostsfpprintproject\target.asm
                 hllTAAAA   0x000154    program     static Z:\home\dell\frost\frostsfpprintproject\target.asm
                 hllTBAAA   0x0001f3    program     static Z:\home\dell\frost\frostsfpprintproject\target.asm
                 hllTCAAA   0x0005d2    program     static Z:\home\dell\frost\frostsfpprintproject\target.asm
                 hllUAAAA   0x000155    program     static Z:\home\dell\frost\frostsfpprintproject\target.asm
                 hllUBAAA   0x0001f8    program     static Z:\home\dell\frost\frostsfpprintproject\target.asm
                 hllUCAAA   0x0005e0    program     static Z:\home\dell\frost\frostsfpprintproject\target.asm
                 hllUDAAA   0x00056d    program     static Z:\home\dell\frost\frostsfpprintproject\target.asm
                 hllVAAAA   0x000157    program     static Z:\home\dell\frost\frostsfpprintproject\target.asm
                 hllVBAAA   0x0001ff    program     static Z:\home\dell\frost\frostsfpprintproject\target.asm
                 hllVCAAA   0x0005e8    program     static Z:\home\dell\frost\frostsfpprintproject\target.asm
                 hllVDAAA   0x000578    program     static Z:\home\dell\frost\frostsfpprintproject\target.asm
                 hllWAAAA   0x000165    program     static Z:\home\dell\frost\frostsfpprintproject\target.asm
            hllWAAAA_done   0x000166    program     static Z:\home\dell\frost\frostsfpprintproject\target.asm
                 hllWBAAA   0x000207    program     static Z:\home\dell\frost\frostsfpprintproject\target.asm
                 hllWCAAA   0x0005ea    program     static Z:\home\dell\frost\frostsfpprintproject\target.asm
                 hllWDAAA   0x000584    program     static Z:\home\dell\frost\frostsfpprintproject\target.asm
                 hllXBAAA   0x00020c    program     static Z:\home\dell\frost\frostsfpprintproject\target.asm
                 hllXCAAA   0x0005ec    program     static Z:\home\dell\frost\frostsfpprintproject\target.asm
                 hllXDAAA   0x000591    program     static Z:\home\dell\frost\frostsfpprintproject\target.asm
                 hllYAAAA   0x00017a    program     static Z:\home\dell\frost\frostsfpprintproject\target.asm
                 hllYBAAA   0x000217    program     static Z:\home\dell\frost\frostsfpprintproject\target.asm
                 hllYCAAA   0x0005ee    program     static Z:\home\dell\frost\frostsfpprintproject\target.asm
                 hllYDAAA   0x00059f    program     static Z:\home\dell\frost\frostsfpprintproject\target.asm
                 hllZAAAA   0x000183    program     static Z:\home\dell\frost\frostsfpprintproject\target.asm
                 hllZBAAA   0x00021f    program     static Z:\home\dell\frost\frostsfpprintproject\target.asm
                 hllZCAAA   0x0005f0    program     static Z:\home\dell\frost\frostsfpprintproject\target.asm
                 hllZDAAA   0x0005ae    program     static Z:\home\dell\frost\frostsfpprintproject\target.asm
                hlllb51J1   0x000399    program     static Z:\home\dell\frost\frostsfpprintproject\target.asm
                hlllb51J2   0x0003b4    program     static Z:\home\dell\frost\frostsfpprintproject\target.asm
              hllnotisr49   0x000023    program     static Z:\home\dell\frost\frostsfpprintproject\target.asm
                hllprgen2   0x0003f2    program     static Z:\home\dell\frost\frostsfpprintproject\target.asm
               hllprogend   0x000137    program     static Z:\home\dell\frost\frostsfpprintproject\target.asm
              hlluserprog   0x000027    program     static Z:\home\dell\frost\frostsfpprintproject\target.asm
                   hloego   0x0006ac    program     static Z:\home\dell\frost\frostsfpprintproject\target.asm
                  iszerof   0x00069d    program     static Z:\home\dell\frost\frostsfpprintproject\target.asm
                     kpop   0x0006e4    program     static Z:\home\dell\frost\frostsfpprintproject\target.asm
                    kpush   0x0006e2    program     static Z:\home\dell\frost\frostsfpprintproject\target.asm
                   kspox5   0x00067e    program     static Z:\home\dell\frost\frostsfpprintproject\target.asm
                     modu   0x00063f    program     static Z:\home\dell\frost\frostsfpprintproject\target.asm
                    modu0   0x000651    program     static Z:\home\dell\frost\frostsfpprintproject\target.asm
                      mul   0x000660    program     static Z:\home\dell\frost\frostsfpprintproject\target.asm
                     mul0   0x00066d    program     static Z:\home\dell\frost\frostsfpprintproject\target.asm
                     mulf   0x000400    program     static Z:\home\dell\frost\frostsfpprintproject\target.asm
                    negti   0x0006dd    program     static Z:\home\dell\frost\frostsfpprintproject\target.asm
                    nonzf   0x0006a8    program     static Z:\home\dell\frost\frostsfpprintproject\target.asm
                    nonzg   0x0006a9    program     static Z:\home\dell\frost\frostsfpprintproject\target.asm
                    nonzr   0x0006aa    program     static Z:\home\dell\frost\frostsfpprintproject\target.asm
                      oru   0x0006cf    program     static Z:\home\dell\frost\frostsfpprintproject\target.asm
                     parm   0x0005fa    program     static Z:\home\dell\frost\frostsfpprintproject\target.asm
                    parm4   0x00060e    program     static Z:\home\dell\frost\frostsfpprintproject\target.asm
                  printch   0x0006b8    program     static Z:\home\dell\frost\frostsfpprintproject\target.asm
                  printdf   0x000234    program     static Z:\home\dell\frost\frostsfpprintproject\target.asm
          printdigretrest   0x000369    program     static Z:\home\dell\frost\frostsfpprintproject\target.asm
                 safepush   0x000677    program     static Z:\home\dell\frost\frostsfpprintproject\target.asm
                   setbit   0x000480    program     static Z:\home\dell\frost\frostsfpprintproject\target.asm
                  setbit0   0x0004ba    program     static Z:\home\dell\frost\frostsfpprintproject\target.asm
                  sperr11   0x000685    program     static Z:\home\dell\frost\frostsfpprintproject\target.asm
                   tcf00h   0x00048d    program     static Z:\home\dell\frost\frostsfpprintproject\target.asm
                   tcf01h   0x000493    program     static Z:\home\dell\frost\frostsfpprintproject\target.asm
                   tcf02h   0x00049a    program     static Z:\home\dell\frost\frostsfpprintproject\target.asm
                   tcf03h   0x0004a1    program     static Z:\home\dell\frost\frostsfpprintproject\target.asm
                   tcf04h   0x0004a8    program     static Z:\home\dell\frost\frostsfpprintproject\target.asm
                   tcf05h   0x0004af    program     static Z:\home\dell\frost\frostsfpprintproject\target.asm
                   tcf07h   0x0004b6    program     static Z:\home\dell\frost\frostsfpprintproject\target.asm
                   tcf99h   0x0004b8    program     static Z:\home\dell\frost\frostsfpprintproject\target.asm
                   tff00h   0x0004fe    program     static Z:\home\dell\frost\frostsfpprintproject\target.asm
                   tff01h   0x000504    program     static Z:\home\dell\frost\frostsfpprintproject\target.asm
                   tff02h   0x00050b    program     static Z:\home\dell\frost\frostsfpprintproject\target.asm
                   tff03h   0x000512    program     static Z:\home\dell\frost\frostsfpprintproject\target.asm
                   tff04h   0x000519    program     static Z:\home\dell\frost\frostsfpprintproject\target.asm
                   tff05h   0x000520    program     static Z:\home\dell\frost\frostsfpprintproject\target.asm
                   tff07h   0x000527    program     static Z:\home\dell\frost\frostsfpprintproject\target.asm
                   tff99h   0x000529    program     static Z:\home\dell\frost\frostsfpprintproject\target.asm
                     utof   0x000562    program     static Z:\home\dell\frost\frostsfpprintproject\target.asm
                 ALT_Save   0x00007a       data     static Z:\home\dell\frost\frostsfpprintproject\target.asm
                 FSR_Save   0x000079       data     static Z:\home\dell\frost\frostsfpprintproject\target.asm
              STATUS_Save   0x000078       data     static Z:\home\dell\frost\frostsfpprintproject\target.asm
                   W_Save   0x000077       data     static Z:\home\dell\frost\frostsfpprintproject\target.asm
                  alt_fsr   0x000076       data     static Z:\home\dell\frost\frostsfpprintproject\target.asm
                alt_stack   0x000020       data     static Z:\home\dell\frost\frostsfpprintproject\target.asm
                hllblss00   0x000236       data     static Z:\home\dell\frost\frostsfpprintproject\target.asm
             hllblss00isr   0x000237       data     static Z:\home\dell\frost\frostsfpprintproject\target.asm
                hllblss01   0x000238       data     static Z:\home\dell\frost\frostsfpprintproject\target.asm
             hllblss01isr   0x000239       data     static Z:\home\dell\frost\frostsfpprintproject\target.asm
                hllblss02   0x00023a       data     static Z:\home\dell\frost\frostsfpprintproject\target.asm
             hllblss02isr   0x00023b       data     static Z:\home\dell\frost\frostsfpprintproject\target.asm
              hllprettyel   0x00023d       data     static Z:\home\dell\frost\frostsfpprintproject\target.asm
              hllprettyml   0x00023c       data     static Z:\home\dell\frost\frostsfpprintproject\target.asm
                   in_isr   0x00007b       data     static Z:\home\dell\frost\frostsfpprintproject\target.asm
                    pbase   0x00007c       data     static Z:\home\dell\frost\frostsfpprintproject\target.asm
                 pbaseisr   0x00007d       data     static Z:\home\dell\frost\frostsfpprintproject\target.asm
                 sfpaux00   0x000221       data     static Z:\home\dell\frost\frostsfpprintproject\target.asm
                 sfpaux01   0x000223       data     static Z:\home\dell\frost\frostsfpprintproject\target.asm
                 sfpaux02   0x000225       data     static Z:\home\dell\frost\frostsfpprintproject\target.asm
                 sfpaux03   0x000227       data     static Z:\home\dell\frost\frostsfpprintproject\target.asm
                 sfploc00   0x000220       data     static Z:\home\dell\frost\frostsfpprintproject\target.asm
                 sfploc01   0x000222       data     static Z:\home\dell\frost\frostsfpprintproject\target.asm
                 sfploc02   0x000224       data     static Z:\home\dell\frost\frostsfpprintproject\target.asm
                 sfploc03   0x000226       data     static Z:\home\dell\frost\frostsfpprintproject\target.asm
                 sfploc04   0x000228       data     static Z:\home\dell\frost\frostsfpprintproject\target.asm
                 sfploc05   0x000229       data     static Z:\home\dell\frost\frostsfpprintproject\target.asm
                 sfploc06   0x00022a       data     static Z:\home\dell\frost\frostsfpprintproject\target.asm
                 sfploc07   0x00022b       data     static Z:\home\dell\frost\frostsfpprintproject\target.asm
                 sfploc08   0x00022c       data     static Z:\home\dell\frost\frostsfpprintproject\target.asm
                 sfploc09   0x00022d       data     static Z:\home\dell\frost\frostsfpprintproject\target.asm
                 sfploc10   0x00022e       data     static Z:\home\dell\frost\frostsfpprintproject\target.asm
                 sfploc11   0x00022f       data     static Z:\home\dell\frost\frostsfpprintproject\target.asm
                 sfploc12   0x000230       data     static Z:\home\dell\frost\frostsfpprintproject\target.asm
                 sfploc13   0x000231       data     static Z:\home\dell\frost\frostsfpprintproject\target.asm
                 sfploc14   0x000232       data     static Z:\home\dell\frost\frostsfpprintproject\target.asm
                 sfploc15   0x000233       data     static Z:\home\dell\frost\frostsfpprintproject\target.asm
                 sfploc16   0x000234       data     static Z:\home\dell\frost\frostsfpprintproject\target.asm
                 sfploc17   0x000235       data     static Z:\home\dell\frost\frostsfpprintproject\target.asm
               softstack0   0x000070       data     static Z:\home\dell\frost\frostsfpprintproject\target.asm
            softstack0isr   0x000071       data     static Z:\home\dell\frost\frostsfpprintproject\target.asm
               softstack1   0x000072       data     static Z:\home\dell\frost\frostsfpprintproject\target.asm
            softstack1isr   0x000073       data     static Z:\home\dell\frost\frostsfpprintproject\target.asm
               softstack2   0x000074       data     static Z:\home\dell\frost\frostsfpprintproject\target.asm
            softstack2isr   0x000075       data     static Z:\home\dell\frost\frostsfpprintproject\target.asm
                    stack   0x0000a0       data     static Z:\home\dell\frost\frostsfpprintproject\target.asm



                              Symbols - Sorted by Address
                     Name    Address   Location    Storage File                     
                ---------  ---------  ---------  --------- ---------                
                      ISR   0x000004    program     static Z:\home\dell\frost\frostsfpprintproject\target.asm
                  ExitISR   0x000023    program     static Z:\home\dell\frost\frostsfpprintproject\target.asm
              hllnotisr49   0x000023    program     static Z:\home\dell\frost\frostsfpprintproject\target.asm
              hlluserprog   0x000027    program     static Z:\home\dell\frost\frostsfpprintproject\target.asm
               hllprogend   0x000137    program     static Z:\home\dell\frost\frostsfpprintproject\target.asm
                     addf   0x000138    program     static Z:\home\dell\frost\frostsfpprintproject\target.asm
                 hllSAAAA   0x000150    program     static Z:\home\dell\frost\frostsfpprintproject\target.asm
                 hllTAAAA   0x000154    program     static Z:\home\dell\frost\frostsfpprintproject\target.asm
                 hllUAAAA   0x000155    program     static Z:\home\dell\frost\frostsfpprintproject\target.asm
                 hllVAAAA   0x000157    program     static Z:\home\dell\frost\frostsfpprintproject\target.asm
                 hllWAAAA   0x000165    program     static Z:\home\dell\frost\frostsfpprintproject\target.asm
            hllWAAAA_done   0x000166    program     static Z:\home\dell\frost\frostsfpprintproject\target.asm
                 hllYAAAA   0x00017a    program     static Z:\home\dell\frost\frostsfpprintproject\target.asm
                 hllZAAAA   0x000183    program     static Z:\home\dell\frost\frostsfpprintproject\target.asm
                 hllABAAA   0x000185    program     static Z:\home\dell\frost\frostsfpprintproject\target.asm
                 hllBBAAA   0x000190    program     static Z:\home\dell\frost\frostsfpprintproject\target.asm
                 hllCBAAA   0x000191    program     static Z:\home\dell\frost\frostsfpprintproject\target.asm
                 hllDBAAA   0x000197    program     static Z:\home\dell\frost\frostsfpprintproject\target.asm
                 hllEBAAA   0x000199    program     static Z:\home\dell\frost\frostsfpprintproject\target.asm
                 hllFBAAA   0x0001a0    program     static Z:\home\dell\frost\frostsfpprintproject\target.asm
                 hllGBAAA   0x0001a3    program     static Z:\home\dell\frost\frostsfpprintproject\target.asm
                 hllHBAAA   0x0001af    program     static Z:\home\dell\frost\frostsfpprintproject\target.asm
                 hllIBAAA   0x0001b2    program     static Z:\home\dell\frost\frostsfpprintproject\target.asm
                 hllJBAAA   0x0001bb    program     static Z:\home\dell\frost\frostsfpprintproject\target.asm
                 hllKBAAA   0x0001c4    program     static Z:\home\dell\frost\frostsfpprintproject\target.asm
                 hllLBAAA   0x0001c5    program     static Z:\home\dell\frost\frostsfpprintproject\target.asm
                 hllMBAAA   0x0001c7    program     static Z:\home\dell\frost\frostsfpprintproject\target.asm
                 hllNBAAA   0x0001ce    program     static Z:\home\dell\frost\frostsfpprintproject\target.asm
                 hllOBAAA   0x0001d1    program     static Z:\home\dell\frost\frostsfpprintproject\target.asm
                 hllPBAAA   0x0001dd    program     static Z:\home\dell\frost\frostsfpprintproject\target.asm
                hllIBAAAb   0x0001e0    program     static Z:\home\dell\frost\frostsfpprintproject\target.asm
                 hllRBAAA   0x0001e9    program     static Z:\home\dell\frost\frostsfpprintproject\target.asm
                 hllSBAAA   0x0001f2    program     static Z:\home\dell\frost\frostsfpprintproject\target.asm
                 hllTBAAA   0x0001f3    program     static Z:\home\dell\frost\frostsfpprintproject\target.asm
                 hllUBAAA   0x0001f8    program     static Z:\home\dell\frost\frostsfpprintproject\target.asm
                 hllVBAAA   0x0001ff    program     static Z:\home\dell\frost\frostsfpprintproject\target.asm
                 hllWBAAA   0x000207    program     static Z:\home\dell\frost\frostsfpprintproject\target.asm
                 hllXBAAA   0x00020c    program     static Z:\home\dell\frost\frostsfpprintproject\target.asm
                 hllYBAAA   0x000217    program     static Z:\home\dell\frost\frostsfpprintproject\target.asm
                 hllZBAAA   0x00021f    program     static Z:\home\dell\frost\frostsfpprintproject\target.asm
                 hllACAAA   0x000221    program     static Z:\home\dell\frost\frostsfpprintproject\target.asm
                 hllBCAAA   0x000229    program     static Z:\home\dell\frost\frostsfpprintproject\target.asm
                 hllCCAAA   0x000233    program     static Z:\home\dell\frost\frostsfpprintproject\target.asm
                  printdf   0x000234    program     static Z:\home\dell\frost\frostsfpprintproject\target.asm
                     divf   0x0002da    program     static Z:\home\dell\frost\frostsfpprintproject\target.asm
                 hllDCAAA   0x0002fe    program     static Z:\home\dell\frost\frostsfpprintproject\target.asm
                 hllECAAA   0x00030a    program     static Z:\home\dell\frost\frostsfpprintproject\target.asm
                 hllFCAAA   0x000314    program     static Z:\home\dell\frost\frostsfpprintproject\target.asm
                 hllGCAAA   0x00032f    program     static Z:\home\dell\frost\frostsfpprintproject\target.asm
                 hllHCAAA   0x000331    program     static Z:\home\dell\frost\frostsfpprintproject\target.asm
                 hllICAAA   0x000333    program     static Z:\home\dell\frost\frostsfpprintproject\target.asm
                 hllJCAAA   0x000340    program     static Z:\home\dell\frost\frostsfpprintproject\target.asm
                 hllKCAAA   0x00034a    program     static Z:\home\dell\frost\frostsfpprintproject\target.asm
                 hllLCAAA   0x00034b    program     static Z:\home\dell\frost\frostsfpprintproject\target.asm
                 hllMCAAA   0x00034d    program     static Z:\home\dell\frost\frostsfpprintproject\target.asm
                 hllNCAAA   0x00034e    program     static Z:\home\dell\frost\frostsfpprintproject\target.asm
                 hllOCAAA   0x00034f    program     static Z:\home\dell\frost\frostsfpprintproject\target.asm
                 hllPCAAA   0x000358    program     static Z:\home\dell\frost\frostsfpprintproject\target.asm
                 hllQCAAA   0x00035e    program     static Z:\home\dell\frost\frostsfpprintproject\target.asm
                 hllRCAAA   0x000360    program     static Z:\home\dell\frost\frostsfpprintproject\target.asm
                 hllSCAAA   0x000363    program     static Z:\home\dell\frost\frostsfpprintproject\target.asm
          printdigretrest   0x000369    program     static Z:\home\dell\frost\frostsfpprintproject\target.asm
                hlllb51J1   0x000399    program     static Z:\home\dell\frost\frostsfpprintproject\target.asm
                hlllb51J2   0x0003b4    program     static Z:\home\dell\frost\frostsfpprintproject\target.asm
            _hllt453_006A   0x0003d3    program     static Z:\home\dell\frost\frostsfpprintproject\target.asm
            _hllt453_006C   0x0003d5    program     static Z:\home\dell\frost\frostsfpprintproject\target.asm
            _hllt453_0078   0x0003e1    program     static Z:\home\dell\frost\frostsfpprintproject\target.asm
            _hllt453_007A   0x0003e3    program     static Z:\home\dell\frost\frostsfpprintproject\target.asm
                hllprgen2   0x0003f2    program     static Z:\home\dell\frost\frostsfpprintproject\target.asm
                    copyf   0x0003f3    program     static Z:\home\dell\frost\frostsfpprintproject\target.asm
                     mulf   0x000400    program     static Z:\home\dell\frost\frostsfpprintproject\target.asm
                 hllEDAAA   0x00040a    program     static Z:\home\dell\frost\frostsfpprintproject\target.asm
                 hllFDAAA   0x00041b    program     static Z:\home\dell\frost\frostsfpprintproject\target.asm
                 hllGDAAA   0x00042d    program     static Z:\home\dell\frost\frostsfpprintproject\target.asm
                 hllHDAAA   0x000439    program     static Z:\home\dell\frost\frostsfpprintproject\target.asm
                 hllIDAAA   0x000447    program     static Z:\home\dell\frost\frostsfpprintproject\target.asm
                 hllJDAAA   0x00044f    program     static Z:\home\dell\frost\frostsfpprintproject\target.asm
                 hllKDAAA   0x000451    program     static Z:\home\dell\frost\frostsfpprintproject\target.asm
                 hllLDAAA   0x000454    program     static Z:\home\dell\frost\frostsfpprintproject\target.asm
                 hllMDAAA   0x00045a    program     static Z:\home\dell\frost\frostsfpprintproject\target.asm
                 hllNDAAA   0x00045c    program     static Z:\home\dell\frost\frostsfpprintproject\target.asm
                 hllODAAA   0x000460    program     static Z:\home\dell\frost\frostsfpprintproject\target.asm
                 hllPDAAA   0x000461    program     static Z:\home\dell\frost\frostsfpprintproject\target.asm
                 hllQDAAA   0x00046a    program     static Z:\home\dell\frost\frostsfpprintproject\target.asm
                 hllRDAAA   0x000470    program     static Z:\home\dell\frost\frostsfpprintproject\target.asm
                   setbit   0x000480    program     static Z:\home\dell\frost\frostsfpprintproject\target.asm
                   tcf00h   0x00048d    program     static Z:\home\dell\frost\frostsfpprintproject\target.asm
                   tcf01h   0x000493    program     static Z:\home\dell\frost\frostsfpprintproject\target.asm
                   tcf02h   0x00049a    program     static Z:\home\dell\frost\frostsfpprintproject\target.asm
                   tcf03h   0x0004a1    program     static Z:\home\dell\frost\frostsfpprintproject\target.asm
                   tcf04h   0x0004a8    program     static Z:\home\dell\frost\frostsfpprintproject\target.asm
                   tcf05h   0x0004af    program     static Z:\home\dell\frost\frostsfpprintproject\target.asm
                   tcf07h   0x0004b6    program     static Z:\home\dell\frost\frostsfpprintproject\target.asm
                   tcf99h   0x0004b8    program     static Z:\home\dell\frost\frostsfpprintproject\target.asm
                  setbit0   0x0004ba    program     static Z:\home\dell\frost\frostsfpprintproject\target.asm
                 hllKAAAA   0x0004c4    program     static Z:\home\dell\frost\frostsfpprintproject\target.asm
                 hllLAAAA   0x0004ca    program     static Z:\home\dell\frost\frostsfpprintproject\target.asm
                 hllMAAAA   0x0004d1    program     static Z:\home\dell\frost\frostsfpprintproject\target.asm
                 hllNAAAA   0x0004d8    program     static Z:\home\dell\frost\frostsfpprintproject\target.asm
                 hllOAAAA   0x0004df    program     static Z:\home\dell\frost\frostsfpprintproject\target.asm
                 hllPAAAA   0x0004e6    program     static Z:\home\dell\frost\frostsfpprintproject\target.asm
                 hllQAAAA   0x0004ed    program     static Z:\home\dell\frost\frostsfpprintproject\target.asm
                 hllRAAAA   0x0004ef    program     static Z:\home\dell\frost\frostsfpprintproject\target.asm
                 clearbit   0x0004f1    program     static Z:\home\dell\frost\frostsfpprintproject\target.asm
                   tff00h   0x0004fe    program     static Z:\home\dell\frost\frostsfpprintproject\target.asm
                   tff01h   0x000504    program     static Z:\home\dell\frost\frostsfpprintproject\target.asm
                   tff02h   0x00050b    program     static Z:\home\dell\frost\frostsfpprintproject\target.asm
                   tff03h   0x000512    program     static Z:\home\dell\frost\frostsfpprintproject\target.asm
                   tff04h   0x000519    program     static Z:\home\dell\frost\frostsfpprintproject\target.asm
                   tff05h   0x000520    program     static Z:\home\dell\frost\frostsfpprintproject\target.asm
                   tff07h   0x000527    program     static Z:\home\dell\frost\frostsfpprintproject\target.asm
                   tff99h   0x000529    program     static Z:\home\dell\frost\frostsfpprintproject\target.asm
                clearbit0   0x00052b    program     static Z:\home\dell\frost\frostsfpprintproject\target.asm
                 hllAAAAA   0x000535    program     static Z:\home\dell\frost\frostsfpprintproject\target.asm
                 hllBAAAA   0x00053b    program     static Z:\home\dell\frost\frostsfpprintproject\target.asm
                 hllCAAAA   0x000542    program     static Z:\home\dell\frost\frostsfpprintproject\target.asm
                 hllDAAAA   0x000549    program     static Z:\home\dell\frost\frostsfpprintproject\target.asm
                 hllEAAAA   0x000550    program     static Z:\home\dell\frost\frostsfpprintproject\target.asm
                 hllFAAAA   0x000557    program     static Z:\home\dell\frost\frostsfpprintproject\target.asm
                 hllGAAAA   0x00055e    program     static Z:\home\dell\frost\frostsfpprintproject\target.asm
                 hllHAAAA   0x000560    program     static Z:\home\dell\frost\frostsfpprintproject\target.asm
                     utof   0x000562    program     static Z:\home\dell\frost\frostsfpprintproject\target.asm
                 hllUDAAA   0x00056d    program     static Z:\home\dell\frost\frostsfpprintproject\target.asm
                 hllVDAAA   0x000578    program     static Z:\home\dell\frost\frostsfpprintproject\target.asm
                 hllWDAAA   0x000584    program     static Z:\home\dell\frost\frostsfpprintproject\target.asm
                 hllXDAAA   0x000591    program     static Z:\home\dell\frost\frostsfpprintproject\target.asm
                 hllYDAAA   0x00059f    program     static Z:\home\dell\frost\frostsfpprintproject\target.asm
                 hllZDAAA   0x0005ae    program     static Z:\home\dell\frost\frostsfpprintproject\target.asm
                 hllAEAAA   0x0005be    program     static Z:\home\dell\frost\frostsfpprintproject\target.asm
                 hllBEAAA   0x0005c5    program     static Z:\home\dell\frost\frostsfpprintproject\target.asm
                 hllCEAAA   0x0005c9    program     static Z:\home\dell\frost\frostsfpprintproject\target.asm
                     ftou   0x0005ca    program     static Z:\home\dell\frost\frostsfpprintproject\target.asm
                 hllTCAAA   0x0005d2    program     static Z:\home\dell\frost\frostsfpprintproject\target.asm
                 hllUCAAA   0x0005e0    program     static Z:\home\dell\frost\frostsfpprintproject\target.asm
                 hllVCAAA   0x0005e8    program     static Z:\home\dell\frost\frostsfpprintproject\target.asm
                 hllWCAAA   0x0005ea    program     static Z:\home\dell\frost\frostsfpprintproject\target.asm
                 hllXCAAA   0x0005ec    program     static Z:\home\dell\frost\frostsfpprintproject\target.asm
                 hllYCAAA   0x0005ee    program     static Z:\home\dell\frost\frostsfpprintproject\target.asm
                 hllZCAAA   0x0005f0    program     static Z:\home\dell\frost\frostsfpprintproject\target.asm
                 hllADAAA   0x0005f2    program     static Z:\home\dell\frost\frostsfpprintproject\target.asm
                 hllBDAAA   0x0005f4    program     static Z:\home\dell\frost\frostsfpprintproject\target.asm
                 hllCDAAA   0x0005f6    program     static Z:\home\dell\frost\frostsfpprintproject\target.asm
                 hllDDAAA   0x0005f6    program     static Z:\home\dell\frost\frostsfpprintproject\target.asm
                     parm   0x0005fa    program     static Z:\home\dell\frost\frostsfpprintproject\target.asm
                    parm4   0x00060e    program     static Z:\home\dell\frost\frostsfpprintproject\target.asm
                     divu   0x00061e    program     static Z:\home\dell\frost\frostsfpprintproject\target.asm
          _hllkrna05_000C   0x00062a    program     static Z:\home\dell\frost\frostsfpprintproject\target.asm
          _hllkrna05_000E   0x00062c    program     static Z:\home\dell\frost\frostsfpprintproject\target.asm
                    divu0   0x000630    program     static Z:\home\dell\frost\frostsfpprintproject\target.asm
          _hllkrna05_001B   0x000639    program     static Z:\home\dell\frost\frostsfpprintproject\target.asm
          _hllkrna05_001D   0x00063b    program     static Z:\home\dell\frost\frostsfpprintproject\target.asm
                     modu   0x00063f    program     static Z:\home\dell\frost\frostsfpprintproject\target.asm
          _hllkrna04_000C   0x00064b    program     static Z:\home\dell\frost\frostsfpprintproject\target.asm
          _hllkrna04_000E   0x00064d    program     static Z:\home\dell\frost\frostsfpprintproject\target.asm
                    modu0   0x000651    program     static Z:\home\dell\frost\frostsfpprintproject\target.asm
          _hllkrna04_001B   0x00065a    program     static Z:\home\dell\frost\frostsfpprintproject\target.asm
          _hllkrna04_001D   0x00065c    program     static Z:\home\dell\frost\frostsfpprintproject\target.asm
                      mul   0x000660    program     static Z:\home\dell\frost\frostsfpprintproject\target.asm
          _hllkrna00_000A   0x00066a    program     static Z:\home\dell\frost\frostsfpprintproject\target.asm
                     mul0   0x00066d    program     static Z:\home\dell\frost\frostsfpprintproject\target.asm
          _hllkrna00_0014   0x000674    program     static Z:\home\dell\frost\frostsfpprintproject\target.asm
                 safepush   0x000677    program     static Z:\home\dell\frost\frostsfpprintproject\target.asm
                   kspox5   0x00067e    program     static Z:\home\dell\frost\frostsfpprintproject\target.asm
                  sperr11   0x000685    program     static Z:\home\dell\frost\frostsfpprintproject\target.asm
                   dmm445   0x000687    program     static Z:\home\dell\frost\frostsfpprintproject\target.asm
                    getch   0x00068d    program     static Z:\home\dell\frost\frostsfpprintproject\target.asm
                    geth2   0x000692    program     static Z:\home\dell\frost\frostsfpprintproject\target.asm
                    geth4   0x000696    program     static Z:\home\dell\frost\frostsfpprintproject\target.asm
                    geth3   0x000697    program     static Z:\home\dell\frost\frostsfpprintproject\target.asm
                  iszerof   0x00069d    program     static Z:\home\dell\frost\frostsfpprintproject\target.asm
                    nonzf   0x0006a8    program     static Z:\home\dell\frost\frostsfpprintproject\target.asm
                    nonzg   0x0006a9    program     static Z:\home\dell\frost\frostsfpprintproject\target.asm
                    nonzr   0x0006aa    program     static Z:\home\dell\frost\frostsfpprintproject\target.asm
                   hloego   0x0006ac    program     static Z:\home\dell\frost\frostsfpprintproject\target.asm
                  printch   0x0006b8    program     static Z:\home\dell\frost\frostsfpprintproject\target.asm
          _hllkrna03_0003   0x0006bb    program     static Z:\home\dell\frost\frostsfpprintproject\target.asm
          _hllkrna03_0008   0x0006c0    program     static Z:\home\dell\frost\frostsfpprintproject\target.asm
                       eq   0x0006c2    program     static Z:\home\dell\frost\frostsfpprintproject\target.asm
                     andu   0x0006ca    program     static Z:\home\dell\frost\frostsfpprintproject\target.asm
                      oru   0x0006cf    program     static Z:\home\dell\frost\frostsfpprintproject\target.asm
                      add   0x0006d4    program     static Z:\home\dell\frost\frostsfpprintproject\target.asm
                  copytop   0x0006d9    program     static Z:\home\dell\frost\frostsfpprintproject\target.asm
                    negti   0x0006dd    program     static Z:\home\dell\frost\frostsfpprintproject\target.asm
                  dispose   0x0006e0    program     static Z:\home\dell\frost\frostsfpprintproject\target.asm
                    kpush   0x0006e2    program     static Z:\home\dell\frost\frostsfpprintproject\target.asm
                     kpop   0x0006e4    program     static Z:\home\dell\frost\frostsfpprintproject\target.asm
                alt_stack   0x000020       data     static Z:\home\dell\frost\frostsfpprintproject\target.asm
               softstack0   0x000070       data     static Z:\home\dell\frost\frostsfpprintproject\target.asm
            softstack0isr   0x000071       data     static Z:\home\dell\frost\frostsfpprintproject\target.asm
               softstack1   0x000072       data     static Z:\home\dell\frost\frostsfpprintproject\target.asm
            softstack1isr   0x000073       data     static Z:\home\dell\frost\frostsfpprintproject\target.asm
               softstack2   0x000074       data     static Z:\home\dell\frost\frostsfpprintproject\target.asm
            softstack2isr   0x000075       data     static Z:\home\dell\frost\frostsfpprintproject\target.asm
                  alt_fsr   0x000076       data     static Z:\home\dell\frost\frostsfpprintproject\target.asm
                   W_Save   0x000077       data     static Z:\home\dell\frost\frostsfpprintproject\target.asm
              STATUS_Save   0x000078       data     static Z:\home\dell\frost\frostsfpprintproject\target.asm
                 FSR_Save   0x000079       data     static Z:\home\dell\frost\frostsfpprintproject\target.asm
                 ALT_Save   0x00007a       data     static Z:\home\dell\frost\frostsfpprintproject\target.asm
                   in_isr   0x00007b       data     static Z:\home\dell\frost\frostsfpprintproject\target.asm
                    pbase   0x00007c       data     static Z:\home\dell\frost\frostsfpprintproject\target.asm
                 pbaseisr   0x00007d       data     static Z:\home\dell\frost\frostsfpprintproject\target.asm
                    stack   0x0000a0       data     static Z:\home\dell\frost\frostsfpprintproject\target.asm
                 sfploc00   0x000220       data     static Z:\home\dell\frost\frostsfpprintproject\target.asm
                 sfpaux00   0x000221       data     static Z:\home\dell\frost\frostsfpprintproject\target.asm
                 sfploc01   0x000222       data     static Z:\home\dell\frost\frostsfpprintproject\target.asm
                 sfpaux01   0x000223       data     static Z:\home\dell\frost\frostsfpprintproject\target.asm
                 sfploc02   0x000224       data     static Z:\home\dell\frost\frostsfpprintproject\target.asm
                 sfpaux02   0x000225       data     static Z:\home\dell\frost\frostsfpprintproject\target.asm
                 sfploc03   0x000226       data     static Z:\home\dell\frost\frostsfpprintproject\target.asm
                 sfpaux03   0x000227       data     static Z:\home\dell\frost\frostsfpprintproject\target.asm
                 sfploc04   0x000228       data     static Z:\home\dell\frost\frostsfpprintproject\target.asm
                 sfploc05   0x000229       data     static Z:\home\dell\frost\frostsfpprintproject\target.asm
                 sfploc06   0x00022a       data     static Z:\home\dell\frost\frostsfpprintproject\target.asm
                 sfploc07   0x00022b       data     static Z:\home\dell\frost\frostsfpprintproject\target.asm
                 sfploc08   0x00022c       data     static Z:\home\dell\frost\frostsfpprintproject\target.asm
                 sfploc09   0x00022d       data     static Z:\home\dell\frost\frostsfpprintproject\target.asm
                 sfploc10   0x00022e       data     static Z:\home\dell\frost\frostsfpprintproject\target.asm
                 sfploc11   0x00022f       data     static Z:\home\dell\frost\frostsfpprintproject\target.asm
                 sfploc12   0x000230       data     static Z:\home\dell\frost\frostsfpprintproject\target.asm
                 sfploc13   0x000231       data     static Z:\home\dell\frost\frostsfpprintproject\target.asm
                 sfploc14   0x000232       data     static Z:\home\dell\frost\frostsfpprintproject\target.asm
                 sfploc15   0x000233       data     static Z:\home\dell\frost\frostsfpprintproject\target.asm
                 sfploc16   0x000234       data     static Z:\home\dell\frost\frostsfpprintproject\target.asm
                 sfploc17   0x000235       data     static Z:\home\dell\frost\frostsfpprintproject\target.asm
                hllblss00   0x000236       data     static Z:\home\dell\frost\frostsfpprintproject\target.asm
             hllblss00isr   0x000237       data     static Z:\home\dell\frost\frostsfpprintproject\target.asm
                hllblss01   0x000238       data     static Z:\home\dell\frost\frostsfpprintproject\target.asm
             hllblss01isr   0x000239       data     static Z:\home\dell\frost\frostsfpprintproject\target.asm
                hllblss02   0x00023a       data     static Z:\home\dell\frost\frostsfpprintproject\target.asm
             hllblss02isr   0x00023b       data     static Z:\home\dell\frost\frostsfpprintproject\target.asm
              hllprettyml   0x00023c       data     static Z:\home\dell\frost\frostsfpprintproject\target.asm
              hllprettyel   0x00023d       data     static Z:\home\dell\frost\frostsfpprintproject\target.asm


