MPLINK 4.35, Linker
Linker Map File - Created Wed Jan 15 22:50:05 2020

                                 Section Info
                  Section       Type    Address   Location Size(Bytes)
                ---------  ---------  ---------  ---------  ---------
                   Resetv       code   0x000000    program   0x000006
                    vectr       code   0x000004    program   0x0001a8
                   .cinit    romdata   0x0000d8    program   0x000004
                hllupuser       code   0x0000da    program   0x000330
                  sfp_add       code   0x000272    program   0x0001f8
                  sfp_div       code   0x00036e    program   0x00011e
                hllkrna02       code   0x0003fd    program   0x000006
                 hllt4523       code   0x000400    program   0x00073c
                hllkrna08       code   0x00079e    program   0x000048
                hllkrna05       code   0x0007c2    program   0x000042
                hllkrna00       code   0x0007e3    program   0x00002e
                   hlog1h       code   0x0007fa    program   0x00000a
                 hllt4514       code   0x000800    program   0x000190
                 sfp_prrr       code   0x0008c8    program   0x00014c
                  sfp_mul       code   0x00096e    program   0x000100
                   hlog1b       code   0x0009ee    program   0x0000e2
                   hlog1a       code   0x000a5f    program   0x0000e2
                  sfp_uto       code   0x000ad0    program   0x0000d0
                hllkrna04       code   0x000b38    program   0x000042
                hllcmppic       code   0x000b59    program   0x000042
                hllkrn444       code   0x000b7a    program   0x00002c
                  hllt453       code   0x000b90    program   0x000028
                hllkrna06       code   0x000ba4    program   0x000020
                     main       code   0x000bb4    program   0x000018
                hllkrna03       code   0x000bc0    program   0x000014
                hllkrna07       code   0x000bca    program   0x000010
                   hlog1d       code   0x000bd2    program   0x00000a
                hllkrna01       code   0x000bd7    program   0x00000a
               sfp_ddbasc       code   0x000bdc    program   0x000008
                  hllt452       code   0x000be0    program   0x000008
                   hlog1g       code   0x000be4    program   0x000004
                hllkrna11       code   0x000be6    program   0x000004
                hllkrna10       code   0x000be8    program   0x000004
                hllkrna09       code   0x000bea    program   0x000004
    .config_8007_TARGET.O       code   0x008007    program   0x000002
    .config_8008_TARGET.O       code   0x008008    program   0x000002
                   ukrnl3      udata   0x000020       data   0x000050
                   ukrshr      udata   0x000070       data   0x00000c
                 mainvars      udata   0x00007c       data   0x000002
                   ukrnl2      udata   0x0000a0       data   0x000050
                     sfpu      udata   0x000220       data   0x000016
                   ukernl      udata   0x000236       data   0x000006
               hllv2tempb      udata   0x00023c       data   0x000001
                hllv2temp      udata   0x00023d       data   0x000001
              hllv2scaler      udata   0x00023e       data   0x000001
          hllv2lonsubminb      udata   0x00023f       data   0x000001
           hllv2lonsubmin      udata   0x000240       data   0x000001
             hllv2lonminb      udata   0x000241       data   0x000001
              hllv2lonmin      udata   0x000242       data   0x000001
             hllv2londegb      udata   0x000243       data   0x000001
              hllv2londeg      udata   0x000244       data   0x000001
          hllv2latsubminb      udata   0x000245       data   0x000001
           hllv2latsubmin      udata   0x000246       data   0x000001
             hllv2latminb      udata   0x000247       data   0x000001
              hllv2latmin      udata   0x000248       data   0x000001
             hllv2latdegb      udata   0x000249       data   0x000001
              hllv2latdeg      udata   0x00024a       data   0x000001
               hllv2isgll      udata   0x00024b       data   0x000001
                 hllv2fix      udata   0x00024c       data   0x000001
         hllv2filtervalid      udata   0x00024d       data   0x000001



                              Program Memory Usage 
                               Start         End      
                           ---------   ---------      
                            0x000000    0x000002      
                            0x000004    0x0007fe      
                            0x000800    0x000beb      
                            0x008007    0x008008      
            3052 out of 4359 program addresses used, program memory utilization is 70%



                              Symbols - Sorted by Name
                     Name    Address   Location    Storage File                     
                ---------  ---------  ---------  --------- ---------                
                  ExitISR   0x0000d6    program     static Z:\home\dell\frost\frostgpsproject\target.asm
                      ISR   0x000004    program     static Z:\home\dell\frost\frostgpsproject\target.asm
          _hllkrna00_000A   0x0007ed    program     static Z:\home\dell\frost\frostgpsproject\target.asm
          _hllkrna00_0014   0x0007f7    program     static Z:\home\dell\frost\frostgpsproject\target.asm
          _hllkrna03_0003   0x000bc3    program     static Z:\home\dell\frost\frostgpsproject\target.asm
          _hllkrna03_0008   0x000bc8    program     static Z:\home\dell\frost\frostgpsproject\target.asm
          _hllkrna04_000C   0x000b44    program     static Z:\home\dell\frost\frostgpsproject\target.asm
          _hllkrna04_000E   0x000b46    program     static Z:\home\dell\frost\frostgpsproject\target.asm
          _hllkrna04_001B   0x000b53    program     static Z:\home\dell\frost\frostgpsproject\target.asm
          _hllkrna04_001D   0x000b55    program     static Z:\home\dell\frost\frostgpsproject\target.asm
          _hllkrna05_000C   0x0007ce    program     static Z:\home\dell\frost\frostgpsproject\target.asm
          _hllkrna05_000E   0x0007d0    program     static Z:\home\dell\frost\frostgpsproject\target.asm
          _hllkrna05_001B   0x0007dd    program     static Z:\home\dell\frost\frostgpsproject\target.asm
          _hllkrna05_001D   0x0007df    program     static Z:\home\dell\frost\frostgpsproject\target.asm
                      add   0x000bd7    program     static Z:\home\dell\frost\frostgpsproject\target.asm
                     addf   0x000272    program     static Z:\home\dell\frost\frostgpsproject\target.asm
                     andb   0x000be4    program     static Z:\home\dell\frost\frostgpsproject\target.asm
                     andu   0x0007fa    program     static Z:\home\dell\frost\frostgpsproject\target.asm
                    ascii   0x000bdc    program     static Z:\home\dell\frost\frostgpsproject\target.asm
                 clearbit   0x000a5f    program     static Z:\home\dell\frost\frostgpsproject\target.asm
                clearbit0   0x000a99    program     static Z:\home\dell\frost\frostgpsproject\target.asm
                  dispose   0x000be6    program     static Z:\home\dell\frost\frostgpsproject\target.asm
                     divf   0x00036e    program     static Z:\home\dell\frost\frostgpsproject\target.asm
                     divu   0x0007c2    program     static Z:\home\dell\frost\frostgpsproject\target.asm
                    divu0   0x0007d4    program     static Z:\home\dell\frost\frostgpsproject\target.asm
                   dmm445   0x000b8a    program     static Z:\home\dell\frost\frostgpsproject\target.asm
                   dofunc   0x000b90    program     static Z:\home\dell\frost\frostgpsproject\target.asm
                       eq   0x000bca    program     static Z:\home\dell\frost\frostgpsproject\target.asm
                    getch   0x000ba4    program     static Z:\home\dell\frost\frostgpsproject\target.asm
                    geth2   0x000ba9    program     static Z:\home\dell\frost\frostgpsproject\target.asm
                    geth3   0x000bae    program     static Z:\home\dell\frost\frostgpsproject\target.asm
                    geth4   0x000bad    program     static Z:\home\dell\frost\frostgpsproject\target.asm
                      geu   0x000b59    program     static Z:\home\dell\frost\frostgpsproject\target.asm
                     geu0   0x000b6b    program     static Z:\home\dell\frost\frostgpsproject\target.asm
                 hllAAAAA   0x000aa3    program     static Z:\home\dell\frost\frostgpsproject\target.asm
                 hllABAAA   0x0002bf    program     static Z:\home\dell\frost\frostgpsproject\target.asm
                 hllACAAA   0x00035b    program     static Z:\home\dell\frost\frostgpsproject\target.asm
                 hllADAAA   0x0009c2    program     static Z:\home\dell\frost\frostgpsproject\target.asm
                 hllBAAAA   0x000aa9    program     static Z:\home\dell\frost\frostgpsproject\target.asm
                 hllBBAAA   0x0002ca    program     static Z:\home\dell\frost\frostgpsproject\target.asm
                 hllBCAAA   0x000363    program     static Z:\home\dell\frost\frostgpsproject\target.asm
                 hllBDAAA   0x0009c8    program     static Z:\home\dell\frost\frostgpsproject\target.asm
                 hllCAAAA   0x000ab0    program     static Z:\home\dell\frost\frostgpsproject\target.asm
                 hllCBAAA   0x0002cb    program     static Z:\home\dell\frost\frostgpsproject\target.asm
                 hllCCAAA   0x00036d    program     static Z:\home\dell\frost\frostgpsproject\target.asm
                 hllCDAAA   0x0009ca    program     static Z:\home\dell\frost\frostgpsproject\target.asm
                 hllDAAAA   0x000ab7    program     static Z:\home\dell\frost\frostgpsproject\target.asm
                 hllDBAAA   0x0002d1    program     static Z:\home\dell\frost\frostgpsproject\target.asm
                 hllDCAAA   0x000392    program     static Z:\home\dell\frost\frostgpsproject\target.asm
                 hllDDAAA   0x0009ce    program     static Z:\home\dell\frost\frostgpsproject\target.asm
                 hllEAAAA   0x000abe    program     static Z:\home\dell\frost\frostgpsproject\target.asm
                 hllEBAAA   0x0002d3    program     static Z:\home\dell\frost\frostgpsproject\target.asm
                 hllECAAA   0x00039e    program     static Z:\home\dell\frost\frostgpsproject\target.asm
                 hllEDAAA   0x0009cf    program     static Z:\home\dell\frost\frostgpsproject\target.asm
                 hllFAAAA   0x000ac5    program     static Z:\home\dell\frost\frostgpsproject\target.asm
                 hllFBAAA   0x0002da    program     static Z:\home\dell\frost\frostgpsproject\target.asm
                 hllFCAAA   0x0003a8    program     static Z:\home\dell\frost\frostgpsproject\target.asm
                 hllFDAAA   0x0009d8    program     static Z:\home\dell\frost\frostgpsproject\target.asm
                 hllGAAAA   0x000acc    program     static Z:\home\dell\frost\frostgpsproject\target.asm
                 hllGBAAA   0x0002dd    program     static Z:\home\dell\frost\frostgpsproject\target.asm
                 hllGCAAA   0x0003c3    program     static Z:\home\dell\frost\frostgpsproject\target.asm
                 hllGDAAA   0x0009de    program     static Z:\home\dell\frost\frostgpsproject\target.asm
                 hllHAAAA   0x000ace    program     static Z:\home\dell\frost\frostgpsproject\target.asm
                 hllHBAAA   0x0002e9    program     static Z:\home\dell\frost\frostgpsproject\target.asm
                 hllHCAAA   0x0003c5    program     static Z:\home\dell\frost\frostgpsproject\target.asm
                 hllHDAAA   0x0008da    program     static Z:\home\dell\frost\frostgpsproject\target.asm
                hllHDAAA2   0x00093b    program     static Z:\home\dell\frost\frostgpsproject\target.asm
                 hllIAAAA   0x000b74    program     static Z:\home\dell\frost\frostgpsproject\target.asm
                 hllIBAAA   0x0002ec    program     static Z:\home\dell\frost\frostgpsproject\target.asm
                hllIBAAAb   0x00031a    program     static Z:\home\dell\frost\frostgpsproject\target.asm
                 hllICAAA   0x0003c7    program     static Z:\home\dell\frost\frostgpsproject\target.asm
                 hllJAAAA   0x000b77    program     static Z:\home\dell\frost\frostgpsproject\target.asm
                 hllJBAAA   0x0002f5    program     static Z:\home\dell\frost\frostgpsproject\target.asm
                 hllJCAAA   0x0003d4    program     static Z:\home\dell\frost\frostgpsproject\target.asm
                 hllJDAAA   0x000adb    program     static Z:\home\dell\frost\frostgpsproject\target.asm
                 hllKAAAA   0x000a32    program     static Z:\home\dell\frost\frostgpsproject\target.asm
                 hllKBAAA   0x0002fe    program     static Z:\home\dell\frost\frostgpsproject\target.asm
                 hllKCAAA   0x0003de    program     static Z:\home\dell\frost\frostgpsproject\target.asm
                 hllKDAAA   0x000ae6    program     static Z:\home\dell\frost\frostgpsproject\target.asm
                 hllLAAAA   0x000a38    program     static Z:\home\dell\frost\frostgpsproject\target.asm
                 hllLBAAA   0x0002ff    program     static Z:\home\dell\frost\frostgpsproject\target.asm
                 hllLCAAA   0x0003df    program     static Z:\home\dell\frost\frostgpsproject\target.asm
                 hllLDAAA   0x000af2    program     static Z:\home\dell\frost\frostgpsproject\target.asm
                 hllMAAAA   0x000a3f    program     static Z:\home\dell\frost\frostgpsproject\target.asm
                 hllMBAAA   0x000301    program     static Z:\home\dell\frost\frostgpsproject\target.asm
                 hllMCAAA   0x0003e1    program     static Z:\home\dell\frost\frostgpsproject\target.asm
                 hllMDAAA   0x000aff    program     static Z:\home\dell\frost\frostgpsproject\target.asm
                 hllNAAAA   0x000a46    program     static Z:\home\dell\frost\frostgpsproject\target.asm
                 hllNBAAA   0x000308    program     static Z:\home\dell\frost\frostgpsproject\target.asm
                 hllNCAAA   0x0003e2    program     static Z:\home\dell\frost\frostgpsproject\target.asm
                 hllNDAAA   0x000b0d    program     static Z:\home\dell\frost\frostgpsproject\target.asm
                 hllOAAAA   0x000a4d    program     static Z:\home\dell\frost\frostgpsproject\target.asm
                 hllOBAAA   0x00030b    program     static Z:\home\dell\frost\frostgpsproject\target.asm
                 hllOCAAA   0x0003e3    program     static Z:\home\dell\frost\frostgpsproject\target.asm
                 hllODAAA   0x000b1c    program     static Z:\home\dell\frost\frostgpsproject\target.asm
                 hllPAAAA   0x000a54    program     static Z:\home\dell\frost\frostgpsproject\target.asm
                 hllPBAAA   0x000317    program     static Z:\home\dell\frost\frostgpsproject\target.asm
                 hllPCAAA   0x0003ec    program     static Z:\home\dell\frost\frostgpsproject\target.asm
                 hllPDAAA   0x000b2c    program     static Z:\home\dell\frost\frostgpsproject\target.asm
                 hllQAAAA   0x000a5b    program     static Z:\home\dell\frost\frostgpsproject\target.asm
                 hllQCAAA   0x0003f2    program     static Z:\home\dell\frost\frostgpsproject\target.asm
                 hllQDAAA   0x000b33    program     static Z:\home\dell\frost\frostgpsproject\target.asm
                 hllRAAAA   0x000a5d    program     static Z:\home\dell\frost\frostgpsproject\target.asm
                 hllRBAAA   0x000323    program     static Z:\home\dell\frost\frostgpsproject\target.asm
                 hllRCAAA   0x0003f4    program     static Z:\home\dell\frost\frostgpsproject\target.asm
                 hllRDAAA   0x000b37    program     static Z:\home\dell\frost\frostgpsproject\target.asm
                 hllSAAAA   0x00028a    program     static Z:\home\dell\frost\frostgpsproject\target.asm
                 hllSBAAA   0x00032c    program     static Z:\home\dell\frost\frostgpsproject\target.asm
                 hllSCAAA   0x0003f7    program     static Z:\home\dell\frost\frostgpsproject\target.asm
                 hllTAAAA   0x00028e    program     static Z:\home\dell\frost\frostgpsproject\target.asm
                 hllTBAAA   0x00032d    program     static Z:\home\dell\frost\frostgpsproject\target.asm
                 hllTCAAA   0x000978    program     static Z:\home\dell\frost\frostgpsproject\target.asm
                 hllUAAAA   0x00028f    program     static Z:\home\dell\frost\frostgpsproject\target.asm
                 hllUBAAA   0x000332    program     static Z:\home\dell\frost\frostgpsproject\target.asm
                 hllUCAAA   0x000989    program     static Z:\home\dell\frost\frostgpsproject\target.asm
                 hllVAAAA   0x000291    program     static Z:\home\dell\frost\frostgpsproject\target.asm
                 hllVBAAA   0x000339    program     static Z:\home\dell\frost\frostgpsproject\target.asm
                 hllVCAAA   0x00099b    program     static Z:\home\dell\frost\frostgpsproject\target.asm
                 hllWAAAA   0x00029f    program     static Z:\home\dell\frost\frostgpsproject\target.asm
            hllWAAAA_done   0x0002a0    program     static Z:\home\dell\frost\frostgpsproject\target.asm
                 hllWBAAA   0x000341    program     static Z:\home\dell\frost\frostgpsproject\target.asm
                 hllWCAAA   0x0009a7    program     static Z:\home\dell\frost\frostgpsproject\target.asm
                 hllXBAAA   0x000346    program     static Z:\home\dell\frost\frostgpsproject\target.asm
                 hllXCAAA   0x0009b5    program     static Z:\home\dell\frost\frostgpsproject\target.asm
                 hllYAAAA   0x0002b4    program     static Z:\home\dell\frost\frostgpsproject\target.asm
                 hllYBAAA   0x000351    program     static Z:\home\dell\frost\frostgpsproject\target.asm
                 hllYCAAA   0x0009bd    program     static Z:\home\dell\frost\frostgpsproject\target.asm
                 hllZAAAA   0x0002bd    program     static Z:\home\dell\frost\frostgpsproject\target.asm
                 hllZBAAA   0x000359    program     static Z:\home\dell\frost\frostgpsproject\target.asm
                 hllZCAAA   0x0009bf    program     static Z:\home\dell\frost\frostgpsproject\target.asm
                hlllb51J0   0x0000b3    program     static Z:\home\dell\frost\frostgpsproject\target.asm
                hlllb51J1   0x0000b3    program     static Z:\home\dell\frost\frostgpsproject\target.asm
               hlllb51J10   0x0008ab    program     static Z:\home\dell\frost\frostgpsproject\target.asm
               hlllb51J11   0x0008c6    program     static Z:\home\dell\frost\frostgpsproject\target.asm
               hlllb51J12   0x000893    program     static Z:\home\dell\frost\frostgpsproject\target.asm
               hlllb51J13   0x0008c6    program     static Z:\home\dell\frost\frostgpsproject\target.asm
               hlllb51J15   0x000511    program     static Z:\home\dell\frost\frostgpsproject\target.asm
               hlllb51J16   0x000518    program     static Z:\home\dell\frost\frostgpsproject\target.asm
               hlllb51J17   0x000674    program     static Z:\home\dell\frost\frostgpsproject\target.asm
               hlllb51J18   0x000684    program     static Z:\home\dell\frost\frostgpsproject\target.asm
               hlllb51J19   0x00077c    program     static Z:\home\dell\frost\frostgpsproject\target.asm
               hlllb51J20   0x00079a    program     static Z:\home\dell\frost\frostgpsproject\target.asm
               hlllb51J21   0x00079b    program     static Z:\home\dell\frost\frostgpsproject\target.asm
               hlllb51J22   0x00079b    program     static Z:\home\dell\frost\frostgpsproject\target.asm
                hlllb51J4   0x000892    program     static Z:\home\dell\frost\frostgpsproject\target.asm
                hlllb51J5   0x000892    program     static Z:\home\dell\frost\frostgpsproject\target.asm
                hlllb51J6   0x00086c    program     static Z:\home\dell\frost\frostgpsproject\target.asm
                hlllb51J7   0x000892    program     static Z:\home\dell\frost\frostgpsproject\target.asm
                hlllb51J8   0x000852    program     static Z:\home\dell\frost\frostgpsproject\target.asm
                hlllb51J9   0x000892    program     static Z:\home\dell\frost\frostgpsproject\target.asm
              hllnotisr49   0x0000c1    program     static Z:\home\dell\frost\frostgpsproject\target.asm
              hllnotisr98   0x0000d6    program     static Z:\home\dell\frost\frostgpsproject\target.asm
                hllprgen2   0x00079d    program     static Z:\home\dell\frost\frostgpsproject\target.asm
               hllprogend   0x000271    program     static Z:\home\dell\frost\frostgpsproject\target.asm
              hlluserprog   0x0000da    program     static Z:\home\dell\frost\frostgpsproject\target.asm
                   hloego   0x000bb4    program     static Z:\home\dell\frost\frostgpsproject\target.asm
                     kpop   0x000bea    program     static Z:\home\dell\frost\frostgpsproject\target.asm
                    kpush   0x000be8    program     static Z:\home\dell\frost\frostgpsproject\target.asm
                   kspox5   0x000b81    program     static Z:\home\dell\frost\frostgpsproject\target.asm
                 mainloop   0x000be0    program     static Z:\home\dell\frost\frostgpsproject\target.asm
                     modu   0x000b38    program     static Z:\home\dell\frost\frostgpsproject\target.asm
                    modu0   0x000b4a    program     static Z:\home\dell\frost\frostgpsproject\target.asm
                      mul   0x0007e3    program     static Z:\home\dell\frost\frostgpsproject\target.asm
                     mul0   0x0007f0    program     static Z:\home\dell\frost\frostgpsproject\target.asm
                     mulf   0x00096e    program     static Z:\home\dell\frost\frostgpsproject\target.asm
                    mxhbl   0x000b65    program     static Z:\home\dell\frost\frostgpsproject\target.asm
                    mxhbm   0x000b68    program     static Z:\home\dell\frost\frostgpsproject\target.asm
                    negti   0x0003fd    program     static Z:\home\dell\frost\frostgpsproject\target.asm
                      oru   0x000bd2    program     static Z:\home\dell\frost\frostgpsproject\target.asm
                     parm   0x00079e    program     static Z:\home\dell\frost\frostgpsproject\target.asm
                    parm4   0x0007b2    program     static Z:\home\dell\frost\frostgpsproject\target.asm
                  printch   0x000bc0    program     static Z:\home\dell\frost\frostgpsproject\target.asm
                   printf   0x0008c8    program     static Z:\home\dell\frost\frostgpsproject\target.asm
                    purge   0x000400    program     static Z:\home\dell\frost\frostgpsproject\target.asm
                  receive   0x000800    program     static Z:\home\dell\frost\frostgpsproject\target.asm
                 safepush   0x000b7a    program     static Z:\home\dell\frost\frostgpsproject\target.asm
                   setbit   0x0009ee    program     static Z:\home\dell\frost\frostgpsproject\target.asm
                  setbit0   0x000a28    program     static Z:\home\dell\frost\frostgpsproject\target.asm
                  sperr11   0x000b88    program     static Z:\home\dell\frost\frostgpsproject\target.asm
                   tcf00h   0x0009fb    program     static Z:\home\dell\frost\frostgpsproject\target.asm
                   tcf01h   0x000a01    program     static Z:\home\dell\frost\frostgpsproject\target.asm
                   tcf02h   0x000a08    program     static Z:\home\dell\frost\frostgpsproject\target.asm
                   tcf03h   0x000a0f    program     static Z:\home\dell\frost\frostgpsproject\target.asm
                   tcf04h   0x000a16    program     static Z:\home\dell\frost\frostgpsproject\target.asm
                   tcf05h   0x000a1d    program     static Z:\home\dell\frost\frostgpsproject\target.asm
                   tcf07h   0x000a24    program     static Z:\home\dell\frost\frostgpsproject\target.asm
                   tcf99h   0x000a26    program     static Z:\home\dell\frost\frostgpsproject\target.asm
                   tff00h   0x000a6c    program     static Z:\home\dell\frost\frostgpsproject\target.asm
                   tff01h   0x000a72    program     static Z:\home\dell\frost\frostgpsproject\target.asm
                   tff02h   0x000a79    program     static Z:\home\dell\frost\frostgpsproject\target.asm
                   tff03h   0x000a80    program     static Z:\home\dell\frost\frostgpsproject\target.asm
                   tff04h   0x000a87    program     static Z:\home\dell\frost\frostgpsproject\target.asm
                   tff05h   0x000a8e    program     static Z:\home\dell\frost\frostgpsproject\target.asm
                   tff07h   0x000a95    program     static Z:\home\dell\frost\frostgpsproject\target.asm
                   tff99h   0x000a97    program     static Z:\home\dell\frost\frostgpsproject\target.asm
                     utof   0x000ad0    program     static Z:\home\dell\frost\frostgpsproject\target.asm
                 ALT_Save   0x00007a       data     static Z:\home\dell\frost\frostgpsproject\target.asm
                 FSR_Save   0x000079       data     static Z:\home\dell\frost\frostgpsproject\target.asm
              STATUS_Save   0x000078       data     static Z:\home\dell\frost\frostgpsproject\target.asm
                   W_Save   0x000077       data     static Z:\home\dell\frost\frostgpsproject\target.asm
                  alt_fsr   0x000076       data     static Z:\home\dell\frost\frostgpsproject\target.asm
                alt_stack   0x000020       data     static Z:\home\dell\frost\frostgpsproject\target.asm
                hllblss00   0x000236       data     static Z:\home\dell\frost\frostgpsproject\target.asm
             hllblss00isr   0x000237       data     static Z:\home\dell\frost\frostgpsproject\target.asm
                hllblss01   0x000238       data     static Z:\home\dell\frost\frostgpsproject\target.asm
             hllblss01isr   0x000239       data     static Z:\home\dell\frost\frostgpsproject\target.asm
                hllblss02   0x00023a       data     static Z:\home\dell\frost\frostgpsproject\target.asm
             hllblss02isr   0x00023b       data     static Z:\home\dell\frost\frostgpsproject\target.asm
          hllfiltervalidl   0x00024d       data     static Z:\home\dell\frost\frostgpsproject\target.asm
                  hllfixl   0x00024c       data     static Z:\home\dell\frost\frostgpsproject\target.asm
                hllisglll   0x00024b       data     static Z:\home\dell\frost\frostgpsproject\target.asm
              hlllatdegbl   0x000249       data     static Z:\home\dell\frost\frostgpsproject\target.asm
               hlllatdegl   0x00024a       data     static Z:\home\dell\frost\frostgpsproject\target.asm
              hlllatminbl   0x000247       data     static Z:\home\dell\frost\frostgpsproject\target.asm
               hlllatminl   0x000248       data     static Z:\home\dell\frost\frostgpsproject\target.asm
           hlllatsubminbl   0x000245       data     static Z:\home\dell\frost\frostgpsproject\target.asm
            hlllatsubminl   0x000246       data     static Z:\home\dell\frost\frostgpsproject\target.asm
              hlllondegbl   0x000243       data     static Z:\home\dell\frost\frostgpsproject\target.asm
               hlllondegl   0x000244       data     static Z:\home\dell\frost\frostgpsproject\target.asm
              hlllonminbl   0x000241       data     static Z:\home\dell\frost\frostgpsproject\target.asm
               hlllonminl   0x000242       data     static Z:\home\dell\frost\frostgpsproject\target.asm
           hlllonsubminbl   0x00023f       data     static Z:\home\dell\frost\frostgpsproject\target.asm
            hlllonsubminl   0x000240       data     static Z:\home\dell\frost\frostgpsproject\target.asm
               hllscalerl   0x00023e       data     static Z:\home\dell\frost\frostgpsproject\target.asm
                hlltempbl   0x00023c       data     static Z:\home\dell\frost\frostgpsproject\target.asm
                 hlltempl   0x00023d       data     static Z:\home\dell\frost\frostgpsproject\target.asm
                   in_isr   0x00007b       data     static Z:\home\dell\frost\frostgpsproject\target.asm
                    pbase   0x00007c       data     static Z:\home\dell\frost\frostgpsproject\target.asm
                 pbaseisr   0x00007d       data     static Z:\home\dell\frost\frostgpsproject\target.asm
                 sfpaux00   0x000221       data     static Z:\home\dell\frost\frostgpsproject\target.asm
                 sfpaux01   0x000223       data     static Z:\home\dell\frost\frostgpsproject\target.asm
                 sfpaux02   0x000225       data     static Z:\home\dell\frost\frostgpsproject\target.asm
                 sfpaux03   0x000227       data     static Z:\home\dell\frost\frostgpsproject\target.asm
                 sfploc00   0x000220       data     static Z:\home\dell\frost\frostgpsproject\target.asm
                 sfploc01   0x000222       data     static Z:\home\dell\frost\frostgpsproject\target.asm
                 sfploc02   0x000224       data     static Z:\home\dell\frost\frostgpsproject\target.asm
                 sfploc03   0x000226       data     static Z:\home\dell\frost\frostgpsproject\target.asm
                 sfploc04   0x000228       data     static Z:\home\dell\frost\frostgpsproject\target.asm
                 sfploc05   0x000229       data     static Z:\home\dell\frost\frostgpsproject\target.asm
                 sfploc06   0x00022a       data     static Z:\home\dell\frost\frostgpsproject\target.asm
                 sfploc07   0x00022b       data     static Z:\home\dell\frost\frostgpsproject\target.asm
                 sfploc08   0x00022c       data     static Z:\home\dell\frost\frostgpsproject\target.asm
                 sfploc09   0x00022d       data     static Z:\home\dell\frost\frostgpsproject\target.asm
                 sfploc10   0x00022e       data     static Z:\home\dell\frost\frostgpsproject\target.asm
                 sfploc11   0x00022f       data     static Z:\home\dell\frost\frostgpsproject\target.asm
                 sfploc12   0x000230       data     static Z:\home\dell\frost\frostgpsproject\target.asm
                 sfploc13   0x000231       data     static Z:\home\dell\frost\frostgpsproject\target.asm
                 sfploc14   0x000232       data     static Z:\home\dell\frost\frostgpsproject\target.asm
                 sfploc15   0x000233       data     static Z:\home\dell\frost\frostgpsproject\target.asm
                 sfploc16   0x000234       data     static Z:\home\dell\frost\frostgpsproject\target.asm
                 sfploc17   0x000235       data     static Z:\home\dell\frost\frostgpsproject\target.asm
               softstack0   0x000070       data     static Z:\home\dell\frost\frostgpsproject\target.asm
            softstack0isr   0x000071       data     static Z:\home\dell\frost\frostgpsproject\target.asm
               softstack1   0x000072       data     static Z:\home\dell\frost\frostgpsproject\target.asm
            softstack1isr   0x000073       data     static Z:\home\dell\frost\frostgpsproject\target.asm
               softstack2   0x000074       data     static Z:\home\dell\frost\frostgpsproject\target.asm
            softstack2isr   0x000075       data     static Z:\home\dell\frost\frostgpsproject\target.asm
                    stack   0x0000a0       data     static Z:\home\dell\frost\frostgpsproject\target.asm



                              Symbols - Sorted by Address
                     Name    Address   Location    Storage File                     
                ---------  ---------  ---------  --------- ---------                
                      ISR   0x000004    program     static Z:\home\dell\frost\frostgpsproject\target.asm
                hlllb51J1   0x0000b3    program     static Z:\home\dell\frost\frostgpsproject\target.asm
                hlllb51J0   0x0000b3    program     static Z:\home\dell\frost\frostgpsproject\target.asm
              hllnotisr49   0x0000c1    program     static Z:\home\dell\frost\frostgpsproject\target.asm
                  ExitISR   0x0000d6    program     static Z:\home\dell\frost\frostgpsproject\target.asm
              hllnotisr98   0x0000d6    program     static Z:\home\dell\frost\frostgpsproject\target.asm
              hlluserprog   0x0000da    program     static Z:\home\dell\frost\frostgpsproject\target.asm
               hllprogend   0x000271    program     static Z:\home\dell\frost\frostgpsproject\target.asm
                     addf   0x000272    program     static Z:\home\dell\frost\frostgpsproject\target.asm
                 hllSAAAA   0x00028a    program     static Z:\home\dell\frost\frostgpsproject\target.asm
                 hllTAAAA   0x00028e    program     static Z:\home\dell\frost\frostgpsproject\target.asm
                 hllUAAAA   0x00028f    program     static Z:\home\dell\frost\frostgpsproject\target.asm
                 hllVAAAA   0x000291    program     static Z:\home\dell\frost\frostgpsproject\target.asm
                 hllWAAAA   0x00029f    program     static Z:\home\dell\frost\frostgpsproject\target.asm
            hllWAAAA_done   0x0002a0    program     static Z:\home\dell\frost\frostgpsproject\target.asm
                 hllYAAAA   0x0002b4    program     static Z:\home\dell\frost\frostgpsproject\target.asm
                 hllZAAAA   0x0002bd    program     static Z:\home\dell\frost\frostgpsproject\target.asm
                 hllABAAA   0x0002bf    program     static Z:\home\dell\frost\frostgpsproject\target.asm
                 hllBBAAA   0x0002ca    program     static Z:\home\dell\frost\frostgpsproject\target.asm
                 hllCBAAA   0x0002cb    program     static Z:\home\dell\frost\frostgpsproject\target.asm
                 hllDBAAA   0x0002d1    program     static Z:\home\dell\frost\frostgpsproject\target.asm
                 hllEBAAA   0x0002d3    program     static Z:\home\dell\frost\frostgpsproject\target.asm
                 hllFBAAA   0x0002da    program     static Z:\home\dell\frost\frostgpsproject\target.asm
                 hllGBAAA   0x0002dd    program     static Z:\home\dell\frost\frostgpsproject\target.asm
                 hllHBAAA   0x0002e9    program     static Z:\home\dell\frost\frostgpsproject\target.asm
                 hllIBAAA   0x0002ec    program     static Z:\home\dell\frost\frostgpsproject\target.asm
                 hllJBAAA   0x0002f5    program     static Z:\home\dell\frost\frostgpsproject\target.asm
                 hllKBAAA   0x0002fe    program     static Z:\home\dell\frost\frostgpsproject\target.asm
                 hllLBAAA   0x0002ff    program     static Z:\home\dell\frost\frostgpsproject\target.asm
                 hllMBAAA   0x000301    program     static Z:\home\dell\frost\frostgpsproject\target.asm
                 hllNBAAA   0x000308    program     static Z:\home\dell\frost\frostgpsproject\target.asm
                 hllOBAAA   0x00030b    program     static Z:\home\dell\frost\frostgpsproject\target.asm
                 hllPBAAA   0x000317    program     static Z:\home\dell\frost\frostgpsproject\target.asm
                hllIBAAAb   0x00031a    program     static Z:\home\dell\frost\frostgpsproject\target.asm
                 hllRBAAA   0x000323    program     static Z:\home\dell\frost\frostgpsproject\target.asm
                 hllSBAAA   0x00032c    program     static Z:\home\dell\frost\frostgpsproject\target.asm
                 hllTBAAA   0x00032d    program     static Z:\home\dell\frost\frostgpsproject\target.asm
                 hllUBAAA   0x000332    program     static Z:\home\dell\frost\frostgpsproject\target.asm
                 hllVBAAA   0x000339    program     static Z:\home\dell\frost\frostgpsproject\target.asm
                 hllWBAAA   0x000341    program     static Z:\home\dell\frost\frostgpsproject\target.asm
                 hllXBAAA   0x000346    program     static Z:\home\dell\frost\frostgpsproject\target.asm
                 hllYBAAA   0x000351    program     static Z:\home\dell\frost\frostgpsproject\target.asm
                 hllZBAAA   0x000359    program     static Z:\home\dell\frost\frostgpsproject\target.asm
                 hllACAAA   0x00035b    program     static Z:\home\dell\frost\frostgpsproject\target.asm
                 hllBCAAA   0x000363    program     static Z:\home\dell\frost\frostgpsproject\target.asm
                 hllCCAAA   0x00036d    program     static Z:\home\dell\frost\frostgpsproject\target.asm
                     divf   0x00036e    program     static Z:\home\dell\frost\frostgpsproject\target.asm
                 hllDCAAA   0x000392    program     static Z:\home\dell\frost\frostgpsproject\target.asm
                 hllECAAA   0x00039e    program     static Z:\home\dell\frost\frostgpsproject\target.asm
                 hllFCAAA   0x0003a8    program     static Z:\home\dell\frost\frostgpsproject\target.asm
                 hllGCAAA   0x0003c3    program     static Z:\home\dell\frost\frostgpsproject\target.asm
                 hllHCAAA   0x0003c5    program     static Z:\home\dell\frost\frostgpsproject\target.asm
                 hllICAAA   0x0003c7    program     static Z:\home\dell\frost\frostgpsproject\target.asm
                 hllJCAAA   0x0003d4    program     static Z:\home\dell\frost\frostgpsproject\target.asm
                 hllKCAAA   0x0003de    program     static Z:\home\dell\frost\frostgpsproject\target.asm
                 hllLCAAA   0x0003df    program     static Z:\home\dell\frost\frostgpsproject\target.asm
                 hllMCAAA   0x0003e1    program     static Z:\home\dell\frost\frostgpsproject\target.asm
                 hllNCAAA   0x0003e2    program     static Z:\home\dell\frost\frostgpsproject\target.asm
                 hllOCAAA   0x0003e3    program     static Z:\home\dell\frost\frostgpsproject\target.asm
                 hllPCAAA   0x0003ec    program     static Z:\home\dell\frost\frostgpsproject\target.asm
                 hllQCAAA   0x0003f2    program     static Z:\home\dell\frost\frostgpsproject\target.asm
                 hllRCAAA   0x0003f4    program     static Z:\home\dell\frost\frostgpsproject\target.asm
                 hllSCAAA   0x0003f7    program     static Z:\home\dell\frost\frostgpsproject\target.asm
                    negti   0x0003fd    program     static Z:\home\dell\frost\frostgpsproject\target.asm
                    purge   0x000400    program     static Z:\home\dell\frost\frostgpsproject\target.asm
               hlllb51J15   0x000511    program     static Z:\home\dell\frost\frostgpsproject\target.asm
               hlllb51J16   0x000518    program     static Z:\home\dell\frost\frostgpsproject\target.asm
               hlllb51J17   0x000674    program     static Z:\home\dell\frost\frostgpsproject\target.asm
               hlllb51J18   0x000684    program     static Z:\home\dell\frost\frostgpsproject\target.asm
               hlllb51J19   0x00077c    program     static Z:\home\dell\frost\frostgpsproject\target.asm
               hlllb51J20   0x00079a    program     static Z:\home\dell\frost\frostgpsproject\target.asm
               hlllb51J22   0x00079b    program     static Z:\home\dell\frost\frostgpsproject\target.asm
               hlllb51J21   0x00079b    program     static Z:\home\dell\frost\frostgpsproject\target.asm
                hllprgen2   0x00079d    program     static Z:\home\dell\frost\frostgpsproject\target.asm
                     parm   0x00079e    program     static Z:\home\dell\frost\frostgpsproject\target.asm
                    parm4   0x0007b2    program     static Z:\home\dell\frost\frostgpsproject\target.asm
                     divu   0x0007c2    program     static Z:\home\dell\frost\frostgpsproject\target.asm
          _hllkrna05_000C   0x0007ce    program     static Z:\home\dell\frost\frostgpsproject\target.asm
          _hllkrna05_000E   0x0007d0    program     static Z:\home\dell\frost\frostgpsproject\target.asm
                    divu0   0x0007d4    program     static Z:\home\dell\frost\frostgpsproject\target.asm
          _hllkrna05_001B   0x0007dd    program     static Z:\home\dell\frost\frostgpsproject\target.asm
          _hllkrna05_001D   0x0007df    program     static Z:\home\dell\frost\frostgpsproject\target.asm
                      mul   0x0007e3    program     static Z:\home\dell\frost\frostgpsproject\target.asm
          _hllkrna00_000A   0x0007ed    program     static Z:\home\dell\frost\frostgpsproject\target.asm
                     mul0   0x0007f0    program     static Z:\home\dell\frost\frostgpsproject\target.asm
          _hllkrna00_0014   0x0007f7    program     static Z:\home\dell\frost\frostgpsproject\target.asm
                     andu   0x0007fa    program     static Z:\home\dell\frost\frostgpsproject\target.asm
                  receive   0x000800    program     static Z:\home\dell\frost\frostgpsproject\target.asm
                hlllb51J8   0x000852    program     static Z:\home\dell\frost\frostgpsproject\target.asm
                hlllb51J6   0x00086c    program     static Z:\home\dell\frost\frostgpsproject\target.asm
                hlllb51J7   0x000892    program     static Z:\home\dell\frost\frostgpsproject\target.asm
                hlllb51J9   0x000892    program     static Z:\home\dell\frost\frostgpsproject\target.asm
                hlllb51J5   0x000892    program     static Z:\home\dell\frost\frostgpsproject\target.asm
                hlllb51J4   0x000892    program     static Z:\home\dell\frost\frostgpsproject\target.asm
               hlllb51J12   0x000893    program     static Z:\home\dell\frost\frostgpsproject\target.asm
               hlllb51J10   0x0008ab    program     static Z:\home\dell\frost\frostgpsproject\target.asm
               hlllb51J11   0x0008c6    program     static Z:\home\dell\frost\frostgpsproject\target.asm
               hlllb51J13   0x0008c6    program     static Z:\home\dell\frost\frostgpsproject\target.asm
                   printf   0x0008c8    program     static Z:\home\dell\frost\frostgpsproject\target.asm
                 hllHDAAA   0x0008da    program     static Z:\home\dell\frost\frostgpsproject\target.asm
                hllHDAAA2   0x00093b    program     static Z:\home\dell\frost\frostgpsproject\target.asm
                     mulf   0x00096e    program     static Z:\home\dell\frost\frostgpsproject\target.asm
                 hllTCAAA   0x000978    program     static Z:\home\dell\frost\frostgpsproject\target.asm
                 hllUCAAA   0x000989    program     static Z:\home\dell\frost\frostgpsproject\target.asm
                 hllVCAAA   0x00099b    program     static Z:\home\dell\frost\frostgpsproject\target.asm
                 hllWCAAA   0x0009a7    program     static Z:\home\dell\frost\frostgpsproject\target.asm
                 hllXCAAA   0x0009b5    program     static Z:\home\dell\frost\frostgpsproject\target.asm
                 hllYCAAA   0x0009bd    program     static Z:\home\dell\frost\frostgpsproject\target.asm
                 hllZCAAA   0x0009bf    program     static Z:\home\dell\frost\frostgpsproject\target.asm
                 hllADAAA   0x0009c2    program     static Z:\home\dell\frost\frostgpsproject\target.asm
                 hllBDAAA   0x0009c8    program     static Z:\home\dell\frost\frostgpsproject\target.asm
                 hllCDAAA   0x0009ca    program     static Z:\home\dell\frost\frostgpsproject\target.asm
                 hllDDAAA   0x0009ce    program     static Z:\home\dell\frost\frostgpsproject\target.asm
                 hllEDAAA   0x0009cf    program     static Z:\home\dell\frost\frostgpsproject\target.asm
                 hllFDAAA   0x0009d8    program     static Z:\home\dell\frost\frostgpsproject\target.asm
                 hllGDAAA   0x0009de    program     static Z:\home\dell\frost\frostgpsproject\target.asm
                   setbit   0x0009ee    program     static Z:\home\dell\frost\frostgpsproject\target.asm
                   tcf00h   0x0009fb    program     static Z:\home\dell\frost\frostgpsproject\target.asm
                   tcf01h   0x000a01    program     static Z:\home\dell\frost\frostgpsproject\target.asm
                   tcf02h   0x000a08    program     static Z:\home\dell\frost\frostgpsproject\target.asm
                   tcf03h   0x000a0f    program     static Z:\home\dell\frost\frostgpsproject\target.asm
                   tcf04h   0x000a16    program     static Z:\home\dell\frost\frostgpsproject\target.asm
                   tcf05h   0x000a1d    program     static Z:\home\dell\frost\frostgpsproject\target.asm
                   tcf07h   0x000a24    program     static Z:\home\dell\frost\frostgpsproject\target.asm
                   tcf99h   0x000a26    program     static Z:\home\dell\frost\frostgpsproject\target.asm
                  setbit0   0x000a28    program     static Z:\home\dell\frost\frostgpsproject\target.asm
                 hllKAAAA   0x000a32    program     static Z:\home\dell\frost\frostgpsproject\target.asm
                 hllLAAAA   0x000a38    program     static Z:\home\dell\frost\frostgpsproject\target.asm
                 hllMAAAA   0x000a3f    program     static Z:\home\dell\frost\frostgpsproject\target.asm
                 hllNAAAA   0x000a46    program     static Z:\home\dell\frost\frostgpsproject\target.asm
                 hllOAAAA   0x000a4d    program     static Z:\home\dell\frost\frostgpsproject\target.asm
                 hllPAAAA   0x000a54    program     static Z:\home\dell\frost\frostgpsproject\target.asm
                 hllQAAAA   0x000a5b    program     static Z:\home\dell\frost\frostgpsproject\target.asm
                 hllRAAAA   0x000a5d    program     static Z:\home\dell\frost\frostgpsproject\target.asm
                 clearbit   0x000a5f    program     static Z:\home\dell\frost\frostgpsproject\target.asm
                   tff00h   0x000a6c    program     static Z:\home\dell\frost\frostgpsproject\target.asm
                   tff01h   0x000a72    program     static Z:\home\dell\frost\frostgpsproject\target.asm
                   tff02h   0x000a79    program     static Z:\home\dell\frost\frostgpsproject\target.asm
                   tff03h   0x000a80    program     static Z:\home\dell\frost\frostgpsproject\target.asm
                   tff04h   0x000a87    program     static Z:\home\dell\frost\frostgpsproject\target.asm
                   tff05h   0x000a8e    program     static Z:\home\dell\frost\frostgpsproject\target.asm
                   tff07h   0x000a95    program     static Z:\home\dell\frost\frostgpsproject\target.asm
                   tff99h   0x000a97    program     static Z:\home\dell\frost\frostgpsproject\target.asm
                clearbit0   0x000a99    program     static Z:\home\dell\frost\frostgpsproject\target.asm
                 hllAAAAA   0x000aa3    program     static Z:\home\dell\frost\frostgpsproject\target.asm
                 hllBAAAA   0x000aa9    program     static Z:\home\dell\frost\frostgpsproject\target.asm
                 hllCAAAA   0x000ab0    program     static Z:\home\dell\frost\frostgpsproject\target.asm
                 hllDAAAA   0x000ab7    program     static Z:\home\dell\frost\frostgpsproject\target.asm
                 hllEAAAA   0x000abe    program     static Z:\home\dell\frost\frostgpsproject\target.asm
                 hllFAAAA   0x000ac5    program     static Z:\home\dell\frost\frostgpsproject\target.asm
                 hllGAAAA   0x000acc    program     static Z:\home\dell\frost\frostgpsproject\target.asm
                 hllHAAAA   0x000ace    program     static Z:\home\dell\frost\frostgpsproject\target.asm
                     utof   0x000ad0    program     static Z:\home\dell\frost\frostgpsproject\target.asm
                 hllJDAAA   0x000adb    program     static Z:\home\dell\frost\frostgpsproject\target.asm
                 hllKDAAA   0x000ae6    program     static Z:\home\dell\frost\frostgpsproject\target.asm
                 hllLDAAA   0x000af2    program     static Z:\home\dell\frost\frostgpsproject\target.asm
                 hllMDAAA   0x000aff    program     static Z:\home\dell\frost\frostgpsproject\target.asm
                 hllNDAAA   0x000b0d    program     static Z:\home\dell\frost\frostgpsproject\target.asm
                 hllODAAA   0x000b1c    program     static Z:\home\dell\frost\frostgpsproject\target.asm
                 hllPDAAA   0x000b2c    program     static Z:\home\dell\frost\frostgpsproject\target.asm
                 hllQDAAA   0x000b33    program     static Z:\home\dell\frost\frostgpsproject\target.asm
                 hllRDAAA   0x000b37    program     static Z:\home\dell\frost\frostgpsproject\target.asm
                     modu   0x000b38    program     static Z:\home\dell\frost\frostgpsproject\target.asm
          _hllkrna04_000C   0x000b44    program     static Z:\home\dell\frost\frostgpsproject\target.asm
          _hllkrna04_000E   0x000b46    program     static Z:\home\dell\frost\frostgpsproject\target.asm
                    modu0   0x000b4a    program     static Z:\home\dell\frost\frostgpsproject\target.asm
          _hllkrna04_001B   0x000b53    program     static Z:\home\dell\frost\frostgpsproject\target.asm
          _hllkrna04_001D   0x000b55    program     static Z:\home\dell\frost\frostgpsproject\target.asm
                      geu   0x000b59    program     static Z:\home\dell\frost\frostgpsproject\target.asm
                    mxhbl   0x000b65    program     static Z:\home\dell\frost\frostgpsproject\target.asm
                    mxhbm   0x000b68    program     static Z:\home\dell\frost\frostgpsproject\target.asm
                     geu0   0x000b6b    program     static Z:\home\dell\frost\frostgpsproject\target.asm
                 hllIAAAA   0x000b74    program     static Z:\home\dell\frost\frostgpsproject\target.asm
                 hllJAAAA   0x000b77    program     static Z:\home\dell\frost\frostgpsproject\target.asm
                 safepush   0x000b7a    program     static Z:\home\dell\frost\frostgpsproject\target.asm
                   kspox5   0x000b81    program     static Z:\home\dell\frost\frostgpsproject\target.asm
                  sperr11   0x000b88    program     static Z:\home\dell\frost\frostgpsproject\target.asm
                   dmm445   0x000b8a    program     static Z:\home\dell\frost\frostgpsproject\target.asm
                   dofunc   0x000b90    program     static Z:\home\dell\frost\frostgpsproject\target.asm
                    getch   0x000ba4    program     static Z:\home\dell\frost\frostgpsproject\target.asm
                    geth2   0x000ba9    program     static Z:\home\dell\frost\frostgpsproject\target.asm
                    geth4   0x000bad    program     static Z:\home\dell\frost\frostgpsproject\target.asm
                    geth3   0x000bae    program     static Z:\home\dell\frost\frostgpsproject\target.asm
                   hloego   0x000bb4    program     static Z:\home\dell\frost\frostgpsproject\target.asm
                  printch   0x000bc0    program     static Z:\home\dell\frost\frostgpsproject\target.asm
          _hllkrna03_0003   0x000bc3    program     static Z:\home\dell\frost\frostgpsproject\target.asm
          _hllkrna03_0008   0x000bc8    program     static Z:\home\dell\frost\frostgpsproject\target.asm
                       eq   0x000bca    program     static Z:\home\dell\frost\frostgpsproject\target.asm
                      oru   0x000bd2    program     static Z:\home\dell\frost\frostgpsproject\target.asm
                      add   0x000bd7    program     static Z:\home\dell\frost\frostgpsproject\target.asm
                    ascii   0x000bdc    program     static Z:\home\dell\frost\frostgpsproject\target.asm
                 mainloop   0x000be0    program     static Z:\home\dell\frost\frostgpsproject\target.asm
                     andb   0x000be4    program     static Z:\home\dell\frost\frostgpsproject\target.asm
                  dispose   0x000be6    program     static Z:\home\dell\frost\frostgpsproject\target.asm
                    kpush   0x000be8    program     static Z:\home\dell\frost\frostgpsproject\target.asm
                     kpop   0x000bea    program     static Z:\home\dell\frost\frostgpsproject\target.asm
                alt_stack   0x000020       data     static Z:\home\dell\frost\frostgpsproject\target.asm
               softstack0   0x000070       data     static Z:\home\dell\frost\frostgpsproject\target.asm
            softstack0isr   0x000071       data     static Z:\home\dell\frost\frostgpsproject\target.asm
               softstack1   0x000072       data     static Z:\home\dell\frost\frostgpsproject\target.asm
            softstack1isr   0x000073       data     static Z:\home\dell\frost\frostgpsproject\target.asm
               softstack2   0x000074       data     static Z:\home\dell\frost\frostgpsproject\target.asm
            softstack2isr   0x000075       data     static Z:\home\dell\frost\frostgpsproject\target.asm
                  alt_fsr   0x000076       data     static Z:\home\dell\frost\frostgpsproject\target.asm
                   W_Save   0x000077       data     static Z:\home\dell\frost\frostgpsproject\target.asm
              STATUS_Save   0x000078       data     static Z:\home\dell\frost\frostgpsproject\target.asm
                 FSR_Save   0x000079       data     static Z:\home\dell\frost\frostgpsproject\target.asm
                 ALT_Save   0x00007a       data     static Z:\home\dell\frost\frostgpsproject\target.asm
                   in_isr   0x00007b       data     static Z:\home\dell\frost\frostgpsproject\target.asm
                    pbase   0x00007c       data     static Z:\home\dell\frost\frostgpsproject\target.asm
                 pbaseisr   0x00007d       data     static Z:\home\dell\frost\frostgpsproject\target.asm
                    stack   0x0000a0       data     static Z:\home\dell\frost\frostgpsproject\target.asm
                 sfploc00   0x000220       data     static Z:\home\dell\frost\frostgpsproject\target.asm
                 sfpaux00   0x000221       data     static Z:\home\dell\frost\frostgpsproject\target.asm
                 sfploc01   0x000222       data     static Z:\home\dell\frost\frostgpsproject\target.asm
                 sfpaux01   0x000223       data     static Z:\home\dell\frost\frostgpsproject\target.asm
                 sfploc02   0x000224       data     static Z:\home\dell\frost\frostgpsproject\target.asm
                 sfpaux02   0x000225       data     static Z:\home\dell\frost\frostgpsproject\target.asm
                 sfploc03   0x000226       data     static Z:\home\dell\frost\frostgpsproject\target.asm
                 sfpaux03   0x000227       data     static Z:\home\dell\frost\frostgpsproject\target.asm
                 sfploc04   0x000228       data     static Z:\home\dell\frost\frostgpsproject\target.asm
                 sfploc05   0x000229       data     static Z:\home\dell\frost\frostgpsproject\target.asm
                 sfploc06   0x00022a       data     static Z:\home\dell\frost\frostgpsproject\target.asm
                 sfploc07   0x00022b       data     static Z:\home\dell\frost\frostgpsproject\target.asm
                 sfploc08   0x00022c       data     static Z:\home\dell\frost\frostgpsproject\target.asm
                 sfploc09   0x00022d       data     static Z:\home\dell\frost\frostgpsproject\target.asm
                 sfploc10   0x00022e       data     static Z:\home\dell\frost\frostgpsproject\target.asm
                 sfploc11   0x00022f       data     static Z:\home\dell\frost\frostgpsproject\target.asm
                 sfploc12   0x000230       data     static Z:\home\dell\frost\frostgpsproject\target.asm
                 sfploc13   0x000231       data     static Z:\home\dell\frost\frostgpsproject\target.asm
                 sfploc14   0x000232       data     static Z:\home\dell\frost\frostgpsproject\target.asm
                 sfploc15   0x000233       data     static Z:\home\dell\frost\frostgpsproject\target.asm
                 sfploc16   0x000234       data     static Z:\home\dell\frost\frostgpsproject\target.asm
                 sfploc17   0x000235       data     static Z:\home\dell\frost\frostgpsproject\target.asm
                hllblss00   0x000236       data     static Z:\home\dell\frost\frostgpsproject\target.asm
             hllblss00isr   0x000237       data     static Z:\home\dell\frost\frostgpsproject\target.asm
                hllblss01   0x000238       data     static Z:\home\dell\frost\frostgpsproject\target.asm
             hllblss01isr   0x000239       data     static Z:\home\dell\frost\frostgpsproject\target.asm
                hllblss02   0x00023a       data     static Z:\home\dell\frost\frostgpsproject\target.asm
             hllblss02isr   0x00023b       data     static Z:\home\dell\frost\frostgpsproject\target.asm
                hlltempbl   0x00023c       data     static Z:\home\dell\frost\frostgpsproject\target.asm
                 hlltempl   0x00023d       data     static Z:\home\dell\frost\frostgpsproject\target.asm
               hllscalerl   0x00023e       data     static Z:\home\dell\frost\frostgpsproject\target.asm
           hlllonsubminbl   0x00023f       data     static Z:\home\dell\frost\frostgpsproject\target.asm
            hlllonsubminl   0x000240       data     static Z:\home\dell\frost\frostgpsproject\target.asm
              hlllonminbl   0x000241       data     static Z:\home\dell\frost\frostgpsproject\target.asm
               hlllonminl   0x000242       data     static Z:\home\dell\frost\frostgpsproject\target.asm
              hlllondegbl   0x000243       data     static Z:\home\dell\frost\frostgpsproject\target.asm
               hlllondegl   0x000244       data     static Z:\home\dell\frost\frostgpsproject\target.asm
           hlllatsubminbl   0x000245       data     static Z:\home\dell\frost\frostgpsproject\target.asm
            hlllatsubminl   0x000246       data     static Z:\home\dell\frost\frostgpsproject\target.asm
              hlllatminbl   0x000247       data     static Z:\home\dell\frost\frostgpsproject\target.asm
               hlllatminl   0x000248       data     static Z:\home\dell\frost\frostgpsproject\target.asm
              hlllatdegbl   0x000249       data     static Z:\home\dell\frost\frostgpsproject\target.asm
               hlllatdegl   0x00024a       data     static Z:\home\dell\frost\frostgpsproject\target.asm
                hllisglll   0x00024b       data     static Z:\home\dell\frost\frostgpsproject\target.asm
                  hllfixl   0x00024c       data     static Z:\home\dell\frost\frostgpsproject\target.asm
          hllfiltervalidl   0x00024d       data     static Z:\home\dell\frost\frostgpsproject\target.asm


