MPLINK 4.37, Linker
Linker Map File - Created Sat Jan 19 12:58:26 2013

                                 Section Info
                  Section       Type    Address   Location Size(Bytes)
                ---------  ---------  ---------  ---------  ---------
                   Resetv       code   0x000000    program   0x000006
                    vectr       code   0x000004    program   0x0000d8
                   .cinit    romdata   0x000070    program   0x000004
                 hllt4538       code   0x000072    program   0x0003d6
                 hllt4555       code   0x00025d    program   0x000246
                   hlog1b       code   0x000380    program   0x0000f2
                   hlog1h       code   0x0003f9    program   0x00000e
                 hllt4520       code   0x000400    program   0x00015a
                  sfp_mul       code   0x0004ad    program   0x000148
                  sfp_div       code   0x000551    program   0x000144
                 hllt4527       code   0x0005f3    program   0x00010e
                  ansiarb       code   0x00067a    program   0x00010a
                  sfp_uto       code   0x0006ff    program   0x000104
                 hllt4542       code   0x000781    program   0x0000fa
                hllkrna11       code   0x0007fe    program   0x000004
                  sfp_add       code   0x000800    program   0x00022c
                 hllt4561       code   0x000916    program   0x0001c6
                  hllt452       code   0x0009f9    program   0x0001c0
                 hllt4513       code   0x000ad9    program   0x000186
                  hllt457       code   0x000b9c    program   0x0000be
                hllkrna02       code   0x000bfb    program   0x000006
                   hlog1g       code   0x000bfe    program   0x000004
                   hlog1a       code   0x000c00    program   0x0000f2
                   sfp_gt       code   0x000c79    program   0x0000dc
                hllupuser       code   0x000ce7    program   0x0000d4
                  hllt458       code   0x000d51    program   0x0000cc
                  ansiard       code   0x000db7    program   0x000090
                hllkrna08       code   0x000dff    program   0x000086
                  cprntuc       code   0x000e42    program   0x000084
                  sfp_tou       code   0x000e84    program   0x00007c
                hllkrna05       code   0x000ec2    program   0x000052
                hllkrna04       code   0x000eeb    program   0x000052
                hllkrna09       code   0x000f14    program   0x000042
                hllkrna10       code   0x000f35    program   0x00003e
                hllkrna00       code   0x000f54    program   0x000036
                 sfp_copy       code   0x000f6f    program   0x000028
                 hllt4564       code   0x000f83    program   0x000026
                 hllt4558       code   0x000f96    program   0x000026
               sfp_iszero       code   0x000fa9    program   0x000024
                 hllt4541       code   0x000fbb    program   0x000024
                hllkrna03       code   0x000fcd    program   0x00001c
                hllkrna07       code   0x000fdb    program   0x000014
                hllkrna06       code   0x000fe5    program   0x000014
                     main       code   0x000fef    program   0x000012
                hllkrna01       code   0x000ff8    program   0x00000e
    .config_2007_TARGET.O       code   0x002007    program   0x000002
                   ukrnl3      udata   0x000020       data   0x000050
                   ukrshr      udata   0x000070       data   0x00000c
                 mainvars      udata   0x00007c       data   0x000003
                   ukrnl2      udata   0x0000a0       data   0x000050
                     sfpu      udata   0x000120       data   0x000016
                   ukernl      udata   0x000136       data   0x000006
                  ansiadt      udata   0x00013c       data   0x000003
              hllv2ticked      udata   0x00013f       data   0x000001
                hllv2setg      udata   0x000140       data   0x000001
                hllv2setf      udata   0x000141       data   0x000001
                  ansiadu      udata   0x000142       data   0x000001



                              Program Memory Usage 
                               Start         End      
                           ---------   ---------      
                            0x000000    0x000002      
                            0x000004    0x000ffe      
                            0x002007    0x002007      
            4095 out of 4358 program addresses used, program memory utilization is 93%



                              Symbols - Sorted by Name
                     Name    Address   Location    Storage File                     
                ---------  ---------  ---------  --------- ---------                
                  ExitISR   0x000064    program     static F:\Beau\frostbotproject\target.asm
                      ISR   0x000004    program     static F:\Beau\frostbotproject\target.asm
          _hllkrna00_000C   0x000f60    program     static F:\Beau\frostbotproject\target.asm
          _hllkrna00_0018   0x000f6c    program     static F:\Beau\frostbotproject\target.asm
          _hllkrna03_0005   0x000fd2    program     static F:\Beau\frostbotproject\target.asm
          _hllkrna03_000C   0x000fd9    program     static F:\Beau\frostbotproject\target.asm
          _hllkrna04_000F   0x000efa    program     static F:\Beau\frostbotproject\target.asm
          _hllkrna04_0011   0x000efc    program     static F:\Beau\frostbotproject\target.asm
          _hllkrna04_0022   0x000f0d    program     static F:\Beau\frostbotproject\target.asm
          _hllkrna04_0024   0x000f0f    program     static F:\Beau\frostbotproject\target.asm
          _hllkrna05_000F   0x000ed1    program     static F:\Beau\frostbotproject\target.asm
          _hllkrna05_0011   0x000ed3    program     static F:\Beau\frostbotproject\target.asm
          _hllkrna05_0022   0x000ee4    program     static F:\Beau\frostbotproject\target.asm
          _hllkrna05_0024   0x000ee6    program     static F:\Beau\frostbotproject\target.asm
          _hllkrna08_0003   0x000e02    program     static F:\Beau\frostbotproject\target.asm
          _hllkrna08_0011   0x000e10    program     static F:\Beau\frostbotproject\target.asm
          _hllkrna09_0003   0x000f17    program     static F:\Beau\frostbotproject\target.asm
          _hllkrna09_0011   0x000f25    program     static F:\Beau\frostbotproject\target.asm
          _hllkrna10_0003   0x000f38    program     static F:\Beau\frostbotproject\target.asm
          _hllkrna10_0010   0x000f45    program     static F:\Beau\frostbotproject\target.asm
           _hllt4513_009F   0x000b78    program     static F:\Beau\frostbotproject\target.asm
           _hllt4513_00A1   0x000b7a    program     static F:\Beau\frostbotproject\target.asm
           _hllt4513_00AF   0x000b88    program     static F:\Beau\frostbotproject\target.asm
           _hllt4513_00B1   0x000b8a    program     static F:\Beau\frostbotproject\target.asm
           _hllt4527_0065   0x000658    program     static F:\Beau\frostbotproject\target.asm
           _hllt4527_0067   0x00065a    program     static F:\Beau\frostbotproject\target.asm
           _hllt4527_0075   0x000668    program     static F:\Beau\frostbotproject\target.asm
           _hllt4527_0077   0x00066a    program     static F:\Beau\frostbotproject\target.asm
           _hllt4538_0185   0x0001f7    program     static F:\Beau\frostbotproject\target.asm
           _hllt4538_0187   0x0001f9    program     static F:\Beau\frostbotproject\target.asm
           _hllt4538_01B3   0x000225    program     static F:\Beau\frostbotproject\target.asm
           _hllt4538_01B5   0x000227    program     static F:\Beau\frostbotproject\target.asm
           _hllt4561_00C2   0x0009d8    program     static F:\Beau\frostbotproject\target.asm
           _hllt4561_00C4   0x0009da    program     static F:\Beau\frostbotproject\target.asm
           _hllt4561_00D2   0x0009e8    program     static F:\Beau\frostbotproject\target.asm
           _hllt4561_00D4   0x0009ea    program     static F:\Beau\frostbotproject\target.asm
            _hllt457_0047   0x000be3    program     static F:\Beau\frostbotproject\target.asm
            _hllt457_0049   0x000be5    program     static F:\Beau\frostbotproject\target.asm
            _hllt457_0052   0x000bee    program     static F:\Beau\frostbotproject\target.asm
            _hllt457_0054   0x000bf0    program     static F:\Beau\frostbotproject\target.asm
                      add   0x000ff8    program     static F:\Beau\frostbotproject\target.asm
                     addf   0x000800    program     static F:\Beau\frostbotproject\target.asm
                   adjust   0x000ad9    program     static F:\Beau\frostbotproject\target.asm
                     andb   0x000bfe    program     static F:\Beau\frostbotproject\target.asm
                     andu   0x0003f9    program     static F:\Beau\frostbotproject\target.asm
                 clearbit   0x000c00    program     static F:\Beau\frostbotproject\target.asm
                clearbit0   0x000c3e    program     static F:\Beau\frostbotproject\target.asm
                      cls   0x00067a    program     static F:\Beau\frostbotproject\target.asm
                conform_i   0x0005f3    program     static F:\Beau\frostbotproject\target.asm
                  control   0x000072    program     static F:\Beau\frostbotproject\target.asm
                    copyf   0x000f6f    program     static F:\Beau\frostbotproject\target.asm
                  dispose   0x0007fe    program     static F:\Beau\frostbotproject\target.asm
                     divf   0x000551    program     static F:\Beau\frostbotproject\target.asm
                     divu   0x000ec2    program     static F:\Beau\frostbotproject\target.asm
                    divu0   0x000ed8    program     static F:\Beau\frostbotproject\target.asm
                       eq   0x000fdb    program     static F:\Beau\frostbotproject\target.asm
                     ftou   0x000e84    program     static F:\Beau\frostbotproject\target.asm
                    getch   0x000fe5    program     static F:\Beau\frostbotproject\target.asm
                    geth2   0x000fe7    program     static F:\Beau\frostbotproject\target.asm
                   graphx   0x000db7    program     static F:\Beau\frostbotproject\target.asm
                      gtf   0x000c79    program     static F:\Beau\frostbotproject\target.asm
                 hllAAAAA   0x000dde    program     static F:\Beau\frostbotproject\target.asm
                 hllABAAA   0x0003f6    program     static F:\Beau\frostbotproject\target.asm
                 hllACAAA   0x0008c1    program     static F:\Beau\frostbotproject\target.asm
                 hllADAAA   0x0005e7    program     static F:\Beau\frostbotproject\target.asm
                 hllAEAAA   0x0004e5    program     static F:\Beau\frostbotproject\target.asm
                 hllBAAAA   0x000de8    program     static F:\Beau\frostbotproject\target.asm
                 hllBBAAA   0x000820    program     static F:\Beau\frostbotproject\target.asm
                 hllBCAAA   0x0008cb    program     static F:\Beau\frostbotproject\target.asm
                 hllBDAAA   0x0005ea    program     static F:\Beau\frostbotproject\target.asm
                 hllBEAAA   0x0004f5    program     static F:\Beau\frostbotproject\target.asm
                 hllCAAAA   0x000df4    program     static F:\Beau\frostbotproject\target.asm
                 hllCBAAA   0x000824    program     static F:\Beau\frostbotproject\target.asm
                 hllCCAAA   0x0008cc    program     static F:\Beau\frostbotproject\target.asm
                 hllCDAAA   0x000e8f    program     static F:\Beau\frostbotproject\target.asm
                 hllCEAAA   0x000507    program     static F:\Beau\frostbotproject\target.asm
                 hllDAAAA   0x000dfe    program     static F:\Beau\frostbotproject\target.asm
                 hllDBAAA   0x000825    program     static F:\Beau\frostbotproject\target.asm
                 hllDCAAA   0x0008d1    program     static F:\Beau\frostbotproject\target.asm
                 hllDDAAA   0x000e9f    program     static F:\Beau\frostbotproject\target.asm
                 hllDEAAA   0x00050f    program     static F:\Beau\frostbotproject\target.asm
                 hllEBAAA   0x000827    program     static F:\Beau\frostbotproject\target.asm
                 hllECAAA   0x0008d8    program     static F:\Beau\frostbotproject\target.asm
                 hllEDAAA   0x000ea7    program     static F:\Beau\frostbotproject\target.asm
                 hllEEAAA   0x000511    program     static F:\Beau\frostbotproject\target.asm
                 hllFBAAA   0x000835    program     static F:\Beau\frostbotproject\target.asm
            hllFBAAA_done   0x000836    program     static F:\Beau\frostbotproject\target.asm
                 hllFCAAA   0x0008e0    program     static F:\Beau\frostbotproject\target.asm
                 hllFDAAA   0x000eaa    program     static F:\Beau\frostbotproject\target.asm
                 hllFEAAA   0x000514    program     static F:\Beau\frostbotproject\target.asm
                 hllGCAAA   0x0008e5    program     static F:\Beau\frostbotproject\target.asm
                 hllGDAAA   0x000ead    program     static F:\Beau\frostbotproject\target.asm
                 hllGEAAA   0x00051d    program     static F:\Beau\frostbotproject\target.asm
                 hllHBAAA   0x00084a    program     static F:\Beau\frostbotproject\target.asm
                 hllHCAAA   0x0008f2    program     static F:\Beau\frostbotproject\target.asm
                 hllHDAAA   0x000eb0    program     static F:\Beau\frostbotproject\target.asm
                 hllHEAAA   0x000521    program     static F:\Beau\frostbotproject\target.asm
                 hllIBAAA   0x000855    program     static F:\Beau\frostbotproject\target.asm
                 hllICAAA   0x0008fc    program     static F:\Beau\frostbotproject\target.asm
                 hllIDAAA   0x000eb3    program     static F:\Beau\frostbotproject\target.asm
                 hllIEAAA   0x000528    program     static F:\Beau\frostbotproject\target.asm
                 hllJBAAA   0x000857    program     static F:\Beau\frostbotproject\target.asm
                 hllJCAAA   0x0008fe    program     static F:\Beau\frostbotproject\target.asm
                 hllJDAAA   0x000eb6    program     static F:\Beau\frostbotproject\target.asm
                 hllJEAAA   0x000529    program     static F:\Beau\frostbotproject\target.asm
                 hllKBAAA   0x000862    program     static F:\Beau\frostbotproject\target.asm
                 hllKCAAA   0x000908    program     static F:\Beau\frostbotproject\target.asm
                 hllKDAAA   0x000eb9    program     static F:\Beau\frostbotproject\target.asm
                 hllKEAAA   0x000536    program     static F:\Beau\frostbotproject\target.asm
                 hllLAAAA   0x000c4b    program     static F:\Beau\frostbotproject\target.asm
                 hllLBAAA   0x000864    program     static F:\Beau\frostbotproject\target.asm
                 hllLCAAA   0x000915    program     static F:\Beau\frostbotproject\target.asm
                 hllLDAAA   0x000ebc    program     static F:\Beau\frostbotproject\target.asm
                 hllLEAAA   0x00053c    program     static F:\Beau\frostbotproject\target.asm
                 hllMAAAA   0x000c51    program     static F:\Beau\frostbotproject\target.asm
                 hllMBAAA   0x00086a    program     static F:\Beau\frostbotproject\target.asm
                 hllMCAAA   0x00057d    program     static F:\Beau\frostbotproject\target.asm
                 hllMDAAA   0x000ebc    program     static F:\Beau\frostbotproject\target.asm
                 hllMEAAA   0x00070e    program     static F:\Beau\frostbotproject\target.asm
                 hllNAAAA   0x000c58    program     static F:\Beau\frostbotproject\target.asm
                 hllNBAAA   0x00086c    program     static F:\Beau\frostbotproject\target.asm
                 hllNCAAA   0x00058b    program     static F:\Beau\frostbotproject\target.asm
                 hllNDAAA   0x000c95    program     static F:\Beau\frostbotproject\target.asm
                 hllNEAAA   0x00071c    program     static F:\Beau\frostbotproject\target.asm
                 hllOAAAA   0x000c5f    program     static F:\Beau\frostbotproject\target.asm
                 hllOBAAA   0x000873    program     static F:\Beau\frostbotproject\target.asm
                 hllOCAAA   0x000597    program     static F:\Beau\frostbotproject\target.asm
                 hllODAAA   0x000c9d    program     static F:\Beau\frostbotproject\target.asm
                 hllOEAAA   0x00072b    program     static F:\Beau\frostbotproject\target.asm
                 hllPAAAA   0x000c66    program     static F:\Beau\frostbotproject\target.asm
                 hllPBAAA   0x000876    program     static F:\Beau\frostbotproject\target.asm
                 hllPCAAA   0x0005b2    program     static F:\Beau\frostbotproject\target.asm
                 hllPDAAA   0x000caa    program     static F:\Beau\frostbotproject\target.asm
                 hllPEAAA   0x00073b    program     static F:\Beau\frostbotproject\target.asm
                 hllQAAAA   0x000c6d    program     static F:\Beau\frostbotproject\target.asm
                 hllQBAAA   0x000883    program     static F:\Beau\frostbotproject\target.asm
                 hllQCAAA   0x0005b4    program     static F:\Beau\frostbotproject\target.asm
                 hllQDAAA   0x000cb0    program     static F:\Beau\frostbotproject\target.asm
                 hllQEAAA   0x00074c    program     static F:\Beau\frostbotproject\target.asm
                 hllRAAAA   0x000c74    program     static F:\Beau\frostbotproject\target.asm
                 hllRBAAA   0x000887    program     static F:\Beau\frostbotproject\target.asm
                hllRBAAAb   0x0008b8    program     static F:\Beau\frostbotproject\target.asm
                 hllRCAAA   0x0005b6    program     static F:\Beau\frostbotproject\target.asm
                 hllRDAAA   0x000cb5    program     static F:\Beau\frostbotproject\target.asm
                 hllREAAA   0x00075e    program     static F:\Beau\frostbotproject\target.asm
                 hllSAAAA   0x000c76    program     static F:\Beau\frostbotproject\target.asm
                 hllSBAAA   0x000890    program     static F:\Beau\frostbotproject\target.asm
                 hllSCAAA   0x0005c4    program     static F:\Beau\frostbotproject\target.asm
                 hllSDAAA   0x000cc0    program     static F:\Beau\frostbotproject\target.asm
                 hllSEAAA   0x000771    program     static F:\Beau\frostbotproject\target.asm
                 hllTAAAA   0x0003cb    program     static F:\Beau\frostbotproject\target.asm
                 hllTBAAA   0x00089a    program     static F:\Beau\frostbotproject\target.asm
                 hllTCAAA   0x0005cf    program     static F:\Beau\frostbotproject\target.asm
                 hllTDAAA   0x000cc6    program     static F:\Beau\frostbotproject\target.asm
                 hllTEAAA   0x00077a    program     static F:\Beau\frostbotproject\target.asm
                 hllUAAAA   0x0003d1    program     static F:\Beau\frostbotproject\target.asm
                 hllUBAAA   0x00089b    program     static F:\Beau\frostbotproject\target.asm
                 hllUCAAA   0x0005d1    program     static F:\Beau\frostbotproject\target.asm
                 hllUDAAA   0x000ccb    program     static F:\Beau\frostbotproject\target.asm
                 hllUEAAA   0x000780    program     static F:\Beau\frostbotproject\target.asm
                 hllVAAAA   0x0003d8    program     static F:\Beau\frostbotproject\target.asm
                 hllVBAAA   0x00089d    program     static F:\Beau\frostbotproject\target.asm
                 hllVCAAA   0x0005d3    program     static F:\Beau\frostbotproject\target.asm
                 hllVDAAA   0x000cd7    program     static F:\Beau\frostbotproject\target.asm
                 hllWAAAA   0x0003df    program     static F:\Beau\frostbotproject\target.asm
                 hllWBAAA   0x0008a4    program     static F:\Beau\frostbotproject\target.asm
                 hllWCAAA   0x0005d4    program     static F:\Beau\frostbotproject\target.asm
                 hllWDAAA   0x000cdf    program     static F:\Beau\frostbotproject\target.asm
                 hllXAAAA   0x0003e6    program     static F:\Beau\frostbotproject\target.asm
                 hllXBAAA   0x0008a7    program     static F:\Beau\frostbotproject\target.asm
                 hllXCAAA   0x0005d5    program     static F:\Beau\frostbotproject\target.asm
                 hllXDAAA   0x000ce6    program     static F:\Beau\frostbotproject\target.asm
                 hllYAAAA   0x0003ed    program     static F:\Beau\frostbotproject\target.asm
                 hllYBAAA   0x0008b4    program     static F:\Beau\frostbotproject\target.asm
                 hllYCAAA   0x0005df    program     static F:\Beau\frostbotproject\target.asm
                 hllYDAAA   0x0004b9    program     static F:\Beau\frostbotproject\target.asm
                 hllZAAAA   0x0003f4    program     static F:\Beau\frostbotproject\target.asm
                 hllZCAAA   0x0005e5    program     static F:\Beau\frostbotproject\target.asm
                 hllZDAAA   0x0004ce    program     static F:\Beau\frostbotproject\target.asm
                hlllb51J0   0x000a8f    program     static F:\Beau\frostbotproject\target.asm
                hlllb51J1   0x000a8f    program     static F:\Beau\frostbotproject\target.asm
               hlllb51J10   0x000b73    program     static F:\Beau\frostbotproject\target.asm
               hlllb51J11   0x000b22    program     static F:\Beau\frostbotproject\target.asm
               hlllb51J12   0x000b73    program     static F:\Beau\frostbotproject\target.asm
               hlllb51J14   0x000471    program     static F:\Beau\frostbotproject\target.asm
               hlllb51J15   0x000477    program     static F:\Beau\frostbotproject\target.asm
               hlllb51J16   0x000496    program     static F:\Beau\frostbotproject\target.asm
               hlllb51J17   0x0004a2    program     static F:\Beau\frostbotproject\target.asm
               hlllb51J18   0x000478    program     static F:\Beau\frostbotproject\target.asm
               hlllb51J19   0x0004a2    program     static F:\Beau\frostbotproject\target.asm
               hlllb51J21   0x000632    program     static F:\Beau\frostbotproject\target.asm
               hlllb51J22   0x000632    program     static F:\Beau\frostbotproject\target.asm
               hlllb51J23   0x000653    program     static F:\Beau\frostbotproject\target.asm
               hlllb51J24   0x000653    program     static F:\Beau\frostbotproject\target.asm
               hlllb51J25   0x000633    program     static F:\Beau\frostbotproject\target.asm
               hlllb51J26   0x000653    program     static F:\Beau\frostbotproject\target.asm
               hlllb51J28   0x0000ae    program     static F:\Beau\frostbotproject\target.asm
               hlllb51J29   0x0000b1    program     static F:\Beau\frostbotproject\target.asm
                hlllb51J3   0x000bdb    program     static F:\Beau\frostbotproject\target.asm
               hlllb51J30   0x0000c3    program     static F:\Beau\frostbotproject\target.asm
               hlllb51J31   0x0000cf    program     static F:\Beau\frostbotproject\target.asm
               hlllb51J32   0x0000e9    program     static F:\Beau\frostbotproject\target.asm
               hlllb51J33   0x0000f5    program     static F:\Beau\frostbotproject\target.asm
               hlllb51J34   0x00017d    program     static F:\Beau\frostbotproject\target.asm
               hlllb51J35   0x000197    program     static F:\Beau\frostbotproject\target.asm
               hlllb51J36   0x0001c3    program     static F:\Beau\frostbotproject\target.asm
               hlllb51J37   0x0001cf    program     static F:\Beau\frostbotproject\target.asm
               hlllb51J39   0x000fcc    program     static F:\Beau\frostbotproject\target.asm
                hlllb51J4   0x000bde    program     static F:\Beau\frostbotproject\target.asm
               hlllb51J40   0x000fcc    program     static F:\Beau\frostbotproject\target.asm
               hlllb51J43   0x000282    program     static F:\Beau\frostbotproject\target.asm
               hlllb51J44   0x000297    program     static F:\Beau\frostbotproject\target.asm
               hlllb51J45   0x0002cc    program     static F:\Beau\frostbotproject\target.asm
               hlllb51J46   0x0002e3    program     static F:\Beau\frostbotproject\target.asm
               hlllb51J47   0x0002ae    program     static F:\Beau\frostbotproject\target.asm
               hlllb51J48   0x0002e3    program     static F:\Beau\frostbotproject\target.asm
               hlllb51J49   0x000378    program     static F:\Beau\frostbotproject\target.asm
                hlllb51J5   0x000bbe    program     static F:\Beau\frostbotproject\target.asm
               hlllb51J50   0x000378    program     static F:\Beau\frostbotproject\target.asm
               hlllb51J51   0x000356    program     static F:\Beau\frostbotproject\target.asm
               hlllb51J52   0x000378    program     static F:\Beau\frostbotproject\target.asm
               hlllb51J53   0x000334    program     static F:\Beau\frostbotproject\target.asm
               hlllb51J54   0x000378    program     static F:\Beau\frostbotproject\target.asm
               hlllb51J56   0x000fa7    program     static F:\Beau\frostbotproject\target.asm
               hlllb51J57   0x000fa8    program     static F:\Beau\frostbotproject\target.asm
               hlllb51J59   0x00095b    program     static F:\Beau\frostbotproject\target.asm
                hlllb51J6   0x000bde    program     static F:\Beau\frostbotproject\target.asm
               hlllb51J60   0x000970    program     static F:\Beau\frostbotproject\target.asm
               hlllb51J62   0x000f94    program     static F:\Beau\frostbotproject\target.asm
               hlllb51J63   0x000f94    program     static F:\Beau\frostbotproject\target.asm
                hlllb51J9   0x000b67    program     static F:\Beau\frostbotproject\target.asm
              hllnotisr49   0x000064    program     static F:\Beau\frostbotproject\target.asm
                hllprgen2   0x000f95    program     static F:\Beau\frostbotproject\target.asm
               hllprogend   0x000d50    program     static F:\Beau\frostbotproject\target.asm
              hlluserprog   0x000ce7    program     static F:\Beau\frostbotproject\target.asm
                   hloego   0x000fef    program     static F:\Beau\frostbotproject\target.asm
                  iszerof   0x000fa9    program     static F:\Beau\frostbotproject\target.asm
                     kpop   0x000f14    program     static F:\Beau\frostbotproject\target.asm
                    kpush   0x000f35    program     static F:\Beau\frostbotproject\target.asm
                    longf   0x000d51    program     static F:\Beau\frostbotproject\target.asm
               main_setup   0x0009f9    program     static F:\Beau\frostbotproject\target.asm
                     modu   0x000eeb    program     static F:\Beau\frostbotproject\target.asm
                    modu0   0x000f01    program     static F:\Beau\frostbotproject\target.asm
                      mul   0x000f54    program     static F:\Beau\frostbotproject\target.asm
                     mul0   0x000f63    program     static F:\Beau\frostbotproject\target.asm
                     mulf   0x0004ad    program     static F:\Beau\frostbotproject\target.asm
                    negti   0x000bfb    program     static F:\Beau\frostbotproject\target.asm
                    nonzf   0x000fb6    program     static F:\Beau\frostbotproject\target.asm
                    nonzg   0x000fb7    program     static F:\Beau\frostbotproject\target.asm
                    nonzr   0x000fb8    program     static F:\Beau\frostbotproject\target.asm
                  ourftou   0x000b9c    program     static F:\Beau\frostbotproject\target.asm
                  ourwait   0x000f83    program     static F:\Beau\frostbotproject\target.asm
                     parm   0x000dff    program     static F:\Beau\frostbotproject\target.asm
                    parm4   0x000e32    program     static F:\Beau\frostbotproject\target.asm
                  printch   0x000fcd    program     static F:\Beau\frostbotproject\target.asm
                   printu   0x000e42    program     static F:\Beau\frostbotproject\target.asm
                     pwmf   0x00025d    program     static F:\Beau\frostbotproject\target.asm
                    pwmin   0x000f96    program     static F:\Beau\frostbotproject\target.asm
                    pwmon   0x000781    program     static F:\Beau\frostbotproject\target.asm
                  samplef   0x000916    program     static F:\Beau\frostbotproject\target.asm
                   setbit   0x000380    program     static F:\Beau\frostbotproject\target.asm
                  setbit0   0x0003be    program     static F:\Beau\frostbotproject\target.asm
                   tcf00h   0x000390    program     static F:\Beau\frostbotproject\target.asm
                   tcf01h   0x000396    program     static F:\Beau\frostbotproject\target.asm
                   tcf02h   0x00039d    program     static F:\Beau\frostbotproject\target.asm
                   tcf03h   0x0003a4    program     static F:\Beau\frostbotproject\target.asm
                   tcf04h   0x0003ab    program     static F:\Beau\frostbotproject\target.asm
                   tcf05h   0x0003b2    program     static F:\Beau\frostbotproject\target.asm
                   tcf07h   0x0003b9    program     static F:\Beau\frostbotproject\target.asm
                   tcf99h   0x0003bb    program     static F:\Beau\frostbotproject\target.asm
                   tff00h   0x000c10    program     static F:\Beau\frostbotproject\target.asm
                   tff01h   0x000c16    program     static F:\Beau\frostbotproject\target.asm
                   tff02h   0x000c1d    program     static F:\Beau\frostbotproject\target.asm
                   tff03h   0x000c24    program     static F:\Beau\frostbotproject\target.asm
                   tff04h   0x000c2b    program     static F:\Beau\frostbotproject\target.asm
                   tff05h   0x000c32    program     static F:\Beau\frostbotproject\target.asm
                   tff07h   0x000c39    program     static F:\Beau\frostbotproject\target.asm
                   tff99h   0x000c3b    program     static F:\Beau\frostbotproject\target.asm
                   usrpwm   0x000400    program     static F:\Beau\frostbotproject\target.asm
                     utof   0x0006ff    program     static F:\Beau\frostbotproject\target.asm
              wait_button   0x000fbb    program     static F:\Beau\frostbotproject\target.asm
                 ALT_Save   0x00007a       data     static F:\Beau\frostbotproject\target.asm
                 FSR_Save   0x000079       data     static F:\Beau\frostbotproject\target.asm
                  PC_Save   0x00007e       data     static F:\Beau\frostbotproject\target.asm
              STATUS_Save   0x000078       data     static F:\Beau\frostbotproject\target.asm
                   W_Save   0x000077       data     static F:\Beau\frostbotproject\target.asm
                   aart00   0x00013c       data     static F:\Beau\frostbotproject\target.asm
                   aart01   0x00013d       data     static F:\Beau\frostbotproject\target.asm
                   aart02   0x00013e       data     static F:\Beau\frostbotproject\target.asm
                 aartpr00   0x000142       data     static F:\Beau\frostbotproject\target.asm
                  alt_fsr   0x000076       data     static F:\Beau\frostbotproject\target.asm
                alt_stack   0x000020       data     static F:\Beau\frostbotproject\target.asm
                hllblss00   0x000136       data     static F:\Beau\frostbotproject\target.asm
             hllblss00isr   0x000137       data     static F:\Beau\frostbotproject\target.asm
                hllblss01   0x000138       data     static F:\Beau\frostbotproject\target.asm
             hllblss01isr   0x000139       data     static F:\Beau\frostbotproject\target.asm
                hllblss02   0x00013a       data     static F:\Beau\frostbotproject\target.asm
             hllblss02isr   0x00013b       data     static F:\Beau\frostbotproject\target.asm
                 hllsetfl   0x000141       data     static F:\Beau\frostbotproject\target.asm
                 hllsetgl   0x000140       data     static F:\Beau\frostbotproject\target.asm
               hlltickedl   0x00013f       data     static F:\Beau\frostbotproject\target.asm
                   in_isr   0x00007b       data     static F:\Beau\frostbotproject\target.asm
                    pbase   0x00007c       data     static F:\Beau\frostbotproject\target.asm
                 pbaseisr   0x00007d       data     static F:\Beau\frostbotproject\target.asm
                 sfpaux00   0x000121       data     static F:\Beau\frostbotproject\target.asm
                 sfpaux01   0x000123       data     static F:\Beau\frostbotproject\target.asm
                 sfpaux02   0x000125       data     static F:\Beau\frostbotproject\target.asm
                 sfpaux03   0x000127       data     static F:\Beau\frostbotproject\target.asm
                 sfploc00   0x000120       data     static F:\Beau\frostbotproject\target.asm
                 sfploc01   0x000122       data     static F:\Beau\frostbotproject\target.asm
                 sfploc02   0x000124       data     static F:\Beau\frostbotproject\target.asm
                 sfploc03   0x000126       data     static F:\Beau\frostbotproject\target.asm
                 sfploc04   0x000128       data     static F:\Beau\frostbotproject\target.asm
                 sfploc05   0x000129       data     static F:\Beau\frostbotproject\target.asm
                 sfploc06   0x00012a       data     static F:\Beau\frostbotproject\target.asm
                 sfploc07   0x00012b       data     static F:\Beau\frostbotproject\target.asm
                 sfploc08   0x00012c       data     static F:\Beau\frostbotproject\target.asm
                 sfploc09   0x00012d       data     static F:\Beau\frostbotproject\target.asm
                 sfploc10   0x00012e       data     static F:\Beau\frostbotproject\target.asm
                 sfploc11   0x00012f       data     static F:\Beau\frostbotproject\target.asm
                 sfploc12   0x000130       data     static F:\Beau\frostbotproject\target.asm
                 sfploc13   0x000131       data     static F:\Beau\frostbotproject\target.asm
                 sfploc14   0x000132       data     static F:\Beau\frostbotproject\target.asm
                 sfploc15   0x000133       data     static F:\Beau\frostbotproject\target.asm
                 sfploc16   0x000134       data     static F:\Beau\frostbotproject\target.asm
                 sfploc17   0x000135       data     static F:\Beau\frostbotproject\target.asm
               softstack0   0x000070       data     static F:\Beau\frostbotproject\target.asm
            softstack0isr   0x000071       data     static F:\Beau\frostbotproject\target.asm
               softstack1   0x000072       data     static F:\Beau\frostbotproject\target.asm
            softstack1isr   0x000073       data     static F:\Beau\frostbotproject\target.asm
               softstack2   0x000074       data     static F:\Beau\frostbotproject\target.asm
            softstack2isr   0x000075       data     static F:\Beau\frostbotproject\target.asm
                    stack   0x0000a0       data     static F:\Beau\frostbotproject\target.asm



                              Symbols - Sorted by Address
                     Name    Address   Location    Storage File                     
                ---------  ---------  ---------  --------- ---------                
                      ISR   0x000004    program     static F:\Beau\frostbotproject\target.asm
              hllnotisr49   0x000064    program     static F:\Beau\frostbotproject\target.asm
                  ExitISR   0x000064    program     static F:\Beau\frostbotproject\target.asm
                  control   0x000072    program     static F:\Beau\frostbotproject\target.asm
               hlllb51J28   0x0000ae    program     static F:\Beau\frostbotproject\target.asm
               hlllb51J29   0x0000b1    program     static F:\Beau\frostbotproject\target.asm
               hlllb51J30   0x0000c3    program     static F:\Beau\frostbotproject\target.asm
               hlllb51J31   0x0000cf    program     static F:\Beau\frostbotproject\target.asm
               hlllb51J32   0x0000e9    program     static F:\Beau\frostbotproject\target.asm
               hlllb51J33   0x0000f5    program     static F:\Beau\frostbotproject\target.asm
               hlllb51J34   0x00017d    program     static F:\Beau\frostbotproject\target.asm
               hlllb51J35   0x000197    program     static F:\Beau\frostbotproject\target.asm
               hlllb51J36   0x0001c3    program     static F:\Beau\frostbotproject\target.asm
               hlllb51J37   0x0001cf    program     static F:\Beau\frostbotproject\target.asm
           _hllt4538_0185   0x0001f7    program     static F:\Beau\frostbotproject\target.asm
           _hllt4538_0187   0x0001f9    program     static F:\Beau\frostbotproject\target.asm
           _hllt4538_01B3   0x000225    program     static F:\Beau\frostbotproject\target.asm
           _hllt4538_01B5   0x000227    program     static F:\Beau\frostbotproject\target.asm
                     pwmf   0x00025d    program     static F:\Beau\frostbotproject\target.asm
               hlllb51J43   0x000282    program     static F:\Beau\frostbotproject\target.asm
               hlllb51J44   0x000297    program     static F:\Beau\frostbotproject\target.asm
               hlllb51J47   0x0002ae    program     static F:\Beau\frostbotproject\target.asm
               hlllb51J45   0x0002cc    program     static F:\Beau\frostbotproject\target.asm
               hlllb51J46   0x0002e3    program     static F:\Beau\frostbotproject\target.asm
               hlllb51J48   0x0002e3    program     static F:\Beau\frostbotproject\target.asm
               hlllb51J53   0x000334    program     static F:\Beau\frostbotproject\target.asm
               hlllb51J51   0x000356    program     static F:\Beau\frostbotproject\target.asm
               hlllb51J49   0x000378    program     static F:\Beau\frostbotproject\target.asm
               hlllb51J50   0x000378    program     static F:\Beau\frostbotproject\target.asm
               hlllb51J52   0x000378    program     static F:\Beau\frostbotproject\target.asm
               hlllb51J54   0x000378    program     static F:\Beau\frostbotproject\target.asm
                   setbit   0x000380    program     static F:\Beau\frostbotproject\target.asm
                   tcf00h   0x000390    program     static F:\Beau\frostbotproject\target.asm
                   tcf01h   0x000396    program     static F:\Beau\frostbotproject\target.asm
                   tcf02h   0x00039d    program     static F:\Beau\frostbotproject\target.asm
                   tcf03h   0x0003a4    program     static F:\Beau\frostbotproject\target.asm
                   tcf04h   0x0003ab    program     static F:\Beau\frostbotproject\target.asm
                   tcf05h   0x0003b2    program     static F:\Beau\frostbotproject\target.asm
                   tcf07h   0x0003b9    program     static F:\Beau\frostbotproject\target.asm
                   tcf99h   0x0003bb    program     static F:\Beau\frostbotproject\target.asm
                  setbit0   0x0003be    program     static F:\Beau\frostbotproject\target.asm
                 hllTAAAA   0x0003cb    program     static F:\Beau\frostbotproject\target.asm
                 hllUAAAA   0x0003d1    program     static F:\Beau\frostbotproject\target.asm
                 hllVAAAA   0x0003d8    program     static F:\Beau\frostbotproject\target.asm
                 hllWAAAA   0x0003df    program     static F:\Beau\frostbotproject\target.asm
                 hllXAAAA   0x0003e6    program     static F:\Beau\frostbotproject\target.asm
                 hllYAAAA   0x0003ed    program     static F:\Beau\frostbotproject\target.asm
                 hllZAAAA   0x0003f4    program     static F:\Beau\frostbotproject\target.asm
                 hllABAAA   0x0003f6    program     static F:\Beau\frostbotproject\target.asm
                     andu   0x0003f9    program     static F:\Beau\frostbotproject\target.asm
                   usrpwm   0x000400    program     static F:\Beau\frostbotproject\target.asm
               hlllb51J14   0x000471    program     static F:\Beau\frostbotproject\target.asm
               hlllb51J15   0x000477    program     static F:\Beau\frostbotproject\target.asm
               hlllb51J18   0x000478    program     static F:\Beau\frostbotproject\target.asm
               hlllb51J16   0x000496    program     static F:\Beau\frostbotproject\target.asm
               hlllb51J19   0x0004a2    program     static F:\Beau\frostbotproject\target.asm
               hlllb51J17   0x0004a2    program     static F:\Beau\frostbotproject\target.asm
                     mulf   0x0004ad    program     static F:\Beau\frostbotproject\target.asm
                 hllYDAAA   0x0004b9    program     static F:\Beau\frostbotproject\target.asm
                 hllZDAAA   0x0004ce    program     static F:\Beau\frostbotproject\target.asm
                 hllAEAAA   0x0004e5    program     static F:\Beau\frostbotproject\target.asm
                 hllBEAAA   0x0004f5    program     static F:\Beau\frostbotproject\target.asm
                 hllCEAAA   0x000507    program     static F:\Beau\frostbotproject\target.asm
                 hllDEAAA   0x00050f    program     static F:\Beau\frostbotproject\target.asm
                 hllEEAAA   0x000511    program     static F:\Beau\frostbotproject\target.asm
                 hllFEAAA   0x000514    program     static F:\Beau\frostbotproject\target.asm
                 hllGEAAA   0x00051d    program     static F:\Beau\frostbotproject\target.asm
                 hllHEAAA   0x000521    program     static F:\Beau\frostbotproject\target.asm
                 hllIEAAA   0x000528    program     static F:\Beau\frostbotproject\target.asm
                 hllJEAAA   0x000529    program     static F:\Beau\frostbotproject\target.asm
                 hllKEAAA   0x000536    program     static F:\Beau\frostbotproject\target.asm
                 hllLEAAA   0x00053c    program     static F:\Beau\frostbotproject\target.asm
                     divf   0x000551    program     static F:\Beau\frostbotproject\target.asm
                 hllMCAAA   0x00057d    program     static F:\Beau\frostbotproject\target.asm
                 hllNCAAA   0x00058b    program     static F:\Beau\frostbotproject\target.asm
                 hllOCAAA   0x000597    program     static F:\Beau\frostbotproject\target.asm
                 hllPCAAA   0x0005b2    program     static F:\Beau\frostbotproject\target.asm
                 hllQCAAA   0x0005b4    program     static F:\Beau\frostbotproject\target.asm
                 hllRCAAA   0x0005b6    program     static F:\Beau\frostbotproject\target.asm
                 hllSCAAA   0x0005c4    program     static F:\Beau\frostbotproject\target.asm
                 hllTCAAA   0x0005cf    program     static F:\Beau\frostbotproject\target.asm
                 hllUCAAA   0x0005d1    program     static F:\Beau\frostbotproject\target.asm
                 hllVCAAA   0x0005d3    program     static F:\Beau\frostbotproject\target.asm
                 hllWCAAA   0x0005d4    program     static F:\Beau\frostbotproject\target.asm
                 hllXCAAA   0x0005d5    program     static F:\Beau\frostbotproject\target.asm
                 hllYCAAA   0x0005df    program     static F:\Beau\frostbotproject\target.asm
                 hllZCAAA   0x0005e5    program     static F:\Beau\frostbotproject\target.asm
                 hllADAAA   0x0005e7    program     static F:\Beau\frostbotproject\target.asm
                 hllBDAAA   0x0005ea    program     static F:\Beau\frostbotproject\target.asm
                conform_i   0x0005f3    program     static F:\Beau\frostbotproject\target.asm
               hlllb51J22   0x000632    program     static F:\Beau\frostbotproject\target.asm
               hlllb51J21   0x000632    program     static F:\Beau\frostbotproject\target.asm
               hlllb51J25   0x000633    program     static F:\Beau\frostbotproject\target.asm
               hlllb51J23   0x000653    program     static F:\Beau\frostbotproject\target.asm
               hlllb51J24   0x000653    program     static F:\Beau\frostbotproject\target.asm
               hlllb51J26   0x000653    program     static F:\Beau\frostbotproject\target.asm
           _hllt4527_0065   0x000658    program     static F:\Beau\frostbotproject\target.asm
           _hllt4527_0067   0x00065a    program     static F:\Beau\frostbotproject\target.asm
           _hllt4527_0075   0x000668    program     static F:\Beau\frostbotproject\target.asm
           _hllt4527_0077   0x00066a    program     static F:\Beau\frostbotproject\target.asm
                      cls   0x00067a    program     static F:\Beau\frostbotproject\target.asm
                     utof   0x0006ff    program     static F:\Beau\frostbotproject\target.asm
                 hllMEAAA   0x00070e    program     static F:\Beau\frostbotproject\target.asm
                 hllNEAAA   0x00071c    program     static F:\Beau\frostbotproject\target.asm
                 hllOEAAA   0x00072b    program     static F:\Beau\frostbotproject\target.asm
                 hllPEAAA   0x00073b    program     static F:\Beau\frostbotproject\target.asm
                 hllQEAAA   0x00074c    program     static F:\Beau\frostbotproject\target.asm
                 hllREAAA   0x00075e    program     static F:\Beau\frostbotproject\target.asm
                 hllSEAAA   0x000771    program     static F:\Beau\frostbotproject\target.asm
                 hllTEAAA   0x00077a    program     static F:\Beau\frostbotproject\target.asm
                 hllUEAAA   0x000780    program     static F:\Beau\frostbotproject\target.asm
                    pwmon   0x000781    program     static F:\Beau\frostbotproject\target.asm
                  dispose   0x0007fe    program     static F:\Beau\frostbotproject\target.asm
                     addf   0x000800    program     static F:\Beau\frostbotproject\target.asm
                 hllBBAAA   0x000820    program     static F:\Beau\frostbotproject\target.asm
                 hllCBAAA   0x000824    program     static F:\Beau\frostbotproject\target.asm
                 hllDBAAA   0x000825    program     static F:\Beau\frostbotproject\target.asm
                 hllEBAAA   0x000827    program     static F:\Beau\frostbotproject\target.asm
                 hllFBAAA   0x000835    program     static F:\Beau\frostbotproject\target.asm
            hllFBAAA_done   0x000836    program     static F:\Beau\frostbotproject\target.asm
                 hllHBAAA   0x00084a    program     static F:\Beau\frostbotproject\target.asm
                 hllIBAAA   0x000855    program     static F:\Beau\frostbotproject\target.asm
                 hllJBAAA   0x000857    program     static F:\Beau\frostbotproject\target.asm
                 hllKBAAA   0x000862    program     static F:\Beau\frostbotproject\target.asm
                 hllLBAAA   0x000864    program     static F:\Beau\frostbotproject\target.asm
                 hllMBAAA   0x00086a    program     static F:\Beau\frostbotproject\target.asm
                 hllNBAAA   0x00086c    program     static F:\Beau\frostbotproject\target.asm
                 hllOBAAA   0x000873    program     static F:\Beau\frostbotproject\target.asm
                 hllPBAAA   0x000876    program     static F:\Beau\frostbotproject\target.asm
                 hllQBAAA   0x000883    program     static F:\Beau\frostbotproject\target.asm
                 hllRBAAA   0x000887    program     static F:\Beau\frostbotproject\target.asm
                 hllSBAAA   0x000890    program     static F:\Beau\frostbotproject\target.asm
                 hllTBAAA   0x00089a    program     static F:\Beau\frostbotproject\target.asm
                 hllUBAAA   0x00089b    program     static F:\Beau\frostbotproject\target.asm
                 hllVBAAA   0x00089d    program     static F:\Beau\frostbotproject\target.asm
                 hllWBAAA   0x0008a4    program     static F:\Beau\frostbotproject\target.asm
                 hllXBAAA   0x0008a7    program     static F:\Beau\frostbotproject\target.asm
                 hllYBAAA   0x0008b4    program     static F:\Beau\frostbotproject\target.asm
                hllRBAAAb   0x0008b8    program     static F:\Beau\frostbotproject\target.asm
                 hllACAAA   0x0008c1    program     static F:\Beau\frostbotproject\target.asm
                 hllBCAAA   0x0008cb    program     static F:\Beau\frostbotproject\target.asm
                 hllCCAAA   0x0008cc    program     static F:\Beau\frostbotproject\target.asm
                 hllDCAAA   0x0008d1    program     static F:\Beau\frostbotproject\target.asm
                 hllECAAA   0x0008d8    program     static F:\Beau\frostbotproject\target.asm
                 hllFCAAA   0x0008e0    program     static F:\Beau\frostbotproject\target.asm
                 hllGCAAA   0x0008e5    program     static F:\Beau\frostbotproject\target.asm
                 hllHCAAA   0x0008f2    program     static F:\Beau\frostbotproject\target.asm
                 hllICAAA   0x0008fc    program     static F:\Beau\frostbotproject\target.asm
                 hllJCAAA   0x0008fe    program     static F:\Beau\frostbotproject\target.asm
                 hllKCAAA   0x000908    program     static F:\Beau\frostbotproject\target.asm
                 hllLCAAA   0x000915    program     static F:\Beau\frostbotproject\target.asm
                  samplef   0x000916    program     static F:\Beau\frostbotproject\target.asm
               hlllb51J59   0x00095b    program     static F:\Beau\frostbotproject\target.asm
               hlllb51J60   0x000970    program     static F:\Beau\frostbotproject\target.asm
           _hllt4561_00C2   0x0009d8    program     static F:\Beau\frostbotproject\target.asm
           _hllt4561_00C4   0x0009da    program     static F:\Beau\frostbotproject\target.asm
           _hllt4561_00D2   0x0009e8    program     static F:\Beau\frostbotproject\target.asm
           _hllt4561_00D4   0x0009ea    program     static F:\Beau\frostbotproject\target.asm
               main_setup   0x0009f9    program     static F:\Beau\frostbotproject\target.asm
                hlllb51J0   0x000a8f    program     static F:\Beau\frostbotproject\target.asm
                hlllb51J1   0x000a8f    program     static F:\Beau\frostbotproject\target.asm
                   adjust   0x000ad9    program     static F:\Beau\frostbotproject\target.asm
               hlllb51J11   0x000b22    program     static F:\Beau\frostbotproject\target.asm
                hlllb51J9   0x000b67    program     static F:\Beau\frostbotproject\target.asm
               hlllb51J10   0x000b73    program     static F:\Beau\frostbotproject\target.asm
               hlllb51J12   0x000b73    program     static F:\Beau\frostbotproject\target.asm
           _hllt4513_009F   0x000b78    program     static F:\Beau\frostbotproject\target.asm
           _hllt4513_00A1   0x000b7a    program     static F:\Beau\frostbotproject\target.asm
           _hllt4513_00AF   0x000b88    program     static F:\Beau\frostbotproject\target.asm
           _hllt4513_00B1   0x000b8a    program     static F:\Beau\frostbotproject\target.asm
                  ourftou   0x000b9c    program     static F:\Beau\frostbotproject\target.asm
                hlllb51J5   0x000bbe    program     static F:\Beau\frostbotproject\target.asm
                hlllb51J3   0x000bdb    program     static F:\Beau\frostbotproject\target.asm
                hlllb51J6   0x000bde    program     static F:\Beau\frostbotproject\target.asm
                hlllb51J4   0x000bde    program     static F:\Beau\frostbotproject\target.asm
            _hllt457_0047   0x000be3    program     static F:\Beau\frostbotproject\target.asm
            _hllt457_0049   0x000be5    program     static F:\Beau\frostbotproject\target.asm
            _hllt457_0052   0x000bee    program     static F:\Beau\frostbotproject\target.asm
            _hllt457_0054   0x000bf0    program     static F:\Beau\frostbotproject\target.asm
                    negti   0x000bfb    program     static F:\Beau\frostbotproject\target.asm
                     andb   0x000bfe    program     static F:\Beau\frostbotproject\target.asm
                 clearbit   0x000c00    program     static F:\Beau\frostbotproject\target.asm
                   tff00h   0x000c10    program     static F:\Beau\frostbotproject\target.asm
                   tff01h   0x000c16    program     static F:\Beau\frostbotproject\target.asm
                   tff02h   0x000c1d    program     static F:\Beau\frostbotproject\target.asm
                   tff03h   0x000c24    program     static F:\Beau\frostbotproject\target.asm
                   tff04h   0x000c2b    program     static F:\Beau\frostbotproject\target.asm
                   tff05h   0x000c32    program     static F:\Beau\frostbotproject\target.asm
                   tff07h   0x000c39    program     static F:\Beau\frostbotproject\target.asm
                   tff99h   0x000c3b    program     static F:\Beau\frostbotproject\target.asm
                clearbit0   0x000c3e    program     static F:\Beau\frostbotproject\target.asm
                 hllLAAAA   0x000c4b    program     static F:\Beau\frostbotproject\target.asm
                 hllMAAAA   0x000c51    program     static F:\Beau\frostbotproject\target.asm
                 hllNAAAA   0x000c58    program     static F:\Beau\frostbotproject\target.asm
                 hllOAAAA   0x000c5f    program     static F:\Beau\frostbotproject\target.asm
                 hllPAAAA   0x000c66    program     static F:\Beau\frostbotproject\target.asm
                 hllQAAAA   0x000c6d    program     static F:\Beau\frostbotproject\target.asm
                 hllRAAAA   0x000c74    program     static F:\Beau\frostbotproject\target.asm
                 hllSAAAA   0x000c76    program     static F:\Beau\frostbotproject\target.asm
                      gtf   0x000c79    program     static F:\Beau\frostbotproject\target.asm
                 hllNDAAA   0x000c95    program     static F:\Beau\frostbotproject\target.asm
                 hllODAAA   0x000c9d    program     static F:\Beau\frostbotproject\target.asm
                 hllPDAAA   0x000caa    program     static F:\Beau\frostbotproject\target.asm
                 hllQDAAA   0x000cb0    program     static F:\Beau\frostbotproject\target.asm
                 hllRDAAA   0x000cb5    program     static F:\Beau\frostbotproject\target.asm
                 hllSDAAA   0x000cc0    program     static F:\Beau\frostbotproject\target.asm
                 hllTDAAA   0x000cc6    program     static F:\Beau\frostbotproject\target.asm
                 hllUDAAA   0x000ccb    program     static F:\Beau\frostbotproject\target.asm
                 hllVDAAA   0x000cd7    program     static F:\Beau\frostbotproject\target.asm
                 hllWDAAA   0x000cdf    program     static F:\Beau\frostbotproject\target.asm
                 hllXDAAA   0x000ce6    program     static F:\Beau\frostbotproject\target.asm
              hlluserprog   0x000ce7    program     static F:\Beau\frostbotproject\target.asm
               hllprogend   0x000d50    program     static F:\Beau\frostbotproject\target.asm
                    longf   0x000d51    program     static F:\Beau\frostbotproject\target.asm
                   graphx   0x000db7    program     static F:\Beau\frostbotproject\target.asm
                 hllAAAAA   0x000dde    program     static F:\Beau\frostbotproject\target.asm
                 hllBAAAA   0x000de8    program     static F:\Beau\frostbotproject\target.asm
                 hllCAAAA   0x000df4    program     static F:\Beau\frostbotproject\target.asm
                 hllDAAAA   0x000dfe    program     static F:\Beau\frostbotproject\target.asm
                     parm   0x000dff    program     static F:\Beau\frostbotproject\target.asm
          _hllkrna08_0003   0x000e02    program     static F:\Beau\frostbotproject\target.asm
          _hllkrna08_0011   0x000e10    program     static F:\Beau\frostbotproject\target.asm
                    parm4   0x000e32    program     static F:\Beau\frostbotproject\target.asm
                   printu   0x000e42    program     static F:\Beau\frostbotproject\target.asm
                     ftou   0x000e84    program     static F:\Beau\frostbotproject\target.asm
                 hllCDAAA   0x000e8f    program     static F:\Beau\frostbotproject\target.asm
                 hllDDAAA   0x000e9f    program     static F:\Beau\frostbotproject\target.asm
                 hllEDAAA   0x000ea7    program     static F:\Beau\frostbotproject\target.asm
                 hllFDAAA   0x000eaa    program     static F:\Beau\frostbotproject\target.asm
                 hllGDAAA   0x000ead    program     static F:\Beau\frostbotproject\target.asm
                 hllHDAAA   0x000eb0    program     static F:\Beau\frostbotproject\target.asm
                 hllIDAAA   0x000eb3    program     static F:\Beau\frostbotproject\target.asm
                 hllJDAAA   0x000eb6    program     static F:\Beau\frostbotproject\target.asm
                 hllKDAAA   0x000eb9    program     static F:\Beau\frostbotproject\target.asm
                 hllLDAAA   0x000ebc    program     static F:\Beau\frostbotproject\target.asm
                 hllMDAAA   0x000ebc    program     static F:\Beau\frostbotproject\target.asm
                     divu   0x000ec2    program     static F:\Beau\frostbotproject\target.asm
          _hllkrna05_000F   0x000ed1    program     static F:\Beau\frostbotproject\target.asm
          _hllkrna05_0011   0x000ed3    program     static F:\Beau\frostbotproject\target.asm
                    divu0   0x000ed8    program     static F:\Beau\frostbotproject\target.asm
          _hllkrna05_0022   0x000ee4    program     static F:\Beau\frostbotproject\target.asm
          _hllkrna05_0024   0x000ee6    program     static F:\Beau\frostbotproject\target.asm
                     modu   0x000eeb    program     static F:\Beau\frostbotproject\target.asm
          _hllkrna04_000F   0x000efa    program     static F:\Beau\frostbotproject\target.asm
          _hllkrna04_0011   0x000efc    program     static F:\Beau\frostbotproject\target.asm
                    modu0   0x000f01    program     static F:\Beau\frostbotproject\target.asm
          _hllkrna04_0022   0x000f0d    program     static F:\Beau\frostbotproject\target.asm
          _hllkrna04_0024   0x000f0f    program     static F:\Beau\frostbotproject\target.asm
                     kpop   0x000f14    program     static F:\Beau\frostbotproject\target.asm
          _hllkrna09_0003   0x000f17    program     static F:\Beau\frostbotproject\target.asm
          _hllkrna09_0011   0x000f25    program     static F:\Beau\frostbotproject\target.asm
                    kpush   0x000f35    program     static F:\Beau\frostbotproject\target.asm
          _hllkrna10_0003   0x000f38    program     static F:\Beau\frostbotproject\target.asm
          _hllkrna10_0010   0x000f45    program     static F:\Beau\frostbotproject\target.asm
                      mul   0x000f54    program     static F:\Beau\frostbotproject\target.asm
          _hllkrna00_000C   0x000f60    program     static F:\Beau\frostbotproject\target.asm
                     mul0   0x000f63    program     static F:\Beau\frostbotproject\target.asm
          _hllkrna00_0018   0x000f6c    program     static F:\Beau\frostbotproject\target.asm
                    copyf   0x000f6f    program     static F:\Beau\frostbotproject\target.asm
                  ourwait   0x000f83    program     static F:\Beau\frostbotproject\target.asm
               hlllb51J62   0x000f94    program     static F:\Beau\frostbotproject\target.asm
               hlllb51J63   0x000f94    program     static F:\Beau\frostbotproject\target.asm
                hllprgen2   0x000f95    program     static F:\Beau\frostbotproject\target.asm
                    pwmin   0x000f96    program     static F:\Beau\frostbotproject\target.asm
               hlllb51J56   0x000fa7    program     static F:\Beau\frostbotproject\target.asm
               hlllb51J57   0x000fa8    program     static F:\Beau\frostbotproject\target.asm
                  iszerof   0x000fa9    program     static F:\Beau\frostbotproject\target.asm
                    nonzf   0x000fb6    program     static F:\Beau\frostbotproject\target.asm
                    nonzg   0x000fb7    program     static F:\Beau\frostbotproject\target.asm
                    nonzr   0x000fb8    program     static F:\Beau\frostbotproject\target.asm
              wait_button   0x000fbb    program     static F:\Beau\frostbotproject\target.asm
               hlllb51J40   0x000fcc    program     static F:\Beau\frostbotproject\target.asm
               hlllb51J39   0x000fcc    program     static F:\Beau\frostbotproject\target.asm
                  printch   0x000fcd    program     static F:\Beau\frostbotproject\target.asm
          _hllkrna03_0005   0x000fd2    program     static F:\Beau\frostbotproject\target.asm
          _hllkrna03_000C   0x000fd9    program     static F:\Beau\frostbotproject\target.asm
                       eq   0x000fdb    program     static F:\Beau\frostbotproject\target.asm
                    getch   0x000fe5    program     static F:\Beau\frostbotproject\target.asm
                    geth2   0x000fe7    program     static F:\Beau\frostbotproject\target.asm
                   hloego   0x000fef    program     static F:\Beau\frostbotproject\target.asm
                      add   0x000ff8    program     static F:\Beau\frostbotproject\target.asm
                alt_stack   0x000020       data     static F:\Beau\frostbotproject\target.asm
               softstack0   0x000070       data     static F:\Beau\frostbotproject\target.asm
            softstack0isr   0x000071       data     static F:\Beau\frostbotproject\target.asm
               softstack1   0x000072       data     static F:\Beau\frostbotproject\target.asm
            softstack1isr   0x000073       data     static F:\Beau\frostbotproject\target.asm
               softstack2   0x000074       data     static F:\Beau\frostbotproject\target.asm
            softstack2isr   0x000075       data     static F:\Beau\frostbotproject\target.asm
                  alt_fsr   0x000076       data     static F:\Beau\frostbotproject\target.asm
                   W_Save   0x000077       data     static F:\Beau\frostbotproject\target.asm
              STATUS_Save   0x000078       data     static F:\Beau\frostbotproject\target.asm
                 FSR_Save   0x000079       data     static F:\Beau\frostbotproject\target.asm
                 ALT_Save   0x00007a       data     static F:\Beau\frostbotproject\target.asm
                   in_isr   0x00007b       data     static F:\Beau\frostbotproject\target.asm
                    pbase   0x00007c       data     static F:\Beau\frostbotproject\target.asm
                 pbaseisr   0x00007d       data     static F:\Beau\frostbotproject\target.asm
                  PC_Save   0x00007e       data     static F:\Beau\frostbotproject\target.asm
                    stack   0x0000a0       data     static F:\Beau\frostbotproject\target.asm
                 sfploc00   0x000120       data     static F:\Beau\frostbotproject\target.asm
                 sfpaux00   0x000121       data     static F:\Beau\frostbotproject\target.asm
                 sfploc01   0x000122       data     static F:\Beau\frostbotproject\target.asm
                 sfpaux01   0x000123       data     static F:\Beau\frostbotproject\target.asm
                 sfploc02   0x000124       data     static F:\Beau\frostbotproject\target.asm
                 sfpaux02   0x000125       data     static F:\Beau\frostbotproject\target.asm
                 sfploc03   0x000126       data     static F:\Beau\frostbotproject\target.asm
                 sfpaux03   0x000127       data     static F:\Beau\frostbotproject\target.asm
                 sfploc04   0x000128       data     static F:\Beau\frostbotproject\target.asm
                 sfploc05   0x000129       data     static F:\Beau\frostbotproject\target.asm
                 sfploc06   0x00012a       data     static F:\Beau\frostbotproject\target.asm
                 sfploc07   0x00012b       data     static F:\Beau\frostbotproject\target.asm
                 sfploc08   0x00012c       data     static F:\Beau\frostbotproject\target.asm
                 sfploc09   0x00012d       data     static F:\Beau\frostbotproject\target.asm
                 sfploc10   0x00012e       data     static F:\Beau\frostbotproject\target.asm
                 sfploc11   0x00012f       data     static F:\Beau\frostbotproject\target.asm
                 sfploc12   0x000130       data     static F:\Beau\frostbotproject\target.asm
                 sfploc13   0x000131       data     static F:\Beau\frostbotproject\target.asm
                 sfploc14   0x000132       data     static F:\Beau\frostbotproject\target.asm
                 sfploc15   0x000133       data     static F:\Beau\frostbotproject\target.asm
                 sfploc16   0x000134       data     static F:\Beau\frostbotproject\target.asm
                 sfploc17   0x000135       data     static F:\Beau\frostbotproject\target.asm
                hllblss00   0x000136       data     static F:\Beau\frostbotproject\target.asm
             hllblss00isr   0x000137       data     static F:\Beau\frostbotproject\target.asm
                hllblss01   0x000138       data     static F:\Beau\frostbotproject\target.asm
             hllblss01isr   0x000139       data     static F:\Beau\frostbotproject\target.asm
                hllblss02   0x00013a       data     static F:\Beau\frostbotproject\target.asm
             hllblss02isr   0x00013b       data     static F:\Beau\frostbotproject\target.asm
                   aart00   0x00013c       data     static F:\Beau\frostbotproject\target.asm
                   aart01   0x00013d       data     static F:\Beau\frostbotproject\target.asm
                   aart02   0x00013e       data     static F:\Beau\frostbotproject\target.asm
               hlltickedl   0x00013f       data     static F:\Beau\frostbotproject\target.asm
                 hllsetgl   0x000140       data     static F:\Beau\frostbotproject\target.asm
                 hllsetfl   0x000141       data     static F:\Beau\frostbotproject\target.asm
                 aartpr00   0x000142       data     static F:\Beau\frostbotproject\target.asm


