MPLINK 4.14, Linker
Linker Map File - Created Sun Jul 07 20:21:09 2019

                                 Section Info
                  Section       Type    Address   Location Size(Bytes)
                ---------  ---------  ---------  ---------  ---------
                   Resetv       code   0x000000    program   0x000006
                   .cinit    romdata   0x000003    program   0x000004
                 hllt4519       code   0x000005    program   0x0002cc
                 hllt4530       code   0x00016b    program   0x0001fc
                hllupuser       code   0x000269    program   0x000186
                  ansiarb       code   0x00032c    program   0x00010a
                 hllt4528       code   0x0003b1    program   0x000098
                hllkrna02       code   0x0003fd    program   0x000006
                 hllt4525       code   0x000800    program   0x000108
                  cprntuc       code   0x000884    program   0x000084
                  hllt455       code   0x0008c6    program   0x00007a
                   hlog1b       code   0x000903    program   0x000076
                   hlog1a       code   0x00093e    program   0x000076
                 hllt4529       code   0x000979    program   0x000060
                hllkrna08       code   0x0009a9    program   0x000060
                  hllt456       code   0x0009d9    program   0x000056
                 altstall       code   0x000a04    program   0x000046
                hllkrna09       code   0x000a27    program   0x000042
                 a1tsssck       code   0x000a48    program   0x000042
                  hllt454       code   0x000a69    program   0x00003e
                hllkrna10       code   0x000a88    program   0x00003e
                  ansiarh       code   0x000aa7    program   0x00003e
                   hlog1e       code   0x000ac6    program   0x00002a
                hllcmppic       code   0x000adb    program   0x000028
                hllkrna05       code   0x000aef    program   0x000026
                hllkrna04       code   0x000b02    program   0x000026
                  hllt450       code   0x000b15    program   0x000024
                  hllt451       code   0x000b27    program   0x000022
                hllkrna00       code   0x000b38    program   0x000018
                hllkrna07       code   0x000b44    program   0x000014
                hllkrna06       code   0x000b4e    program   0x000014
                hllkrna03       code   0x000b58    program   0x000014
                     main       code   0x000b62    program   0x000012
                 hllt4520       code   0x000b6b    program   0x000012
                   hlog1d       code   0x000b74    program   0x00000e
                hllkrna01       code   0x000b7b    program   0x00000e
                   hlog1g       code   0x000b82    program   0x000004
                hllkrna11       code   0x000b84    program   0x000004
                  .config       code   0x002007    program   0x000002
                   ukrnl2      udata   0x000020       data   0x000050
                   ukrshr      udata   0x000070       data   0x000009
                 mainvars      udata   0x000079       data   0x000002
                   ukrnl3      udata   0x0000a0       data   0x000014
                   ukernl      udata   0x0000b4       data   0x000003
                  ansiadt      udata   0x0000b7       data   0x000003
                  ansiadu      udata   0x0000ba       data   0x000001



                              Program Memory Usage 
                               Start         End      
                           ---------   ---------      
                            0x000000    0x0003ff      
                            0x000800    0x000b85      
                            0x002007    0x002007      
            1927 out of 4358 program addresses used, program memory utilization is 44%



                              Symbols - Sorted by Name
                     Name    Address   Location    Storage File                     
                ---------  ---------  ---------  --------- ---------                
           _a1tsssck_0005   0x000a4d    program     static Z:\home\dell\frost\frostwrapproject\target.asm
           _a1tsssck_0012   0x000a5a    program     static Z:\home\dell\frost\frostwrapproject\target.asm
           _altstall_0003   0x000a07    program     static Z:\home\dell\frost\frostwrapproject\target.asm
           _altstall_0011   0x000a15    program     static Z:\home\dell\frost\frostwrapproject\target.asm
          _hllkrna00_0009   0x000b41    program     static Z:\home\dell\frost\frostwrapproject\target.asm
          _hllkrna03_0008   0x000b60    program     static Z:\home\dell\frost\frostwrapproject\target.asm
          _hllkrna04_000C   0x000b0e    program     static Z:\home\dell\frost\frostwrapproject\target.asm
          _hllkrna04_000E   0x000b10    program     static Z:\home\dell\frost\frostwrapproject\target.asm
          _hllkrna05_000C   0x000afb    program     static Z:\home\dell\frost\frostwrapproject\target.asm
          _hllkrna05_000E   0x000afd    program     static Z:\home\dell\frost\frostwrapproject\target.asm
          _hllkrna08_0003   0x0009ac    program     static Z:\home\dell\frost\frostwrapproject\target.asm
          _hllkrna08_0011   0x0009ba    program     static Z:\home\dell\frost\frostwrapproject\target.asm
          _hllkrna09_0003   0x000a2a    program     static Z:\home\dell\frost\frostwrapproject\target.asm
          _hllkrna09_0011   0x000a38    program     static Z:\home\dell\frost\frostwrapproject\target.asm
          _hllkrna10_0003   0x000a8b    program     static Z:\home\dell\frost\frostwrapproject\target.asm
          _hllkrna10_0010   0x000a98    program     static Z:\home\dell\frost\frostwrapproject\target.asm
                      add   0x000b7b    program     static Z:\home\dell\frost\frostwrapproject\target.asm
                     andb   0x000b82    program     static Z:\home\dell\frost\frostwrapproject\target.asm
                 clearbit   0x00093e    program     static Z:\home\dell\frost\frostwrapproject\target.asm
                      cls   0x00032c    program     static Z:\home\dell\frost\frostwrapproject\target.asm
                     copy   0x0009d9    program     static Z:\home\dell\frost\frostwrapproject\target.asm
                  dispose   0x000b84    program     static Z:\home\dell\frost\frostwrapproject\target.asm
                     divu   0x000aef    program     static Z:\home\dell\frost\frostwrapproject\target.asm
                      eat   0x000b6b    program     static Z:\home\dell\frost\frostwrapproject\target.asm
                       eq   0x000b44    program     static Z:\home\dell\frost\frostwrapproject\target.asm
                 eqresult   0x000979    program     static Z:\home\dell\frost\frostwrapproject\target.asm
                    getch   0x000b4e    program     static Z:\home\dell\frost\frostwrapproject\target.asm
                    geth2   0x000b50    program     static Z:\home\dell\frost\frostwrapproject\target.asm
                      geu   0x000adb    program     static Z:\home\dell\frost\frostwrapproject\target.asm
                 hllAAAAA   0x00094b    program     static Z:\home\dell\frost\frostwrapproject\target.asm
                 hllBAAAA   0x000951    program     static Z:\home\dell\frost\frostwrapproject\target.asm
                 hllCAAAA   0x000958    program     static Z:\home\dell\frost\frostwrapproject\target.asm
                 hllDAAAA   0x00095f    program     static Z:\home\dell\frost\frostwrapproject\target.asm
                 hllEAAAA   0x000966    program     static Z:\home\dell\frost\frostwrapproject\target.asm
                 hllFAAAA   0x00096d    program     static Z:\home\dell\frost\frostwrapproject\target.asm
                 hllGAAAA   0x000974    program     static Z:\home\dell\frost\frostwrapproject\target.asm
                 hllHAAAA   0x000976    program     static Z:\home\dell\frost\frostwrapproject\target.asm
                 hllIAAAA   0x000ae7    program     static Z:\home\dell\frost\frostwrapproject\target.asm
                 hllJAAAA   0x000aeb    program     static Z:\home\dell\frost\frostwrapproject\target.asm
                 hllKAAAA   0x000910    program     static Z:\home\dell\frost\frostwrapproject\target.asm
                 hllLAAAA   0x000916    program     static Z:\home\dell\frost\frostwrapproject\target.asm
                 hllMAAAA   0x00091d    program     static Z:\home\dell\frost\frostwrapproject\target.asm
                 hllNAAAA   0x000924    program     static Z:\home\dell\frost\frostwrapproject\target.asm
                 hllOAAAA   0x00092b    program     static Z:\home\dell\frost\frostwrapproject\target.asm
                 hllPAAAA   0x000932    program     static Z:\home\dell\frost\frostwrapproject\target.asm
                 hllQAAAA   0x000939    program     static Z:\home\dell\frost\frostwrapproject\target.asm
                 hllRAAAA   0x00093b    program     static Z:\home\dell\frost\frostwrapproject\target.asm
               hlllb51J10   0x0000cb    program     static Z:\home\dell\frost\frostwrapproject\target.asm
               hlllb51J11   0x000127    program     static Z:\home\dell\frost\frostwrapproject\target.asm
               hlllb51J12   0x00012f    program     static Z:\home\dell\frost\frostwrapproject\target.asm
               hlllb51J13   0x0000e6    program     static Z:\home\dell\frost\frostwrapproject\target.asm
               hlllb51J14   0x000138    program     static Z:\home\dell\frost\frostwrapproject\target.asm
               hlllb51J15   0x000139    program     static Z:\home\dell\frost\frostwrapproject\target.asm
               hlllb51J16   0x00014c    program     static Z:\home\dell\frost\frostwrapproject\target.asm
               hlllb51J17   0x000169    program     static Z:\home\dell\frost\frostwrapproject\target.asm
               hlllb51J18   0x000169    program     static Z:\home\dell\frost\frostwrapproject\target.asm
                hlllb51J2   0x000a86    program     static Z:\home\dell\frost\frostwrapproject\target.asm
               hlllb51J21   0x000837    program     static Z:\home\dell\frost\frostwrapproject\target.asm
               hlllb51J22   0x000842    program     static Z:\home\dell\frost\frostwrapproject\target.asm
               hlllb51J23   0x00086c    program     static Z:\home\dell\frost\frostwrapproject\target.asm
               hlllb51J24   0x00086f    program     static Z:\home\dell\frost\frostwrapproject\target.asm
               hlllb51J26   0x0003f3    program     static Z:\home\dell\frost\frostwrapproject\target.asm
               hlllb51J27   0x0003fb    program     static Z:\home\dell\frost\frostwrapproject\target.asm
                hlllb51J3   0x000a86    program     static Z:\home\dell\frost\frostwrapproject\target.asm
                hlllb51J7   0x000032    program     static Z:\home\dell\frost\frostwrapproject\target.asm
                hlllb51J8   0x000032    program     static Z:\home\dell\frost\frostwrapproject\target.asm
                hlllb51J9   0x0000c3    program     static Z:\home\dell\frost\frostwrapproject\target.asm
                hllprgen2   0x000268    program     static Z:\home\dell\frost\frostwrapproject\target.asm
               hllprogend   0x00032b    program     static Z:\home\dell\frost\frostwrapproject\target.asm
              hlluserprog   0x000269    program     static Z:\home\dell\frost\frostwrapproject\target.asm
                   hloego   0x000b62    program     static Z:\home\dell\frost\frostwrapproject\target.asm
                     kpop   0x000a27    program     static Z:\home\dell\frost\frostwrapproject\target.asm
                    kpush   0x000a88    program     static Z:\home\dell\frost\frostwrapproject\target.asm
                    longf   0x000b15    program     static Z:\home\dell\frost\frostwrapproject\target.asm
               makespaces   0x000b27    program     static Z:\home\dell\frost\frostwrapproject\target.asm
              makespacesi   0x000a69    program     static Z:\home\dell\frost\frostwrapproject\target.asm
                     modu   0x000b02    program     static Z:\home\dell\frost\frostwrapproject\target.asm
                      mul   0x000b38    program     static Z:\home\dell\frost\frostwrapproject\target.asm
                    negti   0x0003fd    program     static Z:\home\dell\frost\frostwrapproject\target.asm
                      orb   0x000ac6    program     static Z:\home\dell\frost\frostwrapproject\target.asm
                      oru   0x000b74    program     static Z:\home\dell\frost\frostwrapproject\target.asm
                     parm   0x0009a9    program     static Z:\home\dell\frost\frostwrapproject\target.asm
                  printch   0x000b58    program     static Z:\home\dell\frost\frostwrapproject\target.asm
                printchxy   0x000aa7    program     static Z:\home\dell\frost\frostwrapproject\target.asm
                   printu   0x000884    program     static Z:\home\dell\frost\frostwrapproject\target.asm
                   remove   0x000a48    program     static Z:\home\dell\frost\frostwrapproject\target.asm
                  restore   0x000a04    program     static Z:\home\dell\frost\frostwrapproject\target.asm
                   setbit   0x000903    program     static Z:\home\dell\frost\frostwrapproject\target.asm
                  stringA   0x00016b    program     static Z:\home\dell\frost\frostwrapproject\target.asm
                 stringA2   0x000173    program     static Z:\home\dell\frost\frostwrapproject\target.asm
              wrapstringA   0x0008c6    program     static Z:\home\dell\frost\frostwrapproject\target.asm
             wrapstringAi   0x000005    program     static Z:\home\dell\frost\frostwrapproject\target.asm
            wrapstringAif   0x000800    program     static Z:\home\dell\frost\frostwrapproject\target.asm
          wrapstringAifin   0x0003b1    program     static Z:\home\dell\frost\frostwrapproject\target.asm
                   zzorz1   0x000ace    program     static Z:\home\dell\frost\frostwrapproject\target.asm
                   zzorz2   0x000ad7    program     static Z:\home\dell\frost\frostwrapproject\target.asm
                 ALT_Save   0x000077       data     static Z:\home\dell\frost\frostwrapproject\target.asm
                 FSR_Save   0x000076       data     static Z:\home\dell\frost\frostwrapproject\target.asm
                  PC_Save   0x00007a       data     static Z:\home\dell\frost\frostwrapproject\target.asm
              STATUS_Save   0x000075       data     static Z:\home\dell\frost\frostwrapproject\target.asm
                   W_Save   0x000074       data     static Z:\home\dell\frost\frostwrapproject\target.asm
                   aart00   0x0000b7       data     static Z:\home\dell\frost\frostwrapproject\target.asm
                   aart01   0x0000b8       data     static Z:\home\dell\frost\frostwrapproject\target.asm
                   aart02   0x0000b9       data     static Z:\home\dell\frost\frostwrapproject\target.asm
                 aartpr00   0x0000ba       data     static Z:\home\dell\frost\frostwrapproject\target.asm
                  alt_fsr   0x000073       data     static Z:\home\dell\frost\frostwrapproject\target.asm
                alt_stack   0x0000a0       data     static Z:\home\dell\frost\frostwrapproject\target.asm
                hllblss00   0x0000b4       data     static Z:\home\dell\frost\frostwrapproject\target.asm
                hllblss01   0x0000b5       data     static Z:\home\dell\frost\frostwrapproject\target.asm
                hllblss02   0x0000b6       data     static Z:\home\dell\frost\frostwrapproject\target.asm
                   in_isr   0x000078       data     static Z:\home\dell\frost\frostwrapproject\target.asm
                    pbase   0x000079       data     static Z:\home\dell\frost\frostwrapproject\target.asm
               softstack0   0x000070       data     static Z:\home\dell\frost\frostwrapproject\target.asm
               softstack1   0x000071       data     static Z:\home\dell\frost\frostwrapproject\target.asm
               softstack2   0x000072       data     static Z:\home\dell\frost\frostwrapproject\target.asm
                    stack   0x000020       data     static Z:\home\dell\frost\frostwrapproject\target.asm



                              Symbols - Sorted by Address
                     Name    Address   Location    Storage File                     
                ---------  ---------  ---------  --------- ---------                
             wrapstringAi   0x000005    program     static Z:\home\dell\frost\frostwrapproject\target.asm
                hlllb51J8   0x000032    program     static Z:\home\dell\frost\frostwrapproject\target.asm
                hlllb51J7   0x000032    program     static Z:\home\dell\frost\frostwrapproject\target.asm
                hlllb51J9   0x0000c3    program     static Z:\home\dell\frost\frostwrapproject\target.asm
               hlllb51J10   0x0000cb    program     static Z:\home\dell\frost\frostwrapproject\target.asm
               hlllb51J13   0x0000e6    program     static Z:\home\dell\frost\frostwrapproject\target.asm
               hlllb51J11   0x000127    program     static Z:\home\dell\frost\frostwrapproject\target.asm
               hlllb51J12   0x00012f    program     static Z:\home\dell\frost\frostwrapproject\target.asm
               hlllb51J14   0x000138    program     static Z:\home\dell\frost\frostwrapproject\target.asm
               hlllb51J15   0x000139    program     static Z:\home\dell\frost\frostwrapproject\target.asm
               hlllb51J16   0x00014c    program     static Z:\home\dell\frost\frostwrapproject\target.asm
               hlllb51J18   0x000169    program     static Z:\home\dell\frost\frostwrapproject\target.asm
               hlllb51J17   0x000169    program     static Z:\home\dell\frost\frostwrapproject\target.asm
                  stringA   0x00016b    program     static Z:\home\dell\frost\frostwrapproject\target.asm
                 stringA2   0x000173    program     static Z:\home\dell\frost\frostwrapproject\target.asm
                hllprgen2   0x000268    program     static Z:\home\dell\frost\frostwrapproject\target.asm
              hlluserprog   0x000269    program     static Z:\home\dell\frost\frostwrapproject\target.asm
               hllprogend   0x00032b    program     static Z:\home\dell\frost\frostwrapproject\target.asm
                      cls   0x00032c    program     static Z:\home\dell\frost\frostwrapproject\target.asm
          wrapstringAifin   0x0003b1    program     static Z:\home\dell\frost\frostwrapproject\target.asm
               hlllb51J26   0x0003f3    program     static Z:\home\dell\frost\frostwrapproject\target.asm
               hlllb51J27   0x0003fb    program     static Z:\home\dell\frost\frostwrapproject\target.asm
                    negti   0x0003fd    program     static Z:\home\dell\frost\frostwrapproject\target.asm
            wrapstringAif   0x000800    program     static Z:\home\dell\frost\frostwrapproject\target.asm
               hlllb51J21   0x000837    program     static Z:\home\dell\frost\frostwrapproject\target.asm
               hlllb51J22   0x000842    program     static Z:\home\dell\frost\frostwrapproject\target.asm
               hlllb51J23   0x00086c    program     static Z:\home\dell\frost\frostwrapproject\target.asm
               hlllb51J24   0x00086f    program     static Z:\home\dell\frost\frostwrapproject\target.asm
                   printu   0x000884    program     static Z:\home\dell\frost\frostwrapproject\target.asm
              wrapstringA   0x0008c6    program     static Z:\home\dell\frost\frostwrapproject\target.asm
                   setbit   0x000903    program     static Z:\home\dell\frost\frostwrapproject\target.asm
                 hllKAAAA   0x000910    program     static Z:\home\dell\frost\frostwrapproject\target.asm
                 hllLAAAA   0x000916    program     static Z:\home\dell\frost\frostwrapproject\target.asm
                 hllMAAAA   0x00091d    program     static Z:\home\dell\frost\frostwrapproject\target.asm
                 hllNAAAA   0x000924    program     static Z:\home\dell\frost\frostwrapproject\target.asm
                 hllOAAAA   0x00092b    program     static Z:\home\dell\frost\frostwrapproject\target.asm
                 hllPAAAA   0x000932    program     static Z:\home\dell\frost\frostwrapproject\target.asm
                 hllQAAAA   0x000939    program     static Z:\home\dell\frost\frostwrapproject\target.asm
                 hllRAAAA   0x00093b    program     static Z:\home\dell\frost\frostwrapproject\target.asm
                 clearbit   0x00093e    program     static Z:\home\dell\frost\frostwrapproject\target.asm
                 hllAAAAA   0x00094b    program     static Z:\home\dell\frost\frostwrapproject\target.asm
                 hllBAAAA   0x000951    program     static Z:\home\dell\frost\frostwrapproject\target.asm
                 hllCAAAA   0x000958    program     static Z:\home\dell\frost\frostwrapproject\target.asm
                 hllDAAAA   0x00095f    program     static Z:\home\dell\frost\frostwrapproject\target.asm
                 hllEAAAA   0x000966    program     static Z:\home\dell\frost\frostwrapproject\target.asm
                 hllFAAAA   0x00096d    program     static Z:\home\dell\frost\frostwrapproject\target.asm
                 hllGAAAA   0x000974    program     static Z:\home\dell\frost\frostwrapproject\target.asm
                 hllHAAAA   0x000976    program     static Z:\home\dell\frost\frostwrapproject\target.asm
                 eqresult   0x000979    program     static Z:\home\dell\frost\frostwrapproject\target.asm
                     parm   0x0009a9    program     static Z:\home\dell\frost\frostwrapproject\target.asm
          _hllkrna08_0003   0x0009ac    program     static Z:\home\dell\frost\frostwrapproject\target.asm
          _hllkrna08_0011   0x0009ba    program     static Z:\home\dell\frost\frostwrapproject\target.asm
                     copy   0x0009d9    program     static Z:\home\dell\frost\frostwrapproject\target.asm
                  restore   0x000a04    program     static Z:\home\dell\frost\frostwrapproject\target.asm
           _altstall_0003   0x000a07    program     static Z:\home\dell\frost\frostwrapproject\target.asm
           _altstall_0011   0x000a15    program     static Z:\home\dell\frost\frostwrapproject\target.asm
                     kpop   0x000a27    program     static Z:\home\dell\frost\frostwrapproject\target.asm
          _hllkrna09_0003   0x000a2a    program     static Z:\home\dell\frost\frostwrapproject\target.asm
          _hllkrna09_0011   0x000a38    program     static Z:\home\dell\frost\frostwrapproject\target.asm
                   remove   0x000a48    program     static Z:\home\dell\frost\frostwrapproject\target.asm
           _a1tsssck_0005   0x000a4d    program     static Z:\home\dell\frost\frostwrapproject\target.asm
           _a1tsssck_0012   0x000a5a    program     static Z:\home\dell\frost\frostwrapproject\target.asm
              makespacesi   0x000a69    program     static Z:\home\dell\frost\frostwrapproject\target.asm
                hlllb51J2   0x000a86    program     static Z:\home\dell\frost\frostwrapproject\target.asm
                hlllb51J3   0x000a86    program     static Z:\home\dell\frost\frostwrapproject\target.asm
                    kpush   0x000a88    program     static Z:\home\dell\frost\frostwrapproject\target.asm
          _hllkrna10_0003   0x000a8b    program     static Z:\home\dell\frost\frostwrapproject\target.asm
          _hllkrna10_0010   0x000a98    program     static Z:\home\dell\frost\frostwrapproject\target.asm
                printchxy   0x000aa7    program     static Z:\home\dell\frost\frostwrapproject\target.asm
                      orb   0x000ac6    program     static Z:\home\dell\frost\frostwrapproject\target.asm
                   zzorz1   0x000ace    program     static Z:\home\dell\frost\frostwrapproject\target.asm
                   zzorz2   0x000ad7    program     static Z:\home\dell\frost\frostwrapproject\target.asm
                      geu   0x000adb    program     static Z:\home\dell\frost\frostwrapproject\target.asm
                 hllIAAAA   0x000ae7    program     static Z:\home\dell\frost\frostwrapproject\target.asm
                 hllJAAAA   0x000aeb    program     static Z:\home\dell\frost\frostwrapproject\target.asm
                     divu   0x000aef    program     static Z:\home\dell\frost\frostwrapproject\target.asm
          _hllkrna05_000C   0x000afb    program     static Z:\home\dell\frost\frostwrapproject\target.asm
          _hllkrna05_000E   0x000afd    program     static Z:\home\dell\frost\frostwrapproject\target.asm
                     modu   0x000b02    program     static Z:\home\dell\frost\frostwrapproject\target.asm
          _hllkrna04_000C   0x000b0e    program     static Z:\home\dell\frost\frostwrapproject\target.asm
          _hllkrna04_000E   0x000b10    program     static Z:\home\dell\frost\frostwrapproject\target.asm
                    longf   0x000b15    program     static Z:\home\dell\frost\frostwrapproject\target.asm
               makespaces   0x000b27    program     static Z:\home\dell\frost\frostwrapproject\target.asm
                      mul   0x000b38    program     static Z:\home\dell\frost\frostwrapproject\target.asm
          _hllkrna00_0009   0x000b41    program     static Z:\home\dell\frost\frostwrapproject\target.asm
                       eq   0x000b44    program     static Z:\home\dell\frost\frostwrapproject\target.asm
                    getch   0x000b4e    program     static Z:\home\dell\frost\frostwrapproject\target.asm
                    geth2   0x000b50    program     static Z:\home\dell\frost\frostwrapproject\target.asm
                  printch   0x000b58    program     static Z:\home\dell\frost\frostwrapproject\target.asm
          _hllkrna03_0008   0x000b60    program     static Z:\home\dell\frost\frostwrapproject\target.asm
                   hloego   0x000b62    program     static Z:\home\dell\frost\frostwrapproject\target.asm
                      eat   0x000b6b    program     static Z:\home\dell\frost\frostwrapproject\target.asm
                      oru   0x000b74    program     static Z:\home\dell\frost\frostwrapproject\target.asm
                      add   0x000b7b    program     static Z:\home\dell\frost\frostwrapproject\target.asm
                     andb   0x000b82    program     static Z:\home\dell\frost\frostwrapproject\target.asm
                  dispose   0x000b84    program     static Z:\home\dell\frost\frostwrapproject\target.asm
                    stack   0x000020       data     static Z:\home\dell\frost\frostwrapproject\target.asm
               softstack0   0x000070       data     static Z:\home\dell\frost\frostwrapproject\target.asm
               softstack1   0x000071       data     static Z:\home\dell\frost\frostwrapproject\target.asm
               softstack2   0x000072       data     static Z:\home\dell\frost\frostwrapproject\target.asm
                  alt_fsr   0x000073       data     static Z:\home\dell\frost\frostwrapproject\target.asm
                   W_Save   0x000074       data     static Z:\home\dell\frost\frostwrapproject\target.asm
              STATUS_Save   0x000075       data     static Z:\home\dell\frost\frostwrapproject\target.asm
                 FSR_Save   0x000076       data     static Z:\home\dell\frost\frostwrapproject\target.asm
                 ALT_Save   0x000077       data     static Z:\home\dell\frost\frostwrapproject\target.asm
                   in_isr   0x000078       data     static Z:\home\dell\frost\frostwrapproject\target.asm
                    pbase   0x000079       data     static Z:\home\dell\frost\frostwrapproject\target.asm
                  PC_Save   0x00007a       data     static Z:\home\dell\frost\frostwrapproject\target.asm
                alt_stack   0x0000a0       data     static Z:\home\dell\frost\frostwrapproject\target.asm
                hllblss00   0x0000b4       data     static Z:\home\dell\frost\frostwrapproject\target.asm
                hllblss01   0x0000b5       data     static Z:\home\dell\frost\frostwrapproject\target.asm
                hllblss02   0x0000b6       data     static Z:\home\dell\frost\frostwrapproject\target.asm
                   aart00   0x0000b7       data     static Z:\home\dell\frost\frostwrapproject\target.asm
                   aart01   0x0000b8       data     static Z:\home\dell\frost\frostwrapproject\target.asm
                   aart02   0x0000b9       data     static Z:\home\dell\frost\frostwrapproject\target.asm
                 aartpr00   0x0000ba       data     static Z:\home\dell\frost\frostwrapproject\target.asm


