MPLINK 4.37, Linker
Linker Map File - Created Wed Jun 06 19:11:23 2012

                                 Section Info
                  Section       Type    Address   Location Size(Bytes)
                ---------  ---------  ---------  ---------  ---------
                   Resetv       code   0x000000    program   0x000004
                   .cinit    romdata   0x000002    program   0x000004
                    vectr       code   0x000004    program   0x000054
                hllupuser       code   0x00002e    program   0x0001ce
                   hlog1b       code   0x000115    program   0x0000f2
                   hlog1a       code   0x00018e    program   0x0000f2
                hllkrna08       code   0x000207    program   0x000082
                hllkrna05       code   0x000248    program   0x000052
                hllkrna04       code   0x000271    program   0x000052
                hllkrna09       code   0x00029a    program   0x000042
                hllkrna10       code   0x0002bb    program   0x00003e
                hllkrna00       code   0x0002da    program   0x000036
                  hllt453       code   0x0002f5    program   0x000030
                hllkrn444       code   0x00030d    program   0x00002c
                  hllt456       code   0x000323    program   0x000028
                hllkrna03       code   0x000337    program   0x00001c
                hllkrna07       code   0x000345    program   0x000014
                hllkrna06       code   0x00034f    program   0x000014
                     main       code   0x000359    program   0x000010
                  hllt450       code   0x000361    program   0x000010
                hllkrna01       code   0x000369    program   0x00000e
                hllkrna02       code   0x000370    program   0x000006
                hllkrna11       code   0x000373    program   0x000004
    .config_2007_TARGET.O       code   0x002007    program   0x000002
                   ukrnl2      udata   0x000020       data   0x000050
                   ukrshr      udata   0x000070       data   0x00000c
                 mainvars      udata   0x00007c       data   0x000003
                   ukrnl3      udata   0x0000a0       data   0x000014
                   ukernl      udata   0x0000b4       data   0x000006



                              Program Memory Usage 
                               Start         End      
                           ---------   ---------      
                            0x000000    0x000374      
                            0x002007    0x002007      
            886 out of 2310 program addresses used, program memory utilization is 38%



                              Symbols - Sorted by Name
                     Name    Address   Location    Storage File                     
                ---------  ---------  ---------  --------- ---------                
                  ExitISR   0x000022    program     static F:\beau\frosttimersproject\target.asm
                      ISR   0x000004    program     static F:\beau\frosttimersproject\target.asm
          _hllkrna00_000C   0x0002e6    program     static F:\beau\frosttimersproject\target.asm
          _hllkrna00_0018   0x0002f2    program     static F:\beau\frosttimersproject\target.asm
          _hllkrna03_0005   0x00033c    program     static F:\beau\frosttimersproject\target.asm
          _hllkrna03_000C   0x000343    program     static F:\beau\frosttimersproject\target.asm
          _hllkrna04_000F   0x000280    program     static F:\beau\frosttimersproject\target.asm
          _hllkrna04_0011   0x000282    program     static F:\beau\frosttimersproject\target.asm
          _hllkrna04_0022   0x000293    program     static F:\beau\frosttimersproject\target.asm
          _hllkrna04_0024   0x000295    program     static F:\beau\frosttimersproject\target.asm
          _hllkrna05_000F   0x000257    program     static F:\beau\frosttimersproject\target.asm
          _hllkrna05_0011   0x000259    program     static F:\beau\frosttimersproject\target.asm
          _hllkrna05_0022   0x00026a    program     static F:\beau\frosttimersproject\target.asm
          _hllkrna05_0024   0x00026c    program     static F:\beau\frosttimersproject\target.asm
          _hllkrna08_0003   0x00020a    program     static F:\beau\frosttimersproject\target.asm
          _hllkrna08_0011   0x000218    program     static F:\beau\frosttimersproject\target.asm
          _hllkrna09_0003   0x00029d    program     static F:\beau\frosttimersproject\target.asm
          _hllkrna09_0011   0x0002ab    program     static F:\beau\frosttimersproject\target.asm
          _hllkrna10_0003   0x0002be    program     static F:\beau\frosttimersproject\target.asm
          _hllkrna10_0010   0x0002cb    program     static F:\beau\frosttimersproject\target.asm
                     abcs   0x000361    program     static F:\beau\frosttimersproject\target.asm
                      add   0x000369    program     static F:\beau\frosttimersproject\target.asm
                    build   0x0002f5    program     static F:\beau\frosttimersproject\target.asm
                 clearbit   0x00018e    program     static F:\beau\frosttimersproject\target.asm
                clearbit0   0x0001cc    program     static F:\beau\frosttimersproject\target.asm
                  dispose   0x000373    program     static F:\beau\frosttimersproject\target.asm
                     divu   0x000248    program     static F:\beau\frosttimersproject\target.asm
                    divu0   0x00025e    program     static F:\beau\frosttimersproject\target.asm
                   dmm445   0x00031e    program     static F:\beau\frosttimersproject\target.asm
                       eq   0x000345    program     static F:\beau\frosttimersproject\target.asm
                    getch   0x00034f    program     static F:\beau\frosttimersproject\target.asm
                    geth2   0x000351    program     static F:\beau\frosttimersproject\target.asm
                 hllAAAAA   0x0001d9    program     static F:\beau\frosttimersproject\target.asm
                 hllBAAAA   0x0001df    program     static F:\beau\frosttimersproject\target.asm
                 hllCAAAA   0x0001e6    program     static F:\beau\frosttimersproject\target.asm
                 hllDAAAA   0x0001ed    program     static F:\beau\frosttimersproject\target.asm
                 hllEAAAA   0x0001f4    program     static F:\beau\frosttimersproject\target.asm
                 hllFAAAA   0x0001fb    program     static F:\beau\frosttimersproject\target.asm
                 hllGAAAA   0x000202    program     static F:\beau\frosttimersproject\target.asm
                 hllHAAAA   0x000204    program     static F:\beau\frosttimersproject\target.asm
                 hllIAAAA   0x000160    program     static F:\beau\frosttimersproject\target.asm
                 hllJAAAA   0x000166    program     static F:\beau\frosttimersproject\target.asm
                 hllKAAAA   0x00016d    program     static F:\beau\frosttimersproject\target.asm
                 hllLAAAA   0x000174    program     static F:\beau\frosttimersproject\target.asm
                 hllMAAAA   0x00017b    program     static F:\beau\frosttimersproject\target.asm
                 hllNAAAA   0x000182    program     static F:\beau\frosttimersproject\target.asm
                 hllOAAAA   0x000189    program     static F:\beau\frosttimersproject\target.asm
                 hllPAAAA   0x00018b    program     static F:\beau\frosttimersproject\target.asm
                hlllb51J1   0x000303    program     static F:\beau\frosttimersproject\target.asm
                hlllb51J2   0x00030b    program     static F:\beau\frosttimersproject\target.asm
                hlllb51J4   0x000332    program     static F:\beau\frosttimersproject\target.asm
                hlllb51J5   0x000334    program     static F:\beau\frosttimersproject\target.asm
              hllnotisr49   0x000022    program     static F:\beau\frosttimersproject\target.asm
                hllprgen2   0x000336    program     static F:\beau\frosttimersproject\target.asm
               hllprogend   0x000114    program     static F:\beau\frosttimersproject\target.asm
              hlluserprog   0x00002e    program     static F:\beau\frosttimersproject\target.asm
                   hloego   0x000359    program     static F:\beau\frosttimersproject\target.asm
                     kpop   0x00029a    program     static F:\beau\frosttimersproject\target.asm
                    kpush   0x0002bb    program     static F:\beau\frosttimersproject\target.asm
                   kspox5   0x000315    program     static F:\beau\frosttimersproject\target.asm
                     modu   0x000271    program     static F:\beau\frosttimersproject\target.asm
                    modu0   0x000287    program     static F:\beau\frosttimersproject\target.asm
                      mul   0x0002da    program     static F:\beau\frosttimersproject\target.asm
                     mul0   0x0002e9    program     static F:\beau\frosttimersproject\target.asm
                    negti   0x000370    program     static F:\beau\frosttimersproject\target.asm
                     parm   0x000207    program     static F:\beau\frosttimersproject\target.asm
                    parm4   0x000239    program     static F:\beau\frosttimersproject\target.asm
                  printch   0x000337    program     static F:\beau\frosttimersproject\target.asm
                     pstr   0x000323    program     static F:\beau\frosttimersproject\target.asm
                 safepush   0x00030d    program     static F:\beau\frosttimersproject\target.asm
                   setbit   0x000115    program     static F:\beau\frosttimersproject\target.asm
                  setbit0   0x000153    program     static F:\beau\frosttimersproject\target.asm
                  sperr11   0x00031c    program     static F:\beau\frosttimersproject\target.asm
                   tcf00h   0x000125    program     static F:\beau\frosttimersproject\target.asm
                   tcf01h   0x00012b    program     static F:\beau\frosttimersproject\target.asm
                   tcf02h   0x000132    program     static F:\beau\frosttimersproject\target.asm
                   tcf03h   0x000139    program     static F:\beau\frosttimersproject\target.asm
                   tcf04h   0x000140    program     static F:\beau\frosttimersproject\target.asm
                   tcf05h   0x000147    program     static F:\beau\frosttimersproject\target.asm
                   tcf07h   0x00014e    program     static F:\beau\frosttimersproject\target.asm
                   tcf99h   0x000150    program     static F:\beau\frosttimersproject\target.asm
                   tff00h   0x00019e    program     static F:\beau\frosttimersproject\target.asm
                   tff01h   0x0001a4    program     static F:\beau\frosttimersproject\target.asm
                   tff02h   0x0001ab    program     static F:\beau\frosttimersproject\target.asm
                   tff03h   0x0001b2    program     static F:\beau\frosttimersproject\target.asm
                   tff04h   0x0001b9    program     static F:\beau\frosttimersproject\target.asm
                   tff05h   0x0001c0    program     static F:\beau\frosttimersproject\target.asm
                   tff07h   0x0001c7    program     static F:\beau\frosttimersproject\target.asm
                   tff99h   0x0001c9    program     static F:\beau\frosttimersproject\target.asm
                 ALT_Save   0x00007a       data     static F:\beau\frosttimersproject\target.asm
                 FSR_Save   0x000079       data     static F:\beau\frosttimersproject\target.asm
                  PC_Save   0x00007e       data     static F:\beau\frosttimersproject\target.asm
              STATUS_Save   0x000078       data     static F:\beau\frosttimersproject\target.asm
                   W_Save   0x000077       data     static F:\beau\frosttimersproject\target.asm
                  alt_fsr   0x000076       data     static F:\beau\frosttimersproject\target.asm
                alt_stack   0x0000a0       data     static F:\beau\frosttimersproject\target.asm
                hllblss00   0x0000b4       data     static F:\beau\frosttimersproject\target.asm
             hllblss00isr   0x0000b5       data     static F:\beau\frosttimersproject\target.asm
                hllblss01   0x0000b6       data     static F:\beau\frosttimersproject\target.asm
             hllblss01isr   0x0000b7       data     static F:\beau\frosttimersproject\target.asm
                hllblss02   0x0000b8       data     static F:\beau\frosttimersproject\target.asm
             hllblss02isr   0x0000b9       data     static F:\beau\frosttimersproject\target.asm
                   in_isr   0x00007b       data     static F:\beau\frosttimersproject\target.asm
                    pbase   0x00007c       data     static F:\beau\frosttimersproject\target.asm
                 pbaseisr   0x00007d       data     static F:\beau\frosttimersproject\target.asm
               softstack0   0x000070       data     static F:\beau\frosttimersproject\target.asm
            softstack0isr   0x000071       data     static F:\beau\frosttimersproject\target.asm
               softstack1   0x000072       data     static F:\beau\frosttimersproject\target.asm
            softstack1isr   0x000073       data     static F:\beau\frosttimersproject\target.asm
               softstack2   0x000074       data     static F:\beau\frosttimersproject\target.asm
            softstack2isr   0x000075       data     static F:\beau\frosttimersproject\target.asm
                    stack   0x000020       data     static F:\beau\frosttimersproject\target.asm



                              Symbols - Sorted by Address
                     Name    Address   Location    Storage File                     
                ---------  ---------  ---------  --------- ---------                
                      ISR   0x000004    program     static F:\beau\frosttimersproject\target.asm
                  ExitISR   0x000022    program     static F:\beau\frosttimersproject\target.asm
              hllnotisr49   0x000022    program     static F:\beau\frosttimersproject\target.asm
              hlluserprog   0x00002e    program     static F:\beau\frosttimersproject\target.asm
               hllprogend   0x000114    program     static F:\beau\frosttimersproject\target.asm
                   setbit   0x000115    program     static F:\beau\frosttimersproject\target.asm
                   tcf00h   0x000125    program     static F:\beau\frosttimersproject\target.asm
                   tcf01h   0x00012b    program     static F:\beau\frosttimersproject\target.asm
                   tcf02h   0x000132    program     static F:\beau\frosttimersproject\target.asm
                   tcf03h   0x000139    program     static F:\beau\frosttimersproject\target.asm
                   tcf04h   0x000140    program     static F:\beau\frosttimersproject\target.asm
                   tcf05h   0x000147    program     static F:\beau\frosttimersproject\target.asm
                   tcf07h   0x00014e    program     static F:\beau\frosttimersproject\target.asm
                   tcf99h   0x000150    program     static F:\beau\frosttimersproject\target.asm
                  setbit0   0x000153    program     static F:\beau\frosttimersproject\target.asm
                 hllIAAAA   0x000160    program     static F:\beau\frosttimersproject\target.asm
                 hllJAAAA   0x000166    program     static F:\beau\frosttimersproject\target.asm
                 hllKAAAA   0x00016d    program     static F:\beau\frosttimersproject\target.asm
                 hllLAAAA   0x000174    program     static F:\beau\frosttimersproject\target.asm
                 hllMAAAA   0x00017b    program     static F:\beau\frosttimersproject\target.asm
                 hllNAAAA   0x000182    program     static F:\beau\frosttimersproject\target.asm
                 hllOAAAA   0x000189    program     static F:\beau\frosttimersproject\target.asm
                 hllPAAAA   0x00018b    program     static F:\beau\frosttimersproject\target.asm
                 clearbit   0x00018e    program     static F:\beau\frosttimersproject\target.asm
                   tff00h   0x00019e    program     static F:\beau\frosttimersproject\target.asm
                   tff01h   0x0001a4    program     static F:\beau\frosttimersproject\target.asm
                   tff02h   0x0001ab    program     static F:\beau\frosttimersproject\target.asm
                   tff03h   0x0001b2    program     static F:\beau\frosttimersproject\target.asm
                   tff04h   0x0001b9    program     static F:\beau\frosttimersproject\target.asm
                   tff05h   0x0001c0    program     static F:\beau\frosttimersproject\target.asm
                   tff07h   0x0001c7    program     static F:\beau\frosttimersproject\target.asm
                   tff99h   0x0001c9    program     static F:\beau\frosttimersproject\target.asm
                clearbit0   0x0001cc    program     static F:\beau\frosttimersproject\target.asm
                 hllAAAAA   0x0001d9    program     static F:\beau\frosttimersproject\target.asm
                 hllBAAAA   0x0001df    program     static F:\beau\frosttimersproject\target.asm
                 hllCAAAA   0x0001e6    program     static F:\beau\frosttimersproject\target.asm
                 hllDAAAA   0x0001ed    program     static F:\beau\frosttimersproject\target.asm
                 hllEAAAA   0x0001f4    program     static F:\beau\frosttimersproject\target.asm
                 hllFAAAA   0x0001fb    program     static F:\beau\frosttimersproject\target.asm
                 hllGAAAA   0x000202    program     static F:\beau\frosttimersproject\target.asm
                 hllHAAAA   0x000204    program     static F:\beau\frosttimersproject\target.asm
                     parm   0x000207    program     static F:\beau\frosttimersproject\target.asm
          _hllkrna08_0003   0x00020a    program     static F:\beau\frosttimersproject\target.asm
          _hllkrna08_0011   0x000218    program     static F:\beau\frosttimersproject\target.asm
                    parm4   0x000239    program     static F:\beau\frosttimersproject\target.asm
                     divu   0x000248    program     static F:\beau\frosttimersproject\target.asm
          _hllkrna05_000F   0x000257    program     static F:\beau\frosttimersproject\target.asm
          _hllkrna05_0011   0x000259    program     static F:\beau\frosttimersproject\target.asm
                    divu0   0x00025e    program     static F:\beau\frosttimersproject\target.asm
          _hllkrna05_0022   0x00026a    program     static F:\beau\frosttimersproject\target.asm
          _hllkrna05_0024   0x00026c    program     static F:\beau\frosttimersproject\target.asm
                     modu   0x000271    program     static F:\beau\frosttimersproject\target.asm
          _hllkrna04_000F   0x000280    program     static F:\beau\frosttimersproject\target.asm
          _hllkrna04_0011   0x000282    program     static F:\beau\frosttimersproject\target.asm
                    modu0   0x000287    program     static F:\beau\frosttimersproject\target.asm
          _hllkrna04_0022   0x000293    program     static F:\beau\frosttimersproject\target.asm
          _hllkrna04_0024   0x000295    program     static F:\beau\frosttimersproject\target.asm
                     kpop   0x00029a    program     static F:\beau\frosttimersproject\target.asm
          _hllkrna09_0003   0x00029d    program     static F:\beau\frosttimersproject\target.asm
          _hllkrna09_0011   0x0002ab    program     static F:\beau\frosttimersproject\target.asm
                    kpush   0x0002bb    program     static F:\beau\frosttimersproject\target.asm
          _hllkrna10_0003   0x0002be    program     static F:\beau\frosttimersproject\target.asm
          _hllkrna10_0010   0x0002cb    program     static F:\beau\frosttimersproject\target.asm
                      mul   0x0002da    program     static F:\beau\frosttimersproject\target.asm
          _hllkrna00_000C   0x0002e6    program     static F:\beau\frosttimersproject\target.asm
                     mul0   0x0002e9    program     static F:\beau\frosttimersproject\target.asm
          _hllkrna00_0018   0x0002f2    program     static F:\beau\frosttimersproject\target.asm
                    build   0x0002f5    program     static F:\beau\frosttimersproject\target.asm
                hlllb51J1   0x000303    program     static F:\beau\frosttimersproject\target.asm
                hlllb51J2   0x00030b    program     static F:\beau\frosttimersproject\target.asm
                 safepush   0x00030d    program     static F:\beau\frosttimersproject\target.asm
                   kspox5   0x000315    program     static F:\beau\frosttimersproject\target.asm
                  sperr11   0x00031c    program     static F:\beau\frosttimersproject\target.asm
                   dmm445   0x00031e    program     static F:\beau\frosttimersproject\target.asm
                     pstr   0x000323    program     static F:\beau\frosttimersproject\target.asm
                hlllb51J4   0x000332    program     static F:\beau\frosttimersproject\target.asm
                hlllb51J5   0x000334    program     static F:\beau\frosttimersproject\target.asm
                hllprgen2   0x000336    program     static F:\beau\frosttimersproject\target.asm
                  printch   0x000337    program     static F:\beau\frosttimersproject\target.asm
          _hllkrna03_0005   0x00033c    program     static F:\beau\frosttimersproject\target.asm
          _hllkrna03_000C   0x000343    program     static F:\beau\frosttimersproject\target.asm
                       eq   0x000345    program     static F:\beau\frosttimersproject\target.asm
                    getch   0x00034f    program     static F:\beau\frosttimersproject\target.asm
                    geth2   0x000351    program     static F:\beau\frosttimersproject\target.asm
                   hloego   0x000359    program     static F:\beau\frosttimersproject\target.asm
                     abcs   0x000361    program     static F:\beau\frosttimersproject\target.asm
                      add   0x000369    program     static F:\beau\frosttimersproject\target.asm
                    negti   0x000370    program     static F:\beau\frosttimersproject\target.asm
                  dispose   0x000373    program     static F:\beau\frosttimersproject\target.asm
                    stack   0x000020       data     static F:\beau\frosttimersproject\target.asm
               softstack0   0x000070       data     static F:\beau\frosttimersproject\target.asm
            softstack0isr   0x000071       data     static F:\beau\frosttimersproject\target.asm
               softstack1   0x000072       data     static F:\beau\frosttimersproject\target.asm
            softstack1isr   0x000073       data     static F:\beau\frosttimersproject\target.asm
               softstack2   0x000074       data     static F:\beau\frosttimersproject\target.asm
            softstack2isr   0x000075       data     static F:\beau\frosttimersproject\target.asm
                  alt_fsr   0x000076       data     static F:\beau\frosttimersproject\target.asm
                   W_Save   0x000077       data     static F:\beau\frosttimersproject\target.asm
              STATUS_Save   0x000078       data     static F:\beau\frosttimersproject\target.asm
                 FSR_Save   0x000079       data     static F:\beau\frosttimersproject\target.asm
                 ALT_Save   0x00007a       data     static F:\beau\frosttimersproject\target.asm
                   in_isr   0x00007b       data     static F:\beau\frosttimersproject\target.asm
                    pbase   0x00007c       data     static F:\beau\frosttimersproject\target.asm
                 pbaseisr   0x00007d       data     static F:\beau\frosttimersproject\target.asm
                  PC_Save   0x00007e       data     static F:\beau\frosttimersproject\target.asm
                alt_stack   0x0000a0       data     static F:\beau\frosttimersproject\target.asm
                hllblss00   0x0000b4       data     static F:\beau\frosttimersproject\target.asm
             hllblss00isr   0x0000b5       data     static F:\beau\frosttimersproject\target.asm
                hllblss01   0x0000b6       data     static F:\beau\frosttimersproject\target.asm
             hllblss01isr   0x0000b7       data     static F:\beau\frosttimersproject\target.asm
                hllblss02   0x0000b8       data     static F:\beau\frosttimersproject\target.asm
             hllblss02isr   0x0000b9       data     static F:\beau\frosttimersproject\target.asm


